dataset=/home/timlittau/Documents/InferQ/analysis/training_data/rdbms_all_methods_training_data.parquet
rows=162 found_qpy=162 missing_qpy=0
qpy_roots=/home/timlittau/Documents/InferQ/analysis/finetuned_rdbms_162/qpy, /home/timlittau/Documents/InferQ/analysis/finetuned_rdbms_116/qpy, /home/timlittau/Documents/InferQ/circuits, /home/timlittau/Documents/InferQ/data/extremes, /home/timlittau/Documents/InferQ/downloaded_circuits
aer_methods=['statevector', 'stabilizer', 'density_matrix', 'matrix_product_state', 'extended_stabilizer', 'unitary', 'automatic']
circuit_timeout_seconds=1800
heartbeat_seconds=30
out_jsonl=analysis/memory_profiling/sqlite_vs_qiskit_results.jsonl
out_summary=analysis/memory_profiling/sqlite_vs_qiskit_summary.csv

[1/162] 0002f03d8800974fa0082d17c88c60c429f4c89b6ecc6e7e8ecb6eb579d86ed8

[2/162] 000859b011a971cec40d9751ea0663cdb41e0df3d8e956d0d85536a1dd497b3f

[3/162] 000c74623b1dde87feb64ff68d69e6625b126dfd9fd3070b1669d44fcff77e00

[4/162] 000cff934cb3e2da10f6e6aed87cf30c4aab597619b0ff20097ade0330ce0d89

[5/162] 000dd14e82c044be2a132faa2837244683336a3ba01c3cad25f96c25280686c3

[6/162] 00100b4430ca54efbc592eaeb6abbf1d19f7012742041e24e8072be2d03db4cb

[7/162] 001017a6a10b03e39c96abbf7190c277c04b1cc83fb7a8078a7b56bbe84d0806
  still running 001017a6a10b03e39c96abbf7190c277c04b1cc83fb7a8078a7b56bbe84d0806: elapsed=30s remaining=1770s pid=3285328
  still running 001017a6a10b03e39c96abbf7190c277c04b1cc83fb7a8078a7b56bbe84d0806: elapsed=60s remaining=1740s pid=3285328
  still running 001017a6a10b03e39c96abbf7190c277c04b1cc83fb7a8078a7b56bbe84d0806: elapsed=90s remaining=1710s pid=3285328
  still running 001017a6a10b03e39c96abbf7190c277c04b1cc83fb7a8078a7b56bbe84d0806: elapsed=120s remaining=1680s pid=3285328
  still running 001017a6a10b03e39c96abbf7190c277c04b1cc83fb7a8078a7b56bbe84d0806: elapsed=150s remaining=1650s pid=3285328
  still running 001017a6a10b03e39c96abbf7190c277c04b1cc83fb7a8078a7b56bbe84d0806: elapsed=180s remaining=1620s pid=3285328
  still running 001017a6a10b03e39c96abbf7190c277c04b1cc83fb7a8078a7b56bbe84d0806: elapsed=210s remaining=1590s pid=3285328
  still running 001017a6a10b03e39c96abbf7190c277c04b1cc83fb7a8078a7b56bbe84d0806: elapsed=240s remaining=1560s pid=3285328
  still running 001017a6a10b03e39c96abbf7190c277c04b1cc83fb7a8078a7b56bbe84d0806: elapsed=270s remaining=1530s pid=3285328
  still running 001017a6a10b03e39c96abbf7190c277c04b1cc83fb7a8078a7b56bbe84d0806: elapsed=300s remaining=1500s pid=3285328
  still running 001017a6a10b03e39c96abbf7190c277c04b1cc83fb7a8078a7b56bbe84d0806: elapsed=330s remaining=1470s pid=3285328
  still running 001017a6a10b03e39c96abbf7190c277c04b1cc83fb7a8078a7b56bbe84d0806: elapsed=360s remaining=1440s pid=3285328
  still running 001017a6a10b03e39c96abbf7190c277c04b1cc83fb7a8078a7b56bbe84d0806: elapsed=390s remaining=1410s pid=3285328
  still running 001017a6a10b03e39c96abbf7190c277c04b1cc83fb7a8078a7b56bbe84d0806: elapsed=420s remaining=1380s pid=3285328
  still running 001017a6a10b03e39c96abbf7190c277c04b1cc83fb7a8078a7b56bbe84d0806: elapsed=450s remaining=1350s pid=3285328
  still running 001017a6a10b03e39c96abbf7190c277c04b1cc83fb7a8078a7b56bbe84d0806: elapsed=480s remaining=1320s pid=3285328
  still running 001017a6a10b03e39c96abbf7190c277c04b1cc83fb7a8078a7b56bbe84d0806: elapsed=510s remaining=1290s pid=3285328
  still running 001017a6a10b03e39c96abbf7190c277c04b1cc83fb7a8078a7b56bbe84d0806: elapsed=540s remaining=1260s pid=3285328
  still running 001017a6a10b03e39c96abbf7190c277c04b1cc83fb7a8078a7b56bbe84d0806: elapsed=570s remaining=1230s pid=3285328
  still running 001017a6a10b03e39c96abbf7190c277c04b1cc83fb7a8078a7b56bbe84d0806: elapsed=600s remaining=1200s pid=3285328
  still running 001017a6a10b03e39c96abbf7190c277c04b1cc83fb7a8078a7b56bbe84d0806: elapsed=630s remaining=1170s pid=3285328
  still running 001017a6a10b03e39c96abbf7190c277c04b1cc83fb7a8078a7b56bbe84d0806: elapsed=660s remaining=1140s pid=3285328
  still running 001017a6a10b03e39c96abbf7190c277c04b1cc83fb7a8078a7b56bbe84d0806: elapsed=690s remaining=1110s pid=3285328
  still running 001017a6a10b03e39c96abbf7190c277c04b1cc83fb7a8078a7b56bbe84d0806: elapsed=720s remaining=1080s pid=3285328
  still running 001017a6a10b03e39c96abbf7190c277c04b1cc83fb7a8078a7b56bbe84d0806: elapsed=750s remaining=1050s pid=3285328
  still running 001017a6a10b03e39c96abbf7190c277c04b1cc83fb7a8078a7b56bbe84d0806: elapsed=780s remaining=1020s pid=3285328
  still running 001017a6a10b03e39c96abbf7190c277c04b1cc83fb7a8078a7b56bbe84d0806: elapsed=810s remaining=990s pid=3285328
  still running 001017a6a10b03e39c96abbf7190c277c04b1cc83fb7a8078a7b56bbe84d0806: elapsed=840s remaining=960s pid=3285328
  still running 001017a6a10b03e39c96abbf7190c277c04b1cc83fb7a8078a7b56bbe84d0806: elapsed=870s remaining=930s pid=3285328
  still running 001017a6a10b03e39c96abbf7190c277c04b1cc83fb7a8078a7b56bbe84d0806: elapsed=900s remaining=900s pid=3285328
  still running 001017a6a10b03e39c96abbf7190c277c04b1cc83fb7a8078a7b56bbe84d0806: elapsed=930s remaining=870s pid=3285328
  still running 001017a6a10b03e39c96abbf7190c277c04b1cc83fb7a8078a7b56bbe84d0806: elapsed=960s remaining=840s pid=3285328
  still running 001017a6a10b03e39c96abbf7190c277c04b1cc83fb7a8078a7b56bbe84d0806: elapsed=990s remaining=810s pid=3285328
  still running 001017a6a10b03e39c96abbf7190c277c04b1cc83fb7a8078a7b56bbe84d0806: elapsed=1020s remaining=780s pid=3285328
  still running 001017a6a10b03e39c96abbf7190c277c04b1cc83fb7a8078a7b56bbe84d0806: elapsed=1050s remaining=750s pid=3285328
  still running 001017a6a10b03e39c96abbf7190c277c04b1cc83fb7a8078a7b56bbe84d0806: elapsed=1080s remaining=720s pid=3285328
  still running 001017a6a10b03e39c96abbf7190c277c04b1cc83fb7a8078a7b56bbe84d0806: elapsed=1110s remaining=690s pid=3285328
  still running 001017a6a10b03e39c96abbf7190c277c04b1cc83fb7a8078a7b56bbe84d0806: elapsed=1140s remaining=660s pid=3285328
  still running 001017a6a10b03e39c96abbf7190c277c04b1cc83fb7a8078a7b56bbe84d0806: elapsed=1170s remaining=630s pid=3285328
  still running 001017a6a10b03e39c96abbf7190c277c04b1cc83fb7a8078a7b56bbe84d0806: elapsed=1200s remaining=600s pid=3285328
  still running 001017a6a10b03e39c96abbf7190c277c04b1cc83fb7a8078a7b56bbe84d0806: elapsed=1230s remaining=570s pid=3285328
  still running 001017a6a10b03e39c96abbf7190c277c04b1cc83fb7a8078a7b56bbe84d0806: elapsed=1260s remaining=540s pid=3285328
  still running 001017a6a10b03e39c96abbf7190c277c04b1cc83fb7a8078a7b56bbe84d0806: elapsed=1290s remaining=510s pid=3285328
  still running 001017a6a10b03e39c96abbf7190c277c04b1cc83fb7a8078a7b56bbe84d0806: elapsed=1320s remaining=480s pid=3285328
  still running 001017a6a10b03e39c96abbf7190c277c04b1cc83fb7a8078a7b56bbe84d0806: elapsed=1350s remaining=450s pid=3285328
  still running 001017a6a10b03e39c96abbf7190c277c04b1cc83fb7a8078a7b56bbe84d0806: elapsed=1380s remaining=420s pid=3285328
  still running 001017a6a10b03e39c96abbf7190c277c04b1cc83fb7a8078a7b56bbe84d0806: elapsed=1410s remaining=390s pid=3285328
  still running 001017a6a10b03e39c96abbf7190c277c04b1cc83fb7a8078a7b56bbe84d0806: elapsed=1440s remaining=360s pid=3285328
  still running 001017a6a10b03e39c96abbf7190c277c04b1cc83fb7a8078a7b56bbe84d0806: elapsed=1470s remaining=330s pid=3285328
  still running 001017a6a10b03e39c96abbf7190c277c04b1cc83fb7a8078a7b56bbe84d0806: elapsed=1500s remaining=300s pid=3285328
  still running 001017a6a10b03e39c96abbf7190c277c04b1cc83fb7a8078a7b56bbe84d0806: elapsed=1530s remaining=270s pid=3285328
  still running 001017a6a10b03e39c96abbf7190c277c04b1cc83fb7a8078a7b56bbe84d0806: elapsed=1560s remaining=240s pid=3285328

[8/162] 00107fe9f0ea025bfd391064f72e89503d1e11edd5a1e4c6dcc9d7f61a6c4c82

[9/162] 001489773282c79e4f60ee635e7671a50f87ed7c4dc151bc69eab9439f179803

[10/162] 001642dd034fdcdb145e218efddedcf91b427d8e39b642649b9ade2248c01a44

[11/162] 0019664d2e63114681e2254d1344dfea89a73d35a871303714956fdd9c88c8f6

[12/162] 001b8d0524a637ee3105337ea65167c232d2e568358a4372b833e12afc0ee32f

[13/162] 001d0de74af978f70d1d8f2a829a24a09a06fed26268a9ec89312035216b63b8

[14/162] 0028a557b2cd80eb61bf9d1dbddba7ebc7011bc2f454c29a24b35ccec052ef01

[15/162] 0029461aa3cf3bf250ec3d326ae6554743b8568fcd19b1d104f36e35aadf8cdf

[16/162] 002bf1eb5e259f7380a150993d9a97e1dda3399b209a8e6a43f9b077a7f2c90d

[17/162] 002f18e3797e6468af60c79c0e0d26c733341ce6392a2e09f9b1c00ab1bd57ec

[18/162] 002fcb17d1bda87c17a0264f8f5e8c98337c99946aa28ad1b296d1ba6886cd54

[19/162] 0031b353b73c891e8dbb9f04381cd2d24f643d65d2c00178ad9196734606d69c

[20/162] 0032a5cb791669d5f950bb3b6533d654de70ea4044fccfd9ce1e8d8e1946f1b0

[21/162] 0032ffff396adf452a359664c3603ec529f0582879da43dd69aa66e4b2780fe5

[22/162] 003378d47280b3a61bf1ea1ee44f151f010ddac6d35dde31a9538c6fbfc22ae2

[23/162] 0033fc046ce093bcf7948bc7f7f81db8dcd59d9f925fd002b0a908fd64ddb76c
  still running 0033fc046ce093bcf7948bc7f7f81db8dcd59d9f925fd002b0a908fd64ddb76c: elapsed=30s remaining=1770s pid=3288192

[24/162] 003812c232aa67ced3665eed14a8ee7e0ecae4229f5f64bdfa43de92bdabea84

[25/162] 0038713dd6823e32001e0a083ff7ef0155e96934fcecf4aee15b86c8df9b3374
  still running 0038713dd6823e32001e0a083ff7ef0155e96934fcecf4aee15b86c8df9b3374: elapsed=30s remaining=1770s pid=3288463
  still running 0038713dd6823e32001e0a083ff7ef0155e96934fcecf4aee15b86c8df9b3374: elapsed=60s remaining=1740s pid=3288463

[26/162] 003d951857a77f5ddd1609499fe3ef092e2d5b95ee427f94c0ae740eade55d68

[27/162] 003ec69648e883eea39aabfcb88ff4812b9d16fe8633ae5711fa4e21d1631461
  still running 003ec69648e883eea39aabfcb88ff4812b9d16fe8633ae5711fa4e21d1631461: elapsed=30s remaining=1770s pid=3288720
  still running 003ec69648e883eea39aabfcb88ff4812b9d16fe8633ae5711fa4e21d1631461: elapsed=60s remaining=1740s pid=3288720
  still running 003ec69648e883eea39aabfcb88ff4812b9d16fe8633ae5711fa4e21d1631461: elapsed=90s remaining=1710s pid=3288720
  still running 003ec69648e883eea39aabfcb88ff4812b9d16fe8633ae5711fa4e21d1631461: elapsed=120s remaining=1680s pid=3288720
  still running 003ec69648e883eea39aabfcb88ff4812b9d16fe8633ae5711fa4e21d1631461: elapsed=150s remaining=1650s pid=3288720
  still running 003ec69648e883eea39aabfcb88ff4812b9d16fe8633ae5711fa4e21d1631461: elapsed=180s remaining=1620s pid=3288720
  still running 003ec69648e883eea39aabfcb88ff4812b9d16fe8633ae5711fa4e21d1631461: elapsed=210s remaining=1590s pid=3288720
  still running 003ec69648e883eea39aabfcb88ff4812b9d16fe8633ae5711fa4e21d1631461: elapsed=240s remaining=1560s pid=3288720
  still running 003ec69648e883eea39aabfcb88ff4812b9d16fe8633ae5711fa4e21d1631461: elapsed=270s remaining=1530s pid=3288720
  still running 003ec69648e883eea39aabfcb88ff4812b9d16fe8633ae5711fa4e21d1631461: elapsed=300s remaining=1500s pid=3288720
  still running 003ec69648e883eea39aabfcb88ff4812b9d16fe8633ae5711fa4e21d1631461: elapsed=330s remaining=1470s pid=3288720
  still running 003ec69648e883eea39aabfcb88ff4812b9d16fe8633ae5711fa4e21d1631461: elapsed=360s remaining=1440s pid=3288720
  still running 003ec69648e883eea39aabfcb88ff4812b9d16fe8633ae5711fa4e21d1631461: elapsed=390s remaining=1410s pid=3288720
  still running 003ec69648e883eea39aabfcb88ff4812b9d16fe8633ae5711fa4e21d1631461: elapsed=420s remaining=1380s pid=3288720
  still running 003ec69648e883eea39aabfcb88ff4812b9d16fe8633ae5711fa4e21d1631461: elapsed=450s remaining=1350s pid=3288720
  still running 003ec69648e883eea39aabfcb88ff4812b9d16fe8633ae5711fa4e21d1631461: elapsed=480s remaining=1320s pid=3288720
  still running 003ec69648e883eea39aabfcb88ff4812b9d16fe8633ae5711fa4e21d1631461: elapsed=510s remaining=1290s pid=3288720

[28/162] 003fe33d0d25432577400a77176d8098df30e3d34b4f39657619ed5841a4ab26
  still running 003fe33d0d25432577400a77176d8098df30e3d34b4f39657619ed5841a4ab26: elapsed=30s remaining=1770s pid=3289228
  still running 003fe33d0d25432577400a77176d8098df30e3d34b4f39657619ed5841a4ab26: elapsed=60s remaining=1740s pid=3289228
  still running 003fe33d0d25432577400a77176d8098df30e3d34b4f39657619ed5841a4ab26: elapsed=90s remaining=1710s pid=3289228
  still running 003fe33d0d25432577400a77176d8098df30e3d34b4f39657619ed5841a4ab26: elapsed=120s remaining=1680s pid=3289228
  still running 003fe33d0d25432577400a77176d8098df30e3d34b4f39657619ed5841a4ab26: elapsed=150s remaining=1650s pid=3289228
  still running 003fe33d0d25432577400a77176d8098df30e3d34b4f39657619ed5841a4ab26: elapsed=180s remaining=1620s pid=3289228
  still running 003fe33d0d25432577400a77176d8098df30e3d34b4f39657619ed5841a4ab26: elapsed=210s remaining=1590s pid=3289228
  still running 003fe33d0d25432577400a77176d8098df30e3d34b4f39657619ed5841a4ab26: elapsed=240s remaining=1560s pid=3289228
  still running 003fe33d0d25432577400a77176d8098df30e3d34b4f39657619ed5841a4ab26: elapsed=270s remaining=1530s pid=3289228
  still running 003fe33d0d25432577400a77176d8098df30e3d34b4f39657619ed5841a4ab26: elapsed=300s remaining=1500s pid=3289228
  still running 003fe33d0d25432577400a77176d8098df30e3d34b4f39657619ed5841a4ab26: elapsed=330s remaining=1470s pid=3289228
  still running 003fe33d0d25432577400a77176d8098df30e3d34b4f39657619ed5841a4ab26: elapsed=360s remaining=1440s pid=3289228
  still running 003fe33d0d25432577400a77176d8098df30e3d34b4f39657619ed5841a4ab26: elapsed=390s remaining=1410s pid=3289228
  still running 003fe33d0d25432577400a77176d8098df30e3d34b4f39657619ed5841a4ab26: elapsed=420s remaining=1380s pid=3289228
  still running 003fe33d0d25432577400a77176d8098df30e3d34b4f39657619ed5841a4ab26: elapsed=450s remaining=1350s pid=3289228
  still running 003fe33d0d25432577400a77176d8098df30e3d34b4f39657619ed5841a4ab26: elapsed=480s remaining=1320s pid=3289228
  still running 003fe33d0d25432577400a77176d8098df30e3d34b4f39657619ed5841a4ab26: elapsed=510s remaining=1290s pid=3289228
  still running 003fe33d0d25432577400a77176d8098df30e3d34b4f39657619ed5841a4ab26: elapsed=540s remaining=1260s pid=3289228
  still running 003fe33d0d25432577400a77176d8098df30e3d34b4f39657619ed5841a4ab26: elapsed=570s remaining=1230s pid=3289228
  still running 003fe33d0d25432577400a77176d8098df30e3d34b4f39657619ed5841a4ab26: elapsed=600s remaining=1200s pid=3289228
  still running 003fe33d0d25432577400a77176d8098df30e3d34b4f39657619ed5841a4ab26: elapsed=630s remaining=1170s pid=3289228
  still running 003fe33d0d25432577400a77176d8098df30e3d34b4f39657619ed5841a4ab26: elapsed=660s remaining=1140s pid=3289228
  still running 003fe33d0d25432577400a77176d8098df30e3d34b4f39657619ed5841a4ab26: elapsed=690s remaining=1110s pid=3289228
  still running 003fe33d0d25432577400a77176d8098df30e3d34b4f39657619ed5841a4ab26: elapsed=720s remaining=1080s pid=3289228
  still running 003fe33d0d25432577400a77176d8098df30e3d34b4f39657619ed5841a4ab26: elapsed=750s remaining=1050s pid=3289228
  still running 003fe33d0d25432577400a77176d8098df30e3d34b4f39657619ed5841a4ab26: elapsed=780s remaining=1020s pid=3289228
  still running 003fe33d0d25432577400a77176d8098df30e3d34b4f39657619ed5841a4ab26: elapsed=810s remaining=990s pid=3289228
  still running 003fe33d0d25432577400a77176d8098df30e3d34b4f39657619ed5841a4ab26: elapsed=840s remaining=960s pid=3289228
  still running 003fe33d0d25432577400a77176d8098df30e3d34b4f39657619ed5841a4ab26: elapsed=870s remaining=930s pid=3289228
  still running 003fe33d0d25432577400a77176d8098df30e3d34b4f39657619ed5841a4ab26: elapsed=900s remaining=900s pid=3289228

[29/162] 0040949cdec155051dd0cdefac84b9de5e78e446a488cfb0bd7b9b896d9ef471

[30/162] 0042dc839daaf44136cdfa46ee2ca5df1f36bebb8b9ed53c6b9792dfa2d5b807

[31/162] 0045406d435915bf33cfa993ac98c50aae24913394498979f9a278097b0c62e8

[32/162] 00459eccd8995ada0dde991f94899a176decef34d3c58eb1a6b26aaa0cc895f7

[33/162] 004af3a16432f56e79f4200efdbc91db080bdb5e6c0c08c485377c67a922d4fe

[34/162] 004bfbf89ef4470353c265467c718360ebe18f71120f74e9c4f8e9746f9a71a5

[35/162] 00551435ffa5cf6c1cd146fced08c4e6d1ba76accde83bba0f24f2ade5d8aa3c

[36/162] 0059f03076c236ff6c366e43f5e73b0aaae01886cbefc4c251a51ce1bb452d95
  still running 0059f03076c236ff6c366e43f5e73b0aaae01886cbefc4c251a51ce1bb452d95: elapsed=30s remaining=1770s pid=3290770
  still running 0059f03076c236ff6c366e43f5e73b0aaae01886cbefc4c251a51ce1bb452d95: elapsed=60s remaining=1740s pid=3290770
  still running 0059f03076c236ff6c366e43f5e73b0aaae01886cbefc4c251a51ce1bb452d95: elapsed=90s remaining=1710s pid=3290770
  still running 0059f03076c236ff6c366e43f5e73b0aaae01886cbefc4c251a51ce1bb452d95: elapsed=120s remaining=1680s pid=3290770
  still running 0059f03076c236ff6c366e43f5e73b0aaae01886cbefc4c251a51ce1bb452d95: elapsed=150s remaining=1650s pid=3290770
  still running 0059f03076c236ff6c366e43f5e73b0aaae01886cbefc4c251a51ce1bb452d95: elapsed=180s remaining=1620s pid=3290770
  still running 0059f03076c236ff6c366e43f5e73b0aaae01886cbefc4c251a51ce1bb452d95: elapsed=210s remaining=1590s pid=3290770
  still running 0059f03076c236ff6c366e43f5e73b0aaae01886cbefc4c251a51ce1bb452d95: elapsed=240s remaining=1560s pid=3290770

[37/162] 005a5c4576e604e095b79fbc71dc7ae56d454a51bd65b54fbd47e1dd7dd1869f
  still running 005a5c4576e604e095b79fbc71dc7ae56d454a51bd65b54fbd47e1dd7dd1869f: elapsed=30s remaining=1770s pid=3291050
  still running 005a5c4576e604e095b79fbc71dc7ae56d454a51bd65b54fbd47e1dd7dd1869f: elapsed=60s remaining=1740s pid=3291050
  still running 005a5c4576e604e095b79fbc71dc7ae56d454a51bd65b54fbd47e1dd7dd1869f: elapsed=90s remaining=1710s pid=3291050
  still running 005a5c4576e604e095b79fbc71dc7ae56d454a51bd65b54fbd47e1dd7dd1869f: elapsed=120s remaining=1680s pid=3291050
  still running 005a5c4576e604e095b79fbc71dc7ae56d454a51bd65b54fbd47e1dd7dd1869f: elapsed=150s remaining=1650s pid=3291050
  still running 005a5c4576e604e095b79fbc71dc7ae56d454a51bd65b54fbd47e1dd7dd1869f: elapsed=180s remaining=1620s pid=3291050
  still running 005a5c4576e604e095b79fbc71dc7ae56d454a51bd65b54fbd47e1dd7dd1869f: elapsed=210s remaining=1590s pid=3291050
  still running 005a5c4576e604e095b79fbc71dc7ae56d454a51bd65b54fbd47e1dd7dd1869f: elapsed=240s remaining=1560s pid=3291050
  still running 005a5c4576e604e095b79fbc71dc7ae56d454a51bd65b54fbd47e1dd7dd1869f: elapsed=270s remaining=1530s pid=3291050
  still running 005a5c4576e604e095b79fbc71dc7ae56d454a51bd65b54fbd47e1dd7dd1869f: elapsed=300s remaining=1500s pid=3291050
  still running 005a5c4576e604e095b79fbc71dc7ae56d454a51bd65b54fbd47e1dd7dd1869f: elapsed=330s remaining=1470s pid=3291050

[38/162] 005b20c41364bf0803efa5b9803543df3d925c35db044c5c663faacd480632b8

[39/162] 005e45e1132d99187ab4bc10d83a173ebb9c158af3dbc1e79058f0118f315f3a

[40/162] 0061cf2bab1901247dd18013215f70125f1acb02be872d20f04d4d463ab66f2a

[41/162] 0062bc540794485a854184beef847ecbe6c6d294ea06c5c478285017a3499a62
  still running 0062bc540794485a854184beef847ecbe6c6d294ea06c5c478285017a3499a62: elapsed=30s remaining=1770s pid=3291749
  still running 0062bc540794485a854184beef847ecbe6c6d294ea06c5c478285017a3499a62: elapsed=60s remaining=1740s pid=3291749
  still running 0062bc540794485a854184beef847ecbe6c6d294ea06c5c478285017a3499a62: elapsed=90s remaining=1710s pid=3291749
  still running 0062bc540794485a854184beef847ecbe6c6d294ea06c5c478285017a3499a62: elapsed=120s remaining=1680s pid=3291749
  still running 0062bc540794485a854184beef847ecbe6c6d294ea06c5c478285017a3499a62: elapsed=150s remaining=1650s pid=3291749
  still running 0062bc540794485a854184beef847ecbe6c6d294ea06c5c478285017a3499a62: elapsed=180s remaining=1620s pid=3291749
  still running 0062bc540794485a854184beef847ecbe6c6d294ea06c5c478285017a3499a62: elapsed=210s remaining=1590s pid=3291749
  still running 0062bc540794485a854184beef847ecbe6c6d294ea06c5c478285017a3499a62: elapsed=240s remaining=1560s pid=3291749
  still running 0062bc540794485a854184beef847ecbe6c6d294ea06c5c478285017a3499a62: elapsed=270s remaining=1530s pid=3291749
  still running 0062bc540794485a854184beef847ecbe6c6d294ea06c5c478285017a3499a62: elapsed=300s remaining=1500s pid=3291749
  still running 0062bc540794485a854184beef847ecbe6c6d294ea06c5c478285017a3499a62: elapsed=330s remaining=1470s pid=3291749
  still running 0062bc540794485a854184beef847ecbe6c6d294ea06c5c478285017a3499a62: elapsed=360s remaining=1440s pid=3291749
  still running 0062bc540794485a854184beef847ecbe6c6d294ea06c5c478285017a3499a62: elapsed=390s remaining=1410s pid=3291749
  still running 0062bc540794485a854184beef847ecbe6c6d294ea06c5c478285017a3499a62: elapsed=420s remaining=1380s pid=3291749
  still running 0062bc540794485a854184beef847ecbe6c6d294ea06c5c478285017a3499a62: elapsed=450s remaining=1350s pid=3291749
  still running 0062bc540794485a854184beef847ecbe6c6d294ea06c5c478285017a3499a62: elapsed=480s remaining=1320s pid=3291749
  still running 0062bc540794485a854184beef847ecbe6c6d294ea06c5c478285017a3499a62: elapsed=510s remaining=1290s pid=3291749
  still running 0062bc540794485a854184beef847ecbe6c6d294ea06c5c478285017a3499a62: elapsed=540s remaining=1260s pid=3291749
  still running 0062bc540794485a854184beef847ecbe6c6d294ea06c5c478285017a3499a62: elapsed=570s remaining=1230s pid=3291749
  still running 0062bc540794485a854184beef847ecbe6c6d294ea06c5c478285017a3499a62: elapsed=600s remaining=1200s pid=3291749
  still running 0062bc540794485a854184beef847ecbe6c6d294ea06c5c478285017a3499a62: elapsed=630s remaining=1170s pid=3291749
  still running 0062bc540794485a854184beef847ecbe6c6d294ea06c5c478285017a3499a62: elapsed=660s remaining=1140s pid=3291749
  still running 0062bc540794485a854184beef847ecbe6c6d294ea06c5c478285017a3499a62: elapsed=690s remaining=1110s pid=3291749
  still running 0062bc540794485a854184beef847ecbe6c6d294ea06c5c478285017a3499a62: elapsed=720s remaining=1080s pid=3291749
  still running 0062bc540794485a854184beef847ecbe6c6d294ea06c5c478285017a3499a62: elapsed=750s remaining=1050s pid=3291749
  still running 0062bc540794485a854184beef847ecbe6c6d294ea06c5c478285017a3499a62: elapsed=780s remaining=1020s pid=3291749
  still running 0062bc540794485a854184beef847ecbe6c6d294ea06c5c478285017a3499a62: elapsed=810s remaining=990s pid=3291749
  still running 0062bc540794485a854184beef847ecbe6c6d294ea06c5c478285017a3499a62: elapsed=840s remaining=960s pid=3291749
  still running 0062bc540794485a854184beef847ecbe6c6d294ea06c5c478285017a3499a62: elapsed=870s remaining=930s pid=3291749
  still running 0062bc540794485a854184beef847ecbe6c6d294ea06c5c478285017a3499a62: elapsed=900s remaining=900s pid=3291749
  still running 0062bc540794485a854184beef847ecbe6c6d294ea06c5c478285017a3499a62: elapsed=930s remaining=870s pid=3291749
  still running 0062bc540794485a854184beef847ecbe6c6d294ea06c5c478285017a3499a62: elapsed=960s remaining=840s pid=3291749
  still running 0062bc540794485a854184beef847ecbe6c6d294ea06c5c478285017a3499a62: elapsed=990s remaining=810s pid=3291749
  still running 0062bc540794485a854184beef847ecbe6c6d294ea06c5c478285017a3499a62: elapsed=1020s remaining=780s pid=3291749
  still running 0062bc540794485a854184beef847ecbe6c6d294ea06c5c478285017a3499a62: elapsed=1050s remaining=750s pid=3291749
  still running 0062bc540794485a854184beef847ecbe6c6d294ea06c5c478285017a3499a62: elapsed=1080s remaining=720s pid=3291749
  still running 0062bc540794485a854184beef847ecbe6c6d294ea06c5c478285017a3499a62: elapsed=1110s remaining=690s pid=3291749
  still running 0062bc540794485a854184beef847ecbe6c6d294ea06c5c478285017a3499a62: elapsed=1140s remaining=660s pid=3291749
  still running 0062bc540794485a854184beef847ecbe6c6d294ea06c5c478285017a3499a62: elapsed=1170s remaining=630s pid=3291749
  still running 0062bc540794485a854184beef847ecbe6c6d294ea06c5c478285017a3499a62: elapsed=1200s remaining=600s pid=3291749
  still running 0062bc540794485a854184beef847ecbe6c6d294ea06c5c478285017a3499a62: elapsed=1230s remaining=570s pid=3291749
  still running 0062bc540794485a854184beef847ecbe6c6d294ea06c5c478285017a3499a62: elapsed=1260s remaining=540s pid=3291749
  still running 0062bc540794485a854184beef847ecbe6c6d294ea06c5c478285017a3499a62: elapsed=1290s remaining=510s pid=3291749
  still running 0062bc540794485a854184beef847ecbe6c6d294ea06c5c478285017a3499a62: elapsed=1320s remaining=480s pid=3291749
  still running 0062bc540794485a854184beef847ecbe6c6d294ea06c5c478285017a3499a62: elapsed=1350s remaining=450s pid=3291749
  still running 0062bc540794485a854184beef847ecbe6c6d294ea06c5c478285017a3499a62: elapsed=1380s remaining=420s pid=3291749
  still running 0062bc540794485a854184beef847ecbe6c6d294ea06c5c478285017a3499a62: elapsed=1410s remaining=390s pid=3291749

[42/162] 0064d0f274c70b14cea167b8c8c15239376ba2764db790b7b968e7bf3008da2d
  still running 0064d0f274c70b14cea167b8c8c15239376ba2764db790b7b968e7bf3008da2d: elapsed=30s remaining=1770s pid=3292948

[43/162] 006645a56cc168d3f440e3347646cff0ee7f413d77e2b2ae52fdcc821903823b

[44/162] 0066b3a45aad5ad6bacd69d925d0dc05175a0bb55b7c28046affd49a37905f61

[45/162] 00688bd205d099cee9935d5216d98e85ceb05cd6eec3ffdef86dd3dbd1025589

[46/162] 00693e4aa6d9d3e3177f19155f69748e3087a8bffa4a0a5dbfd1cd3fa85714df

[47/162] 006ba62120b2b99d6ec813788dc190cecf10c3864da75e2f8993f7947e11a79c

[48/162] 006bde35e33bc36fee6dfd1b687a60c2346a357e79e444c11c67d776aac5f056

[49/162] 006d0ac0deb9d9e2223f9a6939623166a3ffc7e100da2d8870d04cd74d3bc012
  still running 006d0ac0deb9d9e2223f9a6939623166a3ffc7e100da2d8870d04cd74d3bc012: elapsed=30s remaining=1770s pid=3293743
  still running 006d0ac0deb9d9e2223f9a6939623166a3ffc7e100da2d8870d04cd74d3bc012: elapsed=60s remaining=1740s pid=3293743
  still running 006d0ac0deb9d9e2223f9a6939623166a3ffc7e100da2d8870d04cd74d3bc012: elapsed=90s remaining=1710s pid=3293743
  still running 006d0ac0deb9d9e2223f9a6939623166a3ffc7e100da2d8870d04cd74d3bc012: elapsed=120s remaining=1680s pid=3293743
  still running 006d0ac0deb9d9e2223f9a6939623166a3ffc7e100da2d8870d04cd74d3bc012: elapsed=150s remaining=1650s pid=3293743
  still running 006d0ac0deb9d9e2223f9a6939623166a3ffc7e100da2d8870d04cd74d3bc012: elapsed=180s remaining=1620s pid=3293743
  still running 006d0ac0deb9d9e2223f9a6939623166a3ffc7e100da2d8870d04cd74d3bc012: elapsed=210s remaining=1590s pid=3293743
  still running 006d0ac0deb9d9e2223f9a6939623166a3ffc7e100da2d8870d04cd74d3bc012: elapsed=240s remaining=1560s pid=3293743
  still running 006d0ac0deb9d9e2223f9a6939623166a3ffc7e100da2d8870d04cd74d3bc012: elapsed=270s remaining=1530s pid=3293743
  still running 006d0ac0deb9d9e2223f9a6939623166a3ffc7e100da2d8870d04cd74d3bc012: elapsed=300s remaining=1500s pid=3293743
  still running 006d0ac0deb9d9e2223f9a6939623166a3ffc7e100da2d8870d04cd74d3bc012: elapsed=330s remaining=1470s pid=3293743

[50/162] 00700dd61e7d1a91900ed84eff1c49e5e31a70ff2472849183ae348affeec55a

[51/162] 0070994db1e2411f702c3abf2f60f019f710ee957a45798e8b1deb0c1adc9890

[52/162] 00724d1341cc7a5f41feb482b628b4fc65d4e846f5754e806f932f46158b939b

[53/162] 00725c79eee31f2bb8ef4d230593360131b2559ae304157607d7ea7b202972b6

[54/162] 00749ce283122a93cdd6c9a894404ac769bcd89b9929f96156cf67e85f2b7390
  still running 00749ce283122a93cdd6c9a894404ac769bcd89b9929f96156cf67e85f2b7390: elapsed=30s remaining=1770s pid=3294552
  still running 00749ce283122a93cdd6c9a894404ac769bcd89b9929f96156cf67e85f2b7390: elapsed=60s remaining=1740s pid=3294552

[55/162] 0078c7dcfa0d2b2e291c8b2639473b57a2f24c62fad07b65f3cf48a3cd76f251

[56/162] 007ee1f1ff2a1ce1603613e6a569d1d703198675e3c50ab02d5f9fed277e1531

[57/162] 0080bd3e727825c2224d6addc2ffb7f0d33b294e0ead63f247de6d556a4df1b3

[58/162] 0087b155b3584f83885d43608a4a399264f3b563a1f94d09eb9335e576eb1dba

[59/162] 008908046e9e4d77676ed790bd1f8abc10ba3bb56626ea7fbf6d98d82a57123e

[60/162] 008c607faddc4dd119768f8c27feee980c0eb42398a6217dd1dcfe2a77b1110d

[61/162] 008d7d2d32597e947c72f0d86badbd8c0184e2bcf45f8975c7e7962a81b1d25f

[62/162] 0090b72ef89b7fc76f20b62ee977a588935b62347bf51d09dc73d6c137a4007a

[63/162] 0091de015faf27adbfe6dc0954f8c8457bd5c7637d7c7118a4fa16ba4134d590

[64/162] 009915dd437f46630f6dc7554b93e1b1afbbef2c7e6503570e626bb0fb457aaa

[65/162] 0099a04c527fa7dd74d7a09d85f4ef05dcb4bbfd697ddf9021213aa84b45a6c0

[66/162] 0099dd619a800292f9eff1d3bcc3e0551b983a9e0db2470f8141021772e3d142

[67/162] 009eed57c827cadc8ad7bec90f343c9dceb7d0034734f5807ac098e300e22bc6

[68/162] 009f194ed47d66277dd5cf4295dce603ab5e3e8f6fa55b00fef598578814a477

[69/162] 00a1a13c3282e6501bfd75c172359c07b504155db0cd4cce57027dbc6c8c8621

[70/162] 00a35e5f35e4acfeb6dc3292a03a1f20118a4a7efb301407b0929a2c3c22c002

[71/162] 00a37f1c5cc6549bc2a5c1a53bbebe60efa9a9f406d1e57f4fd44ce1434b0114

[72/162] 00aa047cb2cca6b093f4c0ff606b1540d3f8bed855e95c4a4e50997095156197

[73/162] 00ad4ec6fb3eff5ef124c190e438f62a9e2ced72221336cb9c93ca2df37367e6

[74/162] 00af4b6764c0db21e82b737573094b6ef25302813bf0807454cae1dd4716d184

[75/162] 00b07c6c6d0efc21a7c9e0b61030605dbf6303d1ab690b25b4e142fb737f1f86
  still running 00b07c6c6d0efc21a7c9e0b61030605dbf6303d1ab690b25b4e142fb737f1f86: elapsed=30s remaining=1770s pid=3296818
  still running 00b07c6c6d0efc21a7c9e0b61030605dbf6303d1ab690b25b4e142fb737f1f86: elapsed=60s remaining=1740s pid=3296818

[76/162] 00b80495a2116ef88125dd275b318b46c9f061c65e101fd71f417b6dcfc515af

[77/162] 00bdb274ad9909482626cdb3530e9b12b4ca9857a7ab52ccfaf3d36b649cfdd1

[78/162] 00c10199e38090eeb5411425af63642afb3306059a458ca56d5140f01d49dd35

[79/162] 00c176145517a1ae79737568cac342ab63faad8907ac6baf5259492c7b173685

[80/162] 00c1b13978d245f6da24965d56335002de703b35a8274f834f5e63436139162a

[81/162] 00c40138362fd5e43a5658676f3e0b55b2f3feaddde3ab73df2821354890bd46

[82/162] 00c9becc6264c65d2781ca5359ce91540c8cb3cff518ff8caf62090b0cc08465

[83/162] 00cbb6840d9d537437ecbc990236e17e56fbc206b3a98e8f506f9c15ffdd4508
  still running 00cbb6840d9d537437ecbc990236e17e56fbc206b3a98e8f506f9c15ffdd4508: elapsed=30s remaining=1770s pid=3297723
  still running 00cbb6840d9d537437ecbc990236e17e56fbc206b3a98e8f506f9c15ffdd4508: elapsed=60s remaining=1740s pid=3297723
  still running 00cbb6840d9d537437ecbc990236e17e56fbc206b3a98e8f506f9c15ffdd4508: elapsed=90s remaining=1710s pid=3297723
  still running 00cbb6840d9d537437ecbc990236e17e56fbc206b3a98e8f506f9c15ffdd4508: elapsed=120s remaining=1680s pid=3297723
  still running 00cbb6840d9d537437ecbc990236e17e56fbc206b3a98e8f506f9c15ffdd4508: elapsed=150s remaining=1650s pid=3297723
  still running 00cbb6840d9d537437ecbc990236e17e56fbc206b3a98e8f506f9c15ffdd4508: elapsed=180s remaining=1620s pid=3297723
  still running 00cbb6840d9d537437ecbc990236e17e56fbc206b3a98e8f506f9c15ffdd4508: elapsed=210s remaining=1590s pid=3297723
  still running 00cbb6840d9d537437ecbc990236e17e56fbc206b3a98e8f506f9c15ffdd4508: elapsed=240s remaining=1560s pid=3297723
  still running 00cbb6840d9d537437ecbc990236e17e56fbc206b3a98e8f506f9c15ffdd4508: elapsed=270s remaining=1530s pid=3297723
  still running 00cbb6840d9d537437ecbc990236e17e56fbc206b3a98e8f506f9c15ffdd4508: elapsed=300s remaining=1500s pid=3297723
  still running 00cbb6840d9d537437ecbc990236e17e56fbc206b3a98e8f506f9c15ffdd4508: elapsed=330s remaining=1470s pid=3297723

[84/162] 00d1d1eb8b59b37a53189e24e68c3e946f18affa7c82ed4eb28ed3f8e21cf4c7
  still running 00d1d1eb8b59b37a53189e24e68c3e946f18affa7c82ed4eb28ed3f8e21cf4c7: elapsed=30s remaining=1770s pid=3298102
  still running 00d1d1eb8b59b37a53189e24e68c3e946f18affa7c82ed4eb28ed3f8e21cf4c7: elapsed=60s remaining=1740s pid=3298102
  still running 00d1d1eb8b59b37a53189e24e68c3e946f18affa7c82ed4eb28ed3f8e21cf4c7: elapsed=90s remaining=1710s pid=3298102
  still running 00d1d1eb8b59b37a53189e24e68c3e946f18affa7c82ed4eb28ed3f8e21cf4c7: elapsed=120s remaining=1680s pid=3298102
  still running 00d1d1eb8b59b37a53189e24e68c3e946f18affa7c82ed4eb28ed3f8e21cf4c7: elapsed=150s remaining=1650s pid=3298102
  still running 00d1d1eb8b59b37a53189e24e68c3e946f18affa7c82ed4eb28ed3f8e21cf4c7: elapsed=180s remaining=1620s pid=3298102

[85/162] 00d46f73fd0ec237d1ca633e421957bbf00ea7ffbe4596c781d6fd8c226502c5

[86/162] 00da97da4de0308ac7b14ce8c47e9779a0c1cfc28395a644cabd17ae703ddc7f
  still running 00da97da4de0308ac7b14ce8c47e9779a0c1cfc28395a644cabd17ae703ddc7f: elapsed=30s remaining=1770s pid=3298453
  still running 00da97da4de0308ac7b14ce8c47e9779a0c1cfc28395a644cabd17ae703ddc7f: elapsed=60s remaining=1740s pid=3298453
  still running 00da97da4de0308ac7b14ce8c47e9779a0c1cfc28395a644cabd17ae703ddc7f: elapsed=90s remaining=1710s pid=3298453
  still running 00da97da4de0308ac7b14ce8c47e9779a0c1cfc28395a644cabd17ae703ddc7f: elapsed=120s remaining=1680s pid=3298453
  still running 00da97da4de0308ac7b14ce8c47e9779a0c1cfc28395a644cabd17ae703ddc7f: elapsed=150s remaining=1650s pid=3298453
  still running 00da97da4de0308ac7b14ce8c47e9779a0c1cfc28395a644cabd17ae703ddc7f: elapsed=180s remaining=1620s pid=3298453
  still running 00da97da4de0308ac7b14ce8c47e9779a0c1cfc28395a644cabd17ae703ddc7f: elapsed=210s remaining=1590s pid=3298453
  still running 00da97da4de0308ac7b14ce8c47e9779a0c1cfc28395a644cabd17ae703ddc7f: elapsed=240s remaining=1560s pid=3298453
  still running 00da97da4de0308ac7b14ce8c47e9779a0c1cfc28395a644cabd17ae703ddc7f: elapsed=270s remaining=1530s pid=3298453
  still running 00da97da4de0308ac7b14ce8c47e9779a0c1cfc28395a644cabd17ae703ddc7f: elapsed=300s remaining=1500s pid=3298453
  still running 00da97da4de0308ac7b14ce8c47e9779a0c1cfc28395a644cabd17ae703ddc7f: elapsed=330s remaining=1470s pid=3298453
  still running 00da97da4de0308ac7b14ce8c47e9779a0c1cfc28395a644cabd17ae703ddc7f: elapsed=360s remaining=1440s pid=3298453
  still running 00da97da4de0308ac7b14ce8c47e9779a0c1cfc28395a644cabd17ae703ddc7f: elapsed=390s remaining=1410s pid=3298453
  still running 00da97da4de0308ac7b14ce8c47e9779a0c1cfc28395a644cabd17ae703ddc7f: elapsed=420s remaining=1380s pid=3298453
  still running 00da97da4de0308ac7b14ce8c47e9779a0c1cfc28395a644cabd17ae703ddc7f: elapsed=450s remaining=1350s pid=3298453
  still running 00da97da4de0308ac7b14ce8c47e9779a0c1cfc28395a644cabd17ae703ddc7f: elapsed=480s remaining=1320s pid=3298453
  still running 00da97da4de0308ac7b14ce8c47e9779a0c1cfc28395a644cabd17ae703ddc7f: elapsed=510s remaining=1290s pid=3298453
  still running 00da97da4de0308ac7b14ce8c47e9779a0c1cfc28395a644cabd17ae703ddc7f: elapsed=540s remaining=1260s pid=3298453
  still running 00da97da4de0308ac7b14ce8c47e9779a0c1cfc28395a644cabd17ae703ddc7f: elapsed=570s remaining=1230s pid=3298453
  still running 00da97da4de0308ac7b14ce8c47e9779a0c1cfc28395a644cabd17ae703ddc7f: elapsed=600s remaining=1200s pid=3298453
  still running 00da97da4de0308ac7b14ce8c47e9779a0c1cfc28395a644cabd17ae703ddc7f: elapsed=630s remaining=1170s pid=3298453
  still running 00da97da4de0308ac7b14ce8c47e9779a0c1cfc28395a644cabd17ae703ddc7f: elapsed=660s remaining=1140s pid=3298453

[87/162] 00e11bb726d67d34bff07041b47b942075be1ccfa05335eef99c02b3afacdbb7

[88/162] 00e1ff27cc211fd0f89be0242ad4627e59c90b439c839fcbe15c92d74755276d

[89/162] 00ec5fb4a226b8b08e8bad04fe6b4d437d2ce245024abf00877fb2a96426fdf7

[90/162] 00ecc9493970261db82fdbec1cab729699b8ca7a1d31dc596dedc781d8c6301e
  still running 00ecc9493970261db82fdbec1cab729699b8ca7a1d31dc596dedc781d8c6301e: elapsed=30s remaining=1770s pid=3299406
  still running 00ecc9493970261db82fdbec1cab729699b8ca7a1d31dc596dedc781d8c6301e: elapsed=60s remaining=1740s pid=3299406
  still running 00ecc9493970261db82fdbec1cab729699b8ca7a1d31dc596dedc781d8c6301e: elapsed=90s remaining=1710s pid=3299406
  still running 00ecc9493970261db82fdbec1cab729699b8ca7a1d31dc596dedc781d8c6301e: elapsed=120s remaining=1680s pid=3299406
  still running 00ecc9493970261db82fdbec1cab729699b8ca7a1d31dc596dedc781d8c6301e: elapsed=150s remaining=1650s pid=3299406
  still running 00ecc9493970261db82fdbec1cab729699b8ca7a1d31dc596dedc781d8c6301e: elapsed=180s remaining=1620s pid=3299406
  still running 00ecc9493970261db82fdbec1cab729699b8ca7a1d31dc596dedc781d8c6301e: elapsed=210s remaining=1590s pid=3299406
  still running 00ecc9493970261db82fdbec1cab729699b8ca7a1d31dc596dedc781d8c6301e: elapsed=240s remaining=1560s pid=3299406
  still running 00ecc9493970261db82fdbec1cab729699b8ca7a1d31dc596dedc781d8c6301e: elapsed=270s remaining=1530s pid=3299406
  still running 00ecc9493970261db82fdbec1cab729699b8ca7a1d31dc596dedc781d8c6301e: elapsed=300s remaining=1500s pid=3299406
  still running 00ecc9493970261db82fdbec1cab729699b8ca7a1d31dc596dedc781d8c6301e: elapsed=330s remaining=1470s pid=3299406
  still running 00ecc9493970261db82fdbec1cab729699b8ca7a1d31dc596dedc781d8c6301e: elapsed=360s remaining=1440s pid=3299406
  still running 00ecc9493970261db82fdbec1cab729699b8ca7a1d31dc596dedc781d8c6301e: elapsed=390s remaining=1410s pid=3299406
  still running 00ecc9493970261db82fdbec1cab729699b8ca7a1d31dc596dedc781d8c6301e: elapsed=420s remaining=1380s pid=3299406
  still running 00ecc9493970261db82fdbec1cab729699b8ca7a1d31dc596dedc781d8c6301e: elapsed=450s remaining=1350s pid=3299406
  still running 00ecc9493970261db82fdbec1cab729699b8ca7a1d31dc596dedc781d8c6301e: elapsed=480s remaining=1320s pid=3299406
  still running 00ecc9493970261db82fdbec1cab729699b8ca7a1d31dc596dedc781d8c6301e: elapsed=510s remaining=1290s pid=3299406
  still running 00ecc9493970261db82fdbec1cab729699b8ca7a1d31dc596dedc781d8c6301e: elapsed=540s remaining=1260s pid=3299406
  still running 00ecc9493970261db82fdbec1cab729699b8ca7a1d31dc596dedc781d8c6301e: elapsed=570s remaining=1230s pid=3299406
  still running 00ecc9493970261db82fdbec1cab729699b8ca7a1d31dc596dedc781d8c6301e: elapsed=600s remaining=1200s pid=3299406
  still running 00ecc9493970261db82fdbec1cab729699b8ca7a1d31dc596dedc781d8c6301e: elapsed=630s remaining=1170s pid=3299406
  still running 00ecc9493970261db82fdbec1cab729699b8ca7a1d31dc596dedc781d8c6301e: elapsed=660s remaining=1140s pid=3299406
  still running 00ecc9493970261db82fdbec1cab729699b8ca7a1d31dc596dedc781d8c6301e: elapsed=690s remaining=1110s pid=3299406
  still running 00ecc9493970261db82fdbec1cab729699b8ca7a1d31dc596dedc781d8c6301e: elapsed=720s remaining=1080s pid=3299406
  still running 00ecc9493970261db82fdbec1cab729699b8ca7a1d31dc596dedc781d8c6301e: elapsed=750s remaining=1050s pid=3299406
  still running 00ecc9493970261db82fdbec1cab729699b8ca7a1d31dc596dedc781d8c6301e: elapsed=780s remaining=1020s pid=3299406
  still running 00ecc9493970261db82fdbec1cab729699b8ca7a1d31dc596dedc781d8c6301e: elapsed=810s remaining=990s pid=3299406
  still running 00ecc9493970261db82fdbec1cab729699b8ca7a1d31dc596dedc781d8c6301e: elapsed=840s remaining=960s pid=3299406
  still running 00ecc9493970261db82fdbec1cab729699b8ca7a1d31dc596dedc781d8c6301e: elapsed=870s remaining=930s pid=3299406
  still running 00ecc9493970261db82fdbec1cab729699b8ca7a1d31dc596dedc781d8c6301e: elapsed=900s remaining=900s pid=3299406
  still running 00ecc9493970261db82fdbec1cab729699b8ca7a1d31dc596dedc781d8c6301e: elapsed=930s remaining=870s pid=3299406
  still running 00ecc9493970261db82fdbec1cab729699b8ca7a1d31dc596dedc781d8c6301e: elapsed=960s remaining=840s pid=3299406
  still running 00ecc9493970261db82fdbec1cab729699b8ca7a1d31dc596dedc781d8c6301e: elapsed=990s remaining=810s pid=3299406
  still running 00ecc9493970261db82fdbec1cab729699b8ca7a1d31dc596dedc781d8c6301e: elapsed=1020s remaining=780s pid=3299406
  still running 00ecc9493970261db82fdbec1cab729699b8ca7a1d31dc596dedc781d8c6301e: elapsed=1050s remaining=750s pid=3299406
  still running 00ecc9493970261db82fdbec1cab729699b8ca7a1d31dc596dedc781d8c6301e: elapsed=1080s remaining=720s pid=3299406
  still running 00ecc9493970261db82fdbec1cab729699b8ca7a1d31dc596dedc781d8c6301e: elapsed=1110s remaining=690s pid=3299406
  still running 00ecc9493970261db82fdbec1cab729699b8ca7a1d31dc596dedc781d8c6301e: elapsed=1140s remaining=660s pid=3299406
  still running 00ecc9493970261db82fdbec1cab729699b8ca7a1d31dc596dedc781d8c6301e: elapsed=1170s remaining=630s pid=3299406
  still running 00ecc9493970261db82fdbec1cab729699b8ca7a1d31dc596dedc781d8c6301e: elapsed=1200s remaining=600s pid=3299406
  still running 00ecc9493970261db82fdbec1cab729699b8ca7a1d31dc596dedc781d8c6301e: elapsed=1230s remaining=570s pid=3299406
  still running 00ecc9493970261db82fdbec1cab729699b8ca7a1d31dc596dedc781d8c6301e: elapsed=1260s remaining=540s pid=3299406
  still running 00ecc9493970261db82fdbec1cab729699b8ca7a1d31dc596dedc781d8c6301e: elapsed=1290s remaining=510s pid=3299406
  still running 00ecc9493970261db82fdbec1cab729699b8ca7a1d31dc596dedc781d8c6301e: elapsed=1320s remaining=480s pid=3299406
  still running 00ecc9493970261db82fdbec1cab729699b8ca7a1d31dc596dedc781d8c6301e: elapsed=1350s remaining=450s pid=3299406
  still running 00ecc9493970261db82fdbec1cab729699b8ca7a1d31dc596dedc781d8c6301e: elapsed=1380s remaining=420s pid=3299406
  still running 00ecc9493970261db82fdbec1cab729699b8ca7a1d31dc596dedc781d8c6301e: elapsed=1410s remaining=390s pid=3299406
  still running 00ecc9493970261db82fdbec1cab729699b8ca7a1d31dc596dedc781d8c6301e: elapsed=1440s remaining=360s pid=3299406
  still running 00ecc9493970261db82fdbec1cab729699b8ca7a1d31dc596dedc781d8c6301e: elapsed=1470s remaining=330s pid=3299406
  still running 00ecc9493970261db82fdbec1cab729699b8ca7a1d31dc596dedc781d8c6301e: elapsed=1500s remaining=300s pid=3299406
  still running 00ecc9493970261db82fdbec1cab729699b8ca7a1d31dc596dedc781d8c6301e: elapsed=1530s remaining=270s pid=3299406
  still running 00ecc9493970261db82fdbec1cab729699b8ca7a1d31dc596dedc781d8c6301e: elapsed=1560s remaining=240s pid=3299406
  still running 00ecc9493970261db82fdbec1cab729699b8ca7a1d31dc596dedc781d8c6301e: elapsed=1590s remaining=210s pid=3299406
  still running 00ecc9493970261db82fdbec1cab729699b8ca7a1d31dc596dedc781d8c6301e: elapsed=1620s remaining=180s pid=3299406
  still running 00ecc9493970261db82fdbec1cab729699b8ca7a1d31dc596dedc781d8c6301e: elapsed=1650s remaining=150s pid=3299406
  still running 00ecc9493970261db82fdbec1cab729699b8ca7a1d31dc596dedc781d8c6301e: elapsed=1680s remaining=120s pid=3299406
  still running 00ecc9493970261db82fdbec1cab729699b8ca7a1d31dc596dedc781d8c6301e: elapsed=1710s remaining=90s pid=3299406
  still running 00ecc9493970261db82fdbec1cab729699b8ca7a1d31dc596dedc781d8c6301e: elapsed=1740s remaining=60s pid=3299406
  still running 00ecc9493970261db82fdbec1cab729699b8ca7a1d31dc596dedc781d8c6301e: elapsed=1770s remaining=30s pid=3299406

[91/162] 00ecd9e5c067687b352fb7f5d412c4130394db28976309c353e94f1eead33fbe
  still running 00ecd9e5c067687b352fb7f5d412c4130394db28976309c353e94f1eead33fbe: elapsed=30s remaining=1770s pid=3300817

[92/162] 00ee8e8283de8007aabf4ccf5115b213b565e7fbebed8c8c286912755c1e877d

[93/162] 00ef46d5f22d8c19e0e884391483426ac59050122810315a89a7d069cdb7dfc0
  still running 00ef46d5f22d8c19e0e884391483426ac59050122810315a89a7d069cdb7dfc0: elapsed=30s remaining=1770s pid=3301073
  still running 00ef46d5f22d8c19e0e884391483426ac59050122810315a89a7d069cdb7dfc0: elapsed=60s remaining=1740s pid=3301073
  still running 00ef46d5f22d8c19e0e884391483426ac59050122810315a89a7d069cdb7dfc0: elapsed=90s remaining=1710s pid=3301073
  still running 00ef46d5f22d8c19e0e884391483426ac59050122810315a89a7d069cdb7dfc0: elapsed=120s remaining=1680s pid=3301073
  still running 00ef46d5f22d8c19e0e884391483426ac59050122810315a89a7d069cdb7dfc0: elapsed=150s remaining=1650s pid=3301073
  still running 00ef46d5f22d8c19e0e884391483426ac59050122810315a89a7d069cdb7dfc0: elapsed=180s remaining=1620s pid=3301073
  still running 00ef46d5f22d8c19e0e884391483426ac59050122810315a89a7d069cdb7dfc0: elapsed=210s remaining=1590s pid=3301073
  still running 00ef46d5f22d8c19e0e884391483426ac59050122810315a89a7d069cdb7dfc0: elapsed=240s remaining=1560s pid=3301073
  still running 00ef46d5f22d8c19e0e884391483426ac59050122810315a89a7d069cdb7dfc0: elapsed=270s remaining=1530s pid=3301073
  still running 00ef46d5f22d8c19e0e884391483426ac59050122810315a89a7d069cdb7dfc0: elapsed=300s remaining=1500s pid=3301073

[94/162] 00ef714d919f3353835832e35bfdc45992d9acd7c9847253227777f07554b6f6

[95/162] 00f0fe2fb30ad5cc450dac08b509cb8d4bfadbf3a7d8eab488d39c4be140d580
  still running 00f0fe2fb30ad5cc450dac08b509cb8d4bfadbf3a7d8eab488d39c4be140d580: elapsed=30s remaining=1770s pid=3301511
  still running 00f0fe2fb30ad5cc450dac08b509cb8d4bfadbf3a7d8eab488d39c4be140d580: elapsed=60s remaining=1740s pid=3301511

[96/162] 00f8d59eee000223bf0530763bc8e4e2a8f3c37ed318e9906143918fe6aec287
  still running 00f8d59eee000223bf0530763bc8e4e2a8f3c37ed318e9906143918fe6aec287: elapsed=30s remaining=1770s pid=3301692
  still running 00f8d59eee000223bf0530763bc8e4e2a8f3c37ed318e9906143918fe6aec287: elapsed=60s remaining=1740s pid=3301692
  still running 00f8d59eee000223bf0530763bc8e4e2a8f3c37ed318e9906143918fe6aec287: elapsed=90s remaining=1710s pid=3301692
  still running 00f8d59eee000223bf0530763bc8e4e2a8f3c37ed318e9906143918fe6aec287: elapsed=120s remaining=1680s pid=3301692
  still running 00f8d59eee000223bf0530763bc8e4e2a8f3c37ed318e9906143918fe6aec287: elapsed=150s remaining=1650s pid=3301692
  still running 00f8d59eee000223bf0530763bc8e4e2a8f3c37ed318e9906143918fe6aec287: elapsed=180s remaining=1620s pid=3301692
  still running 00f8d59eee000223bf0530763bc8e4e2a8f3c37ed318e9906143918fe6aec287: elapsed=210s remaining=1590s pid=3301692
  still running 00f8d59eee000223bf0530763bc8e4e2a8f3c37ed318e9906143918fe6aec287: elapsed=240s remaining=1560s pid=3301692
  still running 00f8d59eee000223bf0530763bc8e4e2a8f3c37ed318e9906143918fe6aec287: elapsed=270s remaining=1530s pid=3301692

[97/162] 00fdba0ca5ff9b2d09a56fb7bae713216052ecae3430289dd0ed013b2ccf2c44

[98/162] 00fe1a12e354036ecd34d0a97f1946ec1272dfe90a20773a3ad4207dd4910679

[99/162] 00fe6eeb68b9a8b205cdf11c874a07dee5bfdf37b864842b92de0b4f3a7b65c0

[100/162] 00fe9f56c7b1224adf2367b79631d9500cce42514d3fceaad60845370241468f

[101/162] 00feaeb4ea5158016e28d4976d72f986db5890765873a684bb5ca1edaa68bcc4

[102/162] 010c503261a2df2bbb1a3e08146f314fa9bf79b97cb05a52885eda911e13aea1
  still running 010c503261a2df2bbb1a3e08146f314fa9bf79b97cb05a52885eda911e13aea1: elapsed=30s remaining=1770s pid=3302540
  still running 010c503261a2df2bbb1a3e08146f314fa9bf79b97cb05a52885eda911e13aea1: elapsed=60s remaining=1740s pid=3302540
  still running 010c503261a2df2bbb1a3e08146f314fa9bf79b97cb05a52885eda911e13aea1: elapsed=90s remaining=1710s pid=3302540
  still running 010c503261a2df2bbb1a3e08146f314fa9bf79b97cb05a52885eda911e13aea1: elapsed=120s remaining=1680s pid=3302540
  still running 010c503261a2df2bbb1a3e08146f314fa9bf79b97cb05a52885eda911e13aea1: elapsed=150s remaining=1650s pid=3302540
  still running 010c503261a2df2bbb1a3e08146f314fa9bf79b97cb05a52885eda911e13aea1: elapsed=180s remaining=1620s pid=3302540

[103/162] 0125ca45f129b8d6e99fbb118aa7434f1bdb35d8ba4b862215c8e00be5d424d8

[104/162] 01263d765a198bbe341b92fe306ccd088a91be3347ee2b6e0a21c853a308dcda

[105/162] 0134df7b8ca72145731d4fccca722f706aeca415b5c1fec402181619927408e2

[106/162] 013d675b5ce5fd555119bcb2d3d33721d66cba0892e5258c4fd7852985f8ac79

[107/162] 01462679dd760fc6698642d6f6d994145e896a8d549139ba358c5a221b8c6e2a

[108/162] 0146e4cb3ec638a092bc2ff052ceb1508662f8f8c19b13c53aae660f23c7b0fb

[109/162] 01501b8722df50c519c543ff8e4dfbfb2524ef4f8c2a56018d6e08762f64dd45

[110/162] 01679b3022e01d8852da11493cab7fcbb7d66ea509eff437e9ef9750b7392f4d

[111/162] 016f1c85ebe3f4b15c149a1d6bad300e68a6de6818b8beb6cbf025f73f7304dc

[112/162] 0178f99f577d5daadf00d6e75094b02961e3ee1399e848b2913896f0a2f5e309

[113/162] 0179e7e54cc86cfeab7eabc67c78b1dd1fd9f614c717b062e0ff2b47697d1856

[114/162] 017ef1b077232a041e15b7aea2c138f4b6595d502107450b8160427a09ec26bc

[115/162] 017fcf8bae42ec21fd51df4f2295871a5772720fb8cff2ae0d763411639a82a3

[116/162] 018b133aff784f16972d71028d5590bdc243844d2011f51bc840da6526bc1985

[117/162] 01a10545701a92cb3c1be91397db2756b215bc59ee41838115cec1ef9aa723fe

[118/162] 01b9a092cc3518f1d8d4c1a002966b86a56838d272061cb4593c0bdf34d1a86f

[119/162] 01bd19794d6052ab271e3606a6fbaed0d8452dcb20ad34b55bc7dc0c48cefc41

[120/162] 01bf61e070b2ff29591934e1c5e85af73658bf5e2d3db39bc2b9638186e6fa8a

[121/162] 01c5f9d62a25d0f0668aa4d2a660a79cd9c494ef1040852e3a0d3d64ab8ab142

[122/162] 01c654ce022402fedb4a36c26aab8a8017d564dd765910839f56a2398c0b4dac

[123/162] 01ddb718a384a988e2aa004a3d489e84304582a524598f1a41792a5d427752da
  still running 01ddb718a384a988e2aa004a3d489e84304582a524598f1a41792a5d427752da: elapsed=30s remaining=1770s pid=3304872
  still running 01ddb718a384a988e2aa004a3d489e84304582a524598f1a41792a5d427752da: elapsed=60s remaining=1740s pid=3304872
  still running 01ddb718a384a988e2aa004a3d489e84304582a524598f1a41792a5d427752da: elapsed=90s remaining=1710s pid=3304872
  still running 01ddb718a384a988e2aa004a3d489e84304582a524598f1a41792a5d427752da: elapsed=120s remaining=1680s pid=3304872
  still running 01ddb718a384a988e2aa004a3d489e84304582a524598f1a41792a5d427752da: elapsed=150s remaining=1650s pid=3304872
  still running 01ddb718a384a988e2aa004a3d489e84304582a524598f1a41792a5d427752da: elapsed=180s remaining=1620s pid=3304872
  still running 01ddb718a384a988e2aa004a3d489e84304582a524598f1a41792a5d427752da: elapsed=210s remaining=1590s pid=3304872
  still running 01ddb718a384a988e2aa004a3d489e84304582a524598f1a41792a5d427752da: elapsed=240s remaining=1560s pid=3304872
  still running 01ddb718a384a988e2aa004a3d489e84304582a524598f1a41792a5d427752da: elapsed=270s remaining=1530s pid=3304872
  still running 01ddb718a384a988e2aa004a3d489e84304582a524598f1a41792a5d427752da: elapsed=300s remaining=1500s pid=3304872
  still running 01ddb718a384a988e2aa004a3d489e84304582a524598f1a41792a5d427752da: elapsed=330s remaining=1470s pid=3304872
  still running 01ddb718a384a988e2aa004a3d489e84304582a524598f1a41792a5d427752da: elapsed=360s remaining=1440s pid=3304872
  still running 01ddb718a384a988e2aa004a3d489e84304582a524598f1a41792a5d427752da: elapsed=390s remaining=1410s pid=3304872
  still running 01ddb718a384a988e2aa004a3d489e84304582a524598f1a41792a5d427752da: elapsed=420s remaining=1380s pid=3304872
  still running 01ddb718a384a988e2aa004a3d489e84304582a524598f1a41792a5d427752da: elapsed=450s remaining=1350s pid=3304872
  still running 01ddb718a384a988e2aa004a3d489e84304582a524598f1a41792a5d427752da: elapsed=480s remaining=1320s pid=3304872

[124/162] 01e5269d3279c99e162255f828b83210762c4ba09d58900fb6758cff95972450

[125/162] 01e6e6b8333336440deaf89f9600ef6d4ce399cb8ae4d82a3ef34f4388286877
  still running 01e6e6b8333336440deaf89f9600ef6d4ce399cb8ae4d82a3ef34f4388286877: elapsed=30s remaining=1770s pid=3305445
  still running 01e6e6b8333336440deaf89f9600ef6d4ce399cb8ae4d82a3ef34f4388286877: elapsed=60s remaining=1740s pid=3305445
  still running 01e6e6b8333336440deaf89f9600ef6d4ce399cb8ae4d82a3ef34f4388286877: elapsed=90s remaining=1710s pid=3305445
  still running 01e6e6b8333336440deaf89f9600ef6d4ce399cb8ae4d82a3ef34f4388286877: elapsed=120s remaining=1680s pid=3305445
  still running 01e6e6b8333336440deaf89f9600ef6d4ce399cb8ae4d82a3ef34f4388286877: elapsed=150s remaining=1650s pid=3305445
  still running 01e6e6b8333336440deaf89f9600ef6d4ce399cb8ae4d82a3ef34f4388286877: elapsed=180s remaining=1620s pid=3305445
  still running 01e6e6b8333336440deaf89f9600ef6d4ce399cb8ae4d82a3ef34f4388286877: elapsed=210s remaining=1590s pid=3305445
  still running 01e6e6b8333336440deaf89f9600ef6d4ce399cb8ae4d82a3ef34f4388286877: elapsed=240s remaining=1560s pid=3305445
  still running 01e6e6b8333336440deaf89f9600ef6d4ce399cb8ae4d82a3ef34f4388286877: elapsed=270s remaining=1530s pid=3305445
  still running 01e6e6b8333336440deaf89f9600ef6d4ce399cb8ae4d82a3ef34f4388286877: elapsed=300s remaining=1500s pid=3305445
  still running 01e6e6b8333336440deaf89f9600ef6d4ce399cb8ae4d82a3ef34f4388286877: elapsed=330s remaining=1470s pid=3305445
  still running 01e6e6b8333336440deaf89f9600ef6d4ce399cb8ae4d82a3ef34f4388286877: elapsed=360s remaining=1440s pid=3305445
  still running 01e6e6b8333336440deaf89f9600ef6d4ce399cb8ae4d82a3ef34f4388286877: elapsed=390s remaining=1410s pid=3305445
  still running 01e6e6b8333336440deaf89f9600ef6d4ce399cb8ae4d82a3ef34f4388286877: elapsed=420s remaining=1380s pid=3305445
  still running 01e6e6b8333336440deaf89f9600ef6d4ce399cb8ae4d82a3ef34f4388286877: elapsed=450s remaining=1350s pid=3305445
  still running 01e6e6b8333336440deaf89f9600ef6d4ce399cb8ae4d82a3ef34f4388286877: elapsed=480s remaining=1320s pid=3305445
  still running 01e6e6b8333336440deaf89f9600ef6d4ce399cb8ae4d82a3ef34f4388286877: elapsed=510s remaining=1290s pid=3305445
  still running 01e6e6b8333336440deaf89f9600ef6d4ce399cb8ae4d82a3ef34f4388286877: elapsed=540s remaining=1260s pid=3305445
  still running 01e6e6b8333336440deaf89f9600ef6d4ce399cb8ae4d82a3ef34f4388286877: elapsed=570s remaining=1230s pid=3305445
  still running 01e6e6b8333336440deaf89f9600ef6d4ce399cb8ae4d82a3ef34f4388286877: elapsed=600s remaining=1200s pid=3305445
  still running 01e6e6b8333336440deaf89f9600ef6d4ce399cb8ae4d82a3ef34f4388286877: elapsed=630s remaining=1170s pid=3305445
  still running 01e6e6b8333336440deaf89f9600ef6d4ce399cb8ae4d82a3ef34f4388286877: elapsed=660s remaining=1140s pid=3305445
  still running 01e6e6b8333336440deaf89f9600ef6d4ce399cb8ae4d82a3ef34f4388286877: elapsed=690s remaining=1110s pid=3305445
  still running 01e6e6b8333336440deaf89f9600ef6d4ce399cb8ae4d82a3ef34f4388286877: elapsed=720s remaining=1080s pid=3305445
  still running 01e6e6b8333336440deaf89f9600ef6d4ce399cb8ae4d82a3ef34f4388286877: elapsed=750s remaining=1050s pid=3305445
  still running 01e6e6b8333336440deaf89f9600ef6d4ce399cb8ae4d82a3ef34f4388286877: elapsed=780s remaining=1020s pid=3305445

[126/162] 01fb7403455f420178e88ce2fd24e6cb419e63a676c6a3b87bf1a0efa7d45aa3

[127/162] 02095daed6eb3e9af9528e2aae13dd94969cb824cbce68750e951bad169659e0

[128/162] 020f4ee34ad183187ac5f8fef74071271400d64b7970d4f027c3cb53eb1abee8

[129/162] 021221222ad36e2c16b671646cf1100b1b5d56f9b8fdae21afd4ca018836ef0b

[130/162] 0213a89d0485efb4415924d5613293fd9e83253ab5b8ebd7602b911639ccd6a2

[131/162] 0218cba179f89ecd90157e321a5180ad5eefc74b5746507e99ccb4d5334f55ca

[132/162] 02201da842a13322d153fd2b9aef71dd71b0f4477993b1efd78749dd3ed42af7
  still running 02201da842a13322d153fd2b9aef71dd71b0f4477993b1efd78749dd3ed42af7: elapsed=30s remaining=1770s pid=3306764
  still running 02201da842a13322d153fd2b9aef71dd71b0f4477993b1efd78749dd3ed42af7: elapsed=60s remaining=1740s pid=3306764
  still running 02201da842a13322d153fd2b9aef71dd71b0f4477993b1efd78749dd3ed42af7: elapsed=90s remaining=1710s pid=3306764
  still running 02201da842a13322d153fd2b9aef71dd71b0f4477993b1efd78749dd3ed42af7: elapsed=120s remaining=1680s pid=3306764
  still running 02201da842a13322d153fd2b9aef71dd71b0f4477993b1efd78749dd3ed42af7: elapsed=150s remaining=1650s pid=3306764
  still running 02201da842a13322d153fd2b9aef71dd71b0f4477993b1efd78749dd3ed42af7: elapsed=180s remaining=1620s pid=3306764
  still running 02201da842a13322d153fd2b9aef71dd71b0f4477993b1efd78749dd3ed42af7: elapsed=210s remaining=1590s pid=3306764
  still running 02201da842a13322d153fd2b9aef71dd71b0f4477993b1efd78749dd3ed42af7: elapsed=240s remaining=1560s pid=3306764
  still running 02201da842a13322d153fd2b9aef71dd71b0f4477993b1efd78749dd3ed42af7: elapsed=270s remaining=1530s pid=3306764
  still running 02201da842a13322d153fd2b9aef71dd71b0f4477993b1efd78749dd3ed42af7: elapsed=300s remaining=1500s pid=3306764
  still running 02201da842a13322d153fd2b9aef71dd71b0f4477993b1efd78749dd3ed42af7: elapsed=330s remaining=1470s pid=3306764
  still running 02201da842a13322d153fd2b9aef71dd71b0f4477993b1efd78749dd3ed42af7: elapsed=360s remaining=1440s pid=3306764
  still running 02201da842a13322d153fd2b9aef71dd71b0f4477993b1efd78749dd3ed42af7: elapsed=390s remaining=1410s pid=3306764
  still running 02201da842a13322d153fd2b9aef71dd71b0f4477993b1efd78749dd3ed42af7: elapsed=420s remaining=1380s pid=3306764
  still running 02201da842a13322d153fd2b9aef71dd71b0f4477993b1efd78749dd3ed42af7: elapsed=450s remaining=1350s pid=3306764
  still running 02201da842a13322d153fd2b9aef71dd71b0f4477993b1efd78749dd3ed42af7: elapsed=480s remaining=1320s pid=3306764
  still running 02201da842a13322d153fd2b9aef71dd71b0f4477993b1efd78749dd3ed42af7: elapsed=510s remaining=1290s pid=3306764
  still running 02201da842a13322d153fd2b9aef71dd71b0f4477993b1efd78749dd3ed42af7: elapsed=540s remaining=1260s pid=3306764
  still running 02201da842a13322d153fd2b9aef71dd71b0f4477993b1efd78749dd3ed42af7: elapsed=570s remaining=1230s pid=3306764
  still running 02201da842a13322d153fd2b9aef71dd71b0f4477993b1efd78749dd3ed42af7: elapsed=600s remaining=1200s pid=3306764
  still running 02201da842a13322d153fd2b9aef71dd71b0f4477993b1efd78749dd3ed42af7: elapsed=630s remaining=1170s pid=3306764
  still running 02201da842a13322d153fd2b9aef71dd71b0f4477993b1efd78749dd3ed42af7: elapsed=660s remaining=1140s pid=3306764
  still running 02201da842a13322d153fd2b9aef71dd71b0f4477993b1efd78749dd3ed42af7: elapsed=690s remaining=1110s pid=3306764
  still running 02201da842a13322d153fd2b9aef71dd71b0f4477993b1efd78749dd3ed42af7: elapsed=720s remaining=1080s pid=3306764
  still running 02201da842a13322d153fd2b9aef71dd71b0f4477993b1efd78749dd3ed42af7: elapsed=750s remaining=1050s pid=3306764
  still running 02201da842a13322d153fd2b9aef71dd71b0f4477993b1efd78749dd3ed42af7: elapsed=780s remaining=1020s pid=3306764
  still running 02201da842a13322d153fd2b9aef71dd71b0f4477993b1efd78749dd3ed42af7: elapsed=810s remaining=990s pid=3306764
  still running 02201da842a13322d153fd2b9aef71dd71b0f4477993b1efd78749dd3ed42af7: elapsed=840s remaining=960s pid=3306764
  still running 02201da842a13322d153fd2b9aef71dd71b0f4477993b1efd78749dd3ed42af7: elapsed=870s remaining=930s pid=3306764
  still running 02201da842a13322d153fd2b9aef71dd71b0f4477993b1efd78749dd3ed42af7: elapsed=900s remaining=900s pid=3306764
  still running 02201da842a13322d153fd2b9aef71dd71b0f4477993b1efd78749dd3ed42af7: elapsed=930s remaining=870s pid=3306764
  still running 02201da842a13322d153fd2b9aef71dd71b0f4477993b1efd78749dd3ed42af7: elapsed=960s remaining=840s pid=3306764
  still running 02201da842a13322d153fd2b9aef71dd71b0f4477993b1efd78749dd3ed42af7: elapsed=990s remaining=810s pid=3306764
  still running 02201da842a13322d153fd2b9aef71dd71b0f4477993b1efd78749dd3ed42af7: elapsed=1020s remaining=780s pid=3306764
  still running 02201da842a13322d153fd2b9aef71dd71b0f4477993b1efd78749dd3ed42af7: elapsed=1050s remaining=750s pid=3306764
  still running 02201da842a13322d153fd2b9aef71dd71b0f4477993b1efd78749dd3ed42af7: elapsed=1080s remaining=720s pid=3306764
  still running 02201da842a13322d153fd2b9aef71dd71b0f4477993b1efd78749dd3ed42af7: elapsed=1110s remaining=690s pid=3306764
  still running 02201da842a13322d153fd2b9aef71dd71b0f4477993b1efd78749dd3ed42af7: elapsed=1140s remaining=660s pid=3306764
  still running 02201da842a13322d153fd2b9aef71dd71b0f4477993b1efd78749dd3ed42af7: elapsed=1170s remaining=630s pid=3306764
  still running 02201da842a13322d153fd2b9aef71dd71b0f4477993b1efd78749dd3ed42af7: elapsed=1200s remaining=600s pid=3306764
  still running 02201da842a13322d153fd2b9aef71dd71b0f4477993b1efd78749dd3ed42af7: elapsed=1230s remaining=570s pid=3306764
  still running 02201da842a13322d153fd2b9aef71dd71b0f4477993b1efd78749dd3ed42af7: elapsed=1260s remaining=540s pid=3306764
  still running 02201da842a13322d153fd2b9aef71dd71b0f4477993b1efd78749dd3ed42af7: elapsed=1290s remaining=510s pid=3306764
  still running 02201da842a13322d153fd2b9aef71dd71b0f4477993b1efd78749dd3ed42af7: elapsed=1320s remaining=480s pid=3306764
  still running 02201da842a13322d153fd2b9aef71dd71b0f4477993b1efd78749dd3ed42af7: elapsed=1350s remaining=450s pid=3306764
  still running 02201da842a13322d153fd2b9aef71dd71b0f4477993b1efd78749dd3ed42af7: elapsed=1380s remaining=420s pid=3306764
  still running 02201da842a13322d153fd2b9aef71dd71b0f4477993b1efd78749dd3ed42af7: elapsed=1410s remaining=390s pid=3306764
  still running 02201da842a13322d153fd2b9aef71dd71b0f4477993b1efd78749dd3ed42af7: elapsed=1440s remaining=360s pid=3306764
  still running 02201da842a13322d153fd2b9aef71dd71b0f4477993b1efd78749dd3ed42af7: elapsed=1470s remaining=330s pid=3306764
  still running 02201da842a13322d153fd2b9aef71dd71b0f4477993b1efd78749dd3ed42af7: elapsed=1500s remaining=300s pid=3306764

[133/162] 02203a840fe1ce9c9e5e1cf6bc71c87709fafc205fce6b2c79e12961b46ad36f

[134/162] 022c70d9bacdd8ab907ce309e8852ec025a37b1f30503dc587de2b45c6ef1eb4

[135/162] 023ba122b228f2d20b7344cb6c5f5d6555df0eea338254a197953dd614f883c9
  still running 023ba122b228f2d20b7344cb6c5f5d6555df0eea338254a197953dd614f883c9: elapsed=30s remaining=1770s pid=3308207
  still running 023ba122b228f2d20b7344cb6c5f5d6555df0eea338254a197953dd614f883c9: elapsed=60s remaining=1740s pid=3308207
  still running 023ba122b228f2d20b7344cb6c5f5d6555df0eea338254a197953dd614f883c9: elapsed=90s remaining=1710s pid=3308207
  still running 023ba122b228f2d20b7344cb6c5f5d6555df0eea338254a197953dd614f883c9: elapsed=120s remaining=1680s pid=3308207
  still running 023ba122b228f2d20b7344cb6c5f5d6555df0eea338254a197953dd614f883c9: elapsed=150s remaining=1650s pid=3308207
  still running 023ba122b228f2d20b7344cb6c5f5d6555df0eea338254a197953dd614f883c9: elapsed=180s remaining=1620s pid=3308207
  still running 023ba122b228f2d20b7344cb6c5f5d6555df0eea338254a197953dd614f883c9: elapsed=210s remaining=1590s pid=3308207
  still running 023ba122b228f2d20b7344cb6c5f5d6555df0eea338254a197953dd614f883c9: elapsed=240s remaining=1560s pid=3308207
  still running 023ba122b228f2d20b7344cb6c5f5d6555df0eea338254a197953dd614f883c9: elapsed=270s remaining=1530s pid=3308207
  still running 023ba122b228f2d20b7344cb6c5f5d6555df0eea338254a197953dd614f883c9: elapsed=300s remaining=1500s pid=3308207

[136/162] 023ea7b0ae886b68647d0afeeac9ed2e3db2b73b04313ff08995e763f2f6bbdb

[137/162] 024656a0eb44f8bf0fea4f295daec5da699f78c35b6b340a6ef6106f5bf87e44

[138/162] 024ce19aa7258f694f618422eec929697d978ea9c4eb1f030ce850d0066df0be

[139/162] 0251e39440824b450fd237f6fb7fed486dbab3bfcbbe810527a99ccd6e5f464a

[140/162] 02595ca6a3c37521eaa735c747fe095e9502c5260b8b2e318a97e6e61a2a57c1

[141/162] 025b850f34d5d01976c174d5930cbbc7b7ccd82eef96c119ffd7b98bb6334c9b

[142/162] 025fd6c2b5c9fa71d1371055717861c5b4e26013f77beebd9aa6ef407414fd4a

[143/162] 027c20d4ef7aaed7498a052c00871e90e44f69dcbe0690a78104cd06a5bfe0ef

[144/162] 028461c3d55dc941f2914dc7718c542648ebcc51bc427ab18894fc1ca1a649d0

[145/162] 0288aadc2f6f0eded15572537a89ca0a88d8560587a7207348c9128efef31184

[146/162] 0288aed073be1589c88519b0ecfbe442ceaf9bbd3fd6fef437957d3a2963bfc6

[147/162] 02a16978acc560a0bbb934d8ea0674fb5707295e9a3639d22aac62fcb031f577

[148/162] 02b5fd1afb9c0eef8a5f55be9d0a8a26d182f9233bd410548bf7f14d410b13a4

[149/162] 02b8cc628b25182de88eaf25c79f134e5ff5342f3afd24bd1e0786efcd427e5c

[150/162] 02c1b5e3d586358ac122edac01c8d02dc8fc13badcb68f60998e9e9311b17baa

[151/162] 02c60e104e17131eaf959cbe8186174d534fa2ffa9dac37e836f94545b145733

[152/162] 02c81a6b76ce63dc4bf93b423a52606a4c51768164738ab0f2937ad1528a5f05

[153/162] 02cf68900b4a1fd22c264a870af243a9264d95b6ec5a81258057470fe4adf5c9

[154/162] 02d09e44cd663dfdb499bf55fb1487bc7f570b6c1a0751c7eeeadac029f69190

[155/162] 02d5d2e1ded5595056b3e3e30d7175593177b3ccae45d27d4471f50a02cbbbab

[156/162] 02ddd9d2f75a47bf94b6b8a454261f31d6c55759159e226bbb0c58dd23741920

[157/162] 02ec071893c33c49f2265333261fa4ac92e8533d621f75dd82fa055b049c94fe

[158/162] 02efc89a5621cb5b17f1ed8f1d3a52ae6fee3dcb6fad7efffcd9b0e467e70f24

[159/162] 02f72cee61dca1cb221b33c858c81985f6d9cecb655769d806e92c8b44b76ce6

[160/162] 02f832b8769623ad1158c9b002c1dfbdcfc38d016baecc9c8a0df4aad0e6f628

[161/162] 0315679e5797d61084465dbfdf808df96c39bf3b720c54b6bf95b21d23c39e41

[162/162] 036459b40f763ff2f1cc635a35f4ac1726843428c2036f9eb95b4a6cb2c1e8e7
  still running 036459b40f763ff2f1cc635a35f4ac1726843428c2036f9eb95b4a6cb2c1e8e7: elapsed=30s remaining=1770s pid=3311212
  still running 036459b40f763ff2f1cc635a35f4ac1726843428c2036f9eb95b4a6cb2c1e8e7: elapsed=60s remaining=1740s pid=3311212
  still running 036459b40f763ff2f1cc635a35f4ac1726843428c2036f9eb95b4a6cb2c1e8e7: elapsed=90s remaining=1710s pid=3311212
  still running 036459b40f763ff2f1cc635a35f4ac1726843428c2036f9eb95b4a6cb2c1e8e7: elapsed=120s remaining=1680s pid=3311212

Done.
Results: analysis/memory_profiling/sqlite_vs_qiskit_results.jsonl
Summary: analysis/memory_profiling/sqlite_vs_qiskit_summary.csv
Missing hashes: analysis/memory_profiling/missing_hashes.txt (0)
