
  [SQLite] 0002f03d8800974fa0082d17c88c60c429f4c89b6ecc6e7e8ecb6eb579d86ed8
    total CTEs  : 88  (tensor CTEs: 6, contraction CTEs: 82)
    SQL length  : 25,082 chars
    Counting rows per K_i CTE (82 contraction CTEs)...
      K1      rows=8  idx_cols=0  ~128 bytes
      K2      rows=8  idx_cols=0  ~128 bytes
      K3      rows=2  idx_cols=0  ~32 bytes
      K4      rows=2  idx_cols=0  ~32 bytes
      K5      rows=8  idx_cols=0  ~128 bytes
      K6      rows=8  idx_cols=0  ~128 bytes
      K7      rows=2  idx_cols=0  ~32 bytes
      K8      rows=8  idx_cols=0  ~128 bytes
      K9      rows=8  idx_cols=0  ~128 bytes
      K10     rows=4  idx_cols=0  ~64 bytes
      K11     rows=8  idx_cols=0  ~128 bytes
      K12     rows=4  idx_cols=0  ~64 bytes
      K13     rows=2  idx_cols=0  ~32 bytes
      K14     rows=2  idx_cols=0  ~32 bytes
      K15     rows=8  idx_cols=0  ~128 bytes
      K16     rows=8  idx_cols=0  ~128 bytes
      K17     rows=4  idx_cols=0  ~64 bytes
      K18     rows=8  idx_cols=0  ~128 bytes
      K19     rows=16  idx_cols=0  ~256 bytes
      K20     rows=8  idx_cols=0  ~128 bytes
      K21     rows=8  idx_cols=0  ~128 bytes
      K22     rows=8  idx_cols=0  ~128 bytes
      K23     rows=8  idx_cols=0  ~128 bytes
      K24     rows=8  idx_cols=0  ~128 bytes
      K25     rows=2  idx_cols=0  ~32 bytes
      K26     rows=1  idx_cols=0  ~16 bytes
      K27     rows=4  idx_cols=0  ~64 bytes
      K28     rows=4  idx_cols=0  ~64 bytes
      K29     rows=8  idx_cols=0  ~128 bytes
      K30     rows=4  idx_cols=0  ~64 bytes
      K31     rows=2  idx_cols=0  ~32 bytes
      K32     rows=8  idx_cols=0  ~128 bytes
      K33     rows=8  idx_cols=0  ~128 bytes
      K34     rows=8  idx_cols=0  ~128 bytes
      K35     rows=8  idx_cols=0  ~128 bytes
      K36     rows=16  idx_cols=0  ~256 bytes
      K37     rows=16  idx_cols=0  ~256 bytes
      K38     rows=8  idx_cols=0  ~128 bytes
      K39     rows=8  idx_cols=0  ~128 bytes
      K40     rows=8  idx_cols=0  ~128 bytes
      K41     rows=8  idx_cols=0  ~128 bytes
      K42     rows=2  idx_cols=0  ~32 bytes
      K43     rows=8  idx_cols=0  ~128 bytes
      K44     rows=2  idx_cols=0  ~32 bytes
      K45     rows=8  idx_cols=0  ~128 bytes
      K46     rows=8  idx_cols=0  ~128 bytes
      K47     rows=8  idx_cols=0  ~128 bytes
      K48     rows=8  idx_cols=0  ~128 bytes
      K49     rows=8  idx_cols=0  ~128 bytes
      K50     rows=8  idx_cols=0  ~128 bytes
      K51     rows=16  idx_cols=0  ~256 bytes
      K52     rows=16  idx_cols=0  ~256 bytes
      K53     rows=8  idx_cols=0  ~128 bytes
      K54     rows=16  idx_cols=0  ~256 bytes
      K55     rows=16  idx_cols=0  ~256 bytes
      K56     rows=8  idx_cols=0  ~128 bytes
      K57     rows=8  idx_cols=0  ~128 bytes
      K58     rows=8  idx_cols=0  ~128 bytes
      K59     rows=16  idx_cols=0  ~256 bytes
      K60     rows=16  idx_cols=0  ~256 bytes
      K61     rows=32  idx_cols=0  ~512 bytes
      K62     rows=16  idx_cols=0  ~256 bytes
      K63     rows=8  idx_cols=0  ~128 bytes
      K64     rows=16  idx_cols=0  ~256 bytes
      K65     rows=32  idx_cols=0  ~512 bytes
      K66     rows=32  idx_cols=0  ~512 bytes
      K67     rows=64  idx_cols=0  ~1024 bytes
      K68     rows=64  idx_cols=0  ~1024 bytes
      K69     rows=64  idx_cols=0  ~1024 bytes
      K70     rows=64  idx_cols=0  ~1024 bytes
      K71     rows=64  idx_cols=0  ~1024 bytes
      K72     rows=64  idx_cols=0  ~1024 bytes
      K73     rows=32  idx_cols=0  ~512 bytes
      K74     rows=64  idx_cols=0  ~1024 bytes
      K75     rows=64  idx_cols=0  ~1024 bytes
      K76     rows=64  idx_cols=0  ~1024 bytes
      K77     rows=256  idx_cols=0  ~4096 bytes
      K78     rows=256  idx_cols=0  ~4096 bytes
      K79     rows=256  idx_cols=0  ~4096 bytes
      K80     rows=256  idx_cols=0  ~4096 bytes
      K81     rows=256  idx_cols=0  ~4096 bytes
      K82     rows=1024  idx_cols=0  ~16384 bytes

  [Aer] 0002f03d8800974fa0082d17c88c60c429f4c89b6ecc6e7e8ecb6eb579d86ed8  (12 qubits, depth 35)
    [+] statevector                [multi ]  wall=0.0151s  rss=208,680KB  vsz=6,512MB  Δmaj=0
    [+] statevector                [single]  wall=0.0066s  rss=208,680KB  vsz=6,512MB  Δmaj=0
    [-] stabilizer                 [multi ]  wall=0.0043s  rss=208,680KB  vsz=6,512MB  Δmaj=0
    [-] stabilizer                 [single]  wall=0.0070s  rss=208,680KB  vsz=6,512MB  Δmaj=0
    [+] density_matrix             [multi ]  wall=1.1769s  rss=207,340KB  vsz=6,512MB  Δmaj=11
    [+] density_matrix             [single]  wall=9.1443s  rss=207,340KB  vsz=6,512MB  Δmaj=0
    [+] matrix_product_state       [multi ]  wall=0.0568s  rss=207,340KB  vsz=7,184MB  Δmaj=0
    [+] matrix_product_state       [single]  wall=0.0434s  rss=207,340KB  vsz=7,184MB  Δmaj=0
    [-] extended_stabilizer        [multi ]  wall=0.0021s  rss=207,340KB  vsz=7,184MB  Δmaj=0
    [-] extended_stabilizer        [single]  wall=0.0019s  rss=207,340KB  vsz=7,184MB  Δmaj=0
    [+] unitary                    [multi ]  wall=0.2719s  rss=467,304KB  vsz=7,440MB  Δmaj=1
    [+] unitary                    [single]  wall=2.2998s  rss=467,428KB  vsz=7,440MB  Δmaj=0
    [+] automatic                  [multi ]  wall=0.0198s  rss=205,556KB  vsz=7,184MB  Δmaj=0
    [+] automatic                  [single]  wall=0.0122s  rss=205,556KB  vsz=7,184MB  Δmaj=0
