
  [SQLite] 000859b011a971cec40d9751ea0663cdb41e0df3d8e956d0d85536a1dd497b3f
    total CTEs  : 45  (tensor CTEs: 6, contraction CTEs: 39)
    SQL length  : 12,842 chars
    Counting rows per K_i CTE (39 contraction CTEs)...
      K1      rows=2  idx_cols=0  ~32 bytes
      K2      rows=8  idx_cols=0  ~128 bytes
      K3      rows=16  idx_cols=0  ~256 bytes
      K4      rows=4  idx_cols=0  ~64 bytes
      K5      rows=4  idx_cols=0  ~64 bytes
      K6      rows=16  idx_cols=0  ~256 bytes
      K7      rows=4  idx_cols=0  ~64 bytes
      K8      rows=4  idx_cols=0  ~64 bytes
      K9      rows=8  idx_cols=0  ~128 bytes
      K10     rows=8  idx_cols=0  ~128 bytes
      K11     rows=8  idx_cols=0  ~128 bytes
      K12     rows=16  idx_cols=0  ~256 bytes
      K13     rows=16  idx_cols=0  ~256 bytes
      K14     rows=8  idx_cols=0  ~128 bytes
      K15     rows=8  idx_cols=0  ~128 bytes
      K16     rows=16  idx_cols=0  ~256 bytes
      K17     rows=16  idx_cols=0  ~256 bytes
      K18     rows=8  idx_cols=0  ~128 bytes
      K19     rows=16  idx_cols=0  ~256 bytes
      K20     rows=8  idx_cols=0  ~128 bytes
      K21     rows=16  idx_cols=0  ~256 bytes
      K22     rows=2  idx_cols=0  ~32 bytes
      K23     rows=2  idx_cols=0  ~32 bytes
      K24     rows=4  idx_cols=0  ~64 bytes
      K25     rows=16  idx_cols=0  ~256 bytes
      K26     rows=16  idx_cols=0  ~256 bytes
      K27     rows=8  idx_cols=0  ~128 bytes
      K28     rows=8  idx_cols=0  ~128 bytes
      K29     rows=4  idx_cols=0  ~64 bytes
      K30     rows=4  idx_cols=0  ~64 bytes
      K31     rows=8  idx_cols=0  ~128 bytes
      K32     rows=8  idx_cols=0  ~128 bytes
      K33     rows=8  idx_cols=0  ~128 bytes
      K34     rows=4  idx_cols=0  ~64 bytes
      K35     rows=4  idx_cols=0  ~64 bytes
      K36     rows=16  idx_cols=0  ~256 bytes
      K37     rows=8  idx_cols=0  ~128 bytes
      K38     rows=16  idx_cols=0  ~256 bytes
      K39     rows=16  idx_cols=0  ~256 bytes

  [Aer] 000859b011a971cec40d9751ea0663cdb41e0df3d8e956d0d85536a1dd497b3f  (4 qubits, depth 5)
    [+] statevector                [multi ]  wall=0.0046s  rss=201,944KB  vsz=5,012MB  Δmaj=0
    [+] statevector                [single]  wall=0.0044s  rss=202,264KB  vsz=5,012MB  Δmaj=0
    [-] stabilizer                 [multi ]  wall=0.0054s  rss=202,264KB  vsz=5,012MB  Δmaj=0
    [-] stabilizer                 [single]  wall=0.0027s  rss=202,264KB  vsz=5,012MB  Δmaj=0
    [+] density_matrix             [multi ]  wall=0.0032s  rss=202,264KB  vsz=5,012MB  Δmaj=0
    [+] density_matrix             [single]  wall=0.0058s  rss=202,264KB  vsz=5,012MB  Δmaj=0
    [+] matrix_product_state       [multi ]  wall=0.0255s  rss=203,144KB  vsz=5,684MB  Δmaj=0
    [+] matrix_product_state       [single]  wall=0.0155s  rss=203,144KB  vsz=7,158MB  Δmaj=0
    [-] extended_stabilizer        [multi ]  wall=0.0026s  rss=200,608KB  vsz=7,178MB  Δmaj=0
    [-] extended_stabilizer        [single]  wall=0.0026s  rss=200,608KB  vsz=7,178MB  Δmaj=0
    [+] unitary                    [multi ]  wall=0.0733s  rss=201,124KB  vsz=7,178MB  Δmaj=0
    [+] unitary                    [single]  wall=0.0040s  rss=201,124KB  vsz=7,178MB  Δmaj=0
    [+] automatic                  [multi ]  wall=0.0030s  rss=201,124KB  vsz=7,178MB  Δmaj=0
    [+] automatic                  [single]  wall=0.0044s  rss=201,388KB  vsz=7,178MB  Δmaj=0
