
  [SQLite] 000c74623b1dde87feb64ff68d69e6625b126dfd9fd3070b1669d44fcff77e00
    total CTEs  : 25  (tensor CTEs: 4, contraction CTEs: 21)
    SQL length  : 6,362 chars
    Counting rows per K_i CTE (21 contraction CTEs)...
      K1      rows=2  idx_cols=0  ~32 bytes
      K2      rows=4  idx_cols=0  ~64 bytes
      K3      rows=2  idx_cols=0  ~32 bytes
      K4      rows=8  idx_cols=0  ~128 bytes
      K5      rows=2  idx_cols=0  ~32 bytes
      K6      rows=2  idx_cols=0  ~32 bytes
      K7      rows=8  idx_cols=0  ~128 bytes
      K8      rows=4  idx_cols=0  ~64 bytes
      K9      rows=2  idx_cols=0  ~32 bytes
      K10     rows=4  idx_cols=0  ~64 bytes
      K11     rows=4  idx_cols=0  ~64 bytes
      K12     rows=8  idx_cols=0  ~128 bytes
      K13     rows=4  idx_cols=0  ~64 bytes
      K14     rows=8  idx_cols=0  ~128 bytes
      K15     rows=8  idx_cols=0  ~128 bytes
      K16     rows=16  idx_cols=0  ~256 bytes
      K17     rows=32  idx_cols=0  ~512 bytes
      K18     rows=1  idx_cols=0  ~16 bytes
      K19     rows=1  idx_cols=0  ~16 bytes
      K20     rows=1  idx_cols=0  ~16 bytes
      K21     rows=1  idx_cols=0  ~16 bytes

  [Aer] 000c74623b1dde87feb64ff68d69e6625b126dfd9fd3070b1669d44fcff77e00  (10 qubits, depth 7)
    [+] statevector                [multi ]  wall=0.0034s  rss=200,016KB  vsz=5,009MB  Δmaj=0
    [+] statevector                [single]  wall=0.0049s  rss=200,016KB  vsz=5,009MB  Δmaj=0
    [+] stabilizer                 [multi ]  wall=0.0036s  rss=200,016KB  vsz=5,009MB  Δmaj=0
    [+] stabilizer                 [single]  wall=0.0049s  rss=200,016KB  vsz=5,009MB  Δmaj=0
    [+] density_matrix             [multi ]  wall=0.0390s  rss=196,880KB  vsz=5,009MB  Δmaj=0
    [+] density_matrix             [single]  wall=0.1431s  rss=212,980KB  vsz=5,009MB  Δmaj=0
    [+] matrix_product_state       [multi ]  wall=0.0373s  rss=212,980KB  vsz=5,042MB  Δmaj=0
    [+] matrix_product_state       [single]  wall=0.0103s  rss=212,980KB  vsz=5,042MB  Δmaj=0
    [+] extended_stabilizer        [multi ]  wall=0.0034s  rss=212,980KB  vsz=5,042MB  Δmaj=0
    [+] extended_stabilizer        [single]  wall=0.0035s  rss=212,980KB  vsz=5,042MB  Δmaj=0
    [+] unitary                    [multi ]  wall=0.0080s  rss=212,980KB  vsz=5,042MB  Δmaj=0
    [+] unitary                    [single]  wall=0.0521s  rss=229,676KB  vsz=5,042MB  Δmaj=0
    [+] automatic                  [multi ]  wall=0.0037s  rss=229,676KB  vsz=5,042MB  Δmaj=0
    [+] automatic                  [single]  wall=0.0049s  rss=229,676KB  vsz=5,042MB  Δmaj=0
