
  [SQLite] 00100b4430ca54efbc592eaeb6abbf1d19f7012742041e24e8072be2d03db4cb
    total CTEs  : 129  (tensor CTEs: 6, contraction CTEs: 123)
    SQL length  : 38,730 chars
    Counting rows per K_i CTE (123 contraction CTEs)...
      K1      rows=8  idx_cols=0  ~128 bytes
      K2      rows=2  idx_cols=0  ~32 bytes
      K3      rows=8  idx_cols=0  ~128 bytes
      K4      rows=8  idx_cols=0  ~128 bytes
      K5      rows=8  idx_cols=0  ~128 bytes
      K6      rows=8  idx_cols=0  ~128 bytes
      K7      rows=8  idx_cols=0  ~128 bytes
      K8      rows=16  idx_cols=0  ~256 bytes
      K9      rows=4  idx_cols=0  ~64 bytes
      K10     rows=8  idx_cols=0  ~128 bytes
      K11     rows=8  idx_cols=0  ~128 bytes
      K12     rows=8  idx_cols=0  ~128 bytes
      K13     rows=8  idx_cols=0  ~128 bytes
      K14     rows=8  idx_cols=0  ~128 bytes
      K15     rows=8  idx_cols=0  ~128 bytes
      K16     rows=8  idx_cols=0  ~128 bytes
      K17     rows=16  idx_cols=0  ~256 bytes
      K18     rows=8  idx_cols=0  ~128 bytes
      K19     rows=16  idx_cols=0  ~256 bytes
      K20     rows=8  idx_cols=0  ~128 bytes
      K21     rows=16  idx_cols=0  ~256 bytes
      K22     rows=8  idx_cols=0  ~128 bytes
      K23     rows=16  idx_cols=0  ~256 bytes
      K24     rows=8  idx_cols=0  ~128 bytes
      K25     rows=16  idx_cols=0  ~256 bytes
      K26     rows=16  idx_cols=0  ~256 bytes
      K27     rows=8  idx_cols=0  ~128 bytes
      K28     rows=16  idx_cols=0  ~256 bytes
      K29     rows=16  idx_cols=0  ~256 bytes
      K30     rows=8  idx_cols=0  ~128 bytes
      K31     rows=16  idx_cols=0  ~256 bytes
      K32     rows=16  idx_cols=0  ~256 bytes
      K33     rows=16  idx_cols=0  ~256 bytes
      K34     rows=2  idx_cols=0  ~32 bytes
      K35     rows=2  idx_cols=0  ~32 bytes
      K36     rows=16  idx_cols=0  ~256 bytes
      K37     rows=4  idx_cols=0  ~64 bytes
      K38     rows=8  idx_cols=0  ~128 bytes
      K39     rows=8  idx_cols=0  ~128 bytes
      K40     rows=16  idx_cols=0  ~256 bytes
      K41     rows=16  idx_cols=0  ~256 bytes
      K42     rows=8  idx_cols=0  ~128 bytes
      K43     rows=16  idx_cols=0  ~256 bytes
      K44     rows=8  idx_cols=0  ~128 bytes
      K45     rows=8  idx_cols=0  ~128 bytes
      K46     rows=8  idx_cols=0  ~128 bytes
      K47     rows=16  idx_cols=0  ~256 bytes
      K48     rows=16  idx_cols=0  ~256 bytes
      K49     rows=16  idx_cols=0  ~256 bytes
      K50     rows=16  idx_cols=0  ~256 bytes
      K51     rows=16  idx_cols=0  ~256 bytes
      K52     rows=8  idx_cols=0  ~128 bytes
      K53     rows=8  idx_cols=0  ~128 bytes
      K54     rows=16  idx_cols=0  ~256 bytes
      K55     rows=8  idx_cols=0  ~128 bytes
      K56     rows=16  idx_cols=0  ~256 bytes
      K57     rows=8  idx_cols=0  ~128 bytes
      K58     rows=8  idx_cols=0  ~128 bytes
      K59     rows=8  idx_cols=0  ~128 bytes
      K60     rows=16  idx_cols=0  ~256 bytes
      K61     rows=16  idx_cols=0  ~256 bytes
      K62     rows=16  idx_cols=0  ~256 bytes
      K63     rows=16  idx_cols=0  ~256 bytes
      K64     rows=8  idx_cols=0  ~128 bytes
      K65     rows=16  idx_cols=0  ~256 bytes
      K66     rows=8  idx_cols=0  ~128 bytes
      K67     rows=8  idx_cols=0  ~128 bytes
      K68     rows=8  idx_cols=0  ~128 bytes
      K69     rows=8  idx_cols=0  ~128 bytes
      K70     rows=8  idx_cols=0  ~128 bytes
      K71     rows=16  idx_cols=0  ~256 bytes
      K72     rows=8  idx_cols=0  ~128 bytes
      K73     rows=16  idx_cols=0  ~256 bytes
      K74     rows=16  idx_cols=0  ~256 bytes
      K75     rows=16  idx_cols=0  ~256 bytes
      K76     rows=16  idx_cols=0  ~256 bytes
      K77     rows=8  idx_cols=0  ~128 bytes
      K78     rows=8  idx_cols=0  ~128 bytes
      K79     rows=8  idx_cols=0  ~128 bytes
      K80     rows=4  idx_cols=0  ~64 bytes
      K81     rows=16  idx_cols=0  ~256 bytes
      K82     rows=16  idx_cols=0  ~256 bytes
      K83     rows=4  idx_cols=0  ~64 bytes
      K84     rows=16  idx_cols=0  ~256 bytes
      K85     rows=2  idx_cols=0  ~32 bytes
      K86     rows=8  idx_cols=0  ~128 bytes
      K87     rows=16  idx_cols=0  ~256 bytes
      K88     rows=8  idx_cols=0  ~128 bytes
      K89     rows=8  idx_cols=0  ~128 bytes
      K90     rows=8  idx_cols=0  ~128 bytes
      K91     rows=8  idx_cols=0  ~128 bytes
      K92     rows=8  idx_cols=0  ~128 bytes
      K93     rows=4  idx_cols=0  ~64 bytes
      K94     rows=8  idx_cols=0  ~128 bytes
      K95     rows=4  idx_cols=0  ~64 bytes
      K96     rows=16  idx_cols=0  ~256 bytes
      K97     rows=16  idx_cols=0  ~256 bytes
      K98     rows=16  idx_cols=0  ~256 bytes
      K99     rows=16  idx_cols=0  ~256 bytes
      K100    rows=16  idx_cols=0  ~256 bytes
      K101    rows=16  idx_cols=0  ~256 bytes
      K102    rows=16  idx_cols=0  ~256 bytes
      K103    rows=8  idx_cols=0  ~128 bytes
      K104    rows=16  idx_cols=0  ~256 bytes
      K105    rows=32  idx_cols=0  ~512 bytes
      K106    rows=16  idx_cols=0  ~256 bytes
      K107    rows=8  idx_cols=0  ~128 bytes
      K108    rows=16  idx_cols=0  ~256 bytes
      K109    rows=32  idx_cols=0  ~512 bytes
      K110    rows=32  idx_cols=0  ~512 bytes
      K111    rows=32  idx_cols=0  ~512 bytes
      K112    rows=32  idx_cols=0  ~512 bytes
      K113    rows=32  idx_cols=0  ~512 bytes
      K114    rows=64  idx_cols=0  ~1024 bytes
      K115    rows=64  idx_cols=0  ~1024 bytes
      K116    rows=64  idx_cols=0  ~1024 bytes
      K117    rows=64  idx_cols=0  ~1024 bytes
      K118    rows=64  idx_cols=0  ~1024 bytes
      K119    rows=32  idx_cols=0  ~512 bytes
      K120    rows=64  idx_cols=0  ~1024 bytes
      K121    rows=128  idx_cols=0  ~2048 bytes
      K122    rows=128  idx_cols=0  ~2048 bytes
      K123    rows=128  idx_cols=0  ~2048 bytes

  [Aer] 00100b4430ca54efbc592eaeb6abbf1d19f7012742041e24e8072be2d03db4cb  (7 qubits, depth 8)
    [+] statevector                [multi ]  wall=0.0219s  rss=219,748KB  vsz=6,521MB  Δmaj=0
    [+] statevector                [single]  wall=0.0208s  rss=220,272KB  vsz=6,521MB  Δmaj=0
    [-] stabilizer                 [multi ]  wall=0.0207s  rss=220,272KB  vsz=6,521MB  Δmaj=0
    [-] stabilizer                 [single]  wall=0.0166s  rss=220,584KB  vsz=6,521MB  Δmaj=0
    [+] density_matrix             [multi ]  wall=0.0982s  rss=221,400KB  vsz=6,522MB  Δmaj=0
    [+] density_matrix             [single]  wall=0.0988s  rss=221,400KB  vsz=6,522MB  Δmaj=0
    [+] matrix_product_state       [multi ]  wall=0.0511s  rss=221,664KB  vsz=6,970MB  Δmaj=0
    [+] matrix_product_state       [single]  wall=0.0431s  rss=221,664KB  vsz=6,970MB  Δmaj=0
    [-] extended_stabilizer        [multi ]  wall=0.0165s  rss=222,244KB  vsz=6,970MB  Δmaj=0
    [-] extended_stabilizer        [single]  wall=0.0166s  rss=222,508KB  vsz=6,970MB  Δmaj=0
    [+] unitary                    [multi ]  wall=0.0261s  rss=222,508KB  vsz=6,970MB  Δmaj=0
    [+] unitary                    [single]  wall=0.0810s  rss=222,952KB  vsz=6,970MB  Δmaj=0
    [+] automatic                  [multi ]  wall=0.0222s  rss=223,216KB  vsz=6,970MB  Δmaj=0
    [+] automatic                  [single]  wall=0.0205s  rss=223,216KB  vsz=6,970MB  Δmaj=0
