
  [SQLite] 001017a6a10b03e39c96abbf7190c277c04b1cc83fb7a8078a7b56bbe84d0806
    total CTEs  : 88  (tensor CTEs: 5, contraction CTEs: 83)
    SQL length  : 25,506 chars
    Counting rows per K_i CTE (83 contraction CTEs)...
      K1      rows=2  idx_cols=0  ~32 bytes
      K2      rows=2  idx_cols=0  ~32 bytes
      K3      rows=2  idx_cols=0  ~32 bytes
      K4      rows=2  idx_cols=0  ~32 bytes
      K5      rows=2  idx_cols=0  ~32 bytes
      K6      rows=2  idx_cols=0  ~32 bytes
      K7      rows=8  idx_cols=0  ~128 bytes
      K8      rows=2  idx_cols=0  ~32 bytes
      K9      rows=2  idx_cols=0  ~32 bytes
      K10     rows=2  idx_cols=0  ~32 bytes
      K11     rows=2  idx_cols=0  ~32 bytes
      K12     rows=2  idx_cols=0  ~32 bytes
      K13     rows=8  idx_cols=0  ~128 bytes
      K14     rows=8  idx_cols=0  ~128 bytes
      K15     rows=2  idx_cols=0  ~32 bytes
      K16     rows=8  idx_cols=0  ~128 bytes
      K17     rows=8  idx_cols=0  ~128 bytes
      K18     rows=4  idx_cols=0  ~64 bytes
      K19     rows=4  idx_cols=0  ~64 bytes
      K20     rows=8  idx_cols=0  ~128 bytes
      K21     rows=8  idx_cols=0  ~128 bytes
      K22     rows=2  idx_cols=0  ~32 bytes
      K23     rows=8  idx_cols=0  ~128 bytes
      K24     rows=16  idx_cols=0  ~256 bytes
      K25     rows=16  idx_cols=0  ~256 bytes
      K26     rows=8  idx_cols=0  ~128 bytes
      K27     rows=16  idx_cols=0  ~256 bytes
      K28     rows=2  idx_cols=0  ~32 bytes
      K29     rows=8  idx_cols=0  ~128 bytes
      K30     rows=2  idx_cols=0  ~32 bytes
      K31     rows=4  idx_cols=0  ~64 bytes
      K32     rows=4  idx_cols=0  ~64 bytes
      K33     rows=2  idx_cols=0  ~32 bytes
      K34     rows=4  idx_cols=0  ~64 bytes
      K35     rows=2  idx_cols=0  ~32 bytes
      K36     rows=2  idx_cols=0  ~32 bytes
      K37     rows=4  idx_cols=0  ~64 bytes
      K38     rows=32  idx_cols=0  ~512 bytes
      K39     rows=4  idx_cols=0  ~64 bytes
      K40     rows=8  idx_cols=0  ~128 bytes
      K41     rows=8  idx_cols=0  ~128 bytes
      K42     rows=2  idx_cols=0  ~32 bytes
      K43     rows=32  idx_cols=0  ~512 bytes
      K44     rows=32  idx_cols=0  ~512 bytes
      K45     rows=8  idx_cols=0  ~128 bytes
      K46     rows=32  idx_cols=0  ~512 bytes
      K47     rows=16  idx_cols=0  ~256 bytes
      K48     rows=8  idx_cols=0  ~128 bytes
      K49     rows=16  idx_cols=0  ~256 bytes
      K50     rows=8  idx_cols=0  ~128 bytes
      K51     rows=32  idx_cols=0  ~512 bytes
      K52     rows=64  idx_cols=0  ~1024 bytes
      K53     rows=16  idx_cols=0  ~256 bytes
      K54     rows=8  idx_cols=0  ~128 bytes
      K55     rows=8  idx_cols=0  ~128 bytes
      K56     rows=8  idx_cols=0  ~128 bytes
      K57     rows=8  idx_cols=0  ~128 bytes
      K58     rows=8  idx_cols=0  ~128 bytes
      K59     rows=8  idx_cols=0  ~128 bytes
      K60     rows=8  idx_cols=0  ~128 bytes
      K61     rows=4  idx_cols=0  ~64 bytes
      K62     rows=64  idx_cols=0  ~1024 bytes
      K63     rows=16  idx_cols=0  ~256 bytes
      K64     rows=32  idx_cols=0  ~512 bytes
      K65     rows=16  idx_cols=0  ~256 bytes
      K66     rows=32  idx_cols=0  ~512 bytes
      K67     rows=16  idx_cols=0  ~256 bytes
      K68     rows=128  idx_cols=0  ~2048 bytes
      K69     rows=32  idx_cols=0  ~512 bytes
      K70     rows=128  idx_cols=0  ~2048 bytes
      K71     rows=4  idx_cols=0  ~64 bytes
      K72     rows=256  idx_cols=0  ~4096 bytes
      K73     rows=128  idx_cols=0  ~2048 bytes
      K74     rows=256  idx_cols=0  ~4096 bytes
      K75     rows=256  idx_cols=0  ~4096 bytes
      K76     rows=64  idx_cols=0  ~1024 bytes
      K77     rows=64  idx_cols=0  ~1024 bytes
      K78     rows=64  idx_cols=0  ~1024 bytes
      K79     rows=1024  idx_cols=0  ~16384 bytes
      K80     rows=256  idx_cols=0  ~4096 bytes
      K81     rows=512  idx_cols=0  ~8192 bytes
      K82     rows=2048  idx_cols=0  ~32768 bytes
      K83     rows=2048  idx_cols=0  ~32768 bytes

  [Aer] 001017a6a10b03e39c96abbf7190c277c04b1cc83fb7a8078a7b56bbe84d0806  (15 qubits, depth 21)
    [+] statevector                [multi ]  wall=0.0085s  rss=211,416KB  vsz=6,514MB  Δmaj=0
    [+] statevector                [single]  wall=0.0181s  rss=211,736KB  vsz=6,514MB  Δmaj=0
    [+] stabilizer                 [multi ]  wall=0.0180s  rss=211,736KB  vsz=6,514MB  Δmaj=0
    [+] stabilizer                 [single]  wall=0.0079s  rss=211,736KB  vsz=6,514MB  Δmaj=0
    [+] density_matrix             [multi ]  wall=105.5928s  rss=212,612KB  vsz=6,514MB  Δmaj=0
    [+] density_matrix             [single]  wall=1131.3661s  rss=212,612KB  vsz=6,514MB  Δmaj=0
    [+] matrix_product_state       [multi ]  wall=0.5213s  rss=257,776KB  vsz=6,898MB  Δmaj=0
    [+] matrix_product_state       [single]  wall=1.1249s  rss=257,632KB  vsz=6,898MB  Δmaj=0
    [+] extended_stabilizer        [multi ]  wall=0.0048s  rss=257,632KB  vsz=6,898MB  Δmaj=0
    [+] extended_stabilizer        [single]  wall=0.0045s  rss=257,632KB  vsz=6,898MB  Δmaj=0
    [+] unitary                    [multi ]  wall=26.1456s  rss=17,035,472KB  vsz=23,282MB  Δmaj=0
    [+] unitary                    [single]  wall=292.9151s  rss=17,035,516KB  vsz=23,282MB  Δmaj=0
    [+] automatic                  [multi ]  wall=0.5571s  rss=258,304KB  vsz=6,898MB  Δmaj=0
    [+] automatic                  [single]  wall=0.0067s  rss=258,304KB  vsz=6,898MB  Δmaj=0
