
  [SQLite] 001642dd034fdcdb145e218efddedcf91b427d8e39b642649b9ade2248c01a44
    total CTEs  : 55  (tensor CTEs: 4, contraction CTEs: 51)
    SQL length  : 15,251 chars
    Counting rows per K_i CTE (51 contraction CTEs)...
      K1      rows=2  idx_cols=0  ~32 bytes
      K2      rows=2  idx_cols=0  ~32 bytes
      K3      rows=2  idx_cols=0  ~32 bytes
      K4      rows=2  idx_cols=0  ~32 bytes
      K5      rows=2  idx_cols=0  ~32 bytes
      K6      rows=2  idx_cols=0  ~32 bytes
      K7      rows=2  idx_cols=0  ~32 bytes
      K8      rows=2  idx_cols=0  ~32 bytes
      K9      rows=2  idx_cols=0  ~32 bytes
      K10     rows=8  idx_cols=0  ~128 bytes
      K11     rows=8  idx_cols=0  ~128 bytes
      K12     rows=8  idx_cols=0  ~128 bytes
      K13     rows=4  idx_cols=0  ~64 bytes
      K14     rows=8  idx_cols=0  ~128 bytes
      K15     rows=8  idx_cols=0  ~128 bytes
      K16     rows=8  idx_cols=0  ~128 bytes
      K17     rows=2  idx_cols=0  ~32 bytes
      K18     rows=2  idx_cols=0  ~32 bytes
      K19     rows=8  idx_cols=0  ~128 bytes
      K20     rows=4  idx_cols=0  ~64 bytes
      K21     rows=16  idx_cols=0  ~256 bytes
      K22     rows=4  idx_cols=0  ~64 bytes
      K23     rows=2  idx_cols=0  ~32 bytes
      K24     rows=16  idx_cols=0  ~256 bytes
      K25     rows=2  idx_cols=0  ~32 bytes
      K26     rows=2  idx_cols=0  ~32 bytes
      K27     rows=4  idx_cols=0  ~64 bytes
      K28     rows=8  idx_cols=0  ~128 bytes
      K29     rows=2  idx_cols=0  ~32 bytes
      K30     rows=4  idx_cols=0  ~64 bytes
      K31     rows=4  idx_cols=0  ~64 bytes
      K32     rows=4  idx_cols=0  ~64 bytes
      K33     rows=8  idx_cols=0  ~128 bytes
      K34     rows=8  idx_cols=0  ~128 bytes
      K35     rows=16  idx_cols=0  ~256 bytes
      K36     rows=8  idx_cols=0  ~128 bytes
      K37     rows=16  idx_cols=0  ~256 bytes
      K38     rows=32  idx_cols=0  ~512 bytes
      K39     rows=8  idx_cols=0  ~128 bytes
      K40     rows=128  idx_cols=0  ~2048 bytes
      K41     rows=128  idx_cols=0  ~2048 bytes
      K42     rows=8  idx_cols=0  ~128 bytes
      K43     rows=8  idx_cols=0  ~128 bytes
      K44     rows=128  idx_cols=0  ~2048 bytes
      K45     rows=512  idx_cols=0  ~8192 bytes
      K46     rows=512  idx_cols=0  ~8192 bytes
      K47     rows=512  idx_cols=0  ~8192 bytes
      K48     rows=512  idx_cols=0  ~8192 bytes
      K49     rows=512  idx_cols=0  ~8192 bytes
      K50     rows=512  idx_cols=0  ~8192 bytes
      K51     rows=512  idx_cols=0  ~8192 bytes

  [Aer] 001642dd034fdcdb145e218efddedcf91b427d8e39b642649b9ade2248c01a44  (12 qubits, depth 15)
    [+] statevector                [multi ]  wall=0.0057s  rss=205,832KB  vsz=6,509MB  Δmaj=0
    [+] statevector                [single]  wall=0.0060s  rss=205,832KB  vsz=6,509MB  Δmaj=0
    [+] stabilizer                 [multi ]  wall=0.0065s  rss=205,832KB  vsz=6,509MB  Δmaj=0
    [+] stabilizer                 [single]  wall=0.0059s  rss=205,832KB  vsz=6,509MB  Δmaj=0
    [+] density_matrix             [multi ]  wall=0.9484s  rss=204,040KB  vsz=6,509MB  Δmaj=0
    [+] density_matrix             [single]  wall=9.3596s  rss=204,040KB  vsz=6,509MB  Δmaj=0
    [+] matrix_product_state       [multi ]  wall=0.0708s  rss=210,580KB  vsz=6,989MB  Δmaj=0
    [+] matrix_product_state       [single]  wall=0.1165s  rss=210,580KB  vsz=6,989MB  Δmaj=0
    [+] extended_stabilizer        [multi ]  wall=0.0036s  rss=210,580KB  vsz=6,989MB  Δmaj=0
    [+] extended_stabilizer        [single]  wall=0.0037s  rss=210,580KB  vsz=6,989MB  Δmaj=0
    [+] unitary                    [multi ]  wall=0.2106s  rss=470,412KB  vsz=7,245MB  Δmaj=0
    [+] unitary                    [single]  wall=2.3789s  rss=470,544KB  vsz=7,245MB  Δmaj=0
    [+] automatic                  [multi ]  wall=0.0229s  rss=208,404KB  vsz=6,989MB  Δmaj=0
    [+] automatic                  [single]  wall=0.0050s  rss=208,404KB  vsz=6,989MB  Δmaj=0
