
  [SQLite] 0019664d2e63114681e2254d1344dfea89a73d35a871303714956fdd9c88c8f6
    total CTEs  : 101  (tensor CTEs: 6, contraction CTEs: 95)
    SQL length  : 30,034 chars
    Counting rows per K_i CTE (95 contraction CTEs)...
      K1      rows=2  idx_cols=0  ~32 bytes
      K2      rows=2  idx_cols=0  ~32 bytes
      K3      rows=2  idx_cols=0  ~32 bytes
      K4      rows=2  idx_cols=0  ~32 bytes
      K5      rows=8  idx_cols=0  ~128 bytes
      K6      rows=8  idx_cols=0  ~128 bytes
      K7      rows=8  idx_cols=0  ~128 bytes
      K8      rows=2  idx_cols=0  ~32 bytes
      K9      rows=8  idx_cols=0  ~128 bytes
      K10     rows=2  idx_cols=0  ~32 bytes
      K11     rows=2  idx_cols=0  ~32 bytes
      K12     rows=8  idx_cols=0  ~128 bytes
      K13     rows=8  idx_cols=0  ~128 bytes
      K14     rows=8  idx_cols=0  ~128 bytes
      K15     rows=8  idx_cols=0  ~128 bytes
      K16     rows=4  idx_cols=0  ~64 bytes
      K17     rows=16  idx_cols=0  ~256 bytes
      K18     rows=4  idx_cols=0  ~64 bytes
      K19     rows=2  idx_cols=0  ~32 bytes
      K20     rows=8  idx_cols=0  ~128 bytes
      K21     rows=8  idx_cols=0  ~128 bytes
      K22     rows=16  idx_cols=0  ~256 bytes
      K23     rows=8  idx_cols=0  ~128 bytes
      K24     rows=8  idx_cols=0  ~128 bytes
      K25     rows=16  idx_cols=0  ~256 bytes
      K26     rows=8  idx_cols=0  ~128 bytes
      K27     rows=2  idx_cols=0  ~32 bytes
      K28     rows=4  idx_cols=0  ~64 bytes
      K29     rows=16  idx_cols=0  ~256 bytes
      K30     rows=8  idx_cols=0  ~128 bytes
      K31     rows=8  idx_cols=0  ~128 bytes
      K32     rows=16  idx_cols=0  ~256 bytes
      K33     rows=8  idx_cols=0  ~128 bytes
      K34     rows=8  idx_cols=0  ~128 bytes
      K35     rows=16  idx_cols=0  ~256 bytes
      K36     rows=8  idx_cols=0  ~128 bytes
      K37     rows=16  idx_cols=0  ~256 bytes
      K38     rows=8  idx_cols=0  ~128 bytes
      K39     rows=8  idx_cols=0  ~128 bytes
      K40     rows=4  idx_cols=0  ~64 bytes
      K41     rows=8  idx_cols=0  ~128 bytes
      K42     rows=16  idx_cols=0  ~256 bytes
      K43     rows=16  idx_cols=0  ~256 bytes
      K44     rows=2  idx_cols=0  ~32 bytes
      K45     rows=2  idx_cols=0  ~32 bytes
      K46     rows=8  idx_cols=0  ~128 bytes
      K47     rows=8  idx_cols=0  ~128 bytes
      K48     rows=4  idx_cols=0  ~64 bytes
      K49     rows=8  idx_cols=0  ~128 bytes
      K50     rows=16  idx_cols=0  ~256 bytes
      K51     rows=8  idx_cols=0  ~128 bytes
      K52     rows=16  idx_cols=0  ~256 bytes
      K53     rows=8  idx_cols=0  ~128 bytes
      K54     rows=16  idx_cols=0  ~256 bytes
      K55     rows=4  idx_cols=0  ~64 bytes
      K56     rows=16  idx_cols=0  ~256 bytes
      K57     rows=4  idx_cols=0  ~64 bytes
      K58     rows=8  idx_cols=0  ~128 bytes
      K59     rows=8  idx_cols=0  ~128 bytes
      K60     rows=8  idx_cols=0  ~128 bytes
      K61     rows=16  idx_cols=0  ~256 bytes
      K62     rows=8  idx_cols=0  ~128 bytes
      K63     rows=8  idx_cols=0  ~128 bytes
      K64     rows=8  idx_cols=0  ~128 bytes
      K65     rows=16  idx_cols=0  ~256 bytes
      K66     rows=16  idx_cols=0  ~256 bytes
      K67     rows=16  idx_cols=0  ~256 bytes
      K68     rows=16  idx_cols=0  ~256 bytes
      K69     rows=32  idx_cols=0  ~512 bytes
      K70     rows=16  idx_cols=0  ~256 bytes
      K71     rows=64  idx_cols=0  ~1024 bytes
      K72     rows=32  idx_cols=0  ~512 bytes
      K73     rows=32  idx_cols=0  ~512 bytes
      K74     rows=32  idx_cols=0  ~512 bytes
      K75     rows=64  idx_cols=0  ~1024 bytes
      K76     rows=64  idx_cols=0  ~1024 bytes
      K77     rows=32  idx_cols=0  ~512 bytes
      K78     rows=32  idx_cols=0  ~512 bytes
      K79     rows=64  idx_cols=0  ~1024 bytes
      K80     rows=32  idx_cols=0  ~512 bytes
      K81     rows=64  idx_cols=0  ~1024 bytes
      K82     rows=32  idx_cols=0  ~512 bytes
      K83     rows=32  idx_cols=0  ~512 bytes
      K84     rows=128  idx_cols=0  ~2048 bytes
      K85     rows=128  idx_cols=0  ~2048 bytes
      K86     rows=128  idx_cols=0  ~2048 bytes
      K87     rows=128  idx_cols=0  ~2048 bytes
      K88     rows=128  idx_cols=0  ~2048 bytes
      K89     rows=256  idx_cols=0  ~4096 bytes
      K90     rows=256  idx_cols=0  ~4096 bytes
      K91     rows=128  idx_cols=0  ~2048 bytes
      K92     rows=32  idx_cols=0  ~512 bytes
      K93     rows=512  idx_cols=0  ~8192 bytes
      K94     rows=512  idx_cols=0  ~8192 bytes
      K95     rows=512  idx_cols=0  ~8192 bytes

  [Aer] 0019664d2e63114681e2254d1344dfea89a73d35a871303714956fdd9c88c8f6  (10 qubits, depth 11)
    [+] statevector                [multi ]  wall=0.0055s  rss=212,136KB  vsz=6,515MB  Δmaj=0
    [+] statevector                [single]  wall=0.0055s  rss=212,136KB  vsz=6,515MB  Δmaj=0
    [-] stabilizer                 [multi ]  wall=0.0027s  rss=212,136KB  vsz=6,515MB  Δmaj=0
    [-] stabilizer                 [single]  wall=0.0023s  rss=212,136KB  vsz=6,515MB  Δmaj=0
    [+] density_matrix             [multi ]  wall=0.1132s  rss=209,248KB  vsz=6,515MB  Δmaj=0
    [+] density_matrix             [single]  wall=0.8184s  rss=225,348KB  vsz=6,515MB  Δmaj=0
    [+] matrix_product_state       [multi ]  wall=0.0502s  rss=231,944KB  vsz=6,963MB  Δmaj=0
    [+] matrix_product_state       [single]  wall=0.0902s  rss=231,944KB  vsz=6,963MB  Δmaj=0
    [-] extended_stabilizer        [multi ]  wall=0.0035s  rss=231,944KB  vsz=6,963MB  Δmaj=0
    [-] extended_stabilizer        [single]  wall=0.0022s  rss=231,944KB  vsz=6,963MB  Δmaj=0
    [+] unitary                    [multi ]  wall=0.0276s  rss=231,944KB  vsz=6,963MB  Δmaj=0
    [+] unitary                    [single]  wall=0.2172s  rss=248,476KB  vsz=6,963MB  Δmaj=0
    [+] automatic                  [multi ]  wall=0.0056s  rss=248,476KB  vsz=6,963MB  Δmaj=0
    [+] automatic                  [single]  wall=0.0056s  rss=248,476KB  vsz=6,963MB  Δmaj=0
