
  [SQLite] 001b8d0524a637ee3105337ea65167c232d2e568358a4372b833e12afc0ee32f
    total CTEs  : 100  (tensor CTEs: 6, contraction CTEs: 94)
    SQL length  : 29,798 chars
    Counting rows per K_i CTE (94 contraction CTEs)...
      K1      rows=8  idx_cols=0  ~128 bytes
      K2      rows=8  idx_cols=0  ~128 bytes
      K3      rows=8  idx_cols=0  ~128 bytes
      K4      rows=8  idx_cols=0  ~128 bytes
      K5      rows=8  idx_cols=0  ~128 bytes
      K6      rows=8  idx_cols=0  ~128 bytes
      K7      rows=8  idx_cols=0  ~128 bytes
      K8      rows=8  idx_cols=0  ~128 bytes
      K9      rows=8  idx_cols=0  ~128 bytes
      K10     rows=8  idx_cols=0  ~128 bytes
      K11     rows=2  idx_cols=0  ~32 bytes
      K12     rows=8  idx_cols=0  ~128 bytes
      K13     rows=8  idx_cols=0  ~128 bytes
      K14     rows=4  idx_cols=0  ~64 bytes
      K15     rows=8  idx_cols=0  ~128 bytes
      K16     rows=8  idx_cols=0  ~128 bytes
      K17     rows=8  idx_cols=0  ~128 bytes
      K18     rows=16  idx_cols=0  ~256 bytes
      K19     rows=16  idx_cols=0  ~256 bytes
      K20     rows=16  idx_cols=0  ~256 bytes
      K21     rows=8  idx_cols=0  ~128 bytes
      K22     rows=8  idx_cols=0  ~128 bytes
      K23     rows=8  idx_cols=0  ~128 bytes
      K24     rows=16  idx_cols=0  ~256 bytes
      K25     rows=8  idx_cols=0  ~128 bytes
      K26     rows=4  idx_cols=0  ~64 bytes
      K27     rows=2  idx_cols=0  ~32 bytes
      K28     rows=4  idx_cols=0  ~64 bytes
      K29     rows=2  idx_cols=0  ~32 bytes
      K30     rows=8  idx_cols=0  ~128 bytes
      K31     rows=2  idx_cols=0  ~32 bytes
      K32     rows=8  idx_cols=0  ~128 bytes
      K33     rows=8  idx_cols=0  ~128 bytes
      K34     rows=16  idx_cols=0  ~256 bytes
      K35     rows=4  idx_cols=0  ~64 bytes
      K36     rows=2  idx_cols=0  ~32 bytes
      K37     rows=16  idx_cols=0  ~256 bytes
      K38     rows=8  idx_cols=0  ~128 bytes
      K39     rows=8  idx_cols=0  ~128 bytes
      K40     rows=4  idx_cols=0  ~64 bytes
      K41     rows=8  idx_cols=0  ~128 bytes
      K42     rows=8  idx_cols=0  ~128 bytes
      K43     rows=2  idx_cols=0  ~32 bytes
      K44     rows=8  idx_cols=0  ~128 bytes
      K45     rows=8  idx_cols=0  ~128 bytes
      K46     rows=4  idx_cols=0  ~64 bytes
      K47     rows=16  idx_cols=0  ~256 bytes
      K48     rows=8  idx_cols=0  ~128 bytes
      K49     rows=8  idx_cols=0  ~128 bytes
      K50     rows=8  idx_cols=0  ~128 bytes
      K51     rows=4  idx_cols=0  ~64 bytes
      K52     rows=16  idx_cols=0  ~256 bytes
      K53     rows=2  idx_cols=0  ~32 bytes
      K54     rows=2  idx_cols=0  ~32 bytes
      K55     rows=16  idx_cols=0  ~256 bytes
      K56     rows=8  idx_cols=0  ~128 bytes
      K57     rows=16  idx_cols=0  ~256 bytes
      K58     rows=16  idx_cols=0  ~256 bytes
      K59     rows=8  idx_cols=0  ~128 bytes
      K60     rows=16  idx_cols=0  ~256 bytes
      K61     rows=4  idx_cols=0  ~64 bytes
      K62     rows=8  idx_cols=0  ~128 bytes
      K63     rows=8  idx_cols=0  ~128 bytes
      K64     rows=16  idx_cols=0  ~256 bytes
      K65     rows=8  idx_cols=0  ~128 bytes
      K66     rows=16  idx_cols=0  ~256 bytes
      K67     rows=16  idx_cols=0  ~256 bytes
      K68     rows=32  idx_cols=0  ~512 bytes
      K69     rows=64  idx_cols=0  ~1024 bytes
      K70     rows=64  idx_cols=0  ~1024 bytes
      K71     rows=64  idx_cols=0  ~1024 bytes
      K72     rows=64  idx_cols=0  ~1024 bytes
      K73     rows=64  idx_cols=0  ~1024 bytes
      K74     rows=8  idx_cols=0  ~128 bytes
      K75     rows=64  idx_cols=0  ~1024 bytes
      K76     rows=32  idx_cols=0  ~512 bytes
      K77     rows=64  idx_cols=0  ~1024 bytes
      K78     rows=32  idx_cols=0  ~512 bytes
      K79     rows=64  idx_cols=0  ~1024 bytes
      K80     rows=32  idx_cols=0  ~512 bytes
      K81     rows=64  idx_cols=0  ~1024 bytes
      K82     rows=64  idx_cols=0  ~1024 bytes
      K83     rows=64  idx_cols=0  ~1024 bytes
      K84     rows=256  idx_cols=0  ~4096 bytes
      K85     rows=256  idx_cols=0  ~4096 bytes
      K86     rows=256  idx_cols=0  ~4096 bytes
      K87     rows=256  idx_cols=0  ~4096 bytes
      K88     rows=256  idx_cols=0  ~4096 bytes
      K89     rows=1024  idx_cols=0  ~16384 bytes
      K90     rows=1024  idx_cols=0  ~16384 bytes
      K91     rows=1024  idx_cols=0  ~16384 bytes
      K92     rows=1024  idx_cols=0  ~16384 bytes
      K93     rows=1024  idx_cols=0  ~16384 bytes
      K94     rows=1024  idx_cols=0  ~16384 bytes

  [Aer] 001b8d0524a637ee3105337ea65167c232d2e568358a4372b833e12afc0ee32f  (10 qubits, depth 1)
    [+] statevector                [multi ]  wall=0.0059s  rss=213,364KB  vsz=6,517MB  Δmaj=0
    [+] statevector                [single]  wall=0.0056s  rss=213,364KB  vsz=6,517MB  Δmaj=0
    [-] stabilizer                 [multi ]  wall=0.0028s  rss=213,364KB  vsz=6,517MB  Δmaj=0
    [-] stabilizer                 [single]  wall=0.0023s  rss=213,628KB  vsz=6,517MB  Δmaj=0
    [+] density_matrix             [multi ]  wall=0.0955s  rss=210,840KB  vsz=6,517MB  Δmaj=12
    [+] density_matrix             [single]  wall=0.5635s  rss=226,940KB  vsz=6,517MB  Δmaj=0
    [+] matrix_product_state       [multi ]  wall=0.0484s  rss=226,940KB  vsz=7,093MB  Δmaj=0
    [+] matrix_product_state       [single]  wall=0.0569s  rss=226,940KB  vsz=7,093MB  Δmaj=0
    [-] extended_stabilizer        [multi ]  wall=0.0045s  rss=226,940KB  vsz=7,093MB  Δmaj=0
    [-] extended_stabilizer        [single]  wall=0.0023s  rss=226,940KB  vsz=7,093MB  Δmaj=0
    [+] unitary                    [multi ]  wall=0.0384s  rss=227,712KB  vsz=7,093MB  Δmaj=0
    [+] unitary                    [single]  wall=0.1931s  rss=244,132KB  vsz=7,093MB  Δmaj=0
    [+] automatic                  [multi ]  wall=0.0038s  rss=244,132KB  vsz=7,093MB  Δmaj=0
    [+] automatic                  [single]  wall=0.0069s  rss=244,132KB  vsz=7,093MB  Δmaj=0
