
  [SQLite] 001d0de74af978f70d1d8f2a829a24a09a06fed26268a9ec89312035216b63b8
    total CTEs  : 129  (tensor CTEs: 6, contraction CTEs: 123)
    SQL length  : 38,695 chars
    Counting rows per K_i CTE (123 contraction CTEs)...
      K1      rows=8  idx_cols=0  ~128 bytes
      K2      rows=8  idx_cols=0  ~128 bytes
      K3      rows=8  idx_cols=0  ~128 bytes
      K4      rows=8  idx_cols=0  ~128 bytes
      K5      rows=16  idx_cols=0  ~256 bytes
      K6      rows=16  idx_cols=0  ~256 bytes
      K7      rows=8  idx_cols=0  ~128 bytes
      K8      rows=8  idx_cols=0  ~128 bytes
      K9      rows=8  idx_cols=0  ~128 bytes
      K10     rows=8  idx_cols=0  ~128 bytes
      K11     rows=8  idx_cols=0  ~128 bytes
      K12     rows=8  idx_cols=0  ~128 bytes
      K13     rows=8  idx_cols=0  ~128 bytes
      K14     rows=8  idx_cols=0  ~128 bytes
      K15     rows=8  idx_cols=0  ~128 bytes
      K16     rows=2  idx_cols=0  ~32 bytes
      K17     rows=4  idx_cols=0  ~64 bytes
      K18     rows=8  idx_cols=0  ~128 bytes
      K19     rows=8  idx_cols=0  ~128 bytes
      K20     rows=8  idx_cols=0  ~128 bytes
      K21     rows=16  idx_cols=0  ~256 bytes
      K22     rows=8  idx_cols=0  ~128 bytes
      K23     rows=8  idx_cols=0  ~128 bytes
      K24     rows=8  idx_cols=0  ~128 bytes
      K25     rows=8  idx_cols=0  ~128 bytes
      K26     rows=16  idx_cols=0  ~256 bytes
      K27     rows=8  idx_cols=0  ~128 bytes
      K28     rows=8  idx_cols=0  ~128 bytes
      K29     rows=16  idx_cols=0  ~256 bytes
      K30     rows=8  idx_cols=0  ~128 bytes
      K31     rows=2  idx_cols=0  ~32 bytes
      K32     rows=8  idx_cols=0  ~128 bytes
      K33     rows=16  idx_cols=0  ~256 bytes
      K34     rows=8  idx_cols=0  ~128 bytes
      K35     rows=8  idx_cols=0  ~128 bytes
      K36     rows=16  idx_cols=0  ~256 bytes
      K37     rows=8  idx_cols=0  ~128 bytes
      K38     rows=16  idx_cols=0  ~256 bytes
      K39     rows=2  idx_cols=0  ~32 bytes
      K40     rows=8  idx_cols=0  ~128 bytes
      K41     rows=16  idx_cols=0  ~256 bytes
      K42     rows=8  idx_cols=0  ~128 bytes
      K43     rows=16  idx_cols=0  ~256 bytes
      K44     rows=8  idx_cols=0  ~128 bytes
      K45     rows=16  idx_cols=0  ~256 bytes
      K46     rows=8  idx_cols=0  ~128 bytes
      K47     rows=8  idx_cols=0  ~128 bytes
      K48     rows=8  idx_cols=0  ~128 bytes
      K49     rows=8  idx_cols=0  ~128 bytes
      K50     rows=16  idx_cols=0  ~256 bytes
      K51     rows=16  idx_cols=0  ~256 bytes
      K52     rows=16  idx_cols=0  ~256 bytes
      K53     rows=8  idx_cols=0  ~128 bytes
      K54     rows=16  idx_cols=0  ~256 bytes
      K55     rows=16  idx_cols=0  ~256 bytes
      K56     rows=16  idx_cols=0  ~256 bytes
      K57     rows=8  idx_cols=0  ~128 bytes
      K58     rows=16  idx_cols=0  ~256 bytes
      K59     rows=16  idx_cols=0  ~256 bytes
      K60     rows=16  idx_cols=0  ~256 bytes
      K61     rows=16  idx_cols=0  ~256 bytes
      K62     rows=16  idx_cols=0  ~256 bytes
      K63     rows=16  idx_cols=0  ~256 bytes
      K64     rows=16  idx_cols=0  ~256 bytes
      K65     rows=8  idx_cols=0  ~128 bytes
      K66     rows=16  idx_cols=0  ~256 bytes
      K67     rows=8  idx_cols=0  ~128 bytes
      K68     rows=8  idx_cols=0  ~128 bytes
      K69     rows=16  idx_cols=0  ~256 bytes
      K70     rows=16  idx_cols=0  ~256 bytes
      K71     rows=8  idx_cols=0  ~128 bytes
      K72     rows=16  idx_cols=0  ~256 bytes
      K73     rows=16  idx_cols=0  ~256 bytes
      K74     rows=8  idx_cols=0  ~128 bytes
      K75     rows=8  idx_cols=0  ~128 bytes
      K76     rows=8  idx_cols=0  ~128 bytes
      K77     rows=16  idx_cols=0  ~256 bytes
      K78     rows=8  idx_cols=0  ~128 bytes
      K79     rows=16  idx_cols=0  ~256 bytes
      K80     rows=4  idx_cols=0  ~64 bytes
      K81     rows=16  idx_cols=0  ~256 bytes
      K82     rows=16  idx_cols=0  ~256 bytes
      K83     rows=16  idx_cols=0  ~256 bytes
      K84     rows=16  idx_cols=0  ~256 bytes
      K85     rows=16  idx_cols=0  ~256 bytes
      K86     rows=16  idx_cols=0  ~256 bytes
      K87     rows=16  idx_cols=0  ~256 bytes
      K88     rows=2  idx_cols=0  ~32 bytes
      K89     rows=8  idx_cols=0  ~128 bytes
      K90     rows=16  idx_cols=0  ~256 bytes
      K91     rows=16  idx_cols=0  ~256 bytes
      K92     rows=16  idx_cols=0  ~256 bytes
      K93     rows=8  idx_cols=0  ~128 bytes
      K94     rows=8  idx_cols=0  ~128 bytes
      K95     rows=8  idx_cols=0  ~128 bytes
      K96     rows=16  idx_cols=0  ~256 bytes
      K97     rows=8  idx_cols=0  ~128 bytes
      K98     rows=16  idx_cols=0  ~256 bytes
      K99     rows=16  idx_cols=0  ~256 bytes
      K100    rows=16  idx_cols=0  ~256 bytes
      K101    rows=16  idx_cols=0  ~256 bytes
      K102    rows=16  idx_cols=0  ~256 bytes
      K103    rows=16  idx_cols=0  ~256 bytes
      K104    rows=4  idx_cols=0  ~64 bytes
      K105    rows=32  idx_cols=0  ~512 bytes
      K106    rows=16  idx_cols=0  ~256 bytes
      K107    rows=8  idx_cols=0  ~128 bytes
      K108    rows=8  idx_cols=0  ~128 bytes
      K109    rows=32  idx_cols=0  ~512 bytes
      K110    rows=32  idx_cols=0  ~512 bytes
      K111    rows=64  idx_cols=0  ~1024 bytes
      K112    rows=64  idx_cols=0  ~1024 bytes
      K113    rows=32  idx_cols=0  ~512 bytes
      K114    rows=32  idx_cols=0  ~512 bytes
      K115    rows=32  idx_cols=0  ~512 bytes
      K116    rows=32  idx_cols=0  ~512 bytes
      K117    rows=32  idx_cols=0  ~512 bytes
      K118    rows=64  idx_cols=0  ~1024 bytes
      K119    rows=64  idx_cols=0  ~1024 bytes
      K120    rows=64  idx_cols=0  ~1024 bytes
      K121    rows=128  idx_cols=0  ~2048 bytes
      K122    rows=128  idx_cols=0  ~2048 bytes
      K123    rows=128  idx_cols=0  ~2048 bytes

  [Aer] 001d0de74af978f70d1d8f2a829a24a09a06fed26268a9ec89312035216b63b8  (7 qubits, depth 8)
    [+] statevector                [multi ]  wall=0.0212s  rss=219,644KB  vsz=6,520MB  Δmaj=0
    [+] statevector                [single]  wall=0.0198s  rss=220,168KB  vsz=6,520MB  Δmaj=0
    [-] stabilizer                 [multi ]  wall=0.0166s  rss=220,168KB  vsz=6,520MB  Δmaj=0
    [-] stabilizer                 [single]  wall=0.0165s  rss=220,424KB  vsz=6,520MB  Δmaj=0
    [+] density_matrix             [multi ]  wall=0.0993s  rss=221,024KB  vsz=6,520MB  Δmaj=0
    [+] density_matrix             [single]  wall=0.0949s  rss=221,024KB  vsz=6,521MB  Δmaj=0
    [+] matrix_product_state       [multi ]  wall=0.0506s  rss=221,288KB  vsz=7,001MB  Δmaj=0
    [+] matrix_product_state       [single]  wall=0.0411s  rss=221,288KB  vsz=7,001MB  Δmaj=0
    [-] extended_stabilizer        [multi ]  wall=0.0163s  rss=221,288KB  vsz=7,001MB  Δmaj=0
    [-] extended_stabilizer        [single]  wall=0.0164s  rss=221,552KB  vsz=7,001MB  Δmaj=0
    [+] unitary                    [multi ]  wall=0.0259s  rss=221,552KB  vsz=7,001MB  Δmaj=0
    [+] unitary                    [single]  wall=0.0874s  rss=222,404KB  vsz=7,001MB  Δmaj=0
    [+] automatic                  [multi ]  wall=0.0213s  rss=222,668KB  vsz=7,001MB  Δmaj=0
    [+] automatic                  [single]  wall=0.0193s  rss=222,668KB  vsz=7,001MB  Δmaj=0
