
  [SQLite] 0028a557b2cd80eb61bf9d1dbddba7ebc7011bc2f454c29a24b35ccec052ef01
    total CTEs  : 58  (tensor CTEs: 9, contraction CTEs: 49)
    SQL length  : 16,644 chars
    Counting rows per K_i CTE (49 contraction CTEs)...
      K1      rows=8  idx_cols=0  ~128 bytes
      K2      rows=4  idx_cols=0  ~64 bytes
      K3      rows=8  idx_cols=0  ~128 bytes
      K4      rows=8  idx_cols=0  ~128 bytes
      K5      rows=4  idx_cols=0  ~64 bytes
      K6      rows=4  idx_cols=0  ~64 bytes
      K7      rows=4  idx_cols=0  ~64 bytes
      K8      rows=4  idx_cols=0  ~64 bytes
      K9      rows=8  idx_cols=0  ~128 bytes
      K10     rows=4  idx_cols=0  ~64 bytes
      K11     rows=8  idx_cols=0  ~128 bytes
      K12     rows=2  idx_cols=0  ~32 bytes
      K13     rows=2  idx_cols=0  ~32 bytes
      K14     rows=4  idx_cols=0  ~64 bytes
      K15     rows=4  idx_cols=0  ~64 bytes
      K16     rows=8  idx_cols=0  ~128 bytes
      K17     rows=4  idx_cols=0  ~64 bytes
      K18     rows=4  idx_cols=0  ~64 bytes
      K19     rows=8  idx_cols=0  ~128 bytes
      K20     rows=8  idx_cols=0  ~128 bytes
      K21     rows=4  idx_cols=0  ~64 bytes
      K22     rows=8  idx_cols=0  ~128 bytes
      K23     rows=4  idx_cols=0  ~64 bytes
      K24     rows=4  idx_cols=0  ~64 bytes
      K25     rows=8  idx_cols=0  ~128 bytes
      K26     rows=8  idx_cols=0  ~128 bytes
      K27     rows=8  idx_cols=0  ~128 bytes
      K28     rows=4  idx_cols=0  ~64 bytes
      K29     rows=4  idx_cols=0  ~64 bytes
      K30     rows=2  idx_cols=0  ~32 bytes
      K31     rows=8  idx_cols=0  ~128 bytes
      K32     rows=4  idx_cols=0  ~64 bytes
      K33     rows=8  idx_cols=0  ~128 bytes
      K34     rows=8  idx_cols=0  ~128 bytes
      K35     rows=8  idx_cols=0  ~128 bytes
      K36     rows=8  idx_cols=0  ~128 bytes
      K37     rows=16  idx_cols=0  ~256 bytes
      K38     rows=8  idx_cols=0  ~128 bytes
      K39     rows=8  idx_cols=0  ~128 bytes
      K40     rows=16  idx_cols=0  ~256 bytes
      K41     rows=16  idx_cols=0  ~256 bytes
      K42     rows=16  idx_cols=0  ~256 bytes
      K43     rows=16  idx_cols=0  ~256 bytes
      K44     rows=16  idx_cols=0  ~256 bytes
      K45     rows=16  idx_cols=0  ~256 bytes
      K46     rows=32  idx_cols=0  ~512 bytes
      K47     rows=64  idx_cols=0  ~1024 bytes
      K48     rows=16  idx_cols=0  ~256 bytes
      K49     rows=32  idx_cols=0  ~512 bytes

  [Aer] 0028a557b2cd80eb61bf9d1dbddba7ebc7011bc2f454c29a24b35ccec052ef01  (8 qubits, depth 13)
    [+] statevector                [multi ]  wall=0.0203s  rss=199,784KB  vsz=6,507MB  Δmaj=0
    [+] statevector                [single]  wall=0.0037s  rss=199,784KB  vsz=6,507MB  Δmaj=0
    [-] stabilizer                 [multi ]  wall=0.0017s  rss=199,784KB  vsz=6,507MB  Δmaj=0
    [-] stabilizer                 [single]  wall=0.0016s  rss=199,784KB  vsz=6,507MB  Δmaj=0
    [+] density_matrix             [multi ]  wall=0.0070s  rss=199,936KB  vsz=6,507MB  Δmaj=13
    [+] density_matrix             [single]  wall=0.0239s  rss=200,724KB  vsz=6,507MB  Δmaj=0
    [+] matrix_product_state       [multi ]  wall=0.0417s  rss=200,724KB  vsz=7,243MB  Δmaj=0
    [+] matrix_product_state       [single]  wall=0.0280s  rss=200,724KB  vsz=7,243MB  Δmaj=0
    [-] extended_stabilizer        [multi ]  wall=0.0015s  rss=200,724KB  vsz=7,243MB  Δmaj=0
    [-] extended_stabilizer        [single]  wall=0.0015s  rss=200,724KB  vsz=7,243MB  Δmaj=0
    [+] unitary                    [multi ]  wall=0.0032s  rss=200,724KB  vsz=7,243MB  Δmaj=0
    [+] unitary                    [single]  wall=0.0073s  rss=202,060KB  vsz=7,243MB  Δmaj=0
    [+] automatic                  [multi ]  wall=0.0026s  rss=202,060KB  vsz=7,243MB  Δmaj=0
    [+] automatic                  [single]  wall=0.0037s  rss=202,060KB  vsz=7,243MB  Δmaj=0
