
  [SQLite] 002bf1eb5e259f7380a150993d9a97e1dda3399b209a8e6a43f9b077a7f2c90d
    total CTEs  : 45  (tensor CTEs: 6, contraction CTEs: 39)
    SQL length  : 12,814 chars
    Counting rows per K_i CTE (39 contraction CTEs)...
      K1      rows=2  idx_cols=0  ~32 bytes
      K2      rows=4  idx_cols=0  ~64 bytes
      K3      rows=8  idx_cols=0  ~128 bytes
      K4      rows=8  idx_cols=0  ~128 bytes
      K5      rows=8  idx_cols=0  ~128 bytes
      K6      rows=2  idx_cols=0  ~32 bytes
      K7      rows=8  idx_cols=0  ~128 bytes
      K8      rows=8  idx_cols=0  ~128 bytes
      K9      rows=8  idx_cols=0  ~128 bytes
      K10     rows=8  idx_cols=0  ~128 bytes
      K11     rows=8  idx_cols=0  ~128 bytes
      K12     rows=2  idx_cols=0  ~32 bytes
      K13     rows=2  idx_cols=0  ~32 bytes
      K14     rows=4  idx_cols=0  ~64 bytes
      K15     rows=8  idx_cols=0  ~128 bytes
      K16     rows=16  idx_cols=0  ~256 bytes
      K17     rows=8  idx_cols=0  ~128 bytes
      K18     rows=8  idx_cols=0  ~128 bytes
      K19     rows=16  idx_cols=0  ~256 bytes
      K20     rows=8  idx_cols=0  ~128 bytes
      K21     rows=8  idx_cols=0  ~128 bytes
      K22     rows=8  idx_cols=0  ~128 bytes
      K23     rows=16  idx_cols=0  ~256 bytes
      K24     rows=16  idx_cols=0  ~256 bytes
      K25     rows=8  idx_cols=0  ~128 bytes
      K26     rows=4  idx_cols=0  ~64 bytes
      K27     rows=8  idx_cols=0  ~128 bytes
      K28     rows=8  idx_cols=0  ~128 bytes
      K29     rows=8  idx_cols=0  ~128 bytes
      K30     rows=8  idx_cols=0  ~128 bytes
      K31     rows=16  idx_cols=0  ~256 bytes
      K32     rows=4  idx_cols=0  ~64 bytes
      K33     rows=16  idx_cols=0  ~256 bytes
      K34     rows=8  idx_cols=0  ~128 bytes
      K35     rows=8  idx_cols=0  ~128 bytes
      K36     rows=8  idx_cols=0  ~128 bytes
      K37     rows=8  idx_cols=0  ~128 bytes
      K38     rows=16  idx_cols=0  ~256 bytes
      K39     rows=16  idx_cols=0  ~256 bytes

  [Aer] 002bf1eb5e259f7380a150993d9a97e1dda3399b209a8e6a43f9b077a7f2c90d  (4 qubits, depth 5)
    [+] statevector                [multi ]  wall=0.0046s  rss=202,500KB  vsz=5,012MB  Δmaj=0
    [+] statevector                [single]  wall=0.0044s  rss=202,500KB  vsz=5,012MB  Δmaj=0
    [-] stabilizer                 [multi ]  wall=0.0099s  rss=202,500KB  vsz=5,012MB  Δmaj=0
    [-] stabilizer                 [single]  wall=0.0084s  rss=202,500KB  vsz=5,012MB  Δmaj=0
    [+] density_matrix             [multi ]  wall=0.0061s  rss=202,760KB  vsz=5,012MB  Δmaj=0
    [+] density_matrix             [single]  wall=0.0084s  rss=202,760KB  vsz=5,012MB  Δmaj=0
    [+] matrix_product_state       [multi ]  wall=0.0331s  rss=201,332KB  vsz=7,178MB  Δmaj=0
    [+] matrix_product_state       [single]  wall=0.0167s  rss=201,332KB  vsz=7,178MB  Δmaj=0
    [-] extended_stabilizer        [multi ]  wall=0.0028s  rss=201,596KB  vsz=7,178MB  Δmaj=0
    [-] extended_stabilizer        [single]  wall=0.0042s  rss=201,596KB  vsz=7,178MB  Δmaj=0
    [+] unitary                    [multi ]  wall=0.0185s  rss=201,596KB  vsz=7,178MB  Δmaj=0
    [+] unitary                    [single]  wall=0.0092s  rss=201,596KB  vsz=7,178MB  Δmaj=0
    [+] automatic                  [multi ]  wall=0.0170s  rss=201,596KB  vsz=7,178MB  Δmaj=0
    [+] automatic                  [single]  wall=0.0077s  rss=201,860KB  vsz=7,178MB  Δmaj=0
