
  [SQLite] 002f18e3797e6468af60c79c0e0d26c733341ce6392a2e09f9b1c00ab1bd57ec
    total CTEs  : 68  (tensor CTEs: 6, contraction CTEs: 62)
    SQL length  : 19,861 chars
    Counting rows per K_i CTE (62 contraction CTEs)...
      K1      rows=8  idx_cols=0  ~128 bytes
      K2      rows=8  idx_cols=0  ~128 bytes
      K3      rows=4  idx_cols=0  ~64 bytes
      K4      rows=8  idx_cols=0  ~128 bytes
      K5      rows=8  idx_cols=0  ~128 bytes
      K6      rows=8  idx_cols=0  ~128 bytes
      K7      rows=2  idx_cols=0  ~32 bytes
      K8      rows=8  idx_cols=0  ~128 bytes
      K9      rows=16  idx_cols=0  ~256 bytes
      K10     rows=16  idx_cols=0  ~256 bytes
      K11     rows=8  idx_cols=0  ~128 bytes
      K12     rows=4  idx_cols=0  ~64 bytes
      K13     rows=8  idx_cols=0  ~128 bytes
      K14     rows=8  idx_cols=0  ~128 bytes
      K15     rows=8  idx_cols=0  ~128 bytes
      K16     rows=8  idx_cols=0  ~128 bytes
      K17     rows=8  idx_cols=0  ~128 bytes
      K18     rows=4  idx_cols=0  ~64 bytes
      K19     rows=8  idx_cols=0  ~128 bytes
      K20     rows=8  idx_cols=0  ~128 bytes
      K21     rows=16  idx_cols=0  ~256 bytes
      K22     rows=4  idx_cols=0  ~64 bytes
      K23     rows=8  idx_cols=0  ~128 bytes
      K24     rows=8  idx_cols=0  ~128 bytes
      K25     rows=8  idx_cols=0  ~128 bytes
      K26     rows=8  idx_cols=0  ~128 bytes
      K27     rows=8  idx_cols=0  ~128 bytes
      K28     rows=16  idx_cols=0  ~256 bytes
      K29     rows=16  idx_cols=0  ~256 bytes
      K30     rows=16  idx_cols=0  ~256 bytes
      K31     rows=8  idx_cols=0  ~128 bytes
      K32     rows=8  idx_cols=0  ~128 bytes
      K33     rows=16  idx_cols=0  ~256 bytes
      K34     rows=4  idx_cols=0  ~64 bytes
      K35     rows=16  idx_cols=0  ~256 bytes
      K36     rows=4  idx_cols=0  ~64 bytes
      K37     rows=16  idx_cols=0  ~256 bytes
      K38     rows=8  idx_cols=0  ~128 bytes
      K39     rows=4  idx_cols=0  ~64 bytes
      K40     rows=16  idx_cols=0  ~256 bytes
      K41     rows=16  idx_cols=0  ~256 bytes
      K42     rows=4  idx_cols=0  ~64 bytes
      K43     rows=16  idx_cols=0  ~256 bytes
      K44     rows=16  idx_cols=0  ~256 bytes
      K45     rows=8  idx_cols=0  ~128 bytes
      K46     rows=8  idx_cols=0  ~128 bytes
      K47     rows=8  idx_cols=0  ~128 bytes
      K48     rows=8  idx_cols=0  ~128 bytes
      K49     rows=8  idx_cols=0  ~128 bytes
      K50     rows=8  idx_cols=0  ~128 bytes
      K51     rows=8  idx_cols=0  ~128 bytes
      K52     rows=16  idx_cols=0  ~256 bytes
      K53     rows=8  idx_cols=0  ~128 bytes
      K54     rows=8  idx_cols=0  ~128 bytes
      K55     rows=16  idx_cols=0  ~256 bytes
      K56     rows=16  idx_cols=0  ~256 bytes
      K57     rows=16  idx_cols=0  ~256 bytes
      K58     rows=32  idx_cols=0  ~512 bytes
      K59     rows=16  idx_cols=0  ~256 bytes
      K60     rows=16  idx_cols=0  ~256 bytes
      K61     rows=32  idx_cols=0  ~512 bytes
      K62     rows=32  idx_cols=0  ~512 bytes

  [Aer] 002f18e3797e6468af60c79c0e0d26c733341ce6392a2e09f9b1c00ab1bd57ec  (5 qubits, depth 6)
    [+] statevector                [multi ]  wall=0.0066s  rss=207,176KB  vsz=6,510MB  Δmaj=0
    [+] statevector                [single]  wall=0.0089s  rss=205,688KB  vsz=6,509MB  Δmaj=0
    [-] stabilizer                 [multi ]  wall=0.0131s  rss=205,688KB  vsz=6,509MB  Δmaj=0
    [-] stabilizer                 [single]  wall=0.0054s  rss=205,688KB  vsz=6,509MB  Δmaj=0
    [+] density_matrix             [multi ]  wall=0.0066s  rss=206,484KB  vsz=6,509MB  Δmaj=0
    [+] density_matrix             [single]  wall=0.0122s  rss=206,484KB  vsz=6,509MB  Δmaj=0
    [+] matrix_product_state       [multi ]  wall=0.0349s  rss=206,484KB  vsz=7,021MB  Δmaj=0
    [+] matrix_product_state       [single]  wall=0.0261s  rss=206,484KB  vsz=7,021MB  Δmaj=0
    [-] extended_stabilizer        [multi ]  wall=0.0046s  rss=206,484KB  vsz=7,021MB  Δmaj=0
    [-] extended_stabilizer        [single]  wall=0.0046s  rss=206,484KB  vsz=7,021MB  Δmaj=0
    [+] unitary                    [multi ]  wall=0.0087s  rss=206,744KB  vsz=7,021MB  Δmaj=0
    [+] unitary                    [single]  wall=0.0102s  rss=206,744KB  vsz=7,021MB  Δmaj=0
    [+] automatic                  [multi ]  wall=0.0056s  rss=206,744KB  vsz=7,021MB  Δmaj=0
    [+] automatic                  [single]  wall=0.0082s  rss=206,744KB  vsz=7,021MB  Δmaj=0
