
  [SQLite] 002fcb17d1bda87c17a0264f8f5e8c98337c99946aa28ad1b296d1ba6886cd54
    total CTEs  : 16  (tensor CTEs: 5, contraction CTEs: 11)
    SQL length  : 4,533 chars
    Counting rows per K_i CTE (11 contraction CTEs)...
      K1      rows=2  idx_cols=0  ~32 bytes
      K2      rows=2  idx_cols=0  ~32 bytes
      K3      rows=8  idx_cols=0  ~128 bytes
      K4      rows=8  idx_cols=0  ~128 bytes
      K5      rows=4  idx_cols=0  ~64 bytes
      K6      rows=8  idx_cols=0  ~128 bytes
      K7      rows=4  idx_cols=0  ~64 bytes
      K8      rows=8  idx_cols=0  ~128 bytes
      K9      rows=16  idx_cols=0  ~256 bytes
      K10     rows=4  idx_cols=0  ~64 bytes
      K11     rows=4  idx_cols=0  ~64 bytes

  [Aer] 002fcb17d1bda87c17a0264f8f5e8c98337c99946aa28ad1b296d1ba6886cd54  (2 qubits, depth 17)
    [+] statevector                [multi ]  wall=0.0035s  rss=198,248KB  vsz=5,008MB  Δmaj=0
    [+] statevector                [single]  wall=0.0049s  rss=198,248KB  vsz=5,008MB  Δmaj=0
    [-] stabilizer                 [multi ]  wall=0.0032s  rss=198,248KB  vsz=5,008MB  Δmaj=0
    [-] stabilizer                 [single]  wall=0.0010s  rss=198,248KB  vsz=5,008MB  Δmaj=0
    [+] density_matrix             [multi ]  wall=0.0488s  rss=198,248KB  vsz=5,008MB  Δmaj=0
    [+] density_matrix             [single]  wall=0.0038s  rss=198,248KB  vsz=5,009MB  Δmaj=0
    [+] matrix_product_state       [multi ]  wall=0.0053s  rss=198,248KB  vsz=5,745MB  Δmaj=0
    [+] matrix_product_state       [single]  wall=0.0057s  rss=198,248KB  vsz=5,745MB  Δmaj=0
    [-] extended_stabilizer        [multi ]  wall=0.0009s  rss=198,248KB  vsz=5,745MB  Δmaj=0
    [-] extended_stabilizer        [single]  wall=0.0009s  rss=198,248KB  vsz=5,745MB  Δmaj=0
    [+] unitary                    [multi ]  wall=0.0012s  rss=198,568KB  vsz=5,745MB  Δmaj=0
    [+] unitary                    [single]  wall=0.0016s  rss=198,568KB  vsz=5,745MB  Δmaj=0
    [+] automatic                  [multi ]  wall=0.0027s  rss=199,960KB  vsz=5,745MB  Δmaj=0
    [+] automatic                  [single]  wall=0.0065s  rss=199,960KB  vsz=5,745MB  Δmaj=0
