
  [SQLite] 0031b353b73c891e8dbb9f04381cd2d24f643d65d2c00178ad9196734606d69c
    total CTEs  : 48  (tensor CTEs: 6, contraction CTEs: 42)
    SQL length  : 13,896 chars
    Counting rows per K_i CTE (42 contraction CTEs)...
      K1      rows=2  idx_cols=0  ~32 bytes
      K2      rows=8  idx_cols=0  ~128 bytes
      K3      rows=8  idx_cols=0  ~128 bytes
      K4      rows=8  idx_cols=0  ~128 bytes
      K5      rows=8  idx_cols=0  ~128 bytes
      K6      rows=2  idx_cols=0  ~32 bytes
      K7      rows=8  idx_cols=0  ~128 bytes
      K8      rows=16  idx_cols=0  ~256 bytes
      K9      rows=16  idx_cols=0  ~256 bytes
      K10     rows=2  idx_cols=0  ~32 bytes
      K11     rows=8  idx_cols=0  ~128 bytes
      K12     rows=16  idx_cols=0  ~256 bytes
      K13     rows=4  idx_cols=0  ~64 bytes
      K14     rows=4  idx_cols=0  ~64 bytes
      K15     rows=4  idx_cols=0  ~64 bytes
      K16     rows=2  idx_cols=0  ~32 bytes
      K17     rows=8  idx_cols=0  ~128 bytes
      K18     rows=16  idx_cols=0  ~256 bytes
      K19     rows=8  idx_cols=0  ~128 bytes
      K20     rows=16  idx_cols=0  ~256 bytes
      K21     rows=8  idx_cols=0  ~128 bytes
      K22     rows=8  idx_cols=0  ~128 bytes
      K23     rows=16  idx_cols=0  ~256 bytes
      K24     rows=16  idx_cols=0  ~256 bytes
      K25     rows=2  idx_cols=0  ~32 bytes
      K26     rows=8  idx_cols=0  ~128 bytes
      K27     rows=8  idx_cols=0  ~128 bytes
      K28     rows=16  idx_cols=0  ~256 bytes
      K29     rows=16  idx_cols=0  ~256 bytes
      K30     rows=4  idx_cols=0  ~64 bytes
      K31     rows=16  idx_cols=0  ~256 bytes
      K32     rows=8  idx_cols=0  ~128 bytes
      K33     rows=8  idx_cols=0  ~128 bytes
      K34     rows=16  idx_cols=0  ~256 bytes
      K35     rows=8  idx_cols=0  ~128 bytes
      K36     rows=8  idx_cols=0  ~128 bytes
      K37     rows=16  idx_cols=0  ~256 bytes
      K38     rows=16  idx_cols=0  ~256 bytes
      K39     rows=16  idx_cols=0  ~256 bytes
      K40     rows=16  idx_cols=0  ~256 bytes
      K41     rows=16  idx_cols=0  ~256 bytes
      K42     rows=16  idx_cols=0  ~256 bytes

  [Aer] 0031b353b73c891e8dbb9f04381cd2d24f643d65d2c00178ad9196734606d69c  (4 qubits, depth 8)
    [+] statevector                [multi ]  wall=0.0046s  rss=202,556KB  vsz=5,013MB  Δmaj=0
    [+] statevector                [single]  wall=0.0044s  rss=202,556KB  vsz=5,013MB  Δmaj=0
    [-] stabilizer                 [multi ]  wall=0.0096s  rss=202,556KB  vsz=5,013MB  Δmaj=0
    [-] stabilizer                 [single]  wall=0.0026s  rss=202,556KB  vsz=5,013MB  Δmaj=0
    [+] density_matrix             [multi ]  wall=0.0107s  rss=199,544KB  vsz=6,507MB  Δmaj=0
    [+] density_matrix             [single]  wall=0.0082s  rss=200,772KB  vsz=6,507MB  Δmaj=0
    [+] matrix_product_state       [multi ]  wall=0.0279s  rss=200,772KB  vsz=7,275MB  Δmaj=0
    [+] matrix_product_state       [single]  wall=0.0155s  rss=200,772KB  vsz=7,275MB  Δmaj=0
    [-] extended_stabilizer        [multi ]  wall=0.0026s  rss=201,036KB  vsz=7,275MB  Δmaj=0
    [-] extended_stabilizer        [single]  wall=0.0025s  rss=201,036KB  vsz=7,275MB  Δmaj=0
    [+] unitary                    [multi ]  wall=0.0047s  rss=201,036KB  vsz=7,275MB  Δmaj=0
    [+] unitary                    [single]  wall=0.0046s  rss=201,036KB  vsz=7,275MB  Δmaj=0
    [+] automatic                  [multi ]  wall=0.0042s  rss=201,300KB  vsz=7,275MB  Δmaj=0
    [+] automatic                  [single]  wall=0.0044s  rss=201,300KB  vsz=7,275MB  Δmaj=0
