
  [SQLite] 0032ffff396adf452a359664c3603ec529f0582879da43dd69aa66e4b2780fe5
    total CTEs  : 44  (tensor CTEs: 6, contraction CTEs: 38)
    SQL length  : 12,329 chars
    Counting rows per K_i CTE (38 contraction CTEs)...
      K1      rows=2  idx_cols=0  ~32 bytes
      K2      rows=8  idx_cols=0  ~128 bytes
      K3      rows=2  idx_cols=0  ~32 bytes
      K4      rows=4  idx_cols=0  ~64 bytes
      K5      rows=4  idx_cols=0  ~64 bytes
      K6      rows=8  idx_cols=0  ~128 bytes
      K7      rows=2  idx_cols=0  ~32 bytes
      K8      rows=4  idx_cols=0  ~64 bytes
      K9      rows=8  idx_cols=0  ~128 bytes
      K10     rows=16  idx_cols=0  ~256 bytes
      K11     rows=8  idx_cols=0  ~128 bytes
      K12     rows=16  idx_cols=0  ~256 bytes
      K13     rows=8  idx_cols=0  ~128 bytes
      K14     rows=8  idx_cols=0  ~128 bytes
      K15     rows=4  idx_cols=0  ~64 bytes
      K16     rows=8  idx_cols=0  ~128 bytes
      K17     rows=8  idx_cols=0  ~128 bytes
      K18     rows=8  idx_cols=0  ~128 bytes
      K19     rows=16  idx_cols=0  ~256 bytes
      K20     rows=8  idx_cols=0  ~128 bytes
      K21     rows=8  idx_cols=0  ~128 bytes
      K22     rows=16  idx_cols=0  ~256 bytes
      K23     rows=16  idx_cols=0  ~256 bytes
      K24     rows=8  idx_cols=0  ~128 bytes
      K25     rows=8  idx_cols=0  ~128 bytes
      K26     rows=16  idx_cols=0  ~256 bytes
      K27     rows=16  idx_cols=0  ~256 bytes
      K28     rows=16  idx_cols=0  ~256 bytes
      K29     rows=16  idx_cols=0  ~256 bytes
      K30     rows=16  idx_cols=0  ~256 bytes
      K31     rows=16  idx_cols=0  ~256 bytes
      K32     rows=16  idx_cols=0  ~256 bytes
      K33     rows=16  idx_cols=0  ~256 bytes
      K34     rows=16  idx_cols=0  ~256 bytes
      K35     rows=16  idx_cols=0  ~256 bytes
      K36     rows=16  idx_cols=0  ~256 bytes
      K37     rows=16  idx_cols=0  ~256 bytes
      K38     rows=16  idx_cols=0  ~256 bytes

  [Aer] 0032ffff396adf452a359664c3603ec529f0582879da43dd69aa66e4b2780fe5  (4 qubits, depth 23)
    [+] statevector                [multi ]  wall=0.0034s  rss=202,596KB  vsz=5,012MB  Δmaj=0
    [+] statevector                [single]  wall=0.0042s  rss=202,596KB  vsz=5,013MB  Δmaj=0
    [-] stabilizer                 [multi ]  wall=0.0016s  rss=202,596KB  vsz=5,013MB  Δmaj=0
    [-] stabilizer                 [single]  wall=0.0021s  rss=202,596KB  vsz=5,013MB  Δmaj=0
    [+] density_matrix             [multi ]  wall=0.0063s  rss=203,392KB  vsz=5,013MB  Δmaj=0
    [+] density_matrix             [single]  wall=0.0098s  rss=203,392KB  vsz=5,013MB  Δmaj=0
    [+] matrix_product_state       [multi ]  wall=0.0405s  rss=199,852KB  vsz=7,211MB  Δmaj=0
    [+] matrix_product_state       [single]  wall=0.0143s  rss=199,852KB  vsz=7,211MB  Δmaj=0
    [-] extended_stabilizer        [multi ]  wall=0.0013s  rss=199,852KB  vsz=7,211MB  Δmaj=0
    [-] extended_stabilizer        [single]  wall=0.0013s  rss=199,852KB  vsz=7,211MB  Δmaj=0
    [+] unitary                    [multi ]  wall=0.0160s  rss=200,112KB  vsz=7,211MB  Δmaj=0
    [+] unitary                    [single]  wall=0.0014s  rss=200,112KB  vsz=7,211MB  Δmaj=0
    [+] automatic                  [multi ]  wall=0.0018s  rss=200,112KB  vsz=7,211MB  Δmaj=0
    [+] automatic                  [single]  wall=0.0026s  rss=200,112KB  vsz=7,211MB  Δmaj=0
