
  [SQLite] 0032a5cb791669d5f950bb3b6533d654de70ea4044fccfd9ce1e8d8e1946f1b0
    total CTEs  : 103  (tensor CTEs: 6, contraction CTEs: 97)
    SQL length  : 30,629 chars
    Counting rows per K_i CTE (97 contraction CTEs)...
      K1      rows=2  idx_cols=0  ~32 bytes
      K2      rows=8  idx_cols=0  ~128 bytes
      K3      rows=4  idx_cols=0  ~64 bytes
      K4      rows=8  idx_cols=0  ~128 bytes
      K5      rows=16  idx_cols=0  ~256 bytes
      K6      rows=16  idx_cols=0  ~256 bytes
      K7      rows=8  idx_cols=0  ~128 bytes
      K8      rows=2  idx_cols=0  ~32 bytes
      K9      rows=4  idx_cols=0  ~64 bytes
      K10     rows=8  idx_cols=0  ~128 bytes
      K11     rows=2  idx_cols=0  ~32 bytes
      K12     rows=8  idx_cols=0  ~128 bytes
      K13     rows=2  idx_cols=0  ~32 bytes
      K14     rows=8  idx_cols=0  ~128 bytes
      K15     rows=4  idx_cols=0  ~64 bytes
      K16     rows=8  idx_cols=0  ~128 bytes
      K17     rows=8  idx_cols=0  ~128 bytes
      K18     rows=8  idx_cols=0  ~128 bytes
      K19     rows=8  idx_cols=0  ~128 bytes
      K20     rows=16  idx_cols=0  ~256 bytes
      K21     rows=8  idx_cols=0  ~128 bytes
      K22     rows=8  idx_cols=0  ~128 bytes
      K23     rows=2  idx_cols=0  ~32 bytes
      K24     rows=8  idx_cols=0  ~128 bytes
      K25     rows=8  idx_cols=0  ~128 bytes
      K26     rows=16  idx_cols=0  ~256 bytes
      K27     rows=8  idx_cols=0  ~128 bytes
      K28     rows=16  idx_cols=0  ~256 bytes
      K29     rows=8  idx_cols=0  ~128 bytes
      K30     rows=8  idx_cols=0  ~128 bytes
      K31     rows=8  idx_cols=0  ~128 bytes
      K32     rows=8  idx_cols=0  ~128 bytes
      K33     rows=4  idx_cols=0  ~64 bytes
      K34     rows=8  idx_cols=0  ~128 bytes
      K35     rows=2  idx_cols=0  ~32 bytes
      K36     rows=8  idx_cols=0  ~128 bytes
      K37     rows=8  idx_cols=0  ~128 bytes
      K38     rows=4  idx_cols=0  ~64 bytes
      K39     rows=2  idx_cols=0  ~32 bytes
      K40     rows=8  idx_cols=0  ~128 bytes
      K41     rows=4  idx_cols=0  ~64 bytes
      K42     rows=8  idx_cols=0  ~128 bytes
      K43     rows=8  idx_cols=0  ~128 bytes
      K44     rows=16  idx_cols=0  ~256 bytes
      K45     rows=16  idx_cols=0  ~256 bytes
      K46     rows=2  idx_cols=0  ~32 bytes
      K47     rows=2  idx_cols=0  ~32 bytes
      K48     rows=16  idx_cols=0  ~256 bytes
      K49     rows=4  idx_cols=0  ~64 bytes
      K50     rows=4  idx_cols=0  ~64 bytes
      K51     rows=8  idx_cols=0  ~128 bytes
      K52     rows=8  idx_cols=0  ~128 bytes
      K53     rows=4  idx_cols=0  ~64 bytes
      K54     rows=16  idx_cols=0  ~256 bytes
      K55     rows=16  idx_cols=0  ~256 bytes
      K56     rows=8  idx_cols=0  ~128 bytes
      K57     rows=8  idx_cols=0  ~128 bytes
      K58     rows=16  idx_cols=0  ~256 bytes
      K59     rows=16  idx_cols=0  ~256 bytes
      K60     rows=16  idx_cols=0  ~256 bytes
      K61     rows=32  idx_cols=0  ~512 bytes
      K62     rows=64  idx_cols=0  ~1024 bytes
      K63     rows=64  idx_cols=0  ~1024 bytes
      K64     rows=64  idx_cols=0  ~1024 bytes
      K65     rows=64  idx_cols=0  ~1024 bytes
      K66     rows=64  idx_cols=0  ~1024 bytes
      K67     rows=8  idx_cols=0  ~128 bytes
      K68     rows=64  idx_cols=0  ~1024 bytes
      K69     rows=32  idx_cols=0  ~512 bytes
      K70     rows=64  idx_cols=0  ~1024 bytes
      K71     rows=64  idx_cols=0  ~1024 bytes
      K72     rows=16  idx_cols=0  ~256 bytes
      K73     rows=16  idx_cols=0  ~256 bytes
      K74     rows=8  idx_cols=0  ~128 bytes
      K75     rows=8  idx_cols=0  ~128 bytes
      K76     rows=32  idx_cols=0  ~512 bytes
      K77     rows=64  idx_cols=0  ~1024 bytes
      K78     rows=16  idx_cols=0  ~256 bytes
      K79     rows=32  idx_cols=0  ~512 bytes
      K80     rows=128  idx_cols=0  ~2048 bytes
      K81     rows=128  idx_cols=0  ~2048 bytes
      K82     rows=256  idx_cols=0  ~4096 bytes
      K83     rows=256  idx_cols=0  ~4096 bytes
      K84     rows=128  idx_cols=0  ~2048 bytes
      K85     rows=64  idx_cols=0  ~1024 bytes
      K86     rows=32  idx_cols=0  ~512 bytes
      K87     rows=128  idx_cols=0  ~2048 bytes
      K88     rows=32  idx_cols=0  ~512 bytes
      K89     rows=256  idx_cols=0  ~4096 bytes
      K90     rows=256  idx_cols=0  ~4096 bytes
      K91     rows=512  idx_cols=0  ~8192 bytes
      K92     rows=1024  idx_cols=0  ~16384 bytes
      K93     rows=2048  idx_cols=0  ~32768 bytes
      K94     rows=2048  idx_cols=0  ~32768 bytes
      K95     rows=4096  idx_cols=0  ~65536 bytes
      K96     rows=4096  idx_cols=0  ~65536 bytes
      K97     rows=4096  idx_cols=0  ~65536 bytes

  [Aer] 0032a5cb791669d5f950bb3b6533d654de70ea4044fccfd9ce1e8d8e1946f1b0  (11 qubits, depth 52)
    [+] statevector                [multi ]  wall=0.0063s  rss=217,116KB  vsz=6,520MB  Δmaj=0
    [+] statevector                [single]  wall=0.0061s  rss=217,116KB  vsz=6,520MB  Δmaj=0
    [-] stabilizer                 [multi ]  wall=0.0206s  rss=217,116KB  vsz=6,520MB  Δmaj=0
    [-] stabilizer                 [single]  wall=0.0037s  rss=217,116KB  vsz=6,520MB  Δmaj=0
    [+] density_matrix             [multi ]  wall=0.2878s  rss=215,912KB  vsz=6,520MB  Δmaj=0
    [+] density_matrix             [single]  wall=2.5897s  rss=215,912KB  vsz=6,520MB  Δmaj=0
    [+] matrix_product_state       [multi ]  wall=0.0671s  rss=222,508KB  vsz=6,968MB  Δmaj=0
    [+] matrix_product_state       [single]  wall=0.1138s  rss=222,508KB  vsz=6,968MB  Δmaj=0
    [-] extended_stabilizer        [multi ]  wall=0.0023s  rss=222,508KB  vsz=6,968MB  Δmaj=0
    [-] extended_stabilizer        [single]  wall=0.0022s  rss=222,508KB  vsz=6,968MB  Δmaj=0
    [+] unitary                    [multi ]  wall=0.0874s  rss=285,980KB  vsz=7,032MB  Δmaj=0
    [+] unitary                    [single]  wall=0.9374s  rss=286,140KB  vsz=7,032MB  Δmaj=0
    [+] automatic                  [multi ]  wall=0.0084s  rss=220,616KB  vsz=6,968MB  Δmaj=0
    [+] automatic                  [single]  wall=0.0062s  rss=220,616KB  vsz=6,968MB  Δmaj=0
