
  [SQLite] 0033fc046ce093bcf7948bc7f7f81db8dcd59d9f925fd002b0a908fd64ddb76c
    total CTEs  : 156  (tensor CTEs: 7, contraction CTEs: 149)
    SQL length  : 46,228 chars
    Counting rows per K_i CTE (149 contraction CTEs)...
      K1      rows=4  idx_cols=0  ~64 bytes
      K2      rows=4  idx_cols=0  ~64 bytes
      K3      rows=4  idx_cols=0  ~64 bytes
      K4      rows=4  idx_cols=0  ~64 bytes
      K5      rows=2  idx_cols=0  ~32 bytes
      K6      rows=8  idx_cols=0  ~128 bytes
      K7      rows=8  idx_cols=0  ~128 bytes
      K8      rows=4  idx_cols=0  ~64 bytes
      K9      rows=4  idx_cols=0  ~64 bytes
      K10     rows=4  idx_cols=0  ~64 bytes
      K11     rows=4  idx_cols=0  ~64 bytes
      K12     rows=8  idx_cols=0  ~128 bytes
      K13     rows=4  idx_cols=0  ~64 bytes
      K14     rows=4  idx_cols=0  ~64 bytes
      K15     rows=4  idx_cols=0  ~64 bytes
      K16     rows=4  idx_cols=0  ~64 bytes
      K17     rows=8  idx_cols=0  ~128 bytes
      K18     rows=2  idx_cols=0  ~32 bytes
      K19     rows=4  idx_cols=0  ~64 bytes
      K20     rows=8  idx_cols=0  ~128 bytes
      K21     rows=4  idx_cols=0  ~64 bytes
      K22     rows=4  idx_cols=0  ~64 bytes
      K23     rows=8  idx_cols=0  ~128 bytes
      K24     rows=4  idx_cols=0  ~64 bytes
      K25     rows=16  idx_cols=0  ~256 bytes
      K26     rows=8  idx_cols=0  ~128 bytes
      K27     rows=4  idx_cols=0  ~64 bytes
      K28     rows=4  idx_cols=0  ~64 bytes
      K29     rows=4  idx_cols=0  ~64 bytes
      K30     rows=4  idx_cols=0  ~64 bytes
      K31     rows=8  idx_cols=0  ~128 bytes
      K32     rows=8  idx_cols=0  ~128 bytes
      K33     rows=8  idx_cols=0  ~128 bytes
      K34     rows=4  idx_cols=0  ~64 bytes
      K35     rows=8  idx_cols=0  ~128 bytes
      K36     rows=4  idx_cols=0  ~64 bytes
      K37     rows=4  idx_cols=0  ~64 bytes
      K38     rows=4  idx_cols=0  ~64 bytes
      K39     rows=4  idx_cols=0  ~64 bytes
      K40     rows=4  idx_cols=0  ~64 bytes
      K41     rows=8  idx_cols=0  ~128 bytes
      K42     rows=8  idx_cols=0  ~128 bytes
      K43     rows=4  idx_cols=0  ~64 bytes
      K44     rows=4  idx_cols=0  ~64 bytes
      K45     rows=16  idx_cols=0  ~256 bytes
      K46     rows=8  idx_cols=0  ~128 bytes
      K47     rows=2  idx_cols=0  ~32 bytes
      K48     rows=8  idx_cols=0  ~128 bytes
      K49     rows=8  idx_cols=0  ~128 bytes
      K50     rows=4  idx_cols=0  ~64 bytes
      K51     rows=4  idx_cols=0  ~64 bytes
      K52     rows=8  idx_cols=0  ~128 bytes
      K53     rows=8  idx_cols=0  ~128 bytes
      K54     rows=4  idx_cols=0  ~64 bytes
      K55     rows=4  idx_cols=0  ~64 bytes
      K56     rows=4  idx_cols=0  ~64 bytes
      K57     rows=4  idx_cols=0  ~64 bytes
      K58     rows=8  idx_cols=0  ~128 bytes
      K59     rows=4  idx_cols=0  ~64 bytes
      K60     rows=4  idx_cols=0  ~64 bytes
      K61     rows=4  idx_cols=0  ~64 bytes
      K62     rows=8  idx_cols=0  ~128 bytes
      K63     rows=4  idx_cols=0  ~64 bytes
      K64     rows=8  idx_cols=0  ~128 bytes
      K65     rows=4  idx_cols=0  ~64 bytes
      K66     rows=8  idx_cols=0  ~128 bytes
      K67     rows=16  idx_cols=0  ~256 bytes
      K68     rows=16  idx_cols=0  ~256 bytes
      K69     rows=16  idx_cols=0  ~256 bytes
      K70     rows=8  idx_cols=0  ~128 bytes
      K71     rows=8  idx_cols=0  ~128 bytes
      K72     rows=16  idx_cols=0  ~256 bytes
      K73     rows=16  idx_cols=0  ~256 bytes
      K74     rows=4  idx_cols=0  ~64 bytes
      K75     rows=16  idx_cols=0  ~256 bytes
      K76     rows=4  idx_cols=0  ~64 bytes
      K77     rows=4  idx_cols=0  ~64 bytes
      K78     rows=4  idx_cols=0  ~64 bytes
      K79     rows=16  idx_cols=0  ~256 bytes
      K80     rows=16  idx_cols=0  ~256 bytes
      K81     rows=4  idx_cols=0  ~64 bytes
      K82     rows=4  idx_cols=0  ~64 bytes
      K83     rows=8  idx_cols=0  ~128 bytes
      K84     rows=4  idx_cols=0  ~64 bytes
      K85     rows=4  idx_cols=0  ~64 bytes
      K86     rows=8  idx_cols=0  ~128 bytes
      K87     rows=4  idx_cols=0  ~64 bytes
      K88     rows=4  idx_cols=0  ~64 bytes
      K89     rows=4  idx_cols=0  ~64 bytes
      K90     rows=4  idx_cols=0  ~64 bytes
      K91     rows=8  idx_cols=0  ~128 bytes
      K92     rows=8  idx_cols=0  ~128 bytes
      K93     rows=8  idx_cols=0  ~128 bytes
      K94     rows=16  idx_cols=0  ~256 bytes
      K95     rows=4  idx_cols=0  ~64 bytes
      K96     rows=4  idx_cols=0  ~64 bytes
      K97     rows=16  idx_cols=0  ~256 bytes
      K98     rows=16  idx_cols=0  ~256 bytes
      K99     rows=16  idx_cols=0  ~256 bytes
      K100    rows=4  idx_cols=0  ~64 bytes
      K101    rows=8  idx_cols=0  ~128 bytes
      K102    rows=4  idx_cols=0  ~64 bytes
      K103    rows=4  idx_cols=0  ~64 bytes
      K104    rows=4  idx_cols=0  ~64 bytes
      K105    rows=4  idx_cols=0  ~64 bytes
      K106    rows=4  idx_cols=0  ~64 bytes
      K107    rows=16  idx_cols=0  ~256 bytes
      K108    rows=4  idx_cols=0  ~64 bytes
      K109    rows=4  idx_cols=0  ~64 bytes
      K110    rows=4  idx_cols=0  ~64 bytes
      K111    rows=8  idx_cols=0  ~128 bytes
      K112    rows=8  idx_cols=0  ~128 bytes
      K113    rows=8  idx_cols=0  ~128 bytes
      K114    rows=8  idx_cols=0  ~128 bytes
      K115    rows=16  idx_cols=0  ~256 bytes
      K116    rows=4  idx_cols=0  ~64 bytes
      K117    rows=4  idx_cols=0  ~64 bytes
      K118    rows=4  idx_cols=0  ~64 bytes
      K119    rows=16  idx_cols=0  ~256 bytes
      K120    rows=16  idx_cols=0  ~256 bytes
      K121    rows=16  idx_cols=0  ~256 bytes
      K122    rows=16  idx_cols=0  ~256 bytes
      K123    rows=32  idx_cols=0  ~512 bytes
      K124    rows=16  idx_cols=0  ~256 bytes
      K125    rows=16  idx_cols=0  ~256 bytes
      K126    rows=8  idx_cols=0  ~128 bytes
      K127    rows=64  idx_cols=0  ~1024 bytes
      K128    rows=16  idx_cols=0  ~256 bytes
      K129    rows=8  idx_cols=0  ~128 bytes
      K130    rows=64  idx_cols=0  ~1024 bytes
      K131    rows=128  idx_cols=0  ~2048 bytes
      K132    rows=64  idx_cols=0  ~1024 bytes
      K133    rows=64  idx_cols=0  ~1024 bytes
      K134    rows=128  idx_cols=0  ~2048 bytes
      K135    rows=16  idx_cols=0  ~256 bytes
      K136    rows=32  idx_cols=0  ~512 bytes
      K137    rows=64  idx_cols=0  ~1024 bytes
      K138    rows=64  idx_cols=0  ~1024 bytes
      K139    rows=64  idx_cols=0  ~1024 bytes
      K140    rows=64  idx_cols=0  ~1024 bytes
      K141    rows=256  idx_cols=0  ~4096 bytes
      K142    rows=256  idx_cols=0  ~4096 bytes
      K143    rows=32  idx_cols=0  ~512 bytes
      K144    rows=64  idx_cols=0  ~1024 bytes
      K145    rows=256  idx_cols=0  ~4096 bytes
      K146    rows=512  idx_cols=0  ~8192 bytes
      K147    rows=512  idx_cols=0  ~8192 bytes
      K148    rows=8192  idx_cols=0  ~131072 bytes
      K149    rows=8192  idx_cols=0  ~131072 bytes

  [Aer] 0033fc046ce093bcf7948bc7f7f81db8dcd59d9f925fd002b0a908fd64ddb76c  (13 qubits, depth 52)
    [+] statevector                [multi ]  wall=0.0093s  rss=222,772KB  vsz=6,525MB  Δmaj=0
    [+] statevector                [single]  wall=0.0101s  rss=222,772KB  vsz=6,525MB  Δmaj=0
    [-] stabilizer                 [multi ]  wall=0.0025s  rss=222,772KB  vsz=6,525MB  Δmaj=0
    [-] stabilizer                 [single]  wall=0.0025s  rss=222,772KB  vsz=6,525MB  Δmaj=0
    [+] density_matrix             [multi ]  wall=3.8323s  rss=220,392KB  vsz=6,525MB  Δmaj=0
    [+] density_matrix             [single]  wall=40.3750s  rss=220,392KB  vsz=6,525MB  Δmaj=0
    [+] matrix_product_state       [multi ]  wall=0.1227s  rss=233,848KB  vsz=7,069MB  Δmaj=0
    [+] matrix_product_state       [single]  wall=0.3366s  rss=233,848KB  vsz=7,069MB  Δmaj=0
    [-] extended_stabilizer        [multi ]  wall=0.0025s  rss=233,848KB  vsz=7,069MB  Δmaj=0
    [-] extended_stabilizer        [single]  wall=0.0024s  rss=233,848KB  vsz=7,069MB  Δmaj=0
    [+] unitary                    [multi ]  wall=1.2332s  rss=1,285,732KB  vsz=8,093MB  Δmaj=0
    [+] unitary                    [single]  wall=10.0661s  rss=1,285,532KB  vsz=8,093MB  Δmaj=0
    [+] automatic                  [multi ]  wall=0.0614s  rss=236,960KB  vsz=7,069MB  Δmaj=0
    [+] automatic                  [single]  wall=0.0099s  rss=236,960KB  vsz=7,069MB  Δmaj=0
