
  [SQLite] 0038713dd6823e32001e0a083ff7ef0155e96934fcecf4aee15b86c8df9b3374
    total CTEs  : 29  (tensor CTEs: 4, contraction CTEs: 25)
    SQL length  : 7,281 chars
    Counting rows per K_i CTE (25 contraction CTEs)...
      K1      rows=2  idx_cols=0  ~32 bytes
      K2      rows=4  idx_cols=0  ~64 bytes
      K3      rows=2  idx_cols=0  ~32 bytes
      K4      rows=4  idx_cols=0  ~64 bytes
      K5      rows=4  idx_cols=0  ~64 bytes
      K6      rows=2  idx_cols=0  ~32 bytes
      K7      rows=8  idx_cols=0  ~128 bytes
      K8      rows=8  idx_cols=0  ~128 bytes
      K9      rows=4  idx_cols=0  ~64 bytes
      K10     rows=2  idx_cols=0  ~32 bytes
      K11     rows=4  idx_cols=0  ~64 bytes
      K12     rows=4  idx_cols=0  ~64 bytes
      K13     rows=4  idx_cols=0  ~64 bytes
      K14     rows=4  idx_cols=0  ~64 bytes
      K15     rows=8  idx_cols=0  ~128 bytes
      K16     rows=8  idx_cols=0  ~128 bytes
      K17     rows=32  idx_cols=0  ~512 bytes
      K18     rows=1  idx_cols=0  ~16 bytes
      K19     rows=1  idx_cols=0  ~16 bytes
      K20     rows=1  idx_cols=0  ~16 bytes
      K21     rows=1  idx_cols=0  ~16 bytes
      K22     rows=1  idx_cols=0  ~16 bytes
      K23     rows=1  idx_cols=0  ~16 bytes
      K24     rows=1  idx_cols=0  ~16 bytes
      K25     rows=32  idx_cols=0  ~512 bytes

  [Aer] 0038713dd6823e32001e0a083ff7ef0155e96934fcecf4aee15b86c8df9b3374  (14 qubits, depth 7)
    [+] statevector                [multi ]  wall=0.0053s  rss=199,832KB  vsz=5,009MB  Δmaj=0
    [+] statevector                [single]  wall=0.0079s  rss=199,832KB  vsz=5,009MB  Δmaj=0
    [+] stabilizer                 [multi ]  wall=0.0139s  rss=199,832KB  vsz=5,009MB  Δmaj=0
    [+] stabilizer                 [single]  wall=0.0262s  rss=199,832KB  vsz=5,009MB  Δmaj=0
    [+] density_matrix             [multi ]  wall=4.3292s  rss=199,676KB  vsz=6,503MB  Δmaj=13
    [+] density_matrix             [single]  wall=44.2439s  rss=199,732KB  vsz=6,503MB  Δmaj=0
    [+] matrix_product_state       [multi ]  wall=0.0034s  rss=199,732KB  vsz=6,536MB  Δmaj=0
    [+] matrix_product_state       [single]  wall=0.0126s  rss=199,732KB  vsz=6,536MB  Δmaj=0
    [+] extended_stabilizer        [multi ]  wall=0.0028s  rss=199,732KB  vsz=6,536MB  Δmaj=0
    [+] extended_stabilizer        [single]  wall=0.0028s  rss=199,732KB  vsz=6,536MB  Δmaj=0
    [+] unitary                    [multi ]  wall=1.3966s  rss=4,394,060KB  vsz=10,632MB  Δmaj=0
    [+] unitary                    [single]  wall=13.0872s  rss=4,394,016KB  vsz=10,632MB  Δmaj=0
    [+] automatic                  [multi ]  wall=0.1753s  rss=199,716KB  vsz=6,536MB  Δmaj=0
    [+] automatic                  [single]  wall=0.0063s  rss=199,716KB  vsz=6,536MB  Δmaj=0
