
  [SQLite] 003ec69648e883eea39aabfcb88ff4812b9d16fe8633ae5711fa4e21d1631461
    total CTEs  : 76  (tensor CTEs: 5, contraction CTEs: 71)
    SQL length  : 20,792 chars
    Counting rows per K_i CTE (71 contraction CTEs)...
      K1      rows=8  idx_cols=0  ~128 bytes
      K2      rows=2  idx_cols=0  ~32 bytes
      K3      rows=8  idx_cols=0  ~128 bytes
      K4      rows=8  idx_cols=0  ~128 bytes
      K5      rows=8  idx_cols=0  ~128 bytes
      K6      rows=8  idx_cols=0  ~128 bytes
      K7      rows=4  idx_cols=0  ~64 bytes
      K8      rows=2  idx_cols=0  ~32 bytes
      K9      rows=4  idx_cols=0  ~64 bytes
      K10     rows=4  idx_cols=0  ~64 bytes
      K11     rows=2  idx_cols=0  ~32 bytes
      K12     rows=4  idx_cols=0  ~64 bytes
      K13     rows=8  idx_cols=0  ~128 bytes
      K14     rows=8  idx_cols=0  ~128 bytes
      K15     rows=4  idx_cols=0  ~64 bytes
      K16     rows=2  idx_cols=0  ~32 bytes
      K17     rows=8  idx_cols=0  ~128 bytes
      K18     rows=8  idx_cols=0  ~128 bytes
      K19     rows=8  idx_cols=0  ~128 bytes
      K20     rows=2  idx_cols=0  ~32 bytes
      K21     rows=8  idx_cols=0  ~128 bytes
      K22     rows=2  idx_cols=0  ~32 bytes
      K23     rows=4  idx_cols=0  ~64 bytes
      K24     rows=4  idx_cols=0  ~64 bytes
      K25     rows=2  idx_cols=0  ~32 bytes
      K26     rows=8  idx_cols=0  ~128 bytes
      K27     rows=8  idx_cols=0  ~128 bytes
      K28     rows=8  idx_cols=0  ~128 bytes
      K29     rows=4  idx_cols=0  ~64 bytes
      K30     rows=8  idx_cols=0  ~128 bytes
      K31     rows=4  idx_cols=0  ~64 bytes
      K32     rows=4  idx_cols=0  ~64 bytes
      K33     rows=8  idx_cols=0  ~128 bytes
      K34     rows=8  idx_cols=0  ~128 bytes
      K35     rows=2  idx_cols=0  ~32 bytes
      K36     rows=8  idx_cols=0  ~128 bytes
      K37     rows=8  idx_cols=0  ~128 bytes
      K38     rows=2  idx_cols=0  ~32 bytes
      K39     rows=8  idx_cols=0  ~128 bytes
      K40     rows=8  idx_cols=0  ~128 bytes
      K41     rows=8  idx_cols=0  ~128 bytes
      K42     rows=4  idx_cols=0  ~64 bytes
      K43     rows=8  idx_cols=0  ~128 bytes
      K44     rows=2  idx_cols=0  ~32 bytes
      K45     rows=4  idx_cols=0  ~64 bytes
      K46     rows=4  idx_cols=0  ~64 bytes
      K47     rows=16  idx_cols=0  ~256 bytes
      K48     rows=8  idx_cols=0  ~128 bytes
      K49     rows=8  idx_cols=0  ~128 bytes
      K50     rows=16  idx_cols=0  ~256 bytes
      K51     rows=16  idx_cols=0  ~256 bytes
      K52     rows=4  idx_cols=0  ~64 bytes
      K53     rows=16  idx_cols=0  ~256 bytes
      K54     rows=16  idx_cols=0  ~256 bytes
      K55     rows=16  idx_cols=0  ~256 bytes
      K56     rows=32  idx_cols=0  ~512 bytes
      K57     rows=32  idx_cols=0  ~512 bytes
      K58     rows=16  idx_cols=0  ~256 bytes
      K59     rows=32  idx_cols=0  ~512 bytes
      K60     rows=32  idx_cols=0  ~512 bytes
      K61     rows=32  idx_cols=0  ~512 bytes
      K62     rows=32  idx_cols=0  ~512 bytes
      K63     rows=64  idx_cols=0  ~1024 bytes
      K64     rows=32  idx_cols=0  ~512 bytes
      K65     rows=32  idx_cols=0  ~512 bytes
      K66     rows=64  idx_cols=0  ~1024 bytes
      K67     rows=32  idx_cols=0  ~512 bytes
      K68     rows=32  idx_cols=0  ~512 bytes
      K69     rows=128  idx_cols=0  ~2048 bytes
      K70     rows=512  idx_cols=0  ~8192 bytes
      K71     rows=512  idx_cols=0  ~8192 bytes

  [Aer] 003ec69648e883eea39aabfcb88ff4812b9d16fe8633ae5711fa4e21d1631461  (15 qubits, depth 20)
    [+] statevector                [multi ]  wall=0.0065s  rss=205,428KB  vsz=6,509MB  Δmaj=12
    [+] statevector                [single]  wall=0.0145s  rss=205,428KB  vsz=6,509MB  Δmaj=0
    [-] stabilizer                 [multi ]  wall=0.0016s  rss=205,428KB  vsz=6,509MB  Δmaj=0
    [-] stabilizer                 [single]  wall=0.0016s  rss=205,428KB  vsz=6,509MB  Δmaj=0
    [+] density_matrix             [multi ]  wall=35.5738s  rss=206,384KB  vsz=6,509MB  Δmaj=0
    [+] density_matrix             [single]  wall=331.8242s  rss=206,384KB  vsz=6,509MB  Δmaj=0
    [+] matrix_product_state       [multi ]  wall=0.0824s  rss=206,384KB  vsz=7,181MB  Δmaj=0
    [+] matrix_product_state       [single]  wall=0.0515s  rss=206,384KB  vsz=7,181MB  Δmaj=0
    [-] extended_stabilizer        [multi ]  wall=0.0017s  rss=206,384KB  vsz=7,181MB  Δmaj=0
    [-] extended_stabilizer        [single]  wall=0.0017s  rss=206,384KB  vsz=7,181MB  Δmaj=0
    [+] unitary                    [multi ]  wall=11.9106s  rss=16,984,356KB  vsz=23,565MB  Δmaj=0
    [+] unitary                    [single]  wall=139.2628s  rss=16,984,444KB  vsz=23,565MB  Δmaj=0
    [+] automatic                  [multi ]  wall=0.3990s  rss=207,232KB  vsz=7,181MB  Δmaj=0
    [+] automatic                  [single]  wall=0.0090s  rss=207,232KB  vsz=7,181MB  Δmaj=0
