
  [SQLite] 003fe33d0d25432577400a77176d8098df30e3d34b4f39657619ed5841a4ab26
    total CTEs  : 178  (tensor CTEs: 9, contraction CTEs: 169)
    SQL length  : 52,081 chars
    Counting rows per K_i CTE (169 contraction CTEs)...
      K1      rows=4  idx_cols=0  ~64 bytes
      K2      rows=8  idx_cols=0  ~128 bytes
      K3      rows=4  idx_cols=0  ~64 bytes
      K4      rows=4  idx_cols=0  ~64 bytes
      K5      rows=4  idx_cols=0  ~64 bytes
      K6      rows=2  idx_cols=0  ~32 bytes
      K7      rows=4  idx_cols=0  ~64 bytes
      K8      rows=2  idx_cols=0  ~32 bytes
      K9      rows=8  idx_cols=0  ~128 bytes
      K10     rows=4  idx_cols=0  ~64 bytes
      K11     rows=4  idx_cols=0  ~64 bytes
      K12     rows=4  idx_cols=0  ~64 bytes
      K13     rows=4  idx_cols=0  ~64 bytes
      K14     rows=4  idx_cols=0  ~64 bytes
      K15     rows=4  idx_cols=0  ~64 bytes
      K16     rows=4  idx_cols=0  ~64 bytes
      K17     rows=4  idx_cols=0  ~64 bytes
      K18     rows=4  idx_cols=0  ~64 bytes
      K19     rows=4  idx_cols=0  ~64 bytes
      K20     rows=4  idx_cols=0  ~64 bytes
      K21     rows=8  idx_cols=0  ~128 bytes
      K22     rows=4  idx_cols=0  ~64 bytes
      K23     rows=4  idx_cols=0  ~64 bytes
      K24     rows=4  idx_cols=0  ~64 bytes
      K25     rows=4  idx_cols=0  ~64 bytes
      K26     rows=4  idx_cols=0  ~64 bytes
      K27     rows=4  idx_cols=0  ~64 bytes
      K28     rows=4  idx_cols=0  ~64 bytes
      K29     rows=4  idx_cols=0  ~64 bytes
      K30     rows=8  idx_cols=0  ~128 bytes
      K31     rows=4  idx_cols=0  ~64 bytes
      K32     rows=4  idx_cols=0  ~64 bytes
      K33     rows=4  idx_cols=0  ~64 bytes
      K34     rows=4  idx_cols=0  ~64 bytes
      K35     rows=4  idx_cols=0  ~64 bytes
      K36     rows=8  idx_cols=0  ~128 bytes
      K37     rows=4  idx_cols=0  ~64 bytes
      K38     rows=4  idx_cols=0  ~64 bytes
      K39     rows=4  idx_cols=0  ~64 bytes
      K40     rows=4  idx_cols=0  ~64 bytes
      K41     rows=4  idx_cols=0  ~64 bytes
      K42     rows=4  idx_cols=0  ~64 bytes
      K43     rows=4  idx_cols=0  ~64 bytes
      K44     rows=4  idx_cols=0  ~64 bytes
      K45     rows=4  idx_cols=0  ~64 bytes
      K46     rows=8  idx_cols=0  ~128 bytes
      K47     rows=4  idx_cols=0  ~64 bytes
      K48     rows=4  idx_cols=0  ~64 bytes
      K49     rows=4  idx_cols=0  ~64 bytes
      K50     rows=4  idx_cols=0  ~64 bytes
      K51     rows=8  idx_cols=0  ~128 bytes
      K52     rows=8  idx_cols=0  ~128 bytes
      K53     rows=4  idx_cols=0  ~64 bytes
      K54     rows=4  idx_cols=0  ~64 bytes
      K55     rows=8  idx_cols=0  ~128 bytes
      K56     rows=8  idx_cols=0  ~128 bytes
      K57     rows=4  idx_cols=0  ~64 bytes
      K58     rows=4  idx_cols=0  ~64 bytes
      K59     rows=4  idx_cols=0  ~64 bytes
      K60     rows=8  idx_cols=0  ~128 bytes
      K61     rows=4  idx_cols=0  ~64 bytes
      K62     rows=4  idx_cols=0  ~64 bytes
      K63     rows=4  idx_cols=0  ~64 bytes
      K64     rows=4  idx_cols=0  ~64 bytes
      K65     rows=4  idx_cols=0  ~64 bytes
      K66     rows=2  idx_cols=0  ~32 bytes
      K67     rows=4  idx_cols=0  ~64 bytes
      K68     rows=8  idx_cols=0  ~128 bytes
      K69     rows=4  idx_cols=0  ~64 bytes
      K70     rows=4  idx_cols=0  ~64 bytes
      K71     rows=4  idx_cols=0  ~64 bytes
      K72     rows=4  idx_cols=0  ~64 bytes
      K73     rows=4  idx_cols=0  ~64 bytes
      K74     rows=4  idx_cols=0  ~64 bytes
      K75     rows=4  idx_cols=0  ~64 bytes
      K76     rows=8  idx_cols=0  ~128 bytes
      K77     rows=4  idx_cols=0  ~64 bytes
      K78     rows=16  idx_cols=0  ~256 bytes
      K79     rows=8  idx_cols=0  ~128 bytes
      K80     rows=8  idx_cols=0  ~128 bytes
      K81     rows=4  idx_cols=0  ~64 bytes
      K82     rows=4  idx_cols=0  ~64 bytes
      K83     rows=8  idx_cols=0  ~128 bytes
      K84     rows=8  idx_cols=0  ~128 bytes
      K85     rows=4  idx_cols=0  ~64 bytes
      K86     rows=8  idx_cols=0  ~128 bytes
      K87     rows=4  idx_cols=0  ~64 bytes
      K88     rows=8  idx_cols=0  ~128 bytes
      K89     rows=2  idx_cols=0  ~32 bytes
      K90     rows=4  idx_cols=0  ~64 bytes
      K91     rows=4  idx_cols=0  ~64 bytes
      K92     rows=4  idx_cols=0  ~64 bytes
      K93     rows=8  idx_cols=0  ~128 bytes
      K94     rows=8  idx_cols=0  ~128 bytes
      K95     rows=8  idx_cols=0  ~128 bytes
      K96     rows=4  idx_cols=0  ~64 bytes
      K97     rows=4  idx_cols=0  ~64 bytes
      K98     rows=8  idx_cols=0  ~128 bytes
      K99     rows=4  idx_cols=0  ~64 bytes
      K100    rows=4  idx_cols=0  ~64 bytes
      K101    rows=4  idx_cols=0  ~64 bytes
      K102    rows=2  idx_cols=0  ~32 bytes
      K103    rows=4  idx_cols=0  ~64 bytes
      K104    rows=4  idx_cols=0  ~64 bytes
      K105    rows=8  idx_cols=0  ~128 bytes
      K106    rows=4  idx_cols=0  ~64 bytes
      K107    rows=4  idx_cols=0  ~64 bytes
      K108    rows=8  idx_cols=0  ~128 bytes
      K109    rows=8  idx_cols=0  ~128 bytes
      K110    rows=4  idx_cols=0  ~64 bytes
      K111    rows=4  idx_cols=0  ~64 bytes
      K112    rows=8  idx_cols=0  ~128 bytes
      K113    rows=4  idx_cols=0  ~64 bytes
      K114    rows=4  idx_cols=0  ~64 bytes
      K115    rows=8  idx_cols=0  ~128 bytes
      K116    rows=8  idx_cols=0  ~128 bytes
      K117    rows=4  idx_cols=0  ~64 bytes
      K118    rows=4  idx_cols=0  ~64 bytes
      K119    rows=4  idx_cols=0  ~64 bytes
      K120    rows=8  idx_cols=0  ~128 bytes
      K121    rows=16  idx_cols=0  ~256 bytes
      K122    rows=8  idx_cols=0  ~128 bytes
      K123    rows=8  idx_cols=0  ~128 bytes
      K124    rows=8  idx_cols=0  ~128 bytes
      K125    rows=4  idx_cols=0  ~64 bytes
      K126    rows=16  idx_cols=0  ~256 bytes
      K127    rows=4  idx_cols=0  ~64 bytes
      K128    rows=16  idx_cols=0  ~256 bytes
      K129    rows=8  idx_cols=0  ~128 bytes
      K130    rows=8  idx_cols=0  ~128 bytes
      K131    rows=2  idx_cols=0  ~32 bytes
      K132    rows=8  idx_cols=0  ~128 bytes
      K133    rows=16  idx_cols=0  ~256 bytes
      K134    rows=16  idx_cols=0  ~256 bytes
      K135    rows=16  idx_cols=0  ~256 bytes
      K136    rows=32  idx_cols=0  ~512 bytes
      K137    rows=32  idx_cols=0  ~512 bytes
      K138    rows=32  idx_cols=0  ~512 bytes
      K139    rows=4  idx_cols=0  ~64 bytes
      K140    rows=8  idx_cols=0  ~128 bytes
      K141    rows=8  idx_cols=0  ~128 bytes
      K142    rows=32  idx_cols=0  ~512 bytes
      K143    rows=8  idx_cols=0  ~128 bytes
      K144    rows=8  idx_cols=0  ~128 bytes
      K145    rows=8  idx_cols=0  ~128 bytes
      K146    rows=16  idx_cols=0  ~256 bytes
      K147    rows=16  idx_cols=0  ~256 bytes
      K148    rows=32  idx_cols=0  ~512 bytes
      K149    rows=16  idx_cols=0  ~256 bytes
      K150    rows=8  idx_cols=0  ~128 bytes
      K151    rows=8  idx_cols=0  ~128 bytes
      K152    rows=64  idx_cols=0  ~1024 bytes
      K153    rows=8  idx_cols=0  ~128 bytes
      K154    rows=64  idx_cols=0  ~1024 bytes
      K155    rows=128  idx_cols=0  ~2048 bytes
      K156    rows=32  idx_cols=0  ~512 bytes
      K157    rows=32  idx_cols=0  ~512 bytes
      K158    rows=32  idx_cols=0  ~512 bytes
      K159    rows=32  idx_cols=0  ~512 bytes
      K160    rows=256  idx_cols=0  ~4096 bytes
      K161    rows=512  idx_cols=0  ~8192 bytes
      K162    rows=256  idx_cols=0  ~4096 bytes
      K163    rows=512  idx_cols=0  ~8192 bytes
      K164    rows=2048  idx_cols=0  ~32768 bytes
      K165    rows=256  idx_cols=0  ~4096 bytes
      K166    rows=4096  idx_cols=0  ~65536 bytes
      K167    rows=4096  idx_cols=0  ~65536 bytes
      K168    rows=8192  idx_cols=0  ~131072 bytes
      K169    rows=16384  idx_cols=0  ~262144 bytes

  [Aer] 003fe33d0d25432577400a77176d8098df30e3d34b4f39657619ed5841a4ab26  (15 qubits, depth 50)
    [+] statevector                [multi ]  wall=0.0084s  rss=232,080KB  vsz=6,535MB  Δmaj=0
    [+] statevector                [single]  wall=0.0176s  rss=232,668KB  vsz=6,535MB  Δmaj=0
    [-] stabilizer                 [multi ]  wall=0.0025s  rss=232,668KB  vsz=6,535MB  Δmaj=0
    [-] stabilizer                 [single]  wall=0.0024s  rss=232,668KB  vsz=6,535MB  Δmaj=0
    [+] density_matrix             [multi ]  wall=60.5812s  rss=233,612KB  vsz=6,535MB  Δmaj=21
    [+] density_matrix             [single]  wall=650.6035s  rss=233,612KB  vsz=6,535MB  Δmaj=0
    [+] matrix_product_state       [multi ]  wall=0.3493s  rss=272,152KB  vsz=6,887MB  Δmaj=0
    [+] matrix_product_state       [single]  wall=0.8853s  rss=272,648KB  vsz=6,887MB  Δmaj=0
    [-] extended_stabilizer        [multi ]  wall=0.0027s  rss=272,648KB  vsz=6,887MB  Δmaj=0
    [-] extended_stabilizer        [single]  wall=0.0024s  rss=272,648KB  vsz=6,887MB  Δmaj=0
    [+] unitary                    [multi ]  wall=20.4208s  rss=17,050,476KB  vsz=23,271MB  Δmaj=0
    [+] unitary                    [single]  wall=187.8912s  rss=17,050,488KB  vsz=23,271MB  Δmaj=0
    [+] automatic                  [multi ]  wall=0.4010s  rss=273,276KB  vsz=6,887MB  Δmaj=0
    [+] automatic                  [single]  wall=0.0116s  rss=273,276KB  vsz=6,887MB  Δmaj=0
