
  [SQLite] 0040949cdec155051dd0cdefac84b9de5e78e446a488cfb0bd7b9b896d9ef471
    total CTEs  : 73  (tensor CTEs: 6, contraction CTEs: 67)
    SQL length  : 21,213 chars
    Counting rows per K_i CTE (67 contraction CTEs)...
      K1      rows=8  idx_cols=0  ~128 bytes
      K2      rows=2  idx_cols=0  ~32 bytes
      K3      rows=8  idx_cols=0  ~128 bytes
      K4      rows=8  idx_cols=0  ~128 bytes
      K5      rows=8  idx_cols=0  ~128 bytes
      K6      rows=8  idx_cols=0  ~128 bytes
      K7      rows=4  idx_cols=0  ~64 bytes
      K8      rows=8  idx_cols=0  ~128 bytes
      K9      rows=8  idx_cols=0  ~128 bytes
      K10     rows=8  idx_cols=0  ~128 bytes
      K11     rows=16  idx_cols=0  ~256 bytes
      K12     rows=8  idx_cols=0  ~128 bytes
      K13     rows=16  idx_cols=0  ~256 bytes
      K14     rows=8  idx_cols=0  ~128 bytes
      K15     rows=16  idx_cols=0  ~256 bytes
      K16     rows=8  idx_cols=0  ~128 bytes
      K17     rows=2  idx_cols=0  ~32 bytes
      K18     rows=4  idx_cols=0  ~64 bytes
      K19     rows=8  idx_cols=0  ~128 bytes
      K20     rows=8  idx_cols=0  ~128 bytes
      K21     rows=2  idx_cols=0  ~32 bytes
      K22     rows=8  idx_cols=0  ~128 bytes
      K23     rows=8  idx_cols=0  ~128 bytes
      K24     rows=16  idx_cols=0  ~256 bytes
      K25     rows=8  idx_cols=0  ~128 bytes
      K26     rows=8  idx_cols=0  ~128 bytes
      K27     rows=8  idx_cols=0  ~128 bytes
      K28     rows=4  idx_cols=0  ~64 bytes
      K29     rows=4  idx_cols=0  ~64 bytes
      K30     rows=2  idx_cols=0  ~32 bytes
      K31     rows=8  idx_cols=0  ~128 bytes
      K32     rows=16  idx_cols=0  ~256 bytes
      K33     rows=4  idx_cols=0  ~64 bytes
      K34     rows=8  idx_cols=0  ~128 bytes
      K35     rows=8  idx_cols=0  ~128 bytes
      K36     rows=4  idx_cols=0  ~64 bytes
      K37     rows=4  idx_cols=0  ~64 bytes
      K38     rows=8  idx_cols=0  ~128 bytes
      K39     rows=8  idx_cols=0  ~128 bytes
      K40     rows=8  idx_cols=0  ~128 bytes
      K41     rows=8  idx_cols=0  ~128 bytes
      K42     rows=8  idx_cols=0  ~128 bytes
      K43     rows=16  idx_cols=0  ~256 bytes
      K44     rows=16  idx_cols=0  ~256 bytes
      K45     rows=16  idx_cols=0  ~256 bytes
      K46     rows=16  idx_cols=0  ~256 bytes
      K47     rows=8  idx_cols=0  ~128 bytes
      K48     rows=8  idx_cols=0  ~128 bytes
      K49     rows=16  idx_cols=0  ~256 bytes
      K50     rows=16  idx_cols=0  ~256 bytes
      K51     rows=32  idx_cols=0  ~512 bytes
      K52     rows=16  idx_cols=0  ~256 bytes
      K53     rows=16  idx_cols=0  ~256 bytes
      K54     rows=16  idx_cols=0  ~256 bytes
      K55     rows=32  idx_cols=0  ~512 bytes
      K56     rows=32  idx_cols=0  ~512 bytes
      K57     rows=32  idx_cols=0  ~512 bytes
      K58     rows=64  idx_cols=0  ~1024 bytes
      K59     rows=64  idx_cols=0  ~1024 bytes
      K60     rows=64  idx_cols=0  ~1024 bytes
      K61     rows=64  idx_cols=0  ~1024 bytes
      K62     rows=64  idx_cols=0  ~1024 bytes
      K63     rows=128  idx_cols=0  ~2048 bytes
      K64     rows=128  idx_cols=0  ~2048 bytes
      K65     rows=64  idx_cols=0  ~1024 bytes
      K66     rows=256  idx_cols=0  ~4096 bytes
      K67     rows=256  idx_cols=0  ~4096 bytes

  [Aer] 0040949cdec155051dd0cdefac84b9de5e78e446a488cfb0bd7b9b896d9ef471  (9 qubits, depth 20)
    [+] statevector                [multi ]  wall=0.0053s  rss=205,844KB  vsz=6,510MB  Δmaj=0
    [+] statevector                [single]  wall=0.0050s  rss=205,844KB  vsz=6,510MB  Δmaj=0
    [-] stabilizer                 [multi ]  wall=0.0022s  rss=205,844KB  vsz=6,510MB  Δmaj=0
    [-] stabilizer                 [single]  wall=0.0058s  rss=205,844KB  vsz=6,510MB  Δmaj=0
    [+] density_matrix             [multi ]  wall=0.0577s  rss=202,576KB  vsz=6,510MB  Δmaj=21
    [+] density_matrix             [single]  wall=0.1277s  rss=206,532KB  vsz=6,510MB  Δmaj=0
    [+] matrix_product_state       [multi ]  wall=0.0448s  rss=206,532KB  vsz=7,022MB  Δmaj=0
    [+] matrix_product_state       [single]  wall=0.0383s  rss=206,532KB  vsz=7,022MB  Δmaj=0
    [-] extended_stabilizer        [multi ]  wall=0.0019s  rss=206,532KB  vsz=7,022MB  Δmaj=0
    [-] extended_stabilizer        [single]  wall=0.0018s  rss=206,532KB  vsz=7,022MB  Δmaj=0
    [+] unitary                    [multi ]  wall=0.0181s  rss=206,784KB  vsz=7,022MB  Δmaj=0
    [+] unitary                    [single]  wall=0.0431s  rss=211,052KB  vsz=7,022MB  Δmaj=0
    [+] automatic                  [multi ]  wall=0.0039s  rss=211,052KB  vsz=7,022MB  Δmaj=0
    [+] automatic                  [single]  wall=0.0118s  rss=211,052KB  vsz=7,022MB  Δmaj=0
