
  [SQLite] 0042dc839daaf44136cdfa46ee2ca5df1f36bebb8b9ed53c6b9792dfa2d5b807
    total CTEs  : 85  (tensor CTEs: 5, contraction CTEs: 80)
    SQL length  : 25,116 chars
    Counting rows per K_i CTE (80 contraction CTEs)...
      K1      rows=2  idx_cols=0  ~32 bytes
      K2      rows=2  idx_cols=0  ~32 bytes
      K3      rows=2  idx_cols=0  ~32 bytes
      K4      rows=8  idx_cols=0  ~128 bytes
      K5      rows=8  idx_cols=0  ~128 bytes
      K6      rows=4  idx_cols=0  ~64 bytes
      K7      rows=2  idx_cols=0  ~32 bytes
      K8      rows=8  idx_cols=0  ~128 bytes
      K9      rows=8  idx_cols=0  ~128 bytes
      K10     rows=8  idx_cols=0  ~128 bytes
      K11     rows=8  idx_cols=0  ~128 bytes
      K12     rows=2  idx_cols=0  ~32 bytes
      K13     rows=16  idx_cols=0  ~256 bytes
      K14     rows=16  idx_cols=0  ~256 bytes
      K15     rows=16  idx_cols=0  ~256 bytes
      K16     rows=16  idx_cols=0  ~256 bytes
      K17     rows=8  idx_cols=0  ~128 bytes
      K18     rows=16  idx_cols=0  ~256 bytes
      K19     rows=8  idx_cols=0  ~128 bytes
      K20     rows=16  idx_cols=0  ~256 bytes
      K21     rows=16  idx_cols=0  ~256 bytes
      K22     rows=8  idx_cols=0  ~128 bytes
      K23     rows=16  idx_cols=0  ~256 bytes
      K24     rows=8  idx_cols=0  ~128 bytes
      K25     rows=8  idx_cols=0  ~128 bytes
      K26     rows=8  idx_cols=0  ~128 bytes
      K27     rows=16  idx_cols=0  ~256 bytes
      K28     rows=16  idx_cols=0  ~256 bytes
      K29     rows=8  idx_cols=0  ~128 bytes
      K30     rows=4  idx_cols=0  ~64 bytes
      K31     rows=8  idx_cols=0  ~128 bytes
      K32     rows=8  idx_cols=0  ~128 bytes
      K33     rows=8  idx_cols=0  ~128 bytes
      K34     rows=16  idx_cols=0  ~256 bytes
      K35     rows=16  idx_cols=0  ~256 bytes
      K36     rows=16  idx_cols=0  ~256 bytes
      K37     rows=16  idx_cols=0  ~256 bytes
      K38     rows=8  idx_cols=0  ~128 bytes
      K39     rows=16  idx_cols=0  ~256 bytes
      K40     rows=4  idx_cols=0  ~64 bytes
      K41     rows=2  idx_cols=0  ~32 bytes
      K42     rows=16  idx_cols=0  ~256 bytes
      K43     rows=8  idx_cols=0  ~128 bytes
      K44     rows=16  idx_cols=0  ~256 bytes
      K45     rows=8  idx_cols=0  ~128 bytes
      K46     rows=16  idx_cols=0  ~256 bytes
      K47     rows=16  idx_cols=0  ~256 bytes
      K48     rows=4  idx_cols=0  ~64 bytes
      K49     rows=16  idx_cols=0  ~256 bytes
      K50     rows=8  idx_cols=0  ~128 bytes
      K51     rows=16  idx_cols=0  ~256 bytes
      K52     rows=8  idx_cols=0  ~128 bytes
      K53     rows=16  idx_cols=0  ~256 bytes
      K54     rows=16  idx_cols=0  ~256 bytes
      K55     rows=8  idx_cols=0  ~128 bytes
      K56     rows=16  idx_cols=0  ~256 bytes
      K57     rows=16  idx_cols=0  ~256 bytes
      K58     rows=16  idx_cols=0  ~256 bytes
      K59     rows=8  idx_cols=0  ~128 bytes
      K60     rows=4  idx_cols=0  ~64 bytes
      K61     rows=16  idx_cols=0  ~256 bytes
      K62     rows=16  idx_cols=0  ~256 bytes
      K63     rows=16  idx_cols=0  ~256 bytes
      K64     rows=16  idx_cols=0  ~256 bytes
      K65     rows=16  idx_cols=0  ~256 bytes
      K66     rows=8  idx_cols=0  ~128 bytes
      K67     rows=32  idx_cols=0  ~512 bytes
      K68     rows=32  idx_cols=0  ~512 bytes
      K69     rows=32  idx_cols=0  ~512 bytes
      K70     rows=32  idx_cols=0  ~512 bytes
      K71     rows=64  idx_cols=0  ~1024 bytes
      K72     rows=64  idx_cols=0  ~1024 bytes
      K73     rows=64  idx_cols=0  ~1024 bytes
      K74     rows=64  idx_cols=0  ~1024 bytes
      K75     rows=64  idx_cols=0  ~1024 bytes
      K76     rows=64  idx_cols=0  ~1024 bytes
      K77     rows=64  idx_cols=0  ~1024 bytes
      K78     rows=64  idx_cols=0  ~1024 bytes
      K79     rows=64  idx_cols=0  ~1024 bytes
      K80     rows=64  idx_cols=0  ~1024 bytes

  [Aer] 0042dc839daaf44136cdfa46ee2ca5df1f36bebb8b9ed53c6b9792dfa2d5b807  (6 qubits, depth 15)
    [+] statevector                [multi ]  wall=0.0075s  rss=210,040KB  vsz=6,513MB  Δmaj=0
    [+] statevector                [single]  wall=0.0082s  rss=210,412KB  vsz=6,513MB  Δmaj=0
    [-] stabilizer                 [multi ]  wall=0.0050s  rss=210,412KB  vsz=6,513MB  Δmaj=0
    [-] stabilizer                 [single]  wall=0.0056s  rss=210,412KB  vsz=6,513MB  Δmaj=0
    [+] density_matrix             [multi ]  wall=0.0163s  rss=210,412KB  vsz=6,513MB  Δmaj=0
    [+] density_matrix             [single]  wall=0.0194s  rss=210,412KB  vsz=6,513MB  Δmaj=0
    [+] matrix_product_state       [multi ]  wall=0.0378s  rss=210,412KB  vsz=7,121MB  Δmaj=0
    [+] matrix_product_state       [single]  wall=0.0266s  rss=210,412KB  vsz=7,121MB  Δmaj=0
    [-] extended_stabilizer        [multi ]  wall=0.0051s  rss=210,412KB  vsz=7,121MB  Δmaj=0
    [-] extended_stabilizer        [single]  wall=0.0051s  rss=210,728KB  vsz=7,121MB  Δmaj=0
    [+] unitary                    [multi ]  wall=0.0089s  rss=210,728KB  vsz=7,121MB  Δmaj=0
    [+] unitary                    [single]  wall=0.0128s  rss=210,728KB  vsz=7,121MB  Δmaj=0
    [+] automatic                  [multi ]  wall=0.0061s  rss=211,944KB  vsz=7,121MB  Δmaj=0
    [+] automatic                  [single]  wall=0.0082s  rss=211,944KB  vsz=7,121MB  Δmaj=0
