
  [SQLite] 0045406d435915bf33cfa993ac98c50aae24913394498979f9a278097b0c62e8
    total CTEs  : 32  (tensor CTEs: 5, contraction CTEs: 27)
    SQL length  : 8,780 chars
    Counting rows per K_i CTE (27 contraction CTEs)...
      K1      rows=4  idx_cols=0  ~64 bytes
      K2      rows=2  idx_cols=0  ~32 bytes
      K3      rows=2  idx_cols=0  ~32 bytes
      K4      rows=2  idx_cols=0  ~32 bytes
      K5      rows=8  idx_cols=0  ~128 bytes
      K6      rows=2  idx_cols=0  ~32 bytes
      K7      rows=4  idx_cols=0  ~64 bytes
      K8      rows=4  idx_cols=0  ~64 bytes
      K9      rows=8  idx_cols=0  ~128 bytes
      K10     rows=2  idx_cols=0  ~32 bytes
      K11     rows=8  idx_cols=0  ~128 bytes
      K12     rows=2  idx_cols=0  ~32 bytes
      K13     rows=8  idx_cols=0  ~128 bytes
      K14     rows=2  idx_cols=0  ~32 bytes
      K15     rows=4  idx_cols=0  ~64 bytes
      K16     rows=8  idx_cols=0  ~128 bytes
      K17     rows=8  idx_cols=0  ~128 bytes
      K18     rows=2  idx_cols=0  ~32 bytes
      K19     rows=8  idx_cols=0  ~128 bytes
      K20     rows=16  idx_cols=0  ~256 bytes
      K21     rows=8  idx_cols=0  ~128 bytes
      K22     rows=2  idx_cols=0  ~32 bytes
      K23     rows=8  idx_cols=0  ~128 bytes
      K24     rows=8  idx_cols=0  ~128 bytes
      K25     rows=8  idx_cols=0  ~128 bytes
      K26     rows=16  idx_cols=0  ~256 bytes
      K27     rows=16  idx_cols=0  ~256 bytes

  [Aer] 0045406d435915bf33cfa993ac98c50aae24913394498979f9a278097b0c62e8  (6 qubits, depth 9)
    [+] statevector                [multi ]  wall=0.0029s  rss=200,360KB  vsz=5,009MB  Δmaj=0
    [+] statevector                [single]  wall=0.0026s  rss=200,360KB  vsz=5,009MB  Δmaj=0
    [-] stabilizer                 [multi ]  wall=0.0011s  rss=200,360KB  vsz=5,009MB  Δmaj=0
    [-] stabilizer                 [single]  wall=0.0010s  rss=200,360KB  vsz=5,010MB  Δmaj=0
    [+] density_matrix             [multi ]  wall=0.0141s  rss=200,360KB  vsz=5,010MB  Δmaj=0
    [+] density_matrix             [single]  wall=0.0042s  rss=200,360KB  vsz=5,010MB  Δmaj=0
    [+] matrix_product_state       [multi ]  wall=0.0370s  rss=201,300KB  vsz=5,746MB  Δmaj=0
    [+] matrix_product_state       [single]  wall=0.0243s  rss=201,300KB  vsz=5,746MB  Δmaj=0
    [-] extended_stabilizer        [multi ]  wall=0.0016s  rss=201,300KB  vsz=5,746MB  Δmaj=0
    [-] extended_stabilizer        [single]  wall=0.0017s  rss=201,300KB  vsz=5,746MB  Δmaj=0
    [+] unitary                    [multi ]  wall=0.0043s  rss=201,300KB  vsz=5,746MB  Δmaj=0
    [+] unitary                    [single]  wall=0.0048s  rss=201,300KB  vsz=5,746MB  Δmaj=0
    [+] automatic                  [multi ]  wall=0.0306s  rss=201,300KB  vsz=5,746MB  Δmaj=0
    [+] automatic                  [single]  wall=0.0036s  rss=201,300KB  vsz=5,746MB  Δmaj=0
