
  [SQLite] 00459eccd8995ada0dde991f94899a176decef34d3c58eb1a6b26aaa0cc895f7
    total CTEs  : 49  (tensor CTEs: 4, contraction CTEs: 45)
    SQL length  : 13,274 chars
    Counting rows per K_i CTE (45 contraction CTEs)...
      K1      rows=2  idx_cols=0  ~32 bytes
      K2      rows=2  idx_cols=0  ~32 bytes
      K3      rows=4  idx_cols=0  ~64 bytes
      K4      rows=2  idx_cols=0  ~32 bytes
      K5      rows=2  idx_cols=0  ~32 bytes
      K6      rows=2  idx_cols=0  ~32 bytes
      K7      rows=2  idx_cols=0  ~32 bytes
      K8      rows=2  idx_cols=0  ~32 bytes
      K9      rows=2  idx_cols=0  ~32 bytes
      K10     rows=8  idx_cols=0  ~128 bytes
      K11     rows=2  idx_cols=0  ~32 bytes
      K12     rows=16  idx_cols=0  ~256 bytes
      K13     rows=4  idx_cols=0  ~64 bytes
      K14     rows=8  idx_cols=0  ~128 bytes
      K15     rows=8  idx_cols=0  ~128 bytes
      K16     rows=8  idx_cols=0  ~128 bytes
      K17     rows=8  idx_cols=0  ~128 bytes
      K18     rows=2  idx_cols=0  ~32 bytes
      K19     rows=2  idx_cols=0  ~32 bytes
      K20     rows=4  idx_cols=0  ~64 bytes
      K21     rows=16  idx_cols=0  ~256 bytes
      K22     rows=8  idx_cols=0  ~128 bytes
      K23     rows=8  idx_cols=0  ~128 bytes
      K24     rows=2  idx_cols=0  ~32 bytes
      K25     rows=4  idx_cols=0  ~64 bytes
      K26     rows=4  idx_cols=0  ~64 bytes
      K27     rows=16  idx_cols=0  ~256 bytes
      K28     rows=8  idx_cols=0  ~128 bytes
      K29     rows=64  idx_cols=0  ~1024 bytes
      K30     rows=32  idx_cols=0  ~512 bytes
      K31     rows=32  idx_cols=0  ~512 bytes
      K32     rows=8  idx_cols=0  ~128 bytes
      K33     rows=16  idx_cols=0  ~256 bytes
      K34     rows=16  idx_cols=0  ~256 bytes
      K35     rows=8  idx_cols=0  ~128 bytes
      K36     rows=16  idx_cols=0  ~256 bytes
      K37     rows=16  idx_cols=0  ~256 bytes
      K38     rows=8  idx_cols=0  ~128 bytes
      K39     rows=32  idx_cols=0  ~512 bytes
      K40     rows=8  idx_cols=0  ~128 bytes
      K41     rows=256  idx_cols=0  ~4096 bytes
      K42     rows=256  idx_cols=0  ~4096 bytes
      K43     rows=256  idx_cols=0  ~4096 bytes
      K44     rows=64  idx_cols=0  ~1024 bytes
      K45     rows=256  idx_cols=0  ~4096 bytes

  [Aer] 00459eccd8995ada0dde991f94899a176decef34d3c58eb1a6b26aaa0cc895f7  (10 qubits, depth 16)
    [+] statevector                [multi ]  wall=0.0043s  rss=203,604KB  vsz=6,508MB  Δmaj=0
    [+] statevector                [single]  wall=0.0087s  rss=203,604KB  vsz=6,508MB  Δmaj=0
    [+] stabilizer                 [multi ]  wall=0.0036s  rss=203,604KB  vsz=6,508MB  Δmaj=0
    [+] stabilizer                 [single]  wall=0.0073s  rss=203,604KB  vsz=6,508MB  Δmaj=0
    [+] density_matrix             [multi ]  wall=0.0794s  rss=200,280KB  vsz=6,508MB  Δmaj=14
    [+] density_matrix             [single]  wall=0.5404s  rss=216,380KB  vsz=6,508MB  Δmaj=0
    [+] matrix_product_state       [multi ]  wall=0.0516s  rss=216,380KB  vsz=6,956MB  Δmaj=0
    [+] matrix_product_state       [single]  wall=0.0568s  rss=216,380KB  vsz=6,956MB  Δmaj=0
    [+] extended_stabilizer        [multi ]  wall=0.0052s  rss=216,380KB  vsz=6,956MB  Δmaj=0
    [+] extended_stabilizer        [single]  wall=0.0032s  rss=216,644KB  vsz=6,956MB  Δmaj=0
    [+] unitary                    [multi ]  wall=0.0251s  rss=216,900KB  vsz=6,956MB  Δmaj=0
    [+] unitary                    [single]  wall=0.1488s  rss=233,564KB  vsz=6,956MB  Δmaj=0
    [+] automatic                  [multi ]  wall=0.0046s  rss=233,564KB  vsz=6,956MB  Δmaj=0
    [+] automatic                  [single]  wall=0.0052s  rss=233,828KB  vsz=6,956MB  Δmaj=0
