
  [SQLite] 004af3a16432f56e79f4200efdbc91db080bdb5e6c0c08c485377c67a922d4fe
    total CTEs  : 54  (tensor CTEs: 5, contraction CTEs: 49)
    SQL length  : 14,834 chars
    Counting rows per K_i CTE (49 contraction CTEs)...
      K1      rows=2  idx_cols=0  ~32 bytes
      K2      rows=2  idx_cols=0  ~32 bytes
      K3      rows=2  idx_cols=0  ~32 bytes
      K4      rows=2  idx_cols=0  ~32 bytes
      K5      rows=2  idx_cols=0  ~32 bytes
      K6      rows=8  idx_cols=0  ~128 bytes
      K7      rows=2  idx_cols=0  ~32 bytes
      K8      rows=8  idx_cols=0  ~128 bytes
      K9      rows=4  idx_cols=0  ~64 bytes
      K10     rows=8  idx_cols=0  ~128 bytes
      K11     rows=2  idx_cols=0  ~32 bytes
      K12     rows=8  idx_cols=0  ~128 bytes
      K13     rows=2  idx_cols=0  ~32 bytes
      K14     rows=8  idx_cols=0  ~128 bytes
      K15     rows=8  idx_cols=0  ~128 bytes
      K16     rows=4  idx_cols=0  ~64 bytes
      K17     rows=8  idx_cols=0  ~128 bytes
      K18     rows=4  idx_cols=0  ~64 bytes
      K19     rows=8  idx_cols=0  ~128 bytes
      K20     rows=16  idx_cols=0  ~256 bytes
      K21     rows=16  idx_cols=0  ~256 bytes
      K22     rows=2  idx_cols=0  ~32 bytes
      K23     rows=2  idx_cols=0  ~32 bytes
      K24     rows=8  idx_cols=0  ~128 bytes
      K25     rows=8  idx_cols=0  ~128 bytes
      K26     rows=16  idx_cols=0  ~256 bytes
      K27     rows=4  idx_cols=0  ~64 bytes
      K28     rows=4  idx_cols=0  ~64 bytes
      K29     rows=4  idx_cols=0  ~64 bytes
      K30     rows=16  idx_cols=0  ~256 bytes
      K31     rows=16  idx_cols=0  ~256 bytes
      K32     rows=16  idx_cols=0  ~256 bytes
      K33     rows=4  idx_cols=0  ~64 bytes
      K34     rows=32  idx_cols=0  ~512 bytes
      K35     rows=16  idx_cols=0  ~256 bytes
      K36     rows=64  idx_cols=0  ~1024 bytes
      K37     rows=64  idx_cols=0  ~1024 bytes
      K38     rows=8  idx_cols=0  ~128 bytes
      K39     rows=16  idx_cols=0  ~256 bytes
      K40     rows=16  idx_cols=0  ~256 bytes
      K41     rows=16  idx_cols=0  ~256 bytes
      K42     rows=16  idx_cols=0  ~256 bytes
      K43     rows=8  idx_cols=0  ~128 bytes
      K44     rows=8  idx_cols=0  ~128 bytes
      K45     rows=64  idx_cols=0  ~1024 bytes
      K46     rows=128  idx_cols=0  ~2048 bytes
      K47     rows=128  idx_cols=0  ~2048 bytes
      K48     rows=256  idx_cols=0  ~4096 bytes
      K49     rows=256  idx_cols=0  ~4096 bytes

  [Aer] 004af3a16432f56e79f4200efdbc91db080bdb5e6c0c08c485377c67a922d4fe  (11 qubits, depth 15)
    [+] statevector                [multi ]  wall=0.0045s  rss=204,356KB  vsz=6,508MB  Δmaj=0
    [+] statevector                [single]  wall=0.0079s  rss=204,356KB  vsz=6,508MB  Δmaj=0
    [+] stabilizer                 [multi ]  wall=0.0201s  rss=204,356KB  vsz=6,508MB  Δmaj=0
    [+] stabilizer                 [single]  wall=0.0058s  rss=204,356KB  vsz=6,508MB  Δmaj=0
    [+] density_matrix             [multi ]  wall=0.2428s  rss=202,608KB  vsz=6,508MB  Δmaj=20
    [+] density_matrix             [single]  wall=2.3099s  rss=202,612KB  vsz=6,508MB  Δmaj=0
    [+] matrix_product_state       [multi ]  wall=0.0565s  rss=208,556KB  vsz=7,180MB  Δmaj=0
    [+] matrix_product_state       [single]  wall=0.1114s  rss=208,948KB  vsz=7,180MB  Δmaj=0
    [+] extended_stabilizer        [multi ]  wall=0.0034s  rss=208,948KB  vsz=7,180MB  Δmaj=0
    [+] extended_stabilizer        [single]  wall=0.0033s  rss=208,948KB  vsz=7,180MB  Δmaj=0
    [+] unitary                    [multi ]  wall=0.0534s  rss=272,412KB  vsz=7,244MB  Δmaj=0
    [+] unitary                    [single]  wall=0.6086s  rss=272,600KB  vsz=7,244MB  Δmaj=0
    [+] automatic                  [multi ]  wall=0.0190s  rss=207,072KB  vsz=7,180MB  Δmaj=0
    [+] automatic                  [single]  wall=0.0072s  rss=207,072KB  vsz=7,180MB  Δmaj=0
