
  [SQLite] 004bfbf89ef4470353c265467c718360ebe18f71120f74e9c4f8e9746f9a71a5
    total CTEs  : 84  (tensor CTEs: 6, contraction CTEs: 78)
    SQL length  : 24,986 chars
    Counting rows per K_i CTE (78 contraction CTEs)...
      K1      rows=8  idx_cols=0  ~128 bytes
      K2      rows=8  idx_cols=0  ~128 bytes
      K3      rows=16  idx_cols=0  ~256 bytes
      K4      rows=8  idx_cols=0  ~128 bytes
      K5      rows=2  idx_cols=0  ~32 bytes
      K6      rows=2  idx_cols=0  ~32 bytes
      K7      rows=8  idx_cols=0  ~128 bytes
      K8      rows=4  idx_cols=0  ~64 bytes
      K9      rows=4  idx_cols=0  ~64 bytes
      K10     rows=16  idx_cols=0  ~256 bytes
      K11     rows=8  idx_cols=0  ~128 bytes
      K12     rows=8  idx_cols=0  ~128 bytes
      K13     rows=8  idx_cols=0  ~128 bytes
      K14     rows=8  idx_cols=0  ~128 bytes
      K15     rows=8  idx_cols=0  ~128 bytes
      K16     rows=8  idx_cols=0  ~128 bytes
      K17     rows=8  idx_cols=0  ~128 bytes
      K18     rows=16  idx_cols=0  ~256 bytes
      K19     rows=8  idx_cols=0  ~128 bytes
      K20     rows=8  idx_cols=0  ~128 bytes
      K21     rows=2  idx_cols=0  ~32 bytes
      K22     rows=8  idx_cols=0  ~128 bytes
      K23     rows=8  idx_cols=0  ~128 bytes
      K24     rows=4  idx_cols=0  ~64 bytes
      K25     rows=16  idx_cols=0  ~256 bytes
      K26     rows=16  idx_cols=0  ~256 bytes
      K27     rows=8  idx_cols=0  ~128 bytes
      K28     rows=16  idx_cols=0  ~256 bytes
      K29     rows=2  idx_cols=0  ~32 bytes
      K30     rows=8  idx_cols=0  ~128 bytes
      K31     rows=8  idx_cols=0  ~128 bytes
      K32     rows=4  idx_cols=0  ~64 bytes
      K33     rows=8  idx_cols=0  ~128 bytes
      K34     rows=8  idx_cols=0  ~128 bytes
      K35     rows=8  idx_cols=0  ~128 bytes
      K36     rows=8  idx_cols=0  ~128 bytes
      K37     rows=8  idx_cols=0  ~128 bytes
      K38     rows=8  idx_cols=0  ~128 bytes
      K39     rows=2  idx_cols=0  ~32 bytes
      K40     rows=2  idx_cols=0  ~32 bytes
      K41     rows=8  idx_cols=0  ~128 bytes
      K42     rows=8  idx_cols=0  ~128 bytes
      K43     rows=16  idx_cols=0  ~256 bytes
      K44     rows=8  idx_cols=0  ~128 bytes
      K45     rows=8  idx_cols=0  ~128 bytes
      K46     rows=8  idx_cols=0  ~128 bytes
      K47     rows=16  idx_cols=0  ~256 bytes
      K48     rows=16  idx_cols=0  ~256 bytes
      K49     rows=16  idx_cols=0  ~256 bytes
      K50     rows=4  idx_cols=0  ~64 bytes
      K51     rows=16  idx_cols=0  ~256 bytes
      K52     rows=16  idx_cols=0  ~256 bytes
      K53     rows=16  idx_cols=0  ~256 bytes
      K54     rows=8  idx_cols=0  ~128 bytes
      K55     rows=32  idx_cols=0  ~512 bytes
      K56     rows=16  idx_cols=0  ~256 bytes
      K57     rows=64  idx_cols=0  ~1024 bytes
      K58     rows=32  idx_cols=0  ~512 bytes
      K59     rows=64  idx_cols=0  ~1024 bytes
      K60     rows=16  idx_cols=0  ~256 bytes
      K61     rows=64  idx_cols=0  ~1024 bytes
      K62     rows=32  idx_cols=0  ~512 bytes
      K63     rows=32  idx_cols=0  ~512 bytes
      K64     rows=32  idx_cols=0  ~512 bytes
      K65     rows=128  idx_cols=0  ~2048 bytes
      K66     rows=128  idx_cols=0  ~2048 bytes
      K67     rows=128  idx_cols=0  ~2048 bytes
      K68     rows=64  idx_cols=0  ~1024 bytes
      K69     rows=64  idx_cols=0  ~1024 bytes
      K70     rows=256  idx_cols=0  ~4096 bytes
      K71     rows=64  idx_cols=0  ~1024 bytes
      K72     rows=512  idx_cols=0  ~8192 bytes
      K73     rows=512  idx_cols=0  ~8192 bytes
      K74     rows=1024  idx_cols=0  ~16384 bytes
      K75     rows=1024  idx_cols=0  ~16384 bytes
      K76     rows=1024  idx_cols=0  ~16384 bytes
      K77     rows=1024  idx_cols=0  ~16384 bytes
      K78     rows=1024  idx_cols=0  ~16384 bytes

  [Aer] 004bfbf89ef4470353c265467c718360ebe18f71120f74e9c4f8e9746f9a71a5  (10 qubits, depth 1)
    [+] statevector                [multi ]  wall=0.0046s  rss=209,932KB  vsz=6,514MB  Δmaj=0
    [+] statevector                [single]  wall=0.0051s  rss=209,932KB  vsz=6,514MB  Δmaj=0
    [-] stabilizer                 [multi ]  wall=0.0024s  rss=210,196KB  vsz=6,514MB  Δmaj=0
    [-] stabilizer                 [single]  wall=0.0022s  rss=210,196KB  vsz=6,514MB  Δmaj=0
    [+] density_matrix             [multi ]  wall=0.0860s  rss=207,316KB  vsz=6,514MB  Δmaj=21
    [+] density_matrix             [single]  wall=0.5836s  rss=223,416KB  vsz=6,514MB  Δmaj=0
    [+] matrix_product_state       [multi ]  wall=0.0541s  rss=229,780KB  vsz=6,994MB  Δmaj=0
    [+] matrix_product_state       [single]  wall=0.0804s  rss=229,780KB  vsz=6,994MB  Δmaj=0
    [-] extended_stabilizer        [multi ]  wall=0.0021s  rss=229,780KB  vsz=6,994MB  Δmaj=0
    [-] extended_stabilizer        [single]  wall=0.0020s  rss=229,780KB  vsz=6,994MB  Δmaj=0
    [+] unitary                    [multi ]  wall=0.0216s  rss=229,780KB  vsz=6,994MB  Δmaj=0
    [+] unitary                    [single]  wall=0.1665s  rss=246,304KB  vsz=6,994MB  Δmaj=0
    [+] automatic                  [multi ]  wall=0.0034s  rss=246,304KB  vsz=6,994MB  Δmaj=0
    [+] automatic                  [single]  wall=0.0068s  rss=246,304KB  vsz=6,994MB  Δmaj=0
