
  [SQLite] 00551435ffa5cf6c1cd146fced08c4e6d1ba76accde83bba0f24f2ade5d8aa3c
    total CTEs  : 107  (tensor CTEs: 6, contraction CTEs: 101)
    SQL length  : 30,589 chars
    Counting rows per K_i CTE (101 contraction CTEs)...
      K1      rows=4  idx_cols=0  ~64 bytes
      K2      rows=8  idx_cols=0  ~128 bytes
      K3      rows=8  idx_cols=0  ~128 bytes
      K4      rows=16  idx_cols=0  ~256 bytes
      K5      rows=8  idx_cols=0  ~128 bytes
      K6      rows=2  idx_cols=0  ~32 bytes
      K7      rows=8  idx_cols=0  ~128 bytes
      K8      rows=4  idx_cols=0  ~64 bytes
      K9      rows=8  idx_cols=0  ~128 bytes
      K10     rows=16  idx_cols=0  ~256 bytes
      K11     rows=8  idx_cols=0  ~128 bytes
      K12     rows=8  idx_cols=0  ~128 bytes
      K13     rows=4  idx_cols=0  ~64 bytes
      K14     rows=2  idx_cols=0  ~32 bytes
      K15     rows=16  idx_cols=0  ~256 bytes
      K16     rows=4  idx_cols=0  ~64 bytes
      K17     rows=16  idx_cols=0  ~256 bytes
      K18     rows=4  idx_cols=0  ~64 bytes
      K19     rows=4  idx_cols=0  ~64 bytes
      K20     rows=8  idx_cols=0  ~128 bytes
      K21     rows=2  idx_cols=0  ~32 bytes
      K22     rows=4  idx_cols=0  ~64 bytes
      K23     rows=16  idx_cols=0  ~256 bytes
      K24     rows=4  idx_cols=0  ~64 bytes
      K25     rows=4  idx_cols=0  ~64 bytes
      K26     rows=8  idx_cols=0  ~128 bytes
      K27     rows=8  idx_cols=0  ~128 bytes
      K28     rows=4  idx_cols=0  ~64 bytes
      K29     rows=4  idx_cols=0  ~64 bytes
      K30     rows=8  idx_cols=0  ~128 bytes
      K31     rows=16  idx_cols=0  ~256 bytes
      K32     rows=4  idx_cols=0  ~64 bytes
      K33     rows=4  idx_cols=0  ~64 bytes
      K34     rows=2  idx_cols=0  ~32 bytes
      K35     rows=8  idx_cols=0  ~128 bytes
      K36     rows=8  idx_cols=0  ~128 bytes
      K37     rows=2  idx_cols=0  ~32 bytes
      K38     rows=16  idx_cols=0  ~256 bytes
      K39     rows=4  idx_cols=0  ~64 bytes
      K40     rows=8  idx_cols=0  ~128 bytes
      K41     rows=4  idx_cols=0  ~64 bytes
      K42     rows=4  idx_cols=0  ~64 bytes
      K43     rows=8  idx_cols=0  ~128 bytes
      K44     rows=4  idx_cols=0  ~64 bytes
      K45     rows=8  idx_cols=0  ~128 bytes
      K46     rows=8  idx_cols=0  ~128 bytes
      K47     rows=4  idx_cols=0  ~64 bytes
      K48     rows=8  idx_cols=0  ~128 bytes
      K49     rows=4  idx_cols=0  ~64 bytes
      K50     rows=4  idx_cols=0  ~64 bytes
      K51     rows=4  idx_cols=0  ~64 bytes
      K52     rows=8  idx_cols=0  ~128 bytes
      K53     rows=4  idx_cols=0  ~64 bytes
      K54     rows=2  idx_cols=0  ~32 bytes
      K55     rows=4  idx_cols=0  ~64 bytes
      K56     rows=8  idx_cols=0  ~128 bytes
      K57     rows=8  idx_cols=0  ~128 bytes
      K58     rows=8  idx_cols=0  ~128 bytes
      K59     rows=8  idx_cols=0  ~128 bytes
      K60     rows=8  idx_cols=0  ~128 bytes
      K61     rows=16  idx_cols=0  ~256 bytes
      K62     rows=16  idx_cols=0  ~256 bytes
      K63     rows=16  idx_cols=0  ~256 bytes
      K64     rows=8  idx_cols=0  ~128 bytes
      K65     rows=2  idx_cols=0  ~32 bytes
      K66     rows=2  idx_cols=0  ~32 bytes
      K67     rows=8  idx_cols=0  ~128 bytes
      K68     rows=2  idx_cols=0  ~32 bytes
      K69     rows=4  idx_cols=0  ~64 bytes
      K70     rows=8  idx_cols=0  ~128 bytes
      K71     rows=4  idx_cols=0  ~64 bytes
      K72     rows=16  idx_cols=0  ~256 bytes
      K73     rows=8  idx_cols=0  ~128 bytes
      K74     rows=8  idx_cols=0  ~128 bytes
      K75     rows=16  idx_cols=0  ~256 bytes
      K76     rows=8  idx_cols=0  ~128 bytes
      K77     rows=16  idx_cols=0  ~256 bytes
      K78     rows=16  idx_cols=0  ~256 bytes
      K79     rows=16  idx_cols=0  ~256 bytes
      K80     rows=16  idx_cols=0  ~256 bytes
      K81     rows=16  idx_cols=0  ~256 bytes
      K82     rows=32  idx_cols=0  ~512 bytes
      K83     rows=32  idx_cols=0  ~512 bytes
      K84     rows=32  idx_cols=0  ~512 bytes
      K85     rows=16  idx_cols=0  ~256 bytes
      K86     rows=16  idx_cols=0  ~256 bytes
      K87     rows=32  idx_cols=0  ~512 bytes
      K88     rows=64  idx_cols=0  ~1024 bytes
      K89     rows=16  idx_cols=0  ~256 bytes
      K90     rows=32  idx_cols=0  ~512 bytes
      K91     rows=16  idx_cols=0  ~256 bytes
      K92     rows=32  idx_cols=0  ~512 bytes
      K93     rows=16  idx_cols=0  ~256 bytes
      K94     rows=32  idx_cols=0  ~512 bytes
      K95     rows=64  idx_cols=0  ~1024 bytes
      K96     rows=64  idx_cols=0  ~1024 bytes
      K97     rows=32  idx_cols=0  ~512 bytes
      K98     rows=32  idx_cols=0  ~512 bytes
      K99     rows=64  idx_cols=0  ~1024 bytes
      K100    rows=128  idx_cols=0  ~2048 bytes
      K101    rows=256  idx_cols=0  ~4096 bytes

  [Aer] 00551435ffa5cf6c1cd146fced08c4e6d1ba76accde83bba0f24f2ade5d8aa3c  (11 qubits, depth 45)
    [+] statevector                [multi ]  wall=0.0238s  rss=211,404KB  vsz=6,515MB  Δmaj=0
    [+] statevector                [single]  wall=0.0060s  rss=211,404KB  vsz=6,515MB  Δmaj=0
    [-] stabilizer                 [multi ]  wall=0.0026s  rss=211,404KB  vsz=6,515MB  Δmaj=0
    [-] stabilizer                 [single]  wall=0.0025s  rss=211,404KB  vsz=6,515MB  Δmaj=0
    [+] density_matrix             [multi ]  wall=0.2227s  rss=209,824KB  vsz=6,515MB  Δmaj=0
    [+] density_matrix             [single]  wall=2.1839s  rss=209,824KB  vsz=6,515MB  Δmaj=0
    [+] matrix_product_state       [multi ]  wall=0.0501s  rss=209,824KB  vsz=7,219MB  Δmaj=0
    [+] matrix_product_state       [single]  wall=0.0563s  rss=209,824KB  vsz=7,219MB  Δmaj=0
    [-] extended_stabilizer        [multi ]  wall=0.0041s  rss=209,824KB  vsz=7,219MB  Δmaj=0
    [-] extended_stabilizer        [single]  wall=0.0041s  rss=209,824KB  vsz=7,219MB  Δmaj=0
    [+] unitary                    [multi ]  wall=0.0816s  rss=273,676KB  vsz=7,283MB  Δmaj=0
    [+] unitary                    [single]  wall=0.4525s  rss=273,916KB  vsz=7,283MB  Δmaj=0
    [+] automatic                  [multi ]  wall=0.0084s  rss=208,392KB  vsz=7,219MB  Δmaj=0
    [+] automatic                  [single]  wall=0.0061s  rss=208,392KB  vsz=7,219MB  Δmaj=0
