
  [SQLite] 0059f03076c236ff6c366e43f5e73b0aaae01886cbefc4c251a51ce1bb452d95
    total CTEs  : 64  (tensor CTEs: 6, contraction CTEs: 58)
    SQL length  : 17,172 chars
    Counting rows per K_i CTE (58 contraction CTEs)...
      K1      rows=2  idx_cols=0  ~32 bytes
      K2      rows=2  idx_cols=0  ~32 bytes
      K3      rows=2  idx_cols=0  ~32 bytes
      K4      rows=2  idx_cols=0  ~32 bytes
      K5      rows=2  idx_cols=0  ~32 bytes
      K6      rows=2  idx_cols=0  ~32 bytes
      K7      rows=2  idx_cols=0  ~32 bytes
      K8      rows=2  idx_cols=0  ~32 bytes
      K9      rows=2  idx_cols=0  ~32 bytes
      K10     rows=2  idx_cols=0  ~32 bytes
      K11     rows=2  idx_cols=0  ~32 bytes
      K12     rows=2  idx_cols=0  ~32 bytes
      K13     rows=8  idx_cols=0  ~128 bytes
      K14     rows=4  idx_cols=0  ~64 bytes
      K15     rows=8  idx_cols=0  ~128 bytes
      K16     rows=8  idx_cols=0  ~128 bytes
      K17     rows=8  idx_cols=0  ~128 bytes
      K18     rows=8  idx_cols=0  ~128 bytes
      K19     rows=8  idx_cols=0  ~128 bytes
      K20     rows=8  idx_cols=0  ~128 bytes
      K21     rows=8  idx_cols=0  ~128 bytes
      K22     rows=8  idx_cols=0  ~128 bytes
      K23     rows=8  idx_cols=0  ~128 bytes
      K24     rows=2  idx_cols=0  ~32 bytes
      K25     rows=4  idx_cols=0  ~64 bytes
      K26     rows=4  idx_cols=0  ~64 bytes
      K27     rows=8  idx_cols=0  ~128 bytes
      K28     rows=4  idx_cols=0  ~64 bytes
      K29     rows=8  idx_cols=0  ~128 bytes
      K30     rows=4  idx_cols=0  ~64 bytes
      K31     rows=8  idx_cols=0  ~128 bytes
      K32     rows=8  idx_cols=0  ~128 bytes
      K33     rows=4  idx_cols=0  ~64 bytes
      K34     rows=8  idx_cols=0  ~128 bytes
      K35     rows=8  idx_cols=0  ~128 bytes
      K36     rows=8  idx_cols=0  ~128 bytes
      K37     rows=16  idx_cols=0  ~256 bytes
      K38     rows=16  idx_cols=0  ~256 bytes
      K39     rows=8  idx_cols=0  ~128 bytes
      K40     rows=16  idx_cols=0  ~256 bytes
      K41     rows=16  idx_cols=0  ~256 bytes
      K42     rows=16  idx_cols=0  ~256 bytes
      K43     rows=16  idx_cols=0  ~256 bytes
      K44     rows=8  idx_cols=0  ~128 bytes
      K45     rows=8  idx_cols=0  ~128 bytes
      K46     rows=8  idx_cols=0  ~128 bytes
      K47     rows=8  idx_cols=0  ~128 bytes
      K48     rows=2  idx_cols=0  ~32 bytes
      K49     rows=2  idx_cols=0  ~32 bytes
      K50     rows=2  idx_cols=0  ~32 bytes
      K51     rows=2  idx_cols=0  ~32 bytes
      K52     rows=2  idx_cols=0  ~32 bytes
      K53     rows=2  idx_cols=0  ~32 bytes
      K54     rows=2  idx_cols=0  ~32 bytes
      K55     rows=8  idx_cols=0  ~128 bytes
      K56     rows=2  idx_cols=0  ~32 bytes
      K57     rows=8  idx_cols=0  ~128 bytes
      K58     rows=2  idx_cols=0  ~32 bytes

  [Aer] 0059f03076c236ff6c366e43f5e73b0aaae01886cbefc4c251a51ce1bb452d95  (15 qubits, depth 26)
    [+] statevector                [multi ]  wall=0.0044s  rss=204,508KB  vsz=6,509MB  Δmaj=0
    [+] statevector                [single]  wall=0.0131s  rss=204,508KB  vsz=6,509MB  Δmaj=0
    [-] stabilizer                 [multi ]  wall=0.0019s  rss=204,940KB  vsz=6,509MB  Δmaj=0
    [-] stabilizer                 [single]  wall=0.0019s  rss=204,940KB  vsz=6,509MB  Δmaj=0
    [+] density_matrix             [multi ]  wall=15.9387s  rss=205,892KB  vsz=6,509MB  Δmaj=7
    [+] density_matrix             [single]  wall=131.3224s  rss=205,892KB  vsz=6,509MB  Δmaj=0
    [+] matrix_product_state       [multi ]  wall=0.0947s  rss=205,892KB  vsz=7,181MB  Δmaj=0
    [+] matrix_product_state       [single]  wall=0.0413s  rss=205,892KB  vsz=7,181MB  Δmaj=0
    [-] extended_stabilizer        [multi ]  wall=0.0018s  rss=205,892KB  vsz=7,181MB  Δmaj=0
    [-] extended_stabilizer        [single]  wall=0.0018s  rss=205,892KB  vsz=7,181MB  Δmaj=0
    [+] unitary                    [multi ]  wall=7.4806s  rss=16,984,064KB  vsz=23,565MB  Δmaj=0
    [+] unitary                    [single]  wall=84.0502s  rss=16,984,052KB  vsz=23,565MB  Δmaj=0
    [+] automatic                  [multi ]  wall=0.4054s  rss=206,844KB  vsz=7,181MB  Δmaj=0
    [+] automatic                  [single]  wall=0.0072s  rss=207,372KB  vsz=7,181MB  Δmaj=0
