
  [SQLite] 005a5c4576e604e095b79fbc71dc7ae56d454a51bd65b54fbd47e1dd7dd1869f
    total CTEs  : 46  (tensor CTEs: 5, contraction CTEs: 41)
    SQL length  : 12,231 chars
    Counting rows per K_i CTE (41 contraction CTEs)...
      K1      rows=2  idx_cols=0  ~32 bytes
      K2      rows=2  idx_cols=0  ~32 bytes
      K3      rows=2  idx_cols=0  ~32 bytes
      K4      rows=8  idx_cols=0  ~128 bytes
      K5      rows=4  idx_cols=0  ~64 bytes
      K6      rows=2  idx_cols=0  ~32 bytes
      K7      rows=4  idx_cols=0  ~64 bytes
      K8      rows=4  idx_cols=0  ~64 bytes
      K9      rows=4  idx_cols=0  ~64 bytes
      K10     rows=8  idx_cols=0  ~128 bytes
      K11     rows=2  idx_cols=0  ~32 bytes
      K12     rows=4  idx_cols=0  ~64 bytes
      K13     rows=4  idx_cols=0  ~64 bytes
      K14     rows=8  idx_cols=0  ~128 bytes
      K15     rows=4  idx_cols=0  ~64 bytes
      K16     rows=4  idx_cols=0  ~64 bytes
      K17     rows=4  idx_cols=0  ~64 bytes
      K18     rows=4  idx_cols=0  ~64 bytes
      K19     rows=4  idx_cols=0  ~64 bytes
      K20     rows=4  idx_cols=0  ~64 bytes
      K21     rows=8  idx_cols=0  ~128 bytes
      K22     rows=2  idx_cols=0  ~32 bytes
      K23     rows=4  idx_cols=0  ~64 bytes
      K24     rows=4  idx_cols=0  ~64 bytes
      K25     rows=4  idx_cols=0  ~64 bytes
      K26     rows=4  idx_cols=0  ~64 bytes
      K27     rows=8  idx_cols=0  ~128 bytes
      K28     rows=8  idx_cols=0  ~128 bytes
      K29     rows=4  idx_cols=0  ~64 bytes
      K30     rows=4  idx_cols=0  ~64 bytes
      K31     rows=8  idx_cols=0  ~128 bytes
      K32     rows=16  idx_cols=0  ~256 bytes
      K33     rows=4  idx_cols=0  ~64 bytes
      K34     rows=8  idx_cols=0  ~128 bytes
      K35     rows=64  idx_cols=0  ~1024 bytes
      K36     rows=32  idx_cols=0  ~512 bytes
      K37     rows=1024  idx_cols=0  ~16384 bytes
      K38     rows=1  idx_cols=0  ~16 bytes
      K39     rows=1  idx_cols=0  ~16 bytes
      K40     rows=1  idx_cols=0  ~16 bytes
      K41     rows=1  idx_cols=0  ~16 bytes

  [Aer] 005a5c4576e604e095b79fbc71dc7ae56d454a51bd65b54fbd47e1dd7dd1869f  (15 qubits, depth 12)
    [+] statevector                [multi ]  wall=0.0041s  rss=201,364KB  vsz=5,012MB  Δmaj=0
    [+] statevector                [single]  wall=0.0068s  rss=201,684KB  vsz=5,012MB  Δmaj=0
    [+] stabilizer                 [multi ]  wall=0.0085s  rss=201,684KB  vsz=5,012MB  Δmaj=0
    [+] stabilizer                 [single]  wall=0.0076s  rss=201,684KB  vsz=5,012MB  Δmaj=0
    [+] density_matrix             [multi ]  wall=25.8258s  rss=199,940KB  vsz=6,506MB  Δmaj=0
    [+] density_matrix             [single]  wall=235.9201s  rss=199,940KB  vsz=6,506MB  Δmaj=0
    [+] matrix_product_state       [multi ]  wall=0.0031s  rss=199,940KB  vsz=6,538MB  Δmaj=0
    [+] matrix_product_state       [single]  wall=0.0135s  rss=199,940KB  vsz=6,538MB  Δmaj=0
    [+] extended_stabilizer        [multi ]  wall=0.0028s  rss=199,940KB  vsz=6,538MB  Δmaj=0
    [+] extended_stabilizer        [single]  wall=0.0027s  rss=199,940KB  vsz=6,538MB  Δmaj=0
    [+] unitary                    [multi ]  wall=6.2644s  rss=16,972,240KB  vsz=22,922MB  Δmaj=0
    [+] unitary                    [single]  wall=68.8704s  rss=16,972,388KB  vsz=22,922MB  Δmaj=0
    [+] automatic                  [multi ]  wall=0.4029s  rss=195,192KB  vsz=6,538MB  Δmaj=0
    [+] automatic                  [single]  wall=0.0071s  rss=195,192KB  vsz=6,538MB  Δmaj=0
