
  [SQLite] 005b20c41364bf0803efa5b9803543df3d925c35db044c5c663faacd480632b8
    total CTEs  : 87  (tensor CTEs: 6, contraction CTEs: 81)
    SQL length  : 24,858 chars
    Counting rows per K_i CTE (81 contraction CTEs)...
      K1      rows=2  idx_cols=0  ~32 bytes
      K2      rows=2  idx_cols=0  ~32 bytes
      K3      rows=2  idx_cols=0  ~32 bytes
      K4      rows=2  idx_cols=0  ~32 bytes
      K5      rows=8  idx_cols=0  ~128 bytes
      K6      rows=2  idx_cols=0  ~32 bytes
      K7      rows=2  idx_cols=0  ~32 bytes
      K8      rows=2  idx_cols=0  ~32 bytes
      K9      rows=2  idx_cols=0  ~32 bytes
      K10     rows=8  idx_cols=0  ~128 bytes
      K11     rows=8  idx_cols=0  ~128 bytes
      K12     rows=8  idx_cols=0  ~128 bytes
      K13     rows=8  idx_cols=0  ~128 bytes
      K14     rows=16  idx_cols=0  ~256 bytes
      K15     rows=8  idx_cols=0  ~128 bytes
      K16     rows=16  idx_cols=0  ~256 bytes
      K17     rows=2  idx_cols=0  ~32 bytes
      K18     rows=8  idx_cols=0  ~128 bytes
      K19     rows=2  idx_cols=0  ~32 bytes
      K20     rows=8  idx_cols=0  ~128 bytes
      K21     rows=8  idx_cols=0  ~128 bytes
      K22     rows=2  idx_cols=0  ~32 bytes
      K23     rows=8  idx_cols=0  ~128 bytes
      K24     rows=4  idx_cols=0  ~64 bytes
      K25     rows=16  idx_cols=0  ~256 bytes
      K26     rows=16  idx_cols=0  ~256 bytes
      K27     rows=16  idx_cols=0  ~256 bytes
      K28     rows=8  idx_cols=0  ~128 bytes
      K29     rows=4  idx_cols=0  ~64 bytes
      K30     rows=16  idx_cols=0  ~256 bytes
      K31     rows=8  idx_cols=0  ~128 bytes
      K32     rows=16  idx_cols=0  ~256 bytes
      K33     rows=4  idx_cols=0  ~64 bytes
      K34     rows=8  idx_cols=0  ~128 bytes
      K35     rows=16  idx_cols=0  ~256 bytes
      K36     rows=8  idx_cols=0  ~128 bytes
      K37     rows=16  idx_cols=0  ~256 bytes
      K38     rows=8  idx_cols=0  ~128 bytes
      K39     rows=16  idx_cols=0  ~256 bytes
      K40     rows=16  idx_cols=0  ~256 bytes
      K41     rows=16  idx_cols=0  ~256 bytes
      K42     rows=16  idx_cols=0  ~256 bytes
      K43     rows=16  idx_cols=0  ~256 bytes
      K44     rows=16  idx_cols=0  ~256 bytes
      K45     rows=16  idx_cols=0  ~256 bytes
      K46     rows=16  idx_cols=0  ~256 bytes
      K47     rows=8  idx_cols=0  ~128 bytes
      K48     rows=2  idx_cols=0  ~32 bytes
      K49     rows=16  idx_cols=0  ~256 bytes
      K50     rows=16  idx_cols=0  ~256 bytes
      K51     rows=2  idx_cols=0  ~32 bytes
      K52     rows=16  idx_cols=0  ~256 bytes
      K53     rows=16  idx_cols=0  ~256 bytes
      K54     rows=8  idx_cols=0  ~128 bytes
      K55     rows=16  idx_cols=0  ~256 bytes
      K56     rows=16  idx_cols=0  ~256 bytes
      K57     rows=4  idx_cols=0  ~64 bytes
      K58     rows=16  idx_cols=0  ~256 bytes
      K59     rows=16  idx_cols=0  ~256 bytes
      K60     rows=4  idx_cols=0  ~64 bytes
      K61     rows=2  idx_cols=0  ~32 bytes
      K62     rows=4  idx_cols=0  ~64 bytes
      K63     rows=8  idx_cols=0  ~128 bytes
      K64     rows=16  idx_cols=0  ~256 bytes
      K65     rows=8  idx_cols=0  ~128 bytes
      K66     rows=16  idx_cols=0  ~256 bytes
      K67     rows=16  idx_cols=0  ~256 bytes
      K68     rows=2  idx_cols=0  ~32 bytes
      K69     rows=8  idx_cols=0  ~128 bytes
      K70     rows=16  idx_cols=0  ~256 bytes
      K71     rows=16  idx_cols=0  ~256 bytes
      K72     rows=16  idx_cols=0  ~256 bytes
      K73     rows=2  idx_cols=0  ~32 bytes
      K74     rows=32  idx_cols=0  ~512 bytes
      K75     rows=32  idx_cols=0  ~512 bytes
      K76     rows=32  idx_cols=0  ~512 bytes
      K77     rows=32  idx_cols=0  ~512 bytes
      K78     rows=32  idx_cols=0  ~512 bytes
      K79     rows=2  idx_cols=0  ~32 bytes
      K80     rows=32  idx_cols=0  ~512 bytes
      K81     rows=2  idx_cols=0  ~32 bytes

  [Aer] 005b20c41364bf0803efa5b9803543df3d925c35db044c5c663faacd480632b8  (12 qubits, depth 18)
    [+] statevector                [multi ]  wall=0.0121s  rss=208,044KB  vsz=6,511MB  Δmaj=0
    [+] statevector                [single]  wall=0.0126s  rss=208,420KB  vsz=6,511MB  Δmaj=0
    [-] stabilizer                 [multi ]  wall=0.0050s  rss=208,420KB  vsz=6,511MB  Δmaj=0
    [-] stabilizer                 [single]  wall=0.0049s  rss=208,420KB  vsz=6,511MB  Δmaj=0
    [+] density_matrix             [multi ]  wall=0.4611s  rss=206,820KB  vsz=6,511MB  Δmaj=22
    [+] density_matrix             [single]  wall=4.3667s  rss=206,820KB  vsz=6,511MB  Δmaj=0
    [+] matrix_product_state       [multi ]  wall=0.0635s  rss=206,820KB  vsz=7,087MB  Δmaj=0
    [+] matrix_product_state       [single]  wall=0.0404s  rss=206,820KB  vsz=7,087MB  Δmaj=0
    [-] extended_stabilizer        [multi ]  wall=0.0049s  rss=206,820KB  vsz=7,087MB  Δmaj=0
    [-] extended_stabilizer        [single]  wall=0.0048s  rss=207,076KB  vsz=7,087MB  Δmaj=0
    [+] unitary                    [multi ]  wall=0.1845s  rss=467,512KB  vsz=7,343MB  Δmaj=0
    [+] unitary                    [single]  wall=1.7283s  rss=467,648KB  vsz=7,343MB  Δmaj=0
    [+] automatic                  [multi ]  wall=0.0298s  rss=205,536KB  vsz=7,087MB  Δmaj=0
    [+] automatic                  [single]  wall=0.0119s  rss=205,536KB  vsz=7,087MB  Δmaj=0
