
  [SQLite] 005e45e1132d99187ab4bc10d83a173ebb9c158af3dbc1e79058f0118f315f3a
    total CTEs  : 50  (tensor CTEs: 6, contraction CTEs: 44)
    SQL length  : 14,373 chars
    Counting rows per K_i CTE (44 contraction CTEs)...
      K1      rows=8  idx_cols=0  ~128 bytes
      K2      rows=8  idx_cols=0  ~128 bytes
      K3      rows=8  idx_cols=0  ~128 bytes
      K4      rows=4  idx_cols=0  ~64 bytes
      K5      rows=8  idx_cols=0  ~128 bytes
      K6      rows=8  idx_cols=0  ~128 bytes
      K7      rows=2  idx_cols=0  ~32 bytes
      K8      rows=4  idx_cols=0  ~64 bytes
      K9      rows=8  idx_cols=0  ~128 bytes
      K10     rows=8  idx_cols=0  ~128 bytes
      K11     rows=8  idx_cols=0  ~128 bytes
      K12     rows=2  idx_cols=0  ~32 bytes
      K13     rows=2  idx_cols=0  ~32 bytes
      K14     rows=8  idx_cols=0  ~128 bytes
      K15     rows=16  idx_cols=0  ~256 bytes
      K16     rows=8  idx_cols=0  ~128 bytes
      K17     rows=16  idx_cols=0  ~256 bytes
      K18     rows=4  idx_cols=0  ~64 bytes
      K19     rows=16  idx_cols=0  ~256 bytes
      K20     rows=16  idx_cols=0  ~256 bytes
      K21     rows=2  idx_cols=0  ~32 bytes
      K22     rows=4  idx_cols=0  ~64 bytes
      K23     rows=16  idx_cols=0  ~256 bytes
      K24     rows=8  idx_cols=0  ~128 bytes
      K25     rows=16  idx_cols=0  ~256 bytes
      K26     rows=8  idx_cols=0  ~128 bytes
      K27     rows=8  idx_cols=0  ~128 bytes
      K28     rows=8  idx_cols=0  ~128 bytes
      K29     rows=8  idx_cols=0  ~128 bytes
      K30     rows=4  idx_cols=0  ~64 bytes
      K31     rows=16  idx_cols=0  ~256 bytes
      K32     rows=16  idx_cols=0  ~256 bytes
      K33     rows=16  idx_cols=0  ~256 bytes
      K34     rows=32  idx_cols=0  ~512 bytes
      K35     rows=32  idx_cols=0  ~512 bytes
      K36     rows=32  idx_cols=0  ~512 bytes
      K37     rows=32  idx_cols=0  ~512 bytes
      K38     rows=32  idx_cols=0  ~512 bytes
      K39     rows=32  idx_cols=0  ~512 bytes
      K40     rows=32  idx_cols=0  ~512 bytes
      K41     rows=32  idx_cols=0  ~512 bytes
      K42     rows=32  idx_cols=0  ~512 bytes
      K43     rows=32  idx_cols=0  ~512 bytes
      K44     rows=32  idx_cols=0  ~512 bytes

  [Aer] 005e45e1132d99187ab4bc10d83a173ebb9c158af3dbc1e79058f0118f315f3a  (5 qubits, depth 1)
    [+] statevector                [multi ]  wall=0.0033s  rss=203,512KB  vsz=6,507MB  Δmaj=0
    [+] statevector                [single]  wall=0.0049s  rss=203,512KB  vsz=6,508MB  Δmaj=0
    [-] stabilizer                 [multi ]  wall=0.0065s  rss=203,512KB  vsz=6,508MB  Δmaj=0
    [-] stabilizer                 [single]  wall=0.0036s  rss=203,512KB  vsz=6,508MB  Δmaj=0
    [+] density_matrix             [multi ]  wall=0.0496s  rss=204,504KB  vsz=6,508MB  Δmaj=0
    [+] density_matrix             [single]  wall=0.0033s  rss=204,820KB  vsz=6,508MB  Δmaj=0
    [+] matrix_product_state       [multi ]  wall=0.0292s  rss=204,820KB  vsz=7,244MB  Δmaj=0
    [+] matrix_product_state       [single]  wall=0.0180s  rss=204,820KB  vsz=7,244MB  Δmaj=0
    [-] extended_stabilizer        [multi ]  wall=0.0013s  rss=204,820KB  vsz=7,244MB  Δmaj=0
    [-] extended_stabilizer        [single]  wall=0.0013s  rss=204,820KB  vsz=7,244MB  Δmaj=0
    [+] unitary                    [multi ]  wall=0.0018s  rss=204,820KB  vsz=7,244MB  Δmaj=0
    [+] unitary                    [single]  wall=0.0019s  rss=204,820KB  vsz=7,244MB  Δmaj=0
    [+] automatic                  [multi ]  wall=0.0025s  rss=204,820KB  vsz=7,244MB  Δmaj=0
    [+] automatic                  [single]  wall=0.0030s  rss=204,820KB  vsz=7,244MB  Δmaj=0
