
  [SQLite] 0062bc540794485a854184beef847ecbe6c6d294ea06c5c478285017a3499a62
    total CTEs  : 83  (tensor CTEs: 4, contraction CTEs: 79)
    SQL length  : 23,825 chars
    Counting rows per K_i CTE (79 contraction CTEs)...
      K1      rows=2  idx_cols=0  ~32 bytes
      K2      rows=2  idx_cols=0  ~32 bytes
      K3      rows=2  idx_cols=0  ~32 bytes
      K4      rows=2  idx_cols=0  ~32 bytes
      K5      rows=2  idx_cols=0  ~32 bytes
      K6      rows=2  idx_cols=0  ~32 bytes
      K7      rows=2  idx_cols=0  ~32 bytes
      K8      rows=2  idx_cols=0  ~32 bytes
      K9      rows=2  idx_cols=0  ~32 bytes
      K10     rows=2  idx_cols=0  ~32 bytes
      K11     rows=8  idx_cols=0  ~128 bytes
      K12     rows=2  idx_cols=0  ~32 bytes
      K13     rows=8  idx_cols=0  ~128 bytes
      K14     rows=2  idx_cols=0  ~32 bytes
      K15     rows=16  idx_cols=0  ~256 bytes
      K16     rows=8  idx_cols=0  ~128 bytes
      K17     rows=4  idx_cols=0  ~64 bytes
      K18     rows=8  idx_cols=0  ~128 bytes
      K19     rows=8  idx_cols=0  ~128 bytes
      K20     rows=8  idx_cols=0  ~128 bytes
      K21     rows=8  idx_cols=0  ~128 bytes
      K22     rows=16  idx_cols=0  ~256 bytes
      K23     rows=2  idx_cols=0  ~32 bytes
      K24     rows=16  idx_cols=0  ~256 bytes
      K25     rows=4  idx_cols=0  ~64 bytes
      K26     rows=4  idx_cols=0  ~64 bytes
      K27     rows=8  idx_cols=0  ~128 bytes
      K28     rows=2  idx_cols=0  ~32 bytes
      K29     rows=2  idx_cols=0  ~32 bytes
      K30     rows=8  idx_cols=0  ~128 bytes
      K31     rows=8  idx_cols=0  ~128 bytes
      K32     rows=16  idx_cols=0  ~256 bytes
      K33     rows=4  idx_cols=0  ~64 bytes
      K34     rows=2  idx_cols=0  ~32 bytes
      K35     rows=8  idx_cols=0  ~128 bytes
      K36     rows=8  idx_cols=0  ~128 bytes
      K37     rows=4  idx_cols=0  ~64 bytes
      K38     rows=4  idx_cols=0  ~64 bytes
      K39     rows=2  idx_cols=0  ~32 bytes
      K40     rows=4  idx_cols=0  ~64 bytes
      K41     rows=8  idx_cols=0  ~128 bytes
      K42     rows=8  idx_cols=0  ~128 bytes
      K43     rows=32  idx_cols=0  ~512 bytes
      K44     rows=8  idx_cols=0  ~128 bytes
      K45     rows=16  idx_cols=0  ~256 bytes
      K46     rows=8  idx_cols=0  ~128 bytes
      K47     rows=16  idx_cols=0  ~256 bytes
      K48     rows=4  idx_cols=0  ~64 bytes
      K49     rows=8  idx_cols=0  ~128 bytes
      K50     rows=16  idx_cols=0  ~256 bytes
      K51     rows=32  idx_cols=0  ~512 bytes
      K52     rows=8  idx_cols=0  ~128 bytes
      K53     rows=32  idx_cols=0  ~512 bytes
      K54     rows=32  idx_cols=0  ~512 bytes
      K55     rows=8  idx_cols=0  ~128 bytes
      K56     rows=8  idx_cols=0  ~128 bytes
      K57     rows=8  idx_cols=0  ~128 bytes
      K58     rows=32  idx_cols=0  ~512 bytes
      K59     rows=128  idx_cols=0  ~2048 bytes
      K60     rows=8  idx_cols=0  ~128 bytes
      K61     rows=32  idx_cols=0  ~512 bytes
      K62     rows=4  idx_cols=0  ~64 bytes
      K63     rows=4  idx_cols=0  ~64 bytes
      K64     rows=64  idx_cols=0  ~1024 bytes
      K65     rows=16  idx_cols=0  ~256 bytes
      K66     rows=8  idx_cols=0  ~128 bytes
      K67     rows=128  idx_cols=0  ~2048 bytes
      K68     rows=512  idx_cols=0  ~8192 bytes
      K69     rows=128  idx_cols=0  ~2048 bytes
      K70     rows=16  idx_cols=0  ~256 bytes
      K71     rows=256  idx_cols=0  ~4096 bytes
      K72     rows=256  idx_cols=0  ~4096 bytes
      K73     rows=256  idx_cols=0  ~4096 bytes
      K74     rows=128  idx_cols=0  ~2048 bytes
      K75     rows=2048  idx_cols=0  ~32768 bytes
      K76     rows=2048  idx_cols=0  ~32768 bytes
      K77     rows=2048  idx_cols=0  ~32768 bytes
      K78     rows=1024  idx_cols=0  ~16384 bytes
      K79     rows=1024  idx_cols=0  ~16384 bytes

  [Aer] 0062bc540794485a854184beef847ecbe6c6d294ea06c5c478285017a3499a62  (15 qubits, depth 23)
    [+] statevector                [multi ]  wall=0.0078s  rss=211,768KB  vsz=6,515MB  Δmaj=14
    [+] statevector                [single]  wall=0.0219s  rss=212,088KB  vsz=6,515MB  Δmaj=0
    [+] stabilizer                 [multi ]  wall=0.0191s  rss=212,088KB  vsz=6,515MB  Δmaj=0
    [+] stabilizer                 [single]  wall=0.0090s  rss=212,088KB  vsz=6,515MB  Δmaj=0
    [+] density_matrix             [multi ]  wall=96.6067s  rss=212,932KB  vsz=6,515MB  Δmaj=0
    [+] density_matrix             [single]  wall=1038.3255s  rss=212,932KB  vsz=6,515MB  Δmaj=0
    [+] matrix_product_state       [multi ]  wall=0.4840s  rss=264,648KB  vsz=6,963MB  Δmaj=0
    [+] matrix_product_state       [single]  wall=1.3301s  rss=264,776KB  vsz=6,963MB  Δmaj=0
    [+] extended_stabilizer        [multi ]  wall=0.0048s  rss=264,776KB  vsz=6,963MB  Δmaj=0
    [+] extended_stabilizer        [single]  wall=0.0044s  rss=264,776KB  vsz=6,963MB  Δmaj=0
    [+] unitary                    [multi ]  wall=24.3619s  rss=17,042,560KB  vsz=23,347MB  Δmaj=0
    [+] unitary                    [single]  wall=273.8237s  rss=17,042,660KB  vsz=23,347MB  Δmaj=0
    [+] automatic                  [multi ]  wall=0.3975s  rss=265,448KB  vsz=6,963MB  Δmaj=0
    [+] automatic                  [single]  wall=0.0080s  rss=265,448KB  vsz=6,963MB  Δmaj=0
