
  [SQLite] 0064d0f274c70b14cea167b8c8c15239376ba2764db790b7b968e7bf3008da2d
    total CTEs  : 158  (tensor CTEs: 9, contraction CTEs: 149)
    SQL length  : 45,959 chars
    Counting rows per K_i CTE (149 contraction CTEs)...
      K1      rows=4  idx_cols=0  ~64 bytes
      K2      rows=8  idx_cols=0  ~128 bytes
      K3      rows=4  idx_cols=0  ~64 bytes
      K4      rows=4  idx_cols=0  ~64 bytes
      K5      rows=4  idx_cols=0  ~64 bytes
      K6      rows=4  idx_cols=0  ~64 bytes
      K7      rows=4  idx_cols=0  ~64 bytes
      K8      rows=4  idx_cols=0  ~64 bytes
      K9      rows=8  idx_cols=0  ~128 bytes
      K10     rows=4  idx_cols=0  ~64 bytes
      K11     rows=4  idx_cols=0  ~64 bytes
      K12     rows=4  idx_cols=0  ~64 bytes
      K13     rows=4  idx_cols=0  ~64 bytes
      K14     rows=2  idx_cols=0  ~32 bytes
      K15     rows=4  idx_cols=0  ~64 bytes
      K16     rows=4  idx_cols=0  ~64 bytes
      K17     rows=4  idx_cols=0  ~64 bytes
      K18     rows=4  idx_cols=0  ~64 bytes
      K19     rows=4  idx_cols=0  ~64 bytes
      K20     rows=4  idx_cols=0  ~64 bytes
      K21     rows=4  idx_cols=0  ~64 bytes
      K22     rows=2  idx_cols=0  ~32 bytes
      K23     rows=8  idx_cols=0  ~128 bytes
      K24     rows=4  idx_cols=0  ~64 bytes
      K25     rows=2  idx_cols=0  ~32 bytes
      K26     rows=4  idx_cols=0  ~64 bytes
      K27     rows=2  idx_cols=0  ~32 bytes
      K28     rows=4  idx_cols=0  ~64 bytes
      K29     rows=4  idx_cols=0  ~64 bytes
      K30     rows=8  idx_cols=0  ~128 bytes
      K31     rows=8  idx_cols=0  ~128 bytes
      K32     rows=8  idx_cols=0  ~128 bytes
      K33     rows=4  idx_cols=0  ~64 bytes
      K34     rows=4  idx_cols=0  ~64 bytes
      K35     rows=4  idx_cols=0  ~64 bytes
      K36     rows=4  idx_cols=0  ~64 bytes
      K37     rows=4  idx_cols=0  ~64 bytes
      K38     rows=4  idx_cols=0  ~64 bytes
      K39     rows=8  idx_cols=0  ~128 bytes
      K40     rows=4  idx_cols=0  ~64 bytes
      K41     rows=4  idx_cols=0  ~64 bytes
      K42     rows=4  idx_cols=0  ~64 bytes
      K43     rows=8  idx_cols=0  ~128 bytes
      K44     rows=4  idx_cols=0  ~64 bytes
      K45     rows=4  idx_cols=0  ~64 bytes
      K46     rows=8  idx_cols=0  ~128 bytes
      K47     rows=8  idx_cols=0  ~128 bytes
      K48     rows=8  idx_cols=0  ~128 bytes
      K49     rows=4  idx_cols=0  ~64 bytes
      K50     rows=8  idx_cols=0  ~128 bytes
      K51     rows=4  idx_cols=0  ~64 bytes
      K52     rows=4  idx_cols=0  ~64 bytes
      K53     rows=8  idx_cols=0  ~128 bytes
      K54     rows=4  idx_cols=0  ~64 bytes
      K55     rows=4  idx_cols=0  ~64 bytes
      K56     rows=4  idx_cols=0  ~64 bytes
      K57     rows=8  idx_cols=0  ~128 bytes
      K58     rows=8  idx_cols=0  ~128 bytes
      K59     rows=8  idx_cols=0  ~128 bytes
      K60     rows=4  idx_cols=0  ~64 bytes
      K61     rows=4  idx_cols=0  ~64 bytes
      K62     rows=8  idx_cols=0  ~128 bytes
      K63     rows=8  idx_cols=0  ~128 bytes
      K64     rows=4  idx_cols=0  ~64 bytes
      K65     rows=4  idx_cols=0  ~64 bytes
      K66     rows=4  idx_cols=0  ~64 bytes
      K67     rows=4  idx_cols=0  ~64 bytes
      K68     rows=4  idx_cols=0  ~64 bytes
      K69     rows=4  idx_cols=0  ~64 bytes
      K70     rows=8  idx_cols=0  ~128 bytes
      K71     rows=8  idx_cols=0  ~128 bytes
      K72     rows=4  idx_cols=0  ~64 bytes
      K73     rows=4  idx_cols=0  ~64 bytes
      K74     rows=4  idx_cols=0  ~64 bytes
      K75     rows=8  idx_cols=0  ~128 bytes
      K76     rows=4  idx_cols=0  ~64 bytes
      K77     rows=8  idx_cols=0  ~128 bytes
      K78     rows=8  idx_cols=0  ~128 bytes
      K79     rows=8  idx_cols=0  ~128 bytes
      K80     rows=4  idx_cols=0  ~64 bytes
      K81     rows=4  idx_cols=0  ~64 bytes
      K82     rows=8  idx_cols=0  ~128 bytes
      K83     rows=4  idx_cols=0  ~64 bytes
      K84     rows=2  idx_cols=0  ~32 bytes
      K85     rows=4  idx_cols=0  ~64 bytes
      K86     rows=4  idx_cols=0  ~64 bytes
      K87     rows=4  idx_cols=0  ~64 bytes
      K88     rows=4  idx_cols=0  ~64 bytes
      K89     rows=8  idx_cols=0  ~128 bytes
      K90     rows=4  idx_cols=0  ~64 bytes
      K91     rows=4  idx_cols=0  ~64 bytes
      K92     rows=2  idx_cols=0  ~32 bytes
      K93     rows=8  idx_cols=0  ~128 bytes
      K94     rows=16  idx_cols=0  ~256 bytes
      K95     rows=4  idx_cols=0  ~64 bytes
      K96     rows=4  idx_cols=0  ~64 bytes
      K97     rows=4  idx_cols=0  ~64 bytes
      K98     rows=4  idx_cols=0  ~64 bytes
      K99     rows=16  idx_cols=0  ~256 bytes
      K100    rows=4  idx_cols=0  ~64 bytes
      K101    rows=2  idx_cols=0  ~32 bytes
      K102    rows=4  idx_cols=0  ~64 bytes
      K103    rows=4  idx_cols=0  ~64 bytes
      K104    rows=4  idx_cols=0  ~64 bytes
      K105    rows=4  idx_cols=0  ~64 bytes
      K106    rows=4  idx_cols=0  ~64 bytes
      K107    rows=8  idx_cols=0  ~128 bytes
      K108    rows=4  idx_cols=0  ~64 bytes
      K109    rows=8  idx_cols=0  ~128 bytes
      K110    rows=4  idx_cols=0  ~64 bytes
      K111    rows=16  idx_cols=0  ~256 bytes
      K112    rows=16  idx_cols=0  ~256 bytes
      K113    rows=8  idx_cols=0  ~128 bytes
      K114    rows=4  idx_cols=0  ~64 bytes
      K115    rows=16  idx_cols=0  ~256 bytes
      K116    rows=16  idx_cols=0  ~256 bytes
      K117    rows=16  idx_cols=0  ~256 bytes
      K118    rows=16  idx_cols=0  ~256 bytes
      K119    rows=4  idx_cols=0  ~64 bytes
      K120    rows=16  idx_cols=0  ~256 bytes
      K121    rows=16  idx_cols=0  ~256 bytes
      K122    rows=32  idx_cols=0  ~512 bytes
      K123    rows=8  idx_cols=0  ~128 bytes
      K124    rows=8  idx_cols=0  ~128 bytes
      K125    rows=16  idx_cols=0  ~256 bytes
      K126    rows=8  idx_cols=0  ~128 bytes
      K127    rows=32  idx_cols=0  ~512 bytes
      K128    rows=32  idx_cols=0  ~512 bytes
      K129    rows=8  idx_cols=0  ~128 bytes
      K130    rows=8  idx_cols=0  ~128 bytes
      K131    rows=32  idx_cols=0  ~512 bytes
      K132    rows=16  idx_cols=0  ~256 bytes
      K133    rows=16  idx_cols=0  ~256 bytes
      K134    rows=8  idx_cols=0  ~128 bytes
      K135    rows=32  idx_cols=0  ~512 bytes
      K136    rows=128  idx_cols=0  ~2048 bytes
      K137    rows=32  idx_cols=0  ~512 bytes
      K138    rows=32  idx_cols=0  ~512 bytes
      K139    rows=256  idx_cols=0  ~4096 bytes
      K140    rows=256  idx_cols=0  ~4096 bytes
      K141    rows=512  idx_cols=0  ~8192 bytes
      K142    rows=512  idx_cols=0  ~8192 bytes
      K143    rows=32  idx_cols=0  ~512 bytes
      K144    rows=128  idx_cols=0  ~2048 bytes
      K145    rows=256  idx_cols=0  ~4096 bytes
      K146    rows=2048  idx_cols=0  ~32768 bytes
      K147    rows=4096  idx_cols=0  ~65536 bytes
      K148    rows=4096  idx_cols=0  ~65536 bytes
      K149    rows=8192  idx_cols=0  ~131072 bytes

  [Aer] 0064d0f274c70b14cea167b8c8c15239376ba2764db790b7b968e7bf3008da2d  (13 qubits, depth 52)
    [+] statevector                [multi ]  wall=0.0097s  rss=224,140KB  vsz=6,528MB  Δmaj=0
    [+] statevector                [single]  wall=0.0101s  rss=224,140KB  vsz=6,528MB  Δmaj=0
    [-] stabilizer                 [multi ]  wall=0.0026s  rss=224,140KB  vsz=6,528MB  Δmaj=0
    [-] stabilizer                 [single]  wall=0.0025s  rss=224,140KB  vsz=6,528MB  Δmaj=0
    [+] density_matrix             [multi ]  wall=3.5325s  rss=221,676KB  vsz=6,528MB  Δmaj=0
    [+] density_matrix             [single]  wall=37.8674s  rss=221,676KB  vsz=6,528MB  Δmaj=0
    [+] matrix_product_state       [multi ]  wall=0.1321s  rss=234,728KB  vsz=7,008MB  Δmaj=0
    [+] matrix_product_state       [single]  wall=0.3041s  rss=234,728KB  vsz=7,008MB  Δmaj=0
    [-] extended_stabilizer        [multi ]  wall=0.0024s  rss=234,728KB  vsz=7,008MB  Δmaj=0
    [-] extended_stabilizer        [single]  wall=0.0024s  rss=234,728KB  vsz=7,008MB  Δmaj=0
    [+] unitary                    [multi ]  wall=1.2482s  rss=1,286,744KB  vsz=8,032MB  Δmaj=0
    [+] unitary                    [single]  wall=9.9848s  rss=1,286,952KB  vsz=8,032MB  Δmaj=0
    [+] automatic                  [multi ]  wall=0.0695s  rss=238,380KB  vsz=7,008MB  Δmaj=0
    [+] automatic                  [single]  wall=0.0088s  rss=238,380KB  vsz=7,008MB  Δmaj=0
