
  [SQLite] 006645a56cc168d3f440e3347646cff0ee7f413d77e2b2ae52fdcc821903823b
    total CTEs  : 60  (tensor CTEs: 9, contraction CTEs: 51)
    SQL length  : 16,831 chars
    Counting rows per K_i CTE (51 contraction CTEs)...
      K1      rows=8  idx_cols=0  ~128 bytes
      K2      rows=8  idx_cols=0  ~128 bytes
      K3      rows=2  idx_cols=0  ~32 bytes
      K4      rows=4  idx_cols=0  ~64 bytes
      K5      rows=8  idx_cols=0  ~128 bytes
      K6      rows=2  idx_cols=0  ~32 bytes
      K7      rows=8  idx_cols=0  ~128 bytes
      K8      rows=2  idx_cols=0  ~32 bytes
      K9      rows=4  idx_cols=0  ~64 bytes
      K10     rows=4  idx_cols=0  ~64 bytes
      K11     rows=16  idx_cols=0  ~256 bytes
      K12     rows=8  idx_cols=0  ~128 bytes
      K13     rows=8  idx_cols=0  ~128 bytes
      K14     rows=2  idx_cols=0  ~32 bytes
      K15     rows=16  idx_cols=0  ~256 bytes
      K16     rows=8  idx_cols=0  ~128 bytes
      K17     rows=16  idx_cols=0  ~256 bytes
      K18     rows=8  idx_cols=0  ~128 bytes
      K19     rows=4  idx_cols=0  ~64 bytes
      K20     rows=8  idx_cols=0  ~128 bytes
      K21     rows=4  idx_cols=0  ~64 bytes
      K22     rows=8  idx_cols=0  ~128 bytes
      K23     rows=16  idx_cols=0  ~256 bytes
      K24     rows=4  idx_cols=0  ~64 bytes
      K25     rows=16  idx_cols=0  ~256 bytes
      K26     rows=16  idx_cols=0  ~256 bytes
      K27     rows=16  idx_cols=0  ~256 bytes
      K28     rows=16  idx_cols=0  ~256 bytes
      K29     rows=16  idx_cols=0  ~256 bytes
      K30     rows=8  idx_cols=0  ~128 bytes
      K31     rows=4  idx_cols=0  ~64 bytes
      K32     rows=8  idx_cols=0  ~128 bytes
      K33     rows=4  idx_cols=0  ~64 bytes
      K34     rows=4  idx_cols=0  ~64 bytes
      K35     rows=4  idx_cols=0  ~64 bytes
      K36     rows=8  idx_cols=0  ~128 bytes
      K37     rows=2  idx_cols=0  ~32 bytes
      K38     rows=2  idx_cols=0  ~32 bytes
      K39     rows=8  idx_cols=0  ~128 bytes
      K40     rows=2  idx_cols=0  ~32 bytes
      K41     rows=4  idx_cols=0  ~64 bytes
      K42     rows=16  idx_cols=0  ~256 bytes
      K43     rows=16  idx_cols=0  ~256 bytes
      K44     rows=32  idx_cols=0  ~512 bytes
      K45     rows=64  idx_cols=0  ~1024 bytes
      K46     rows=64  idx_cols=0  ~1024 bytes
      K47     rows=64  idx_cols=0  ~1024 bytes
      K48     rows=64  idx_cols=0  ~1024 bytes
      K49     rows=64  idx_cols=0  ~1024 bytes
      K50     rows=64  idx_cols=0  ~1024 bytes
      K51     rows=64  idx_cols=0  ~1024 bytes

  [Aer] 006645a56cc168d3f440e3347646cff0ee7f413d77e2b2ae52fdcc821903823b  (6 qubits, depth 292)
    [+] statevector                [multi ]  wall=0.0074s  rss=205,480KB  vsz=6,509MB  Δmaj=0
    [+] statevector                [single]  wall=0.0103s  rss=205,796KB  vsz=6,509MB  Δmaj=0
    [-] stabilizer                 [multi ]  wall=0.0062s  rss=205,796KB  vsz=6,509MB  Δmaj=0
    [-] stabilizer                 [single]  wall=0.0050s  rss=206,056KB  vsz=6,509MB  Δmaj=0
    [+] density_matrix             [multi ]  wall=0.0117s  rss=206,056KB  vsz=6,509MB  Δmaj=0
    [+] density_matrix             [single]  wall=0.0149s  rss=206,056KB  vsz=6,509MB  Δmaj=0
    [+] matrix_product_state       [multi ]  wall=0.0345s  rss=206,056KB  vsz=6,957MB  Δmaj=0
    [+] matrix_product_state       [single]  wall=0.0289s  rss=206,056KB  vsz=6,957MB  Δmaj=0
    [-] extended_stabilizer        [multi ]  wall=0.0051s  rss=206,056KB  vsz=6,957MB  Δmaj=0
    [-] extended_stabilizer        [single]  wall=0.0050s  rss=206,056KB  vsz=6,957MB  Δmaj=0
    [+] unitary                    [multi ]  wall=0.0102s  rss=207,232KB  vsz=6,957MB  Δmaj=0
    [+] unitary                    [single]  wall=0.0174s  rss=207,232KB  vsz=6,957MB  Δmaj=0
    [+] automatic                  [multi ]  wall=0.0093s  rss=207,232KB  vsz=6,957MB  Δmaj=0
    [+] automatic                  [single]  wall=0.0084s  rss=207,232KB  vsz=6,957MB  Δmaj=0
