
  [SQLite] 00688bd205d099cee9935d5216d98e85ceb05cd6eec3ffdef86dd3dbd1025589
    total CTEs  : 30  (tensor CTEs: 4, contraction CTEs: 26)
    SQL length  : 7,656 chars
    Counting rows per K_i CTE (26 contraction CTEs)...
      K1      rows=2  idx_cols=0  ~32 bytes
      K2      rows=4  idx_cols=0  ~64 bytes
      K3      rows=2  idx_cols=0  ~32 bytes
      K4      rows=2  idx_cols=0  ~32 bytes
      K5      rows=2  idx_cols=0  ~32 bytes
      K6      rows=2  idx_cols=0  ~32 bytes
      K7      rows=4  idx_cols=0  ~64 bytes
      K8      rows=4  idx_cols=0  ~64 bytes
      K9      rows=8  idx_cols=0  ~128 bytes
      K10     rows=4  idx_cols=0  ~64 bytes
      K11     rows=4  idx_cols=0  ~64 bytes
      K12     rows=4  idx_cols=0  ~64 bytes
      K13     rows=4  idx_cols=0  ~64 bytes
      K14     rows=4  idx_cols=0  ~64 bytes
      K15     rows=4  idx_cols=0  ~64 bytes
      K16     rows=4  idx_cols=0  ~64 bytes
      K17     rows=8  idx_cols=0  ~128 bytes
      K18     rows=8  idx_cols=0  ~128 bytes
      K19     rows=16  idx_cols=0  ~256 bytes
      K20     rows=8  idx_cols=0  ~128 bytes
      K21     rows=64  idx_cols=0  ~1024 bytes
      K22     rows=1  idx_cols=0  ~16 bytes
      K23     rows=1  idx_cols=0  ~16 bytes
      K24     rows=1  idx_cols=0  ~16 bytes
      K25     rows=1  idx_cols=0  ~16 bytes
      K26     rows=1  idx_cols=0  ~16 bytes

  [Aer] 00688bd205d099cee9935d5216d98e85ceb05cd6eec3ffdef86dd3dbd1025589  (12 qubits, depth 8)
    [+] statevector                [multi ]  wall=0.0037s  rss=199,356KB  vsz=5,009MB  Δmaj=0
    [+] statevector                [single]  wall=0.0037s  rss=199,356KB  vsz=5,009MB  Δmaj=0
    [+] stabilizer                 [multi ]  wall=0.0045s  rss=199,356KB  vsz=5,009MB  Δmaj=0
    [+] stabilizer                 [single]  wall=0.0059s  rss=199,676KB  vsz=5,009MB  Δmaj=0
    [+] density_matrix             [multi ]  wall=0.4393s  rss=196,808KB  vsz=6,503MB  Δmaj=21
    [+] density_matrix             [single]  wall=2.6164s  rss=196,808KB  vsz=6,503MB  Δmaj=0
    [+] matrix_product_state       [multi ]  wall=0.0027s  rss=196,808KB  vsz=6,535MB  Δmaj=0
    [+] matrix_product_state       [single]  wall=0.0110s  rss=196,808KB  vsz=6,535MB  Δmaj=0
    [+] extended_stabilizer        [multi ]  wall=0.0026s  rss=196,808KB  vsz=6,535MB  Δmaj=0
    [+] extended_stabilizer        [single]  wall=0.0026s  rss=196,808KB  vsz=6,535MB  Δmaj=0
    [+] unitary                    [multi ]  wall=0.1034s  rss=456,676KB  vsz=6,791MB  Δmaj=0
    [+] unitary                    [single]  wall=0.7613s  rss=456,788KB  vsz=6,791MB  Δmaj=0
    [+] automatic                  [multi ]  wall=0.0349s  rss=194,648KB  vsz=6,535MB  Δmaj=0
    [+] automatic                  [single]  wall=0.0054s  rss=194,648KB  vsz=6,535MB  Δmaj=0
