
  [SQLite] 00693e4aa6d9d3e3177f19155f69748e3087a8bffa4a0a5dbfd1cd3fa85714df
    total CTEs  : 44  (tensor CTEs: 9, contraction CTEs: 35)
    SQL length  : 11,909 chars
    Counting rows per K_i CTE (35 contraction CTEs)...
      K1      rows=2  idx_cols=0  ~32 bytes
      K2      rows=2  idx_cols=0  ~32 bytes
      K3      rows=8  idx_cols=0  ~128 bytes
      K4      rows=2  idx_cols=0  ~32 bytes
      K5      rows=4  idx_cols=0  ~64 bytes
      K6      rows=8  idx_cols=0  ~128 bytes
      K7      rows=4  idx_cols=0  ~64 bytes
      K8      rows=4  idx_cols=0  ~64 bytes
      K9      rows=4  idx_cols=0  ~64 bytes
      K10     rows=4  idx_cols=0  ~64 bytes
      K11     rows=2  idx_cols=0  ~32 bytes
      K12     rows=2  idx_cols=0  ~32 bytes
      K13     rows=2  idx_cols=0  ~32 bytes
      K14     rows=4  idx_cols=0  ~64 bytes
      K15     rows=8  idx_cols=0  ~128 bytes
      K16     rows=8  idx_cols=0  ~128 bytes
      K17     rows=8  idx_cols=0  ~128 bytes
      K18     rows=8  idx_cols=0  ~128 bytes
      K19     rows=4  idx_cols=0  ~64 bytes
      K20     rows=8  idx_cols=0  ~128 bytes
      K21     rows=4  idx_cols=0  ~64 bytes
      K22     rows=8  idx_cols=0  ~128 bytes
      K23     rows=8  idx_cols=0  ~128 bytes
      K24     rows=8  idx_cols=0  ~128 bytes
      K25     rows=8  idx_cols=0  ~128 bytes
      K26     rows=16  idx_cols=0  ~256 bytes
      K27     rows=16  idx_cols=0  ~256 bytes
      K28     rows=16  idx_cols=0  ~256 bytes
      K29     rows=16  idx_cols=0  ~256 bytes
      K30     rows=32  idx_cols=0  ~512 bytes
      K31     rows=1  idx_cols=0  ~16 bytes
      K32     rows=1  idx_cols=0  ~16 bytes
      K33     rows=2  idx_cols=0  ~32 bytes
      K34     rows=1  idx_cols=0  ~16 bytes
      K35     rows=2  idx_cols=0  ~32 bytes

  [Aer] 00693e4aa6d9d3e3177f19155f69748e3087a8bffa4a0a5dbfd1cd3fa85714df  (11 qubits, depth 13)
    [+] statevector                [multi ]  wall=0.0038s  rss=200,524KB  vsz=5,010MB  Δmaj=0
    [+] statevector                [single]  wall=0.0040s  rss=200,524KB  vsz=5,010MB  Δmaj=0
    [-] stabilizer                 [multi ]  wall=0.0016s  rss=201,348KB  vsz=5,010MB  Δmaj=0
    [-] stabilizer                 [single]  wall=0.0055s  rss=201,348KB  vsz=5,010MB  Δmaj=0
    [+] density_matrix             [multi ]  wall=0.1233s  rss=199,716KB  vsz=5,010MB  Δmaj=21
    [+] density_matrix             [single]  wall=0.9017s  rss=197,832KB  vsz=6,504MB  Δmaj=0
    [+] matrix_product_state       [multi ]  wall=0.0238s  rss=197,832KB  vsz=7,272MB  Δmaj=0
    [+] matrix_product_state       [single]  wall=0.0213s  rss=197,832KB  vsz=7,272MB  Δmaj=0
    [-] extended_stabilizer        [multi ]  wall=0.0014s  rss=197,832KB  vsz=7,272MB  Δmaj=0
    [-] extended_stabilizer        [single]  wall=0.0246s  rss=197,832KB  vsz=7,272MB  Δmaj=0
    [+] unitary                    [multi ]  wall=0.1706s  rss=261,672KB  vsz=7,336MB  Δmaj=0
    [+] unitary                    [single]  wall=0.2256s  rss=261,744KB  vsz=7,336MB  Δmaj=0
    [+] automatic                  [multi ]  wall=0.0068s  rss=196,212KB  vsz=7,272MB  Δmaj=0
    [+] automatic                  [single]  wall=0.0041s  rss=196,212KB  vsz=7,272MB  Δmaj=0
