
  [SQLite] 006ba62120b2b99d6ec813788dc190cecf10c3864da75e2f8993f7947e11a79c
    total CTEs  : 96  (tensor CTEs: 6, contraction CTEs: 90)
    SQL length  : 28,148 chars
    Counting rows per K_i CTE (90 contraction CTEs)...
      K1      rows=8  idx_cols=0  ~128 bytes
      K2      rows=8  idx_cols=0  ~128 bytes
      K3      rows=8  idx_cols=0  ~128 bytes
      K4      rows=8  idx_cols=0  ~128 bytes
      K5      rows=8  idx_cols=0  ~128 bytes
      K6      rows=8  idx_cols=0  ~128 bytes
      K7      rows=8  idx_cols=0  ~128 bytes
      K8      rows=8  idx_cols=0  ~128 bytes
      K9      rows=4  idx_cols=0  ~64 bytes
      K10     rows=8  idx_cols=0  ~128 bytes
      K11     rows=2  idx_cols=0  ~32 bytes
      K12     rows=8  idx_cols=0  ~128 bytes
      K13     rows=16  idx_cols=0  ~256 bytes
      K14     rows=16  idx_cols=0  ~256 bytes
      K15     rows=8  idx_cols=0  ~128 bytes
      K16     rows=16  idx_cols=0  ~256 bytes
      K17     rows=16  idx_cols=0  ~256 bytes
      K18     rows=8  idx_cols=0  ~128 bytes
      K19     rows=8  idx_cols=0  ~128 bytes
      K20     rows=8  idx_cols=0  ~128 bytes
      K21     rows=8  idx_cols=0  ~128 bytes
      K22     rows=4  idx_cols=0  ~64 bytes
      K23     rows=8  idx_cols=0  ~128 bytes
      K24     rows=8  idx_cols=0  ~128 bytes
      K25     rows=2  idx_cols=0  ~32 bytes
      K26     rows=16  idx_cols=0  ~256 bytes
      K27     rows=2  idx_cols=0  ~32 bytes
      K28     rows=16  idx_cols=0  ~256 bytes
      K29     rows=4  idx_cols=0  ~64 bytes
      K30     rows=8  idx_cols=0  ~128 bytes
      K31     rows=16  idx_cols=0  ~256 bytes
      K32     rows=16  idx_cols=0  ~256 bytes
      K33     rows=8  idx_cols=0  ~128 bytes
      K34     rows=16  idx_cols=0  ~256 bytes
      K35     rows=16  idx_cols=0  ~256 bytes
      K36     rows=8  idx_cols=0  ~128 bytes
      K37     rows=8  idx_cols=0  ~128 bytes
      K38     rows=2  idx_cols=0  ~32 bytes
      K39     rows=16  idx_cols=0  ~256 bytes
      K40     rows=8  idx_cols=0  ~128 bytes
      K41     rows=16  idx_cols=0  ~256 bytes
      K42     rows=4  idx_cols=0  ~64 bytes
      K43     rows=16  idx_cols=0  ~256 bytes
      K44     rows=4  idx_cols=0  ~64 bytes
      K45     rows=8  idx_cols=0  ~128 bytes
      K46     rows=2  idx_cols=0  ~32 bytes
      K47     rows=16  idx_cols=0  ~256 bytes
      K48     rows=8  idx_cols=0  ~128 bytes
      K49     rows=16  idx_cols=0  ~256 bytes
      K50     rows=8  idx_cols=0  ~128 bytes
      K51     rows=8  idx_cols=0  ~128 bytes
      K52     rows=8  idx_cols=0  ~128 bytes
      K53     rows=16  idx_cols=0  ~256 bytes
      K54     rows=4  idx_cols=0  ~64 bytes
      K55     rows=16  idx_cols=0  ~256 bytes
      K56     rows=8  idx_cols=0  ~128 bytes
      K57     rows=16  idx_cols=0  ~256 bytes
      K58     rows=16  idx_cols=0  ~256 bytes
      K59     rows=8  idx_cols=0  ~128 bytes
      K60     rows=4  idx_cols=0  ~64 bytes
      K61     rows=8  idx_cols=0  ~128 bytes
      K62     rows=8  idx_cols=0  ~128 bytes
      K63     rows=16  idx_cols=0  ~256 bytes
      K64     rows=8  idx_cols=0  ~128 bytes
      K65     rows=8  idx_cols=0  ~128 bytes
      K66     rows=8  idx_cols=0  ~128 bytes
      K67     rows=16  idx_cols=0  ~256 bytes
      K68     rows=8  idx_cols=0  ~128 bytes
      K69     rows=8  idx_cols=0  ~128 bytes
      K70     rows=16  idx_cols=0  ~256 bytes
      K71     rows=16  idx_cols=0  ~256 bytes
      K72     rows=8  idx_cols=0  ~128 bytes
      K73     rows=8  idx_cols=0  ~128 bytes
      K74     rows=16  idx_cols=0  ~256 bytes
      K75     rows=8  idx_cols=0  ~128 bytes
      K76     rows=16  idx_cols=0  ~256 bytes
      K77     rows=16  idx_cols=0  ~256 bytes
      K78     rows=32  idx_cols=0  ~512 bytes
      K79     rows=16  idx_cols=0  ~256 bytes
      K80     rows=16  idx_cols=0  ~256 bytes
      K81     rows=32  idx_cols=0  ~512 bytes
      K82     rows=16  idx_cols=0  ~256 bytes
      K83     rows=32  idx_cols=0  ~512 bytes
      K84     rows=32  idx_cols=0  ~512 bytes
      K85     rows=32  idx_cols=0  ~512 bytes
      K86     rows=32  idx_cols=0  ~512 bytes
      K87     rows=32  idx_cols=0  ~512 bytes
      K88     rows=64  idx_cols=0  ~1024 bytes
      K89     rows=64  idx_cols=0  ~1024 bytes
      K90     rows=64  idx_cols=0  ~1024 bytes

  [Aer] 006ba62120b2b99d6ec813788dc190cecf10c3864da75e2f8993f7947e11a79c  (6 qubits, depth 7)
    [+] statevector                [multi ]  wall=0.0126s  rss=210,980KB  vsz=6,514MB  Δmaj=0
    [+] statevector                [single]  wall=0.0121s  rss=211,352KB  vsz=6,514MB  Δmaj=0
    [-] stabilizer                 [multi ]  wall=0.0087s  rss=211,352KB  vsz=6,514MB  Δmaj=0
    [-] stabilizer                 [single]  wall=0.0086s  rss=211,352KB  vsz=6,514MB  Δmaj=0
    [+] density_matrix             [multi ]  wall=0.0193s  rss=212,152KB  vsz=6,514MB  Δmaj=0
    [+] density_matrix             [single]  wall=0.0225s  rss=212,412KB  vsz=6,514MB  Δmaj=0
    [+] matrix_product_state       [multi ]  wall=0.0423s  rss=212,412KB  vsz=6,994MB  Δmaj=0
    [+] matrix_product_state       [single]  wall=0.0291s  rss=212,412KB  vsz=6,994MB  Δmaj=0
    [-] extended_stabilizer        [multi ]  wall=0.0084s  rss=212,412KB  vsz=6,994MB  Δmaj=0
    [-] extended_stabilizer        [single]  wall=0.0085s  rss=212,412KB  vsz=6,994MB  Δmaj=0
    [+] unitary                    [multi ]  wall=0.0125s  rss=213,364KB  vsz=6,994MB  Δmaj=0
    [+] unitary                    [single]  wall=0.0176s  rss=213,364KB  vsz=6,994MB  Δmaj=0
    [+] automatic                  [multi ]  wall=0.0097s  rss=213,364KB  vsz=6,994MB  Δmaj=0
    [+] automatic                  [single]  wall=0.0109s  rss=213,364KB  vsz=6,994MB  Δmaj=0
