
  [SQLite] 006bde35e33bc36fee6dfd1b687a60c2346a357e79e444c11c67d776aac5f056
    total CTEs  : 34  (tensor CTEs: 4, contraction CTEs: 30)
    SQL length  : 8,907 chars
    Counting rows per K_i CTE (30 contraction CTEs)...
      K1      rows=2  idx_cols=0  ~32 bytes
      K2      rows=2  idx_cols=0  ~32 bytes
      K3      rows=8  idx_cols=0  ~128 bytes
      K4      rows=2  idx_cols=0  ~32 bytes
      K5      rows=2  idx_cols=0  ~32 bytes
      K6      rows=2  idx_cols=0  ~32 bytes
      K7      rows=2  idx_cols=0  ~32 bytes
      K8      rows=8  idx_cols=0  ~128 bytes
      K9      rows=8  idx_cols=0  ~128 bytes
      K10     rows=16  idx_cols=0  ~256 bytes
      K11     rows=8  idx_cols=0  ~128 bytes
      K12     rows=2  idx_cols=0  ~32 bytes
      K13     rows=4  idx_cols=0  ~64 bytes
      K14     rows=8  idx_cols=0  ~128 bytes
      K15     rows=8  idx_cols=0  ~128 bytes
      K16     rows=4  idx_cols=0  ~64 bytes
      K17     rows=4  idx_cols=0  ~64 bytes
      K18     rows=4  idx_cols=0  ~64 bytes
      K19     rows=4  idx_cols=0  ~64 bytes
      K20     rows=8  idx_cols=0  ~128 bytes
      K21     rows=4  idx_cols=0  ~64 bytes
      K22     rows=8  idx_cols=0  ~128 bytes
      K23     rows=16  idx_cols=0  ~256 bytes
      K24     rows=16  idx_cols=0  ~256 bytes
      K25     rows=8  idx_cols=0  ~128 bytes
      K26     rows=4  idx_cols=0  ~64 bytes
      K27     rows=16  idx_cols=0  ~256 bytes
      K28     rows=32  idx_cols=0  ~512 bytes
      K29     rows=32  idx_cols=0  ~512 bytes
      K30     rows=128  idx_cols=0  ~2048 bytes

  [Aer] 006bde35e33bc36fee6dfd1b687a60c2346a357e79e444c11c67d776aac5f056  (8 qubits, depth 11)
    [+] statevector                [multi ]  wall=0.0037s  rss=200,696KB  vsz=5,010MB  Δmaj=0
    [+] statevector                [single]  wall=0.0049s  rss=200,696KB  vsz=5,010MB  Δmaj=0
    [+] stabilizer                 [multi ]  wall=0.0029s  rss=200,696KB  vsz=5,010MB  Δmaj=0
    [+] stabilizer                 [single]  wall=0.0039s  rss=200,960KB  vsz=5,010MB  Δmaj=0
    [+] density_matrix             [multi ]  wall=0.1629s  rss=198,660KB  vsz=6,504MB  Δmaj=0
    [+] density_matrix             [single]  wall=0.0262s  rss=199,448KB  vsz=6,504MB  Δmaj=0
    [+] matrix_product_state       [multi ]  wall=0.0424s  rss=199,448KB  vsz=7,176MB  Δmaj=0
    [+] matrix_product_state       [single]  wall=0.0326s  rss=199,448KB  vsz=7,176MB  Δmaj=0
    [+] extended_stabilizer        [multi ]  wall=0.0029s  rss=199,448KB  vsz=7,176MB  Δmaj=0
    [+] extended_stabilizer        [single]  wall=0.0088s  rss=199,448KB  vsz=7,176MB  Δmaj=0
    [+] unitary                    [multi ]  wall=0.1953s  rss=199,448KB  vsz=7,176MB  Δmaj=0
    [+] unitary                    [single]  wall=0.0105s  rss=200,776KB  vsz=7,176MB  Δmaj=0
    [+] automatic                  [multi ]  wall=0.0122s  rss=200,776KB  vsz=7,176MB  Δmaj=0
    [+] automatic                  [single]  wall=0.0033s  rss=200,776KB  vsz=7,176MB  Δmaj=0
