
  [SQLite] 006d0ac0deb9d9e2223f9a6939623166a3ffc7e100da2d8870d04cd74d3bc012
    total CTEs  : 132  (tensor CTEs: 5, contraction CTEs: 127)
    SQL length  : 39,784 chars
    Counting rows per K_i CTE (127 contraction CTEs)...
      K1      rows=2  idx_cols=0  ~32 bytes
      K2      rows=2  idx_cols=0  ~32 bytes
      K3      rows=2  idx_cols=0  ~32 bytes
      K4      rows=2  idx_cols=0  ~32 bytes
      K5      rows=2  idx_cols=0  ~32 bytes
      K6      rows=2  idx_cols=0  ~32 bytes
      K7      rows=2  idx_cols=0  ~32 bytes
      K8      rows=8  idx_cols=0  ~128 bytes
      K9      rows=2  idx_cols=0  ~32 bytes
      K10     rows=2  idx_cols=0  ~32 bytes
      K11     rows=2  idx_cols=0  ~32 bytes
      K12     rows=8  idx_cols=0  ~128 bytes
      K13     rows=8  idx_cols=0  ~128 bytes
      K14     rows=8  idx_cols=0  ~128 bytes
      K15     rows=2  idx_cols=0  ~32 bytes
      K16     rows=2  idx_cols=0  ~32 bytes
      K17     rows=8  idx_cols=0  ~128 bytes
      K18     rows=8  idx_cols=0  ~128 bytes
      K19     rows=8  idx_cols=0  ~128 bytes
      K20     rows=8  idx_cols=0  ~128 bytes
      K21     rows=8  idx_cols=0  ~128 bytes
      K22     rows=8  idx_cols=0  ~128 bytes
      K23     rows=16  idx_cols=0  ~256 bytes
      K24     rows=4  idx_cols=0  ~64 bytes
      K25     rows=8  idx_cols=0  ~128 bytes
      K26     rows=16  idx_cols=0  ~256 bytes
      K27     rows=8  idx_cols=0  ~128 bytes
      K28     rows=8  idx_cols=0  ~128 bytes
      K29     rows=16  idx_cols=0  ~256 bytes
      K30     rows=16  idx_cols=0  ~256 bytes
      K31     rows=16  idx_cols=0  ~256 bytes
      K32     rows=4  idx_cols=0  ~64 bytes
      K33     rows=16  idx_cols=0  ~256 bytes
      K34     rows=2  idx_cols=0  ~32 bytes
      K35     rows=16  idx_cols=0  ~256 bytes
      K36     rows=4  idx_cols=0  ~64 bytes
      K37     rows=2  idx_cols=0  ~32 bytes
      K38     rows=16  idx_cols=0  ~256 bytes
      K39     rows=16  idx_cols=0  ~256 bytes
      K40     rows=8  idx_cols=0  ~128 bytes
      K41     rows=8  idx_cols=0  ~128 bytes
      K42     rows=8  idx_cols=0  ~128 bytes
      K43     rows=8  idx_cols=0  ~128 bytes
      K44     rows=8  idx_cols=0  ~128 bytes
      K45     rows=16  idx_cols=0  ~256 bytes
      K46     rows=16  idx_cols=0  ~256 bytes
      K47     rows=16  idx_cols=0  ~256 bytes
      K48     rows=16  idx_cols=0  ~256 bytes
      K49     rows=8  idx_cols=0  ~128 bytes
      K50     rows=16  idx_cols=0  ~256 bytes
      K51     rows=8  idx_cols=0  ~128 bytes
      K52     rows=16  idx_cols=0  ~256 bytes
      K53     rows=16  idx_cols=0  ~256 bytes
      K54     rows=16  idx_cols=0  ~256 bytes
      K55     rows=16  idx_cols=0  ~256 bytes
      K56     rows=16  idx_cols=0  ~256 bytes
      K57     rows=16  idx_cols=0  ~256 bytes
      K58     rows=16  idx_cols=0  ~256 bytes
      K59     rows=16  idx_cols=0  ~256 bytes
      K60     rows=8  idx_cols=0  ~128 bytes
      K61     rows=8  idx_cols=0  ~128 bytes
      K62     rows=16  idx_cols=0  ~256 bytes
      K63     rows=8  idx_cols=0  ~128 bytes
      K64     rows=8  idx_cols=0  ~128 bytes
      K65     rows=16  idx_cols=0  ~256 bytes
      K66     rows=16  idx_cols=0  ~256 bytes
      K67     rows=8  idx_cols=0  ~128 bytes
      K68     rows=16  idx_cols=0  ~256 bytes
      K69     rows=16  idx_cols=0  ~256 bytes
      K70     rows=16  idx_cols=0  ~256 bytes
      K71     rows=8  idx_cols=0  ~128 bytes
      K72     rows=4  idx_cols=0  ~64 bytes
      K73     rows=4  idx_cols=0  ~64 bytes
      K74     rows=2  idx_cols=0  ~32 bytes
      K75     rows=16  idx_cols=0  ~256 bytes
      K76     rows=16  idx_cols=0  ~256 bytes
      K77     rows=16  idx_cols=0  ~256 bytes
      K78     rows=16  idx_cols=0  ~256 bytes
      K79     rows=4  idx_cols=0  ~64 bytes
      K80     rows=16  idx_cols=0  ~256 bytes
      K81     rows=2  idx_cols=0  ~32 bytes
      K82     rows=2  idx_cols=0  ~32 bytes
      K83     rows=2  idx_cols=0  ~32 bytes
      K84     rows=32  idx_cols=0  ~512 bytes
      K85     rows=16  idx_cols=0  ~256 bytes
      K86     rows=16  idx_cols=0  ~256 bytes
      K87     rows=32  idx_cols=0  ~512 bytes
      K88     rows=8  idx_cols=0  ~128 bytes
      K89     rows=16  idx_cols=0  ~256 bytes
      K90     rows=8  idx_cols=0  ~128 bytes
      K91     rows=64  idx_cols=0  ~1024 bytes
      K92     rows=4  idx_cols=0  ~64 bytes
      K93     rows=8  idx_cols=0  ~128 bytes
      K94     rows=16  idx_cols=0  ~256 bytes
      K95     rows=8  idx_cols=0  ~128 bytes
      K96     rows=4  idx_cols=0  ~64 bytes
      K97     rows=64  idx_cols=0  ~1024 bytes
      K98     rows=64  idx_cols=0  ~1024 bytes
      K99     rows=64  idx_cols=0  ~1024 bytes
      K100    rows=16  idx_cols=0  ~256 bytes
      K101    rows=32  idx_cols=0  ~512 bytes
      K102    rows=16  idx_cols=0  ~256 bytes
      K103    rows=64  idx_cols=0  ~1024 bytes
      K104    rows=8  idx_cols=0  ~128 bytes
      K105    rows=16  idx_cols=0  ~256 bytes
      K106    rows=16  idx_cols=0  ~256 bytes
      K107    rows=8  idx_cols=0  ~128 bytes
      K108    rows=64  idx_cols=0  ~1024 bytes
      K109    rows=32  idx_cols=0  ~512 bytes
      K110    rows=16  idx_cols=0  ~256 bytes
      K111    rows=32  idx_cols=0  ~512 bytes
      K112    rows=32  idx_cols=0  ~512 bytes
      K113    rows=256  idx_cols=0  ~4096 bytes
      K114    rows=32  idx_cols=0  ~512 bytes
      K115    rows=1024  idx_cols=0  ~16384 bytes
      K116    rows=1024  idx_cols=0  ~16384 bytes
      K117    rows=64  idx_cols=0  ~1024 bytes
      K118    rows=64  idx_cols=0  ~1024 bytes
      K119    rows=128  idx_cols=0  ~2048 bytes
      K120    rows=64  idx_cols=0  ~1024 bytes
      K121    rows=256  idx_cols=0  ~4096 bytes
      K122    rows=512  idx_cols=0  ~8192 bytes
      K123    rows=16  idx_cols=0  ~256 bytes
      K124    rows=2048  idx_cols=0  ~32768 bytes
      K125    rows=4096  idx_cols=0  ~65536 bytes
      K126    rows=2048  idx_cols=0  ~32768 bytes
      K127    rows=2048  idx_cols=0  ~32768 bytes

  [Aer] 006d0ac0deb9d9e2223f9a6939623166a3ffc7e100da2d8870d04cd74d3bc012  (14 qubits, depth 25)
    [+] statevector                [multi ]  wall=0.0335s  rss=219,396KB  vsz=6,522MB  Δmaj=0
    [+] statevector                [single]  wall=0.0309s  rss=219,716KB  vsz=6,522MB  Δmaj=0
    [-] stabilizer                 [multi ]  wall=0.0061s  rss=219,716KB  vsz=6,522MB  Δmaj=0
    [-] stabilizer                 [single]  wall=0.0060s  rss=219,716KB  vsz=6,522MB  Δmaj=0
    [+] density_matrix             [multi ]  wall=23.5077s  rss=220,672KB  vsz=6,522MB  Δmaj=0
    [+] density_matrix             [single]  wall=254.2356s  rss=220,676KB  vsz=6,522MB  Δmaj=0
    [+] matrix_product_state       [multi ]  wall=0.3150s  rss=234,060KB  vsz=6,970MB  Δmaj=0
    [+] matrix_product_state       [single]  wall=0.5179s  rss=235,192KB  vsz=6,970MB  Δmaj=0
    [-] extended_stabilizer        [multi ]  wall=0.0060s  rss=235,192KB  vsz=6,970MB  Δmaj=0
    [-] extended_stabilizer        [single]  wall=0.0060s  rss=235,192KB  vsz=6,970MB  Δmaj=0
    [+] unitary                    [multi ]  wall=6.7999s  rss=4,429,744KB  vsz=11,066MB  Δmaj=0
    [+] unitary                    [single]  wall=70.8692s  rss=4,429,728KB  vsz=11,066MB  Δmaj=0
    [+] automatic                  [multi ]  wall=0.1970s  rss=235,428KB  vsz=6,970MB  Δmaj=0
    [+] automatic                  [single]  wall=0.0333s  rss=235,428KB  vsz=6,970MB  Δmaj=0
