
  [SQLite] 0070994db1e2411f702c3abf2f60f019f710ee957a45798e8b1deb0c1adc9890
    total CTEs  : 55  (tensor CTEs: 6, contraction CTEs: 49)
    SQL length  : 15,056 chars
    Counting rows per K_i CTE (49 contraction CTEs)...
      K1      rows=2  idx_cols=0  ~32 bytes
      K2      rows=8  idx_cols=0  ~128 bytes
      K3      rows=8  idx_cols=0  ~128 bytes
      K4      rows=4  idx_cols=0  ~64 bytes
      K5      rows=2  idx_cols=0  ~32 bytes
      K6      rows=2  idx_cols=0  ~32 bytes
      K7      rows=8  idx_cols=0  ~128 bytes
      K8      rows=8  idx_cols=0  ~128 bytes
      K9      rows=4  idx_cols=0  ~64 bytes
      K10     rows=4  idx_cols=0  ~64 bytes
      K11     rows=2  idx_cols=0  ~32 bytes
      K12     rows=2  idx_cols=0  ~32 bytes
      K13     rows=4  idx_cols=0  ~64 bytes
      K14     rows=2  idx_cols=0  ~32 bytes
      K15     rows=8  idx_cols=0  ~128 bytes
      K16     rows=4  idx_cols=0  ~64 bytes
      K17     rows=8  idx_cols=0  ~128 bytes
      K18     rows=8  idx_cols=0  ~128 bytes
      K19     rows=16  idx_cols=0  ~256 bytes
      K20     rows=2  idx_cols=0  ~32 bytes
      K21     rows=8  idx_cols=0  ~128 bytes
      K22     rows=2  idx_cols=0  ~32 bytes
      K23     rows=8  idx_cols=0  ~128 bytes
      K24     rows=4  idx_cols=0  ~64 bytes
      K25     rows=8  idx_cols=0  ~128 bytes
      K26     rows=4  idx_cols=0  ~64 bytes
      K27     rows=4  idx_cols=0  ~64 bytes
      K28     rows=8  idx_cols=0  ~128 bytes
      K29     rows=8  idx_cols=0  ~128 bytes
      K30     rows=8  idx_cols=0  ~128 bytes
      K31     rows=8  idx_cols=0  ~128 bytes
      K32     rows=16  idx_cols=0  ~256 bytes
      K33     rows=2  idx_cols=0  ~32 bytes
      K34     rows=8  idx_cols=0  ~128 bytes
      K35     rows=8  idx_cols=0  ~128 bytes
      K36     rows=8  idx_cols=0  ~128 bytes
      K37     rows=8  idx_cols=0  ~128 bytes
      K38     rows=16  idx_cols=0  ~256 bytes
      K39     rows=8  idx_cols=0  ~128 bytes
      K40     rows=8  idx_cols=0  ~128 bytes
      K41     rows=16  idx_cols=0  ~256 bytes
      K42     rows=8  idx_cols=0  ~128 bytes
      K43     rows=16  idx_cols=0  ~256 bytes
      K44     rows=16  idx_cols=0  ~256 bytes
      K45     rows=32  idx_cols=0  ~512 bytes
      K46     rows=32  idx_cols=0  ~512 bytes
      K47     rows=32  idx_cols=0  ~512 bytes
      K48     rows=128  idx_cols=0  ~2048 bytes
      K49     rows=256  idx_cols=0  ~4096 bytes

  [Aer] 0070994db1e2411f702c3abf2f60f019f710ee957a45798e8b1deb0c1adc9890  (13 qubits, depth 1)
    [+] statevector                [multi ]  wall=0.0061s  rss=204,356KB  vsz=6,508MB  Δmaj=0
    [+] statevector                [single]  wall=0.0070s  rss=204,356KB  vsz=6,508MB  Δmaj=0
    [-] stabilizer                 [multi ]  wall=0.0025s  rss=204,356KB  vsz=6,508MB  Δmaj=0
    [-] stabilizer                 [single]  wall=0.0059s  rss=204,356KB  vsz=6,508MB  Δmaj=0
    [+] density_matrix             [multi ]  wall=1.5306s  rss=202,040KB  vsz=6,508MB  Δmaj=21
    [+] density_matrix             [single]  wall=15.6835s  rss=202,040KB  vsz=6,508MB  Δmaj=0
    [+] matrix_product_state       [multi ]  wall=0.0695s  rss=202,040KB  vsz=7,180MB  Δmaj=0
    [+] matrix_product_state       [single]  wall=0.0371s  rss=202,040KB  vsz=7,180MB  Δmaj=0
    [-] extended_stabilizer        [multi ]  wall=0.0014s  rss=202,040KB  vsz=7,180MB  Δmaj=0
    [-] extended_stabilizer        [single]  wall=0.0014s  rss=202,040KB  vsz=7,180MB  Δmaj=0
    [+] unitary                    [multi ]  wall=0.3867s  rss=1,253,688KB  vsz=8,204MB  Δmaj=0
    [+] unitary                    [single]  wall=4.3090s  rss=1,253,972KB  vsz=8,204MB  Δmaj=0
    [+] automatic                  [multi ]  wall=0.0588s  rss=205,400KB  vsz=7,180MB  Δmaj=0
    [+] automatic                  [single]  wall=0.0049s  rss=205,400KB  vsz=7,180MB  Δmaj=0
