
  [SQLite] 00725c79eee31f2bb8ef4d230593360131b2559ae304157607d7ea7b202972b6
    total CTEs  : 46  (tensor CTEs: 5, contraction CTEs: 41)
    SQL length  : 12,098 chars
    Counting rows per K_i CTE (41 contraction CTEs)...
      K1      rows=8  idx_cols=0  ~128 bytes
      K2      rows=2  idx_cols=0  ~32 bytes
      K3      rows=8  idx_cols=0  ~128 bytes
      K4      rows=4  idx_cols=0  ~64 bytes
      K5      rows=8  idx_cols=0  ~128 bytes
      K6      rows=8  idx_cols=0  ~128 bytes
      K7      rows=8  idx_cols=0  ~128 bytes
      K8      rows=4  idx_cols=0  ~64 bytes
      K9      rows=4  idx_cols=0  ~64 bytes
      K10     rows=4  idx_cols=0  ~64 bytes
      K11     rows=2  idx_cols=0  ~32 bytes
      K12     rows=2  idx_cols=0  ~32 bytes
      K13     rows=4  idx_cols=0  ~64 bytes
      K14     rows=2  idx_cols=0  ~32 bytes
      K15     rows=4  idx_cols=0  ~64 bytes
      K16     rows=2  idx_cols=0  ~32 bytes
      K17     rows=8  idx_cols=0  ~128 bytes
      K18     rows=2  idx_cols=0  ~32 bytes
      K19     rows=16  idx_cols=0  ~256 bytes
      K20     rows=4  idx_cols=0  ~64 bytes
      K21     rows=16  idx_cols=0  ~256 bytes
      K22     rows=2  idx_cols=0  ~32 bytes
      K23     rows=8  idx_cols=0  ~128 bytes
      K24     rows=8  idx_cols=0  ~128 bytes
      K25     rows=8  idx_cols=0  ~128 bytes
      K26     rows=8  idx_cols=0  ~128 bytes
      K27     rows=8  idx_cols=0  ~128 bytes
      K28     rows=16  idx_cols=0  ~256 bytes
      K29     rows=8  idx_cols=0  ~128 bytes
      K30     rows=16  idx_cols=0  ~256 bytes
      K31     rows=8  idx_cols=0  ~128 bytes
      K32     rows=16  idx_cols=0  ~256 bytes
      K33     rows=16  idx_cols=0  ~256 bytes
      K34     rows=32  idx_cols=0  ~512 bytes
      K35     rows=32  idx_cols=0  ~512 bytes
      K36     rows=32  idx_cols=0  ~512 bytes
      K37     rows=16  idx_cols=0  ~256 bytes
      K38     rows=32  idx_cols=0  ~512 bytes
      K39     rows=8  idx_cols=0  ~128 bytes
      K40     rows=32  idx_cols=0  ~512 bytes
      K41     rows=128  idx_cols=0  ~2048 bytes

  [Aer] 00725c79eee31f2bb8ef4d230593360131b2559ae304157607d7ea7b202972b6  (9 qubits, depth 19)
    [+] statevector                [multi ]  wall=0.0034s  rss=201,336KB  vsz=5,012MB  Δmaj=0
    [+] statevector                [single]  wall=0.0052s  rss=201,336KB  vsz=5,012MB  Δmaj=0
    [-] stabilizer                 [multi ]  wall=0.0013s  rss=201,336KB  vsz=5,012MB  Δmaj=0
    [-] stabilizer                 [single]  wall=0.0014s  rss=201,336KB  vsz=5,012MB  Δmaj=0
    [+] density_matrix             [multi ]  wall=0.0122s  rss=198,116KB  vsz=5,012MB  Δmaj=14
    [+] density_matrix             [single]  wall=0.0584s  rss=199,656KB  vsz=6,506MB  Δmaj=0
    [+] matrix_product_state       [multi ]  wall=0.0435s  rss=199,656KB  vsz=7,018MB  Δmaj=0
    [+] matrix_product_state       [single]  wall=0.0265s  rss=199,656KB  vsz=7,018MB  Δmaj=0
    [-] extended_stabilizer        [multi ]  wall=0.0012s  rss=199,656KB  vsz=7,018MB  Δmaj=0
    [-] extended_stabilizer        [single]  wall=0.0012s  rss=199,656KB  vsz=7,018MB  Δmaj=0
    [+] unitary                    [multi ]  wall=0.0055s  rss=199,912KB  vsz=7,018MB  Δmaj=0
    [+] unitary                    [single]  wall=0.0262s  rss=204,572KB  vsz=7,018MB  Δmaj=0
    [+] automatic                  [multi ]  wall=0.0020s  rss=204,572KB  vsz=7,018MB  Δmaj=0
    [+] automatic                  [single]  wall=0.0032s  rss=204,572KB  vsz=7,018MB  Δmaj=0
