
  [SQLite] 00724d1341cc7a5f41feb482b628b4fc65d4e846f5754e806f932f46158b939b
    total CTEs  : 60  (tensor CTEs: 6, contraction CTEs: 54)
    SQL length  : 16,798 chars
    Counting rows per K_i CTE (54 contraction CTEs)...
      K1      rows=8  idx_cols=0  ~128 bytes
      K2      rows=8  idx_cols=0  ~128 bytes
      K3      rows=8  idx_cols=0  ~128 bytes
      K4      rows=4  idx_cols=0  ~64 bytes
      K5      rows=2  idx_cols=0  ~32 bytes
      K6      rows=4  idx_cols=0  ~64 bytes
      K7      rows=8  idx_cols=0  ~128 bytes
      K8      rows=8  idx_cols=0  ~128 bytes
      K9      rows=8  idx_cols=0  ~128 bytes
      K10     rows=8  idx_cols=0  ~128 bytes
      K11     rows=2  idx_cols=0  ~32 bytes
      K12     rows=4  idx_cols=0  ~64 bytes
      K13     rows=8  idx_cols=0  ~128 bytes
      K14     rows=8  idx_cols=0  ~128 bytes
      K15     rows=8  idx_cols=0  ~128 bytes
      K16     rows=2  idx_cols=0  ~32 bytes
      K17     rows=8  idx_cols=0  ~128 bytes
      K18     rows=4  idx_cols=0  ~64 bytes
      K19     rows=4  idx_cols=0  ~64 bytes
      K20     rows=4  idx_cols=0  ~64 bytes
      K21     rows=2  idx_cols=0  ~32 bytes
      K22     rows=4  idx_cols=0  ~64 bytes
      K23     rows=8  idx_cols=0  ~128 bytes
      K24     rows=16  idx_cols=0  ~256 bytes
      K25     rows=8  idx_cols=0  ~128 bytes
      K26     rows=8  idx_cols=0  ~128 bytes
      K27     rows=8  idx_cols=0  ~128 bytes
      K28     rows=16  idx_cols=0  ~256 bytes
      K29     rows=8  idx_cols=0  ~128 bytes
      K30     rows=16  idx_cols=0  ~256 bytes
      K31     rows=8  idx_cols=0  ~128 bytes
      K32     rows=8  idx_cols=0  ~128 bytes
      K33     rows=16  idx_cols=0  ~256 bytes
      K34     rows=32  idx_cols=0  ~512 bytes
      K35     rows=32  idx_cols=0  ~512 bytes
      K36     rows=16  idx_cols=0  ~256 bytes
      K37     rows=16  idx_cols=0  ~256 bytes
      K38     rows=16  idx_cols=0  ~256 bytes
      K39     rows=32  idx_cols=0  ~512 bytes
      K40     rows=8  idx_cols=0  ~128 bytes
      K41     rows=16  idx_cols=0  ~256 bytes
      K42     rows=16  idx_cols=0  ~256 bytes
      K43     rows=128  idx_cols=0  ~2048 bytes
      K44     rows=128  idx_cols=0  ~2048 bytes
      K45     rows=128  idx_cols=0  ~2048 bytes
      K46     rows=16  idx_cols=0  ~256 bytes
      K47     rows=128  idx_cols=0  ~2048 bytes
      K48     rows=32  idx_cols=0  ~512 bytes
      K49     rows=256  idx_cols=0  ~4096 bytes
      K50     rows=32  idx_cols=0  ~512 bytes
      K51     rows=512  idx_cols=0  ~8192 bytes
      K52     rows=512  idx_cols=0  ~8192 bytes
      K53     rows=512  idx_cols=0  ~8192 bytes
      K54     rows=512  idx_cols=0  ~8192 bytes

  [Aer] 00724d1341cc7a5f41feb482b628b4fc65d4e846f5754e806f932f46158b939b  (9 qubits, depth 17)
    [+] statevector                [multi ]  wall=0.0043s  rss=205,456KB  vsz=6,510MB  Δmaj=0
    [+] statevector                [single]  wall=0.0041s  rss=205,456KB  vsz=6,510MB  Δmaj=0
    [-] stabilizer                 [multi ]  wall=0.0016s  rss=205,456KB  vsz=6,510MB  Δmaj=0
    [-] stabilizer                 [single]  wall=0.0015s  rss=205,456KB  vsz=6,510MB  Δmaj=0
    [+] density_matrix             [multi ]  wall=0.0644s  rss=202,548KB  vsz=6,510MB  Δmaj=20
    [+] density_matrix             [single]  wall=0.0882s  rss=206,504KB  vsz=6,510MB  Δmaj=0
    [+] matrix_product_state       [multi ]  wall=0.0496s  rss=207,276KB  vsz=7,022MB  Δmaj=0
    [+] matrix_product_state       [single]  wall=0.0492s  rss=207,276KB  vsz=7,022MB  Δmaj=0
    [-] extended_stabilizer        [multi ]  wall=0.0014s  rss=207,276KB  vsz=7,022MB  Δmaj=0
    [-] extended_stabilizer        [single]  wall=0.0014s  rss=207,276KB  vsz=7,022MB  Δmaj=0
    [+] unitary                    [multi ]  wall=0.0082s  rss=207,276KB  vsz=7,022MB  Δmaj=0
    [+] unitary                    [single]  wall=0.0496s  rss=212,144KB  vsz=7,022MB  Δmaj=0
    [+] automatic                  [multi ]  wall=0.0027s  rss=212,144KB  vsz=7,022MB  Δmaj=0
    [+] automatic                  [single]  wall=0.0053s  rss=212,144KB  vsz=7,022MB  Δmaj=0
