
  [SQLite] 00749ce283122a93cdd6c9a894404ac769bcd89b9929f96156cf67e85f2b7390
    total CTEs  : 138  (tensor CTEs: 10, contraction CTEs: 128)
    SQL length  : 42,529 chars
    Counting rows per K_i CTE (128 contraction CTEs)...
      K1      rows=4  idx_cols=0  ~64 bytes
      K2      rows=1  idx_cols=0  ~16 bytes
      K3      rows=4  idx_cols=0  ~64 bytes
      K4      rows=2  idx_cols=0  ~32 bytes
      K5      rows=4  idx_cols=0  ~64 bytes
      K6      rows=4  idx_cols=0  ~64 bytes
      K7      rows=4  idx_cols=0  ~64 bytes
      K8      rows=4  idx_cols=0  ~64 bytes
      K9      rows=4  idx_cols=0  ~64 bytes
      K10     rows=4  idx_cols=0  ~64 bytes
      K11     rows=4  idx_cols=0  ~64 bytes
      K12     rows=4  idx_cols=0  ~64 bytes
      K13     rows=4  idx_cols=0  ~64 bytes
      K14     rows=4  idx_cols=0  ~64 bytes
      K15     rows=4  idx_cols=0  ~64 bytes
      K16     rows=2  idx_cols=0  ~32 bytes
      K17     rows=4  idx_cols=0  ~64 bytes
      K18     rows=2  idx_cols=0  ~32 bytes
      K19     rows=4  idx_cols=0  ~64 bytes
      K20     rows=4  idx_cols=0  ~64 bytes
      K21     rows=1  idx_cols=0  ~16 bytes
      K22     rows=4  idx_cols=0  ~64 bytes
      K23     rows=4  idx_cols=0  ~64 bytes
      K24     rows=4  idx_cols=0  ~64 bytes
      K25     rows=4  idx_cols=0  ~64 bytes
      K26     rows=2  idx_cols=0  ~32 bytes
      K27     rows=4  idx_cols=0  ~64 bytes
      K28     rows=4  idx_cols=0  ~64 bytes
      K29     rows=2  idx_cols=0  ~32 bytes
      K30     rows=2  idx_cols=0  ~32 bytes
      K31     rows=4  idx_cols=0  ~64 bytes
      K32     rows=2  idx_cols=0  ~32 bytes
      K33     rows=2  idx_cols=0  ~32 bytes
      K34     rows=4  idx_cols=0  ~64 bytes
      K35     rows=4  idx_cols=0  ~64 bytes
      K36     rows=4  idx_cols=0  ~64 bytes
      K37     rows=4  idx_cols=0  ~64 bytes
      K38     rows=4  idx_cols=0  ~64 bytes
      K39     rows=1  idx_cols=0  ~16 bytes
      K40     rows=4  idx_cols=0  ~64 bytes
      K41     rows=4  idx_cols=0  ~64 bytes
      K42     rows=4  idx_cols=0  ~64 bytes
      K43     rows=4  idx_cols=0  ~64 bytes
      K44     rows=4  idx_cols=0  ~64 bytes
      K45     rows=4  idx_cols=0  ~64 bytes
      K46     rows=4  idx_cols=0  ~64 bytes
      K47     rows=4  idx_cols=0  ~64 bytes
      K48     rows=2  idx_cols=0  ~32 bytes
      K49     rows=4  idx_cols=0  ~64 bytes
      K50     rows=4  idx_cols=0  ~64 bytes
      K51     rows=4  idx_cols=0  ~64 bytes
      K52     rows=4  idx_cols=0  ~64 bytes
      K53     rows=2  idx_cols=0  ~32 bytes
      K54     rows=4  idx_cols=0  ~64 bytes
      K55     rows=2  idx_cols=0  ~32 bytes
      K56     rows=4  idx_cols=0  ~64 bytes
      K57     rows=4  idx_cols=0  ~64 bytes
      K58     rows=2  idx_cols=0  ~32 bytes
      K59     rows=4  idx_cols=0  ~64 bytes
      K60     rows=2  idx_cols=0  ~32 bytes
      K61     rows=4  idx_cols=0  ~64 bytes
      K62     rows=1  idx_cols=0  ~16 bytes
      K63     rows=4  idx_cols=0  ~64 bytes
      K64     rows=4  idx_cols=0  ~64 bytes
      K65     rows=2  idx_cols=0  ~32 bytes
      K66     rows=4  idx_cols=0  ~64 bytes
      K67     rows=4  idx_cols=0  ~64 bytes
      K68     rows=4  idx_cols=0  ~64 bytes
      K69     rows=4  idx_cols=0  ~64 bytes
      K70     rows=4  idx_cols=0  ~64 bytes
      K71     rows=1  idx_cols=0  ~16 bytes
      K72     rows=4  idx_cols=0  ~64 bytes
      K73     rows=4  idx_cols=0  ~64 bytes
      K74     rows=4  idx_cols=0  ~64 bytes
      K75     rows=4  idx_cols=0  ~64 bytes
      K76     rows=2  idx_cols=0  ~32 bytes
      K77     rows=2  idx_cols=0  ~32 bytes
      K78     rows=4  idx_cols=0  ~64 bytes
      K79     rows=4  idx_cols=0  ~64 bytes
      K80     rows=2  idx_cols=0  ~32 bytes
      K81     rows=4  idx_cols=0  ~64 bytes
      K82     rows=4  idx_cols=0  ~64 bytes
      K83     rows=4  idx_cols=0  ~64 bytes
      K84     rows=4  idx_cols=0  ~64 bytes
      K85     rows=4  idx_cols=0  ~64 bytes
      K86     rows=4  idx_cols=0  ~64 bytes
      K87     rows=2  idx_cols=0  ~32 bytes
      K88     rows=4  idx_cols=0  ~64 bytes
      K89     rows=2  idx_cols=0  ~32 bytes
      K90     rows=2  idx_cols=0  ~32 bytes
      K91     rows=2  idx_cols=0  ~32 bytes
      K92     rows=4  idx_cols=0  ~64 bytes
      K93     rows=4  idx_cols=0  ~64 bytes
      K94     rows=2  idx_cols=0  ~32 bytes
      K95     rows=2  idx_cols=0  ~32 bytes
      K96     rows=2  idx_cols=0  ~32 bytes
      K97     rows=1  idx_cols=0  ~16 bytes
      K98     rows=2  idx_cols=0  ~32 bytes
      K99     rows=2  idx_cols=0  ~32 bytes
      K100    rows=2  idx_cols=0  ~32 bytes
      K101    rows=8  idx_cols=0  ~128 bytes
      K102    rows=8  idx_cols=0  ~128 bytes
      K103    rows=4  idx_cols=0  ~64 bytes
      K104    rows=8  idx_cols=0  ~128 bytes
      K105    rows=4  idx_cols=0  ~64 bytes
      K106    rows=4  idx_cols=0  ~64 bytes
      K107    rows=4  idx_cols=0  ~64 bytes
      K108    rows=4  idx_cols=0  ~64 bytes
      K109    rows=4  idx_cols=0  ~64 bytes
      K110    rows=8  idx_cols=0  ~128 bytes
      K111    rows=8  idx_cols=0  ~128 bytes
      K112    rows=8  idx_cols=0  ~128 bytes
      K113    rows=8  idx_cols=0  ~128 bytes
      K114    rows=8  idx_cols=0  ~128 bytes
      K115    rows=4  idx_cols=0  ~64 bytes
      K116    rows=8  idx_cols=0  ~128 bytes
      K117    rows=4  idx_cols=0  ~64 bytes
      K118    rows=8  idx_cols=0  ~128 bytes
      K119    rows=8  idx_cols=0  ~128 bytes
      K120    rows=4  idx_cols=0  ~64 bytes
      K121    rows=8  idx_cols=0  ~128 bytes
      K122    rows=8  idx_cols=0  ~128 bytes
      K123    rows=16  idx_cols=0  ~256 bytes
      K124    rows=32  idx_cols=0  ~512 bytes
      K125    rows=8  idx_cols=0  ~128 bytes
      K126    rows=4  idx_cols=0  ~64 bytes
      K127    rows=8  idx_cols=0  ~128 bytes
      K128    rows=1  idx_cols=0  ~16 bytes

  [Aer] 00749ce283122a93cdd6c9a894404ac769bcd89b9929f96156cf67e85f2b7390  (13 qubits, depth 43)
    [+] statevector                [multi ]  wall=0.0072s  rss=214,136KB  vsz=6,518MB  Δmaj=0
    [+] statevector                [single]  wall=0.0081s  rss=214,452KB  vsz=6,518MB  Δmaj=0
    [-] stabilizer                 [multi ]  wall=0.0024s  rss=214,452KB  vsz=6,518MB  Δmaj=0
    [-] stabilizer                 [single]  wall=0.0024s  rss=214,452KB  vsz=6,518MB  Δmaj=0
    [+] density_matrix             [multi ]  wall=4.3795s  rss=211,968KB  vsz=6,518MB  Δmaj=0
    [+] density_matrix             [single]  wall=50.0809s  rss=211,972KB  vsz=6,518MB  Δmaj=0
    [+] matrix_product_state       [multi ]  wall=0.0045s  rss=211,972KB  vsz=6,550MB  Δmaj=0
    [+] matrix_product_state       [single]  wall=0.0139s  rss=211,972KB  vsz=6,550MB  Δmaj=0
    [-] extended_stabilizer        [multi ]  wall=0.0028s  rss=211,972KB  vsz=6,550MB  Δmaj=0
    [-] extended_stabilizer        [single]  wall=0.0025s  rss=211,972KB  vsz=6,550MB  Δmaj=0
    [+] unitary                    [multi ]  wall=1.1941s  rss=1,263,784KB  vsz=7,574MB  Δmaj=0
    [+] unitary                    [single]  wall=13.1836s  rss=1,263,916KB  vsz=7,574MB  Δmaj=0
    [+] automatic                  [multi ]  wall=0.0603s  rss=215,608KB  vsz=6,550MB  Δmaj=0
    [+] automatic                  [single]  wall=0.0105s  rss=215,608KB  vsz=6,550MB  Δmaj=0
