
  [SQLite] 0080bd3e727825c2224d6addc2ffb7f0d33b294e0ead63f247de6d556a4df1b3
    total CTEs  : 118  (tensor CTEs: 9, contraction CTEs: 109)
    SQL length  : 33,854 chars
    Counting rows per K_i CTE (109 contraction CTEs)...
      K1      rows=4  idx_cols=0  ~64 bytes
      K2      rows=8  idx_cols=0  ~128 bytes
      K3      rows=4  idx_cols=0  ~64 bytes
      K4      rows=4  idx_cols=0  ~64 bytes
      K5      rows=4  idx_cols=0  ~64 bytes
      K6      rows=4  idx_cols=0  ~64 bytes
      K7      rows=4  idx_cols=0  ~64 bytes
      K8      rows=4  idx_cols=0  ~64 bytes
      K9      rows=4  idx_cols=0  ~64 bytes
      K10     rows=8  idx_cols=0  ~128 bytes
      K11     rows=4  idx_cols=0  ~64 bytes
      K12     rows=4  idx_cols=0  ~64 bytes
      K13     rows=4  idx_cols=0  ~64 bytes
      K14     rows=4  idx_cols=0  ~64 bytes
      K15     rows=8  idx_cols=0  ~128 bytes
      K16     rows=4  idx_cols=0  ~64 bytes
      K17     rows=4  idx_cols=0  ~64 bytes
      K18     rows=4  idx_cols=0  ~64 bytes
      K19     rows=4  idx_cols=0  ~64 bytes
      K20     rows=4  idx_cols=0  ~64 bytes
      K21     rows=4  idx_cols=0  ~64 bytes
      K22     rows=4  idx_cols=0  ~64 bytes
      K23     rows=8  idx_cols=0  ~128 bytes
      K24     rows=4  idx_cols=0  ~64 bytes
      K25     rows=4  idx_cols=0  ~64 bytes
      K26     rows=4  idx_cols=0  ~64 bytes
      K27     rows=8  idx_cols=0  ~128 bytes
      K28     rows=4  idx_cols=0  ~64 bytes
      K29     rows=8  idx_cols=0  ~128 bytes
      K30     rows=8  idx_cols=0  ~128 bytes
      K31     rows=8  idx_cols=0  ~128 bytes
      K32     rows=4  idx_cols=0  ~64 bytes
      K33     rows=4  idx_cols=0  ~64 bytes
      K34     rows=4  idx_cols=0  ~64 bytes
      K35     rows=4  idx_cols=0  ~64 bytes
      K36     rows=4  idx_cols=0  ~64 bytes
      K37     rows=16  idx_cols=0  ~256 bytes
      K38     rows=4  idx_cols=0  ~64 bytes
      K39     rows=4  idx_cols=0  ~64 bytes
      K40     rows=4  idx_cols=0  ~64 bytes
      K41     rows=16  idx_cols=0  ~256 bytes
      K42     rows=8  idx_cols=0  ~128 bytes
      K43     rows=8  idx_cols=0  ~128 bytes
      K44     rows=8  idx_cols=0  ~128 bytes
      K45     rows=4  idx_cols=0  ~64 bytes
      K46     rows=4  idx_cols=0  ~64 bytes
      K47     rows=4  idx_cols=0  ~64 bytes
      K48     rows=4  idx_cols=0  ~64 bytes
      K49     rows=4  idx_cols=0  ~64 bytes
      K50     rows=4  idx_cols=0  ~64 bytes
      K51     rows=4  idx_cols=0  ~64 bytes
      K52     rows=8  idx_cols=0  ~128 bytes
      K53     rows=4  idx_cols=0  ~64 bytes
      K54     rows=4  idx_cols=0  ~64 bytes
      K55     rows=4  idx_cols=0  ~64 bytes
      K56     rows=4  idx_cols=0  ~64 bytes
      K57     rows=2  idx_cols=0  ~32 bytes
      K58     rows=4  idx_cols=0  ~64 bytes
      K59     rows=8  idx_cols=0  ~128 bytes
      K60     rows=2  idx_cols=0  ~32 bytes
      K61     rows=4  idx_cols=0  ~64 bytes
      K62     rows=8  idx_cols=0  ~128 bytes
      K63     rows=4  idx_cols=0  ~64 bytes
      K64     rows=4  idx_cols=0  ~64 bytes
      K65     rows=4  idx_cols=0  ~64 bytes
      K66     rows=4  idx_cols=0  ~64 bytes
      K67     rows=8  idx_cols=0  ~128 bytes
      K68     rows=4  idx_cols=0  ~64 bytes
      K69     rows=8  idx_cols=0  ~128 bytes
      K70     rows=4  idx_cols=0  ~64 bytes
      K71     rows=2  idx_cols=0  ~32 bytes
      K72     rows=8  idx_cols=0  ~128 bytes
      K73     rows=8  idx_cols=0  ~128 bytes
      K74     rows=2  idx_cols=0  ~32 bytes
      K75     rows=4  idx_cols=0  ~64 bytes
      K76     rows=8  idx_cols=0  ~128 bytes
      K77     rows=4  idx_cols=0  ~64 bytes
      K78     rows=4  idx_cols=0  ~64 bytes
      K79     rows=4  idx_cols=0  ~64 bytes
      K80     rows=4  idx_cols=0  ~64 bytes
      K81     rows=4  idx_cols=0  ~64 bytes
      K82     rows=4  idx_cols=0  ~64 bytes
      K83     rows=4  idx_cols=0  ~64 bytes
      K84     rows=16  idx_cols=0  ~256 bytes
      K85     rows=8  idx_cols=0  ~128 bytes
      K86     rows=8  idx_cols=0  ~128 bytes
      K87     rows=8  idx_cols=0  ~128 bytes
      K88     rows=16  idx_cols=0  ~256 bytes
      K89     rows=8  idx_cols=0  ~128 bytes
      K90     rows=16  idx_cols=0  ~256 bytes
      K91     rows=16  idx_cols=0  ~256 bytes
      K92     rows=32  idx_cols=0  ~512 bytes
      K93     rows=32  idx_cols=0  ~512 bytes
      K94     rows=32  idx_cols=0  ~512 bytes
      K95     rows=16  idx_cols=0  ~256 bytes
      K96     rows=16  idx_cols=0  ~256 bytes
      K97     rows=32  idx_cols=0  ~512 bytes
      K98     rows=8  idx_cols=0  ~128 bytes
      K99     rows=128  idx_cols=0  ~2048 bytes
      K100    rows=32  idx_cols=0  ~512 bytes
      K101    rows=32  idx_cols=0  ~512 bytes
      K102    rows=128  idx_cols=0  ~2048 bytes
      K103    rows=128  idx_cols=0  ~2048 bytes
      K104    rows=256  idx_cols=0  ~4096 bytes
      K105    rows=512  idx_cols=0  ~8192 bytes
      K106    rows=512  idx_cols=0  ~8192 bytes
      K107    rows=512  idx_cols=0  ~8192 bytes
      K108    rows=1024  idx_cols=0  ~16384 bytes
      K109    rows=1024  idx_cols=0  ~16384 bytes

  [Aer] 0080bd3e727825c2224d6addc2ffb7f0d33b294e0ead63f247de6d556a4df1b3  (11 qubits, depth 33)
    [+] statevector                [multi ]  wall=0.0056s  rss=213,176KB  vsz=6,516MB  Δmaj=0
    [+] statevector                [single]  wall=0.0054s  rss=213,176KB  vsz=6,516MB  Δmaj=0
    [-] stabilizer                 [multi ]  wall=0.0021s  rss=213,176KB  vsz=6,516MB  Δmaj=0
    [-] stabilizer                 [single]  wall=0.0019s  rss=213,176KB  vsz=6,516MB  Δmaj=0
    [+] density_matrix             [multi ]  wall=0.1856s  rss=211,676KB  vsz=6,516MB  Δmaj=0
    [+] density_matrix             [single]  wall=1.7830s  rss=211,676KB  vsz=6,516MB  Δmaj=0
    [+] matrix_product_state       [multi ]  wall=0.0587s  rss=218,268KB  vsz=6,996MB  Δmaj=0
    [+] matrix_product_state       [single]  wall=0.1145s  rss=218,268KB  vsz=6,996MB  Δmaj=0
    [-] extended_stabilizer        [multi ]  wall=0.0018s  rss=218,268KB  vsz=6,996MB  Δmaj=0
    [-] extended_stabilizer        [single]  wall=0.0018s  rss=218,268KB  vsz=6,996MB  Δmaj=0
    [+] unitary                    [multi ]  wall=0.0518s  rss=281,792KB  vsz=7,060MB  Δmaj=0
    [+] unitary                    [single]  wall=0.5456s  rss=281,772KB  vsz=7,060MB  Δmaj=0
    [+] automatic                  [multi ]  wall=0.0560s  rss=216,240KB  vsz=6,996MB  Δmaj=0
    [+] automatic                  [single]  wall=0.0085s  rss=216,240KB  vsz=6,996MB  Δmaj=0
