
  [SQLite] 0087b155b3584f83885d43608a4a399264f3b563a1f94d09eb9335e576eb1dba
    total CTEs  : 41  (tensor CTEs: 6, contraction CTEs: 35)
    SQL length  : 11,293 chars
    Counting rows per K_i CTE (35 contraction CTEs)...
      K1      rows=8  idx_cols=0  ~128 bytes
      K2      rows=8  idx_cols=0  ~128 bytes
      K3      rows=4  idx_cols=0  ~64 bytes
      K4      rows=8  idx_cols=0  ~128 bytes
      K5      rows=8  idx_cols=0  ~128 bytes
      K6      rows=8  idx_cols=0  ~128 bytes
      K7      rows=8  idx_cols=0  ~128 bytes
      K8      rows=8  idx_cols=0  ~128 bytes
      K9      rows=8  idx_cols=0  ~128 bytes
      K10     rows=8  idx_cols=0  ~128 bytes
      K11     rows=2  idx_cols=0  ~32 bytes
      K12     rows=16  idx_cols=0  ~256 bytes
      K13     rows=16  idx_cols=0  ~256 bytes
      K14     rows=2  idx_cols=0  ~32 bytes
      K15     rows=4  idx_cols=0  ~64 bytes
      K16     rows=8  idx_cols=0  ~128 bytes
      K17     rows=8  idx_cols=0  ~128 bytes
      K18     rows=8  idx_cols=0  ~128 bytes
      K19     rows=2  idx_cols=0  ~32 bytes
      K20     rows=8  idx_cols=0  ~128 bytes
      K21     rows=8  idx_cols=0  ~128 bytes
      K22     rows=4  idx_cols=0  ~64 bytes
      K23     rows=8  idx_cols=0  ~128 bytes
      K24     rows=4  idx_cols=0  ~64 bytes
      K25     rows=8  idx_cols=0  ~128 bytes
      K26     rows=16  idx_cols=0  ~256 bytes
      K27     rows=16  idx_cols=0  ~256 bytes
      K28     rows=8  idx_cols=0  ~128 bytes
      K29     rows=16  idx_cols=0  ~256 bytes
      K30     rows=16  idx_cols=0  ~256 bytes
      K31     rows=16  idx_cols=0  ~256 bytes
      K32     rows=16  idx_cols=0  ~256 bytes
      K33     rows=16  idx_cols=0  ~256 bytes
      K34     rows=16  idx_cols=0  ~256 bytes
      K35     rows=16  idx_cols=0  ~256 bytes

  [Aer] 0087b155b3584f83885d43608a4a399264f3b563a1f94d09eb9335e576eb1dba  (4 qubits, depth 22)
    [+] statevector                [multi ]  wall=0.0031s  rss=201,624KB  vsz=5,011MB  Δmaj=0
    [+] statevector                [single]  wall=0.0041s  rss=201,624KB  vsz=5,012MB  Δmaj=0
    [-] stabilizer                 [multi ]  wall=0.0012s  rss=201,624KB  vsz=5,012MB  Δmaj=0
    [-] stabilizer                 [single]  wall=0.0011s  rss=201,624KB  vsz=5,012MB  Δmaj=0
    [+] density_matrix             [multi ]  wall=0.0439s  rss=201,624KB  vsz=5,012MB  Δmaj=0
    [+] density_matrix             [single]  wall=0.0024s  rss=201,624KB  vsz=5,012MB  Δmaj=0
    [+] matrix_product_state       [multi ]  wall=0.0372s  rss=202,580KB  vsz=5,684MB  Δmaj=0
    [+] matrix_product_state       [single]  wall=0.0150s  rss=200,404KB  vsz=7,178MB  Δmaj=0
    [-] extended_stabilizer        [multi ]  wall=0.0019s  rss=200,404KB  vsz=7,178MB  Δmaj=0
    [-] extended_stabilizer        [single]  wall=0.0018s  rss=200,404KB  vsz=7,178MB  Δmaj=0
    [+] unitary                    [multi ]  wall=0.0115s  rss=200,404KB  vsz=7,178MB  Δmaj=0
    [+] unitary                    [single]  wall=0.0097s  rss=200,404KB  vsz=7,178MB  Δmaj=0
    [+] automatic                  [multi ]  wall=0.0120s  rss=200,668KB  vsz=7,178MB  Δmaj=0
    [+] automatic                  [single]  wall=0.0036s  rss=200,668KB  vsz=7,178MB  Δmaj=0
