
  [SQLite] 008908046e9e4d77676ed790bd1f8abc10ba3bb56626ea7fbf6d98d82a57123e
    total CTEs  : 45  (tensor CTEs: 6, contraction CTEs: 39)
    SQL length  : 12,867 chars
    Counting rows per K_i CTE (39 contraction CTEs)...
      K1      rows=2  idx_cols=0  ~32 bytes
      K2      rows=8  idx_cols=0  ~128 bytes
      K3      rows=2  idx_cols=0  ~32 bytes
      K4      rows=8  idx_cols=0  ~128 bytes
      K5      rows=16  idx_cols=0  ~256 bytes
      K6      rows=4  idx_cols=0  ~64 bytes
      K7      rows=4  idx_cols=0  ~64 bytes
      K8      rows=8  idx_cols=0  ~128 bytes
      K9      rows=4  idx_cols=0  ~64 bytes
      K10     rows=8  idx_cols=0  ~128 bytes
      K11     rows=4  idx_cols=0  ~64 bytes
      K12     rows=16  idx_cols=0  ~256 bytes
      K13     rows=16  idx_cols=0  ~256 bytes
      K14     rows=16  idx_cols=0  ~256 bytes
      K15     rows=16  idx_cols=0  ~256 bytes
      K16     rows=16  idx_cols=0  ~256 bytes
      K17     rows=16  idx_cols=0  ~256 bytes
      K18     rows=8  idx_cols=0  ~128 bytes
      K19     rows=4  idx_cols=0  ~64 bytes
      K20     rows=8  idx_cols=0  ~128 bytes
      K21     rows=8  idx_cols=0  ~128 bytes
      K22     rows=8  idx_cols=0  ~128 bytes
      K23     rows=8  idx_cols=0  ~128 bytes
      K24     rows=8  idx_cols=0  ~128 bytes
      K25     rows=16  idx_cols=0  ~256 bytes
      K26     rows=8  idx_cols=0  ~128 bytes
      K27     rows=4  idx_cols=0  ~64 bytes
      K28     rows=4  idx_cols=0  ~64 bytes
      K29     rows=8  idx_cols=0  ~128 bytes
      K30     rows=8  idx_cols=0  ~128 bytes
      K31     rows=4  idx_cols=0  ~64 bytes
      K32     rows=8  idx_cols=0  ~128 bytes
      K33     rows=8  idx_cols=0  ~128 bytes
      K34     rows=8  idx_cols=0  ~128 bytes
      K35     rows=4  idx_cols=0  ~64 bytes
      K36     rows=8  idx_cols=0  ~128 bytes
      K37     rows=8  idx_cols=0  ~128 bytes
      K38     rows=16  idx_cols=0  ~256 bytes
      K39     rows=16  idx_cols=0  ~256 bytes

  [Aer] 008908046e9e4d77676ed790bd1f8abc10ba3bb56626ea7fbf6d98d82a57123e  (4 qubits, depth 5)
    [+] statevector                [multi ]  wall=0.0050s  rss=202,296KB  vsz=5,013MB  Δmaj=0
    [+] statevector                [single]  wall=0.0045s  rss=202,296KB  vsz=5,013MB  Δmaj=0
    [-] stabilizer                 [multi ]  wall=0.0072s  rss=202,612KB  vsz=5,013MB  Δmaj=0
    [-] stabilizer                 [single]  wall=0.0032s  rss=202,612KB  vsz=5,013MB  Δmaj=0
    [+] density_matrix             [multi ]  wall=0.0049s  rss=202,612KB  vsz=5,013MB  Δmaj=0
    [+] density_matrix             [single]  wall=0.0096s  rss=202,612KB  vsz=5,013MB  Δmaj=0
    [+] matrix_product_state       [multi ]  wall=0.0293s  rss=201,084KB  vsz=7,211MB  Δmaj=0
    [+] matrix_product_state       [single]  wall=0.0153s  rss=201,348KB  vsz=7,211MB  Δmaj=0
    [-] extended_stabilizer        [multi ]  wall=0.0025s  rss=201,348KB  vsz=7,211MB  Δmaj=0
    [-] extended_stabilizer        [single]  wall=0.0026s  rss=201,348KB  vsz=7,211MB  Δmaj=0
    [+] unitary                    [multi ]  wall=0.3216s  rss=201,348KB  vsz=7,211MB  Δmaj=0
    [+] unitary                    [single]  wall=0.0039s  rss=201,348KB  vsz=7,211MB  Δmaj=0
    [+] automatic                  [multi ]  wall=0.0269s  rss=201,612KB  vsz=7,211MB  Δmaj=0
    [+] automatic                  [single]  wall=0.0044s  rss=201,612KB  vsz=7,211MB  Δmaj=0
