
  [SQLite] 008c607faddc4dd119768f8c27feee980c0eb42398a6217dd1dcfe2a77b1110d
    total CTEs  : 68  (tensor CTEs: 6, contraction CTEs: 62)
    SQL length  : 19,746 chars
    Counting rows per K_i CTE (62 contraction CTEs)...
      K1      rows=8  idx_cols=0  ~128 bytes
      K2      rows=8  idx_cols=0  ~128 bytes
      K3      rows=8  idx_cols=0  ~128 bytes
      K4      rows=8  idx_cols=0  ~128 bytes
      K5      rows=8  idx_cols=0  ~128 bytes
      K6      rows=8  idx_cols=0  ~128 bytes
      K7      rows=2  idx_cols=0  ~32 bytes
      K8      rows=4  idx_cols=0  ~64 bytes
      K9      rows=2  idx_cols=0  ~32 bytes
      K10     rows=8  idx_cols=0  ~128 bytes
      K11     rows=8  idx_cols=0  ~128 bytes
      K12     rows=16  idx_cols=0  ~256 bytes
      K13     rows=8  idx_cols=0  ~128 bytes
      K14     rows=4  idx_cols=0  ~64 bytes
      K15     rows=8  idx_cols=0  ~128 bytes
      K16     rows=8  idx_cols=0  ~128 bytes
      K17     rows=8  idx_cols=0  ~128 bytes
      K18     rows=8  idx_cols=0  ~128 bytes
      K19     rows=8  idx_cols=0  ~128 bytes
      K20     rows=8  idx_cols=0  ~128 bytes
      K21     rows=8  idx_cols=0  ~128 bytes
      K22     rows=8  idx_cols=0  ~128 bytes
      K23     rows=16  idx_cols=0  ~256 bytes
      K24     rows=16  idx_cols=0  ~256 bytes
      K25     rows=16  idx_cols=0  ~256 bytes
      K26     rows=16  idx_cols=0  ~256 bytes
      K27     rows=16  idx_cols=0  ~256 bytes
      K28     rows=16  idx_cols=0  ~256 bytes
      K29     rows=2  idx_cols=0  ~32 bytes
      K30     rows=4  idx_cols=0  ~64 bytes
      K31     rows=16  idx_cols=0  ~256 bytes
      K32     rows=16  idx_cols=0  ~256 bytes
      K33     rows=8  idx_cols=0  ~128 bytes
      K34     rows=4  idx_cols=0  ~64 bytes
      K35     rows=2  idx_cols=0  ~32 bytes
      K36     rows=4  idx_cols=0  ~64 bytes
      K37     rows=8  idx_cols=0  ~128 bytes
      K38     rows=4  idx_cols=0  ~64 bytes
      K39     rows=16  idx_cols=0  ~256 bytes
      K40     rows=16  idx_cols=0  ~256 bytes
      K41     rows=16  idx_cols=0  ~256 bytes
      K42     rows=16  idx_cols=0  ~256 bytes
      K43     rows=8  idx_cols=0  ~128 bytes
      K44     rows=8  idx_cols=0  ~128 bytes
      K45     rows=8  idx_cols=0  ~128 bytes
      K46     rows=16  idx_cols=0  ~256 bytes
      K47     rows=8  idx_cols=0  ~128 bytes
      K48     rows=8  idx_cols=0  ~128 bytes
      K49     rows=8  idx_cols=0  ~128 bytes
      K50     rows=16  idx_cols=0  ~256 bytes
      K51     rows=8  idx_cols=0  ~128 bytes
      K52     rows=16  idx_cols=0  ~256 bytes
      K53     rows=16  idx_cols=0  ~256 bytes
      K54     rows=16  idx_cols=0  ~256 bytes
      K55     rows=8  idx_cols=0  ~128 bytes
      K56     rows=16  idx_cols=0  ~256 bytes
      K57     rows=16  idx_cols=0  ~256 bytes
      K58     rows=16  idx_cols=0  ~256 bytes
      K59     rows=32  idx_cols=0  ~512 bytes
      K60     rows=16  idx_cols=0  ~256 bytes
      K61     rows=32  idx_cols=0  ~512 bytes
      K62     rows=32  idx_cols=0  ~512 bytes

  [Aer] 008c607faddc4dd119768f8c27feee980c0eb42398a6217dd1dcfe2a77b1110d  (5 qubits, depth 6)
    [+] statevector                [multi ]  wall=0.0071s  rss=206,116KB  vsz=6,509MB  Δmaj=0
    [+] statevector                [single]  wall=0.0074s  rss=206,116KB  vsz=6,509MB  Δmaj=0
    [-] stabilizer                 [multi ]  wall=0.0047s  rss=206,116KB  vsz=6,509MB  Δmaj=0
    [-] stabilizer                 [single]  wall=0.0047s  rss=206,116KB  vsz=6,509MB  Δmaj=0
    [+] density_matrix             [multi ]  wall=0.0539s  rss=206,880KB  vsz=6,509MB  Δmaj=0
    [+] density_matrix             [single]  wall=0.0088s  rss=206,880KB  vsz=6,509MB  Δmaj=0
    [+] matrix_product_state       [multi ]  wall=0.0254s  rss=206,880KB  vsz=6,957MB  Δmaj=0
    [+] matrix_product_state       [single]  wall=0.0213s  rss=206,880KB  vsz=6,957MB  Δmaj=0
    [-] extended_stabilizer        [multi ]  wall=0.0046s  rss=206,880KB  vsz=6,957MB  Δmaj=0
    [-] extended_stabilizer        [single]  wall=0.0046s  rss=207,136KB  vsz=6,957MB  Δmaj=0
    [+] unitary                    [multi ]  wall=0.0081s  rss=207,136KB  vsz=6,957MB  Δmaj=0
    [+] unitary                    [single]  wall=0.0096s  rss=207,136KB  vsz=6,957MB  Δmaj=0
    [+] automatic                  [multi ]  wall=0.0081s  rss=207,136KB  vsz=6,957MB  Δmaj=0
    [+] automatic                  [single]  wall=0.0074s  rss=207,136KB  vsz=6,957MB  Δmaj=0
