
  [SQLite] 008d7d2d32597e947c72f0d86badbd8c0184e2bcf45f8975c7e7962a81b1d25f
    total CTEs  : 78  (tensor CTEs: 6, contraction CTEs: 72)
    SQL length  : 22,134 chars
    Counting rows per K_i CTE (72 contraction CTEs)...
      K1      rows=2  idx_cols=0  ~32 bytes
      K2      rows=2  idx_cols=0  ~32 bytes
      K3      rows=2  idx_cols=0  ~32 bytes
      K4      rows=8  idx_cols=0  ~128 bytes
      K5      rows=2  idx_cols=0  ~32 bytes
      K6      rows=4  idx_cols=0  ~64 bytes
      K7      rows=4  idx_cols=0  ~64 bytes
      K8      rows=8  idx_cols=0  ~128 bytes
      K9      rows=4  idx_cols=0  ~64 bytes
      K10     rows=4  idx_cols=0  ~64 bytes
      K11     rows=4  idx_cols=0  ~64 bytes
      K12     rows=4  idx_cols=0  ~64 bytes
      K13     rows=4  idx_cols=0  ~64 bytes
      K14     rows=4  idx_cols=0  ~64 bytes
      K15     rows=2  idx_cols=0  ~32 bytes
      K16     rows=4  idx_cols=0  ~64 bytes
      K17     rows=4  idx_cols=0  ~64 bytes
      K18     rows=4  idx_cols=0  ~64 bytes
      K19     rows=2  idx_cols=0  ~32 bytes
      K20     rows=4  idx_cols=0  ~64 bytes
      K21     rows=4  idx_cols=0  ~64 bytes
      K22     rows=4  idx_cols=0  ~64 bytes
      K23     rows=2  idx_cols=0  ~32 bytes
      K24     rows=4  idx_cols=0  ~64 bytes
      K25     rows=4  idx_cols=0  ~64 bytes
      K26     rows=4  idx_cols=0  ~64 bytes
      K27     rows=2  idx_cols=0  ~32 bytes
      K28     rows=2  idx_cols=0  ~32 bytes
      K29     rows=2  idx_cols=0  ~32 bytes
      K30     rows=16  idx_cols=0  ~256 bytes
      K31     rows=4  idx_cols=0  ~64 bytes
      K32     rows=4  idx_cols=0  ~64 bytes
      K33     rows=2  idx_cols=0  ~32 bytes
      K34     rows=4  idx_cols=0  ~64 bytes
      K35     rows=4  idx_cols=0  ~64 bytes
      K36     rows=4  idx_cols=0  ~64 bytes
      K37     rows=4  idx_cols=0  ~64 bytes
      K38     rows=8  idx_cols=0  ~128 bytes
      K39     rows=2  idx_cols=0  ~32 bytes
      K40     rows=4  idx_cols=0  ~64 bytes
      K41     rows=4  idx_cols=0  ~64 bytes
      K42     rows=4  idx_cols=0  ~64 bytes
      K43     rows=8  idx_cols=0  ~128 bytes
      K44     rows=4  idx_cols=0  ~64 bytes
      K45     rows=4  idx_cols=0  ~64 bytes
      K46     rows=8  idx_cols=0  ~128 bytes
      K47     rows=8  idx_cols=0  ~128 bytes
      K48     rows=4  idx_cols=0  ~64 bytes
      K49     rows=4  idx_cols=0  ~64 bytes
      K50     rows=2  idx_cols=0  ~32 bytes
      K51     rows=8  idx_cols=0  ~128 bytes
      K52     rows=4  idx_cols=0  ~64 bytes
      K53     rows=4  idx_cols=0  ~64 bytes
      K54     rows=4  idx_cols=0  ~64 bytes
      K55     rows=2  idx_cols=0  ~32 bytes
      K56     rows=4  idx_cols=0  ~64 bytes
      K57     rows=4  idx_cols=0  ~64 bytes
      K58     rows=8  idx_cols=0  ~128 bytes
      K59     rows=4  idx_cols=0  ~64 bytes
      K60     rows=4  idx_cols=0  ~64 bytes
      K61     rows=4  idx_cols=0  ~64 bytes
      K62     rows=8  idx_cols=0  ~128 bytes
      K63     rows=8  idx_cols=0  ~128 bytes
      K64     rows=16  idx_cols=0  ~256 bytes
      K65     rows=8  idx_cols=0  ~128 bytes
      K66     rows=8  idx_cols=0  ~128 bytes
      K67     rows=8  idx_cols=0  ~128 bytes
      K68     rows=8  idx_cols=0  ~128 bytes
      K69     rows=16  idx_cols=0  ~256 bytes
      K70     rows=16  idx_cols=0  ~256 bytes
      K71     rows=32  idx_cols=0  ~512 bytes
      K72     rows=32  idx_cols=0  ~512 bytes

  [Aer] 008d7d2d32597e947c72f0d86badbd8c0184e2bcf45f8975c7e7962a81b1d25f  (10 qubits, depth 15)
    [+] statevector                [multi ]  wall=0.0044s  rss=205,516KB  vsz=6,508MB  Δmaj=0
    [+] statevector                [single]  wall=0.0043s  rss=205,516KB  vsz=6,508MB  Δmaj=0
    [-] stabilizer                 [multi ]  wall=0.0028s  rss=205,900KB  vsz=6,508MB  Δmaj=0
    [-] stabilizer                 [single]  wall=0.0024s  rss=205,900KB  vsz=6,508MB  Δmaj=0
    [+] density_matrix             [multi ]  wall=0.0696s  rss=202,904KB  vsz=6,508MB  Δmaj=22
    [+] density_matrix             [single]  wall=0.3353s  rss=219,004KB  vsz=6,508MB  Δmaj=0
    [+] matrix_product_state       [multi ]  wall=0.0573s  rss=224,944KB  vsz=7,020MB  Δmaj=0
    [+] matrix_product_state       [single]  wall=0.0725s  rss=224,944KB  vsz=7,020MB  Δmaj=0
    [-] extended_stabilizer        [multi ]  wall=0.0016s  rss=224,944KB  vsz=7,021MB  Δmaj=0
    [-] extended_stabilizer        [single]  wall=0.0015s  rss=224,944KB  vsz=7,021MB  Δmaj=0
    [+] unitary                    [multi ]  wall=0.0120s  rss=238,164KB  vsz=7,021MB  Δmaj=0
    [+] unitary                    [single]  wall=0.0851s  rss=254,532KB  vsz=7,021MB  Δmaj=0
    [+] automatic                  [multi ]  wall=0.0190s  rss=254,532KB  vsz=7,021MB  Δmaj=0
    [+] automatic                  [single]  wall=0.0059s  rss=254,532KB  vsz=7,021MB  Δmaj=0
