
  [SQLite] 0091de015faf27adbfe6dc0954f8c8457bd5c7637d7c7118a4fa16ba4134d590
    total CTEs  : 39  (tensor CTEs: 6, contraction CTEs: 33)
    SQL length  : 10,438 chars
    Counting rows per K_i CTE (33 contraction CTEs)...
      K1      rows=2  idx_cols=0  ~32 bytes
      K2      rows=8  idx_cols=0  ~128 bytes
      K3      rows=2  idx_cols=0  ~32 bytes
      K4      rows=2  idx_cols=0  ~32 bytes
      K5      rows=4  idx_cols=0  ~64 bytes
      K6      rows=8  idx_cols=0  ~128 bytes
      K7      rows=2  idx_cols=0  ~32 bytes
      K8      rows=4  idx_cols=0  ~64 bytes
      K9      rows=2  idx_cols=0  ~32 bytes
      K10     rows=4  idx_cols=0  ~64 bytes
      K11     rows=4  idx_cols=0  ~64 bytes
      K12     rows=2  idx_cols=0  ~32 bytes
      K13     rows=4  idx_cols=0  ~64 bytes
      K14     rows=4  idx_cols=0  ~64 bytes
      K15     rows=4  idx_cols=0  ~64 bytes
      K16     rows=16  idx_cols=0  ~256 bytes
      K17     rows=8  idx_cols=0  ~128 bytes
      K18     rows=8  idx_cols=0  ~128 bytes
      K19     rows=2  idx_cols=0  ~32 bytes
      K20     rows=16  idx_cols=0  ~256 bytes
      K21     rows=8  idx_cols=0  ~128 bytes
      K22     rows=8  idx_cols=0  ~128 bytes
      K23     rows=4  idx_cols=0  ~64 bytes
      K24     rows=8  idx_cols=0  ~128 bytes
      K25     rows=16  idx_cols=0  ~256 bytes
      K26     rows=8  idx_cols=0  ~128 bytes
      K27     rows=8  idx_cols=0  ~128 bytes
      K28     rows=16  idx_cols=0  ~256 bytes
      K29     rows=16  idx_cols=0  ~256 bytes
      K30     rows=4  idx_cols=0  ~64 bytes
      K31     rows=16  idx_cols=0  ~256 bytes
      K32     rows=32  idx_cols=0  ~512 bytes
      K33     rows=64  idx_cols=0  ~1024 bytes

  [Aer] 0091de015faf27adbfe6dc0954f8c8457bd5c7637d7c7118a4fa16ba4134d590  (9 qubits, depth 1)
    [+] statevector                [multi ]  wall=0.0039s  rss=200,472KB  vsz=5,011MB  Δmaj=0
    [+] statevector                [single]  wall=0.0035s  rss=200,472KB  vsz=5,011MB  Δmaj=0
    [-] stabilizer                 [multi ]  wall=0.0010s  rss=200,472KB  vsz=5,011MB  Δmaj=0
    [-] stabilizer                 [single]  wall=0.0009s  rss=200,472KB  vsz=5,011MB  Δmaj=0
    [+] density_matrix             [multi ]  wall=0.0523s  rss=197,428KB  vsz=5,011MB  Δmaj=0
    [+] density_matrix             [single]  wall=0.0766s  rss=201,384KB  vsz=5,011MB  Δmaj=0
    [+] matrix_product_state       [multi ]  wall=0.0622s  rss=195,608KB  vsz=7,049MB  Δmaj=0
    [+] matrix_product_state       [single]  wall=0.0264s  rss=195,608KB  vsz=7,049MB  Δmaj=0
    [-] extended_stabilizer        [multi ]  wall=0.0011s  rss=195,608KB  vsz=7,049MB  Δmaj=0
    [-] extended_stabilizer        [single]  wall=0.0010s  rss=195,608KB  vsz=7,049MB  Δmaj=0
    [+] unitary                    [multi ]  wall=0.0144s  rss=202,220KB  vsz=7,049MB  Δmaj=0
    [+] unitary                    [single]  wall=0.0207s  rss=206,232KB  vsz=7,049MB  Δmaj=0
    [+] automatic                  [multi ]  wall=0.0144s  rss=206,232KB  vsz=7,049MB  Δmaj=0
    [+] automatic                  [single]  wall=0.0031s  rss=206,492KB  vsz=7,049MB  Δmaj=0
