
  [SQLite] 009915dd437f46630f6dc7554b93e1b1afbbef2c7e6503570e626bb0fb457aaa
    total CTEs  : 26  (tensor CTEs: 5, contraction CTEs: 21)
    SQL length  : 7,417 chars
    Counting rows per K_i CTE (21 contraction CTEs)...
      K1      rows=8  idx_cols=0  ~128 bytes
      K2      rows=8  idx_cols=0  ~128 bytes
      K3      rows=2  idx_cols=0  ~32 bytes
      K4      rows=8  idx_cols=0  ~128 bytes
      K5      rows=16  idx_cols=0  ~256 bytes
      K6      rows=8  idx_cols=0  ~128 bytes
      K7      rows=2  idx_cols=0  ~32 bytes
      K8      rows=4  idx_cols=0  ~64 bytes
      K9      rows=16  idx_cols=0  ~256 bytes
      K10     rows=16  idx_cols=0  ~256 bytes
      K11     rows=8  idx_cols=0  ~128 bytes
      K12     rows=8  idx_cols=0  ~128 bytes
      K13     rows=4  idx_cols=0  ~64 bytes
      K14     rows=8  idx_cols=0  ~128 bytes
      K15     rows=8  idx_cols=0  ~128 bytes
      K16     rows=8  idx_cols=0  ~128 bytes
      K17     rows=4  idx_cols=0  ~64 bytes
      K18     rows=4  idx_cols=0  ~64 bytes
      K19     rows=8  idx_cols=0  ~128 bytes
      K20     rows=8  idx_cols=0  ~128 bytes
      K21     rows=8  idx_cols=0  ~128 bytes

  [Aer] 009915dd437f46630f6dc7554b93e1b1afbbef2c7e6503570e626bb0fb457aaa  (3 qubits, depth 4)
    [+] statevector                [multi ]  wall=0.0272s  rss=199,880KB  vsz=5,010MB  Δmaj=0
    [+] statevector                [single]  wall=0.0029s  rss=199,880KB  vsz=5,010MB  Δmaj=0
    [-] stabilizer                 [multi ]  wall=0.0017s  rss=199,880KB  vsz=5,010MB  Δmaj=0
    [-] stabilizer                 [single]  wall=0.0014s  rss=199,880KB  vsz=5,010MB  Δmaj=0
    [+] density_matrix             [multi ]  wall=0.0039s  rss=200,720KB  vsz=5,010MB  Δmaj=0
    [+] density_matrix             [single]  wall=0.0044s  rss=200,720KB  vsz=5,010MB  Δmaj=0
    [+] matrix_product_state       [multi ]  wall=0.0114s  rss=200,720KB  vsz=5,746MB  Δmaj=0
    [+] matrix_product_state       [single]  wall=0.0098s  rss=200,720KB  vsz=5,746MB  Δmaj=0
    [-] extended_stabilizer        [multi ]  wall=0.0025s  rss=200,720KB  vsz=5,746MB  Δmaj=0
    [-] extended_stabilizer        [single]  wall=0.0029s  rss=200,720KB  vsz=5,746MB  Δmaj=0
    [+] unitary                    [multi ]  wall=0.0039s  rss=200,720KB  vsz=5,746MB  Δmaj=0
    [+] unitary                    [single]  wall=0.0037s  rss=200,984KB  vsz=5,746MB  Δmaj=0
    [+] automatic                  [multi ]  wall=0.0361s  rss=200,984KB  vsz=5,746MB  Δmaj=0
    [+] automatic                  [single]  wall=0.0040s  rss=200,984KB  vsz=5,746MB  Δmaj=0
