
  [SQLite] 0099dd619a800292f9eff1d3bcc3e0551b983a9e0db2470f8141021772e3d142
    total CTEs  : 30  (tensor CTEs: 8, contraction CTEs: 22)
    SQL length  : 8,052 chars
    Counting rows per K_i CTE (22 contraction CTEs)...
      K1      rows=2  idx_cols=0  ~32 bytes
      K2      rows=2  idx_cols=0  ~32 bytes
      K3      rows=8  idx_cols=0  ~128 bytes
      K4      rows=16  idx_cols=0  ~256 bytes
      K5      rows=4  idx_cols=0  ~64 bytes
      K6      rows=4  idx_cols=0  ~64 bytes
      K7      rows=4  idx_cols=0  ~64 bytes
      K8      rows=16  idx_cols=0  ~256 bytes
      K9      rows=4  idx_cols=0  ~64 bytes
      K10     rows=16  idx_cols=0  ~256 bytes
      K11     rows=16  idx_cols=0  ~256 bytes
      K12     rows=4  idx_cols=0  ~64 bytes
      K13     rows=4  idx_cols=0  ~64 bytes
      K14     rows=4  idx_cols=0  ~64 bytes
      K15     rows=4  idx_cols=0  ~64 bytes
      K16     rows=16  idx_cols=0  ~256 bytes
      K17     rows=2  idx_cols=0  ~32 bytes
      K18     rows=2  idx_cols=0  ~32 bytes
      K19     rows=4  idx_cols=0  ~64 bytes
      K20     rows=4  idx_cols=0  ~64 bytes
      K21     rows=4  idx_cols=0  ~64 bytes
      K22     rows=4  idx_cols=0  ~64 bytes

  [Aer] 0099dd619a800292f9eff1d3bcc3e0551b983a9e0db2470f8141021772e3d142  (4 qubits, depth 12)
    [+] statevector                [multi ]  wall=0.0033s  rss=200,880KB  vsz=5,010MB  Δmaj=0
    [+] statevector                [single]  wall=0.0051s  rss=200,880KB  vsz=5,010MB  Δmaj=0
    [-] stabilizer                 [multi ]  wall=0.0018s  rss=200,880KB  vsz=5,010MB  Δmaj=0
    [-] stabilizer                 [single]  wall=0.0010s  rss=200,880KB  vsz=5,010MB  Δmaj=0
    [+] density_matrix             [multi ]  wall=0.0015s  rss=200,880KB  vsz=5,010MB  Δmaj=0
    [+] density_matrix             [single]  wall=0.0024s  rss=200,880KB  vsz=5,010MB  Δmaj=0
    [+] matrix_product_state       [multi ]  wall=0.0049s  rss=202,048KB  vsz=5,778MB  Δmaj=0
    [+] matrix_product_state       [single]  wall=0.0075s  rss=202,312KB  vsz=5,778MB  Δmaj=0
    [-] extended_stabilizer        [multi ]  wall=0.0011s  rss=202,312KB  vsz=5,778MB  Δmaj=0
    [-] extended_stabilizer        [single]  wall=0.0011s  rss=202,312KB  vsz=5,778MB  Δmaj=0
    [+] unitary                    [multi ]  wall=0.0021s  rss=202,312KB  vsz=5,778MB  Δmaj=0
    [+] unitary                    [single]  wall=0.0018s  rss=202,312KB  vsz=5,778MB  Δmaj=0
    [+] automatic                  [multi ]  wall=0.0015s  rss=202,312KB  vsz=5,778MB  Δmaj=0
    [+] automatic                  [single]  wall=0.0023s  rss=202,312KB  vsz=5,778MB  Δmaj=0
