
  [SQLite] 009eed57c827cadc8ad7bec90f343c9dceb7d0034734f5807ac098e300e22bc6
    total CTEs  : 36  (tensor CTEs: 6, contraction CTEs: 30)
    SQL length  : 10,010 chars
    Counting rows per K_i CTE (30 contraction CTEs)...
      K1      rows=2  idx_cols=0  ~32 bytes
      K2      rows=8  idx_cols=0  ~128 bytes
      K3      rows=4  idx_cols=0  ~64 bytes
      K4      rows=2  idx_cols=0  ~32 bytes
      K5      rows=8  idx_cols=0  ~128 bytes
      K6      rows=8  idx_cols=0  ~128 bytes
      K7      rows=4  idx_cols=0  ~64 bytes
      K8      rows=8  idx_cols=0  ~128 bytes
      K9      rows=8  idx_cols=0  ~128 bytes
      K10     rows=8  idx_cols=0  ~128 bytes
      K11     rows=8  idx_cols=0  ~128 bytes
      K12     rows=8  idx_cols=0  ~128 bytes
      K13     rows=16  idx_cols=0  ~256 bytes
      K14     rows=8  idx_cols=0  ~128 bytes
      K15     rows=2  idx_cols=0  ~32 bytes
      K16     rows=8  idx_cols=0  ~128 bytes
      K17     rows=16  idx_cols=0  ~256 bytes
      K18     rows=2  idx_cols=0  ~32 bytes
      K19     rows=4  idx_cols=0  ~64 bytes
      K20     rows=16  idx_cols=0  ~256 bytes
      K21     rows=16  idx_cols=0  ~256 bytes
      K22     rows=16  idx_cols=0  ~256 bytes
      K23     rows=16  idx_cols=0  ~256 bytes
      K24     rows=16  idx_cols=0  ~256 bytes
      K25     rows=16  idx_cols=0  ~256 bytes
      K26     rows=16  idx_cols=0  ~256 bytes
      K27     rows=16  idx_cols=0  ~256 bytes
      K28     rows=16  idx_cols=0  ~256 bytes
      K29     rows=16  idx_cols=0  ~256 bytes
      K30     rows=16  idx_cols=0  ~256 bytes

  [Aer] 009eed57c827cadc8ad7bec90f343c9dceb7d0034734f5807ac098e300e22bc6  (4 qubits, depth 20)
    [+] statevector                [multi ]  wall=0.0029s  rss=201,272KB  vsz=5,011MB  Δmaj=0
    [+] statevector                [single]  wall=0.0044s  rss=201,536KB  vsz=5,011MB  Δmaj=0
    [-] stabilizer                 [multi ]  wall=0.0013s  rss=201,536KB  vsz=5,011MB  Δmaj=0
    [-] stabilizer                 [single]  wall=0.0012s  rss=201,536KB  vsz=5,011MB  Δmaj=0
    [+] density_matrix             [multi ]  wall=0.0018s  rss=201,536KB  vsz=5,011MB  Δmaj=0
    [+] density_matrix             [single]  wall=0.0091s  rss=201,536KB  vsz=5,011MB  Δmaj=0
    [+] matrix_product_state       [multi ]  wall=0.0191s  rss=202,436KB  vsz=5,651MB  Δmaj=0
    [+] matrix_product_state       [single]  wall=0.0142s  rss=202,436KB  vsz=5,651MB  Δmaj=0
    [-] extended_stabilizer        [multi ]  wall=0.0012s  rss=202,436KB  vsz=5,651MB  Δmaj=0
    [-] extended_stabilizer        [single]  wall=0.0010s  rss=202,436KB  vsz=5,651MB  Δmaj=0
    [+] unitary                    [multi ]  wall=0.0015s  rss=202,436KB  vsz=5,651MB  Δmaj=0
    [+] unitary                    [single]  wall=0.0012s  rss=202,436KB  vsz=5,651MB  Δmaj=0
    [+] automatic                  [multi ]  wall=0.0017s  rss=202,436KB  vsz=5,651MB  Δmaj=0
    [+] automatic                  [single]  wall=0.0025s  rss=202,436KB  vsz=5,651MB  Δmaj=0
