
  [SQLite] 009f194ed47d66277dd5cf4295dce603ab5e3e8f6fa55b00fef598578814a477
    total CTEs  : 44  (tensor CTEs: 6, contraction CTEs: 38)
    SQL length  : 12,312 chars
    Counting rows per K_i CTE (38 contraction CTEs)...
      K1      rows=8  idx_cols=0  ~128 bytes
      K2      rows=8  idx_cols=0  ~128 bytes
      K3      rows=2  idx_cols=0  ~32 bytes
      K4      rows=2  idx_cols=0  ~32 bytes
      K5      rows=4  idx_cols=0  ~64 bytes
      K6      rows=4  idx_cols=0  ~64 bytes
      K7      rows=4  idx_cols=0  ~64 bytes
      K8      rows=8  idx_cols=0  ~128 bytes
      K9      rows=8  idx_cols=0  ~128 bytes
      K10     rows=2  idx_cols=0  ~32 bytes
      K11     rows=8  idx_cols=0  ~128 bytes
      K12     rows=8  idx_cols=0  ~128 bytes
      K13     rows=8  idx_cols=0  ~128 bytes
      K14     rows=8  idx_cols=0  ~128 bytes
      K15     rows=2  idx_cols=0  ~32 bytes
      K16     rows=8  idx_cols=0  ~128 bytes
      K17     rows=16  idx_cols=0  ~256 bytes
      K18     rows=8  idx_cols=0  ~128 bytes
      K19     rows=4  idx_cols=0  ~64 bytes
      K20     rows=8  idx_cols=0  ~128 bytes
      K21     rows=8  idx_cols=0  ~128 bytes
      K22     rows=2  idx_cols=0  ~32 bytes
      K23     rows=16  idx_cols=0  ~256 bytes
      K24     rows=4  idx_cols=0  ~64 bytes
      K25     rows=32  idx_cols=0  ~512 bytes
      K26     rows=16  idx_cols=0  ~256 bytes
      K27     rows=8  idx_cols=0  ~128 bytes
      K28     rows=16  idx_cols=0  ~256 bytes
      K29     rows=16  idx_cols=0  ~256 bytes
      K30     rows=16  idx_cols=0  ~256 bytes
      K31     rows=32  idx_cols=0  ~512 bytes
      K32     rows=64  idx_cols=0  ~1024 bytes
      K33     rows=64  idx_cols=0  ~1024 bytes
      K34     rows=64  idx_cols=0  ~1024 bytes
      K35     rows=64  idx_cols=0  ~1024 bytes
      K36     rows=64  idx_cols=0  ~1024 bytes
      K37     rows=64  idx_cols=0  ~1024 bytes
      K38     rows=64  idx_cols=0  ~1024 bytes

  [Aer] 009f194ed47d66277dd5cf4295dce603ab5e3e8f6fa55b00fef598578814a477  (6 qubits, depth 18)
    [+] statevector                [multi ]  wall=0.0040s  rss=202,196KB  vsz=5,012MB  Δmaj=0
    [+] statevector                [single]  wall=0.0029s  rss=202,456KB  vsz=5,013MB  Δmaj=0
    [-] stabilizer                 [multi ]  wall=0.0043s  rss=202,456KB  vsz=5,013MB  Δmaj=0
    [-] stabilizer                 [single]  wall=0.0034s  rss=202,456KB  vsz=5,013MB  Δmaj=0
    [+] density_matrix             [multi ]  wall=0.0065s  rss=203,120KB  vsz=5,013MB  Δmaj=0
    [+] density_matrix             [single]  wall=0.0038s  rss=203,120KB  vsz=5,013MB  Δmaj=0
    [+] matrix_product_state       [multi ]  wall=0.0283s  rss=203,120KB  vsz=6,005MB  Δmaj=0
    [+] matrix_product_state       [single]  wall=0.0228s  rss=200,276KB  vsz=7,179MB  Δmaj=0
    [-] extended_stabilizer        [multi ]  wall=0.0011s  rss=200,276KB  vsz=7,179MB  Δmaj=0
    [-] extended_stabilizer        [single]  wall=0.0271s  rss=200,276KB  vsz=7,179MB  Δmaj=0
    [+] unitary                    [multi ]  wall=0.0026s  rss=200,276KB  vsz=7,179MB  Δmaj=0
    [+] unitary                    [single]  wall=0.0082s  rss=200,276KB  vsz=7,179MB  Δmaj=0
    [+] automatic                  [multi ]  wall=0.0509s  rss=200,276KB  vsz=7,179MB  Δmaj=0
    [+] automatic                  [single]  wall=0.0029s  rss=200,276KB  vsz=7,179MB  Δmaj=0
