
  [SQLite] 00a1a13c3282e6501bfd75c172359c07b504155db0cd4cce57027dbc6c8c8621
    total CTEs  : 40  (tensor CTEs: 6, contraction CTEs: 34)
    SQL length  : 11,373 chars
    Counting rows per K_i CTE (34 contraction CTEs)...
      K1      rows=2  idx_cols=0  ~32 bytes
      K2      rows=8  idx_cols=0  ~128 bytes
      K3      rows=8  idx_cols=0  ~128 bytes
      K4      rows=8  idx_cols=0  ~128 bytes
      K5      rows=8  idx_cols=0  ~128 bytes
      K6      rows=16  idx_cols=0  ~256 bytes
      K7      rows=8  idx_cols=0  ~128 bytes
      K8      rows=8  idx_cols=0  ~128 bytes
      K9      rows=4  idx_cols=0  ~64 bytes
      K10     rows=8  idx_cols=0  ~128 bytes
      K11     rows=2  idx_cols=0  ~32 bytes
      K12     rows=4  idx_cols=0  ~64 bytes
      K13     rows=4  idx_cols=0  ~64 bytes
      K14     rows=2  idx_cols=0  ~32 bytes
      K15     rows=16  idx_cols=0  ~256 bytes
      K16     rows=8  idx_cols=0  ~128 bytes
      K17     rows=16  idx_cols=0  ~256 bytes
      K18     rows=8  idx_cols=0  ~128 bytes
      K19     rows=2  idx_cols=0  ~32 bytes
      K20     rows=8  idx_cols=0  ~128 bytes
      K21     rows=16  idx_cols=0  ~256 bytes
      K22     rows=8  idx_cols=0  ~128 bytes
      K23     rows=8  idx_cols=0  ~128 bytes
      K24     rows=8  idx_cols=0  ~128 bytes
      K25     rows=16  idx_cols=0  ~256 bytes
      K26     rows=16  idx_cols=0  ~256 bytes
      K27     rows=16  idx_cols=0  ~256 bytes
      K28     rows=8  idx_cols=0  ~128 bytes
      K29     rows=16  idx_cols=0  ~256 bytes
      K30     rows=16  idx_cols=0  ~256 bytes
      K31     rows=16  idx_cols=0  ~256 bytes
      K32     rows=16  idx_cols=0  ~256 bytes
      K33     rows=16  idx_cols=0  ~256 bytes
      K34     rows=16  idx_cols=0  ~256 bytes

  [Aer] 00a1a13c3282e6501bfd75c172359c07b504155db0cd4cce57027dbc6c8c8621  (4 qubits, depth 1)
    [+] statevector                [multi ]  wall=0.0032s  rss=201,856KB  vsz=5,012MB  Δmaj=0
    [+] statevector                [single]  wall=0.0026s  rss=201,856KB  vsz=5,012MB  Δmaj=0
    [-] stabilizer                 [multi ]  wall=0.0014s  rss=201,856KB  vsz=5,012MB  Δmaj=0
    [-] stabilizer                 [single]  wall=0.0021s  rss=202,172KB  vsz=5,012MB  Δmaj=0
    [+] density_matrix             [multi ]  wall=0.0196s  rss=202,172KB  vsz=5,012MB  Δmaj=0
    [+] density_matrix             [single]  wall=0.0041s  rss=202,172KB  vsz=5,012MB  Δmaj=0
    [+] matrix_product_state       [multi ]  wall=0.0233s  rss=203,284KB  vsz=5,556MB  Δmaj=0
    [+] matrix_product_state       [single]  wall=0.0140s  rss=203,284KB  vsz=5,556MB  Δmaj=0
    [-] extended_stabilizer        [multi ]  wall=0.0013s  rss=203,284KB  vsz=5,556MB  Δmaj=0
    [-] extended_stabilizer        [single]  wall=0.0012s  rss=203,284KB  vsz=5,556MB  Δmaj=0
    [+] unitary                    [multi ]  wall=0.1508s  rss=200,636KB  vsz=7,050MB  Δmaj=0
    [+] unitary                    [single]  wall=0.0014s  rss=200,636KB  vsz=7,050MB  Δmaj=0
    [+] automatic                  [multi ]  wall=0.0017s  rss=200,636KB  vsz=7,050MB  Δmaj=0
    [+] automatic                  [single]  wall=0.0026s  rss=200,636KB  vsz=7,050MB  Δmaj=0
