
  [SQLite] 00a35e5f35e4acfeb6dc3292a03a1f20118a4a7efb301407b0929a2c3c22c002
    total CTEs  : 84  (tensor CTEs: 6, contraction CTEs: 78)
    SQL length  : 24,455 chars
    Counting rows per K_i CTE (78 contraction CTEs)...
      K1      rows=8  idx_cols=0  ~128 bytes
      K2      rows=8  idx_cols=0  ~128 bytes
      K3      rows=8  idx_cols=0  ~128 bytes
      K4      rows=8  idx_cols=0  ~128 bytes
      K5      rows=8  idx_cols=0  ~128 bytes
      K6      rows=8  idx_cols=0  ~128 bytes
      K7      rows=2  idx_cols=0  ~32 bytes
      K8      rows=4  idx_cols=0  ~64 bytes
      K9      rows=8  idx_cols=0  ~128 bytes
      K10     rows=2  idx_cols=0  ~32 bytes
      K11     rows=4  idx_cols=0  ~64 bytes
      K12     rows=4  idx_cols=0  ~64 bytes
      K13     rows=8  idx_cols=0  ~128 bytes
      K14     rows=2  idx_cols=0  ~32 bytes
      K15     rows=4  idx_cols=0  ~64 bytes
      K16     rows=8  idx_cols=0  ~128 bytes
      K17     rows=2  idx_cols=0  ~32 bytes
      K18     rows=4  idx_cols=0  ~64 bytes
      K19     rows=8  idx_cols=0  ~128 bytes
      K20     rows=8  idx_cols=0  ~128 bytes
      K21     rows=8  idx_cols=0  ~128 bytes
      K22     rows=8  idx_cols=0  ~128 bytes
      K23     rows=4  idx_cols=0  ~64 bytes
      K24     rows=2  idx_cols=0  ~32 bytes
      K25     rows=8  idx_cols=0  ~128 bytes
      K26     rows=4  idx_cols=0  ~64 bytes
      K27     rows=8  idx_cols=0  ~128 bytes
      K28     rows=4  idx_cols=0  ~64 bytes
      K29     rows=16  idx_cols=0  ~256 bytes
      K30     rows=2  idx_cols=0  ~32 bytes
      K31     rows=8  idx_cols=0  ~128 bytes
      K32     rows=8  idx_cols=0  ~128 bytes
      K33     rows=4  idx_cols=0  ~64 bytes
      K34     rows=8  idx_cols=0  ~128 bytes
      K35     rows=8  idx_cols=0  ~128 bytes
      K36     rows=8  idx_cols=0  ~128 bytes
      K37     rows=8  idx_cols=0  ~128 bytes
      K38     rows=4  idx_cols=0  ~64 bytes
      K39     rows=8  idx_cols=0  ~128 bytes
      K40     rows=8  idx_cols=0  ~128 bytes
      K41     rows=8  idx_cols=0  ~128 bytes
      K42     rows=16  idx_cols=0  ~256 bytes
      K43     rows=8  idx_cols=0  ~128 bytes
      K44     rows=16  idx_cols=0  ~256 bytes
      K45     rows=32  idx_cols=0  ~512 bytes
      K46     rows=32  idx_cols=0  ~512 bytes
      K47     rows=16  idx_cols=0  ~256 bytes
      K48     rows=8  idx_cols=0  ~128 bytes
      K49     rows=64  idx_cols=0  ~1024 bytes
      K50     rows=8  idx_cols=0  ~128 bytes
      K51     rows=32  idx_cols=0  ~512 bytes
      K52     rows=64  idx_cols=0  ~1024 bytes
      K53     rows=32  idx_cols=0  ~512 bytes
      K54     rows=8  idx_cols=0  ~128 bytes
      K55     rows=16  idx_cols=0  ~256 bytes
      K56     rows=8  idx_cols=0  ~128 bytes
      K57     rows=64  idx_cols=0  ~1024 bytes
      K58     rows=64  idx_cols=0  ~1024 bytes
      K59     rows=8  idx_cols=0  ~128 bytes
      K60     rows=16  idx_cols=0  ~256 bytes
      K61     rows=32  idx_cols=0  ~512 bytes
      K62     rows=8  idx_cols=0  ~128 bytes
      K63     rows=32  idx_cols=0  ~512 bytes
      K64     rows=128  idx_cols=0  ~2048 bytes
      K65     rows=16  idx_cols=0  ~256 bytes
      K66     rows=256  idx_cols=0  ~4096 bytes
      K67     rows=128  idx_cols=0  ~2048 bytes
      K68     rows=512  idx_cols=0  ~8192 bytes
      K69     rows=512  idx_cols=0  ~8192 bytes
      K70     rows=64  idx_cols=0  ~1024 bytes
      K71     rows=1024  idx_cols=0  ~16384 bytes
      K72     rows=1024  idx_cols=0  ~16384 bytes
      K73     rows=1024  idx_cols=0  ~16384 bytes
      K74     rows=1024  idx_cols=0  ~16384 bytes
      K75     rows=1024  idx_cols=0  ~16384 bytes
      K76     rows=1024  idx_cols=0  ~16384 bytes
      K77     rows=1024  idx_cols=0  ~16384 bytes
      K78     rows=1024  idx_cols=0  ~16384 bytes

  [Aer] 00a35e5f35e4acfeb6dc3292a03a1f20118a4a7efb301407b0929a2c3c22c002  (10 qubits, depth 23)
    [+] statevector                [multi ]  wall=0.0051s  rss=210,300KB  vsz=6,514MB  Δmaj=0
    [+] statevector                [single]  wall=0.0048s  rss=210,300KB  vsz=6,514MB  Δmaj=0
    [-] stabilizer                 [multi ]  wall=0.0022s  rss=210,300KB  vsz=6,514MB  Δmaj=0
    [-] stabilizer                 [single]  wall=0.0065s  rss=210,300KB  vsz=6,514MB  Δmaj=0
    [+] density_matrix             [multi ]  wall=0.0966s  rss=207,372KB  vsz=6,514MB  Δmaj=20
    [+] density_matrix             [single]  wall=0.5186s  rss=223,472KB  vsz=6,514MB  Δmaj=0
    [+] matrix_product_state       [multi ]  wall=0.0636s  rss=229,848KB  vsz=7,250MB  Δmaj=0
    [+] matrix_product_state       [single]  wall=0.0829s  rss=229,848KB  vsz=7,250MB  Δmaj=0
    [-] extended_stabilizer        [multi ]  wall=0.0018s  rss=229,848KB  vsz=7,250MB  Δmaj=0
    [-] extended_stabilizer        [single]  wall=0.0018s  rss=229,848KB  vsz=7,250MB  Δmaj=0
    [+] unitary                    [multi ]  wall=0.0296s  rss=229,848KB  vsz=7,250MB  Δmaj=0
    [+] unitary                    [single]  wall=0.2088s  rss=246,632KB  vsz=7,250MB  Δmaj=0
    [+] automatic                  [multi ]  wall=0.0057s  rss=246,632KB  vsz=7,250MB  Δmaj=0
    [+] automatic                  [single]  wall=0.0049s  rss=246,632KB  vsz=7,250MB  Δmaj=0
