
  [SQLite] 00a37f1c5cc6549bc2a5c1a53bbebe60efa9a9f406d1e57f4fd44ce1434b0114
    total CTEs  : 73  (tensor CTEs: 6, contraction CTEs: 67)
    SQL length  : 21,464 chars
    Counting rows per K_i CTE (67 contraction CTEs)...
      K1      rows=8  idx_cols=0  ~128 bytes
      K2      rows=8  idx_cols=0  ~128 bytes
      K3      rows=8  idx_cols=0  ~128 bytes
      K4      rows=8  idx_cols=0  ~128 bytes
      K5      rows=8  idx_cols=0  ~128 bytes
      K6      rows=8  idx_cols=0  ~128 bytes
      K7      rows=8  idx_cols=0  ~128 bytes
      K8      rows=16  idx_cols=0  ~256 bytes
      K9      rows=4  idx_cols=0  ~64 bytes
      K10     rows=8  idx_cols=0  ~128 bytes
      K11     rows=8  idx_cols=0  ~128 bytes
      K12     rows=16  idx_cols=0  ~256 bytes
      K13     rows=8  idx_cols=0  ~128 bytes
      K14     rows=8  idx_cols=0  ~128 bytes
      K15     rows=8  idx_cols=0  ~128 bytes
      K16     rows=2  idx_cols=0  ~32 bytes
      K17     rows=8  idx_cols=0  ~128 bytes
      K18     rows=4  idx_cols=0  ~64 bytes
      K19     rows=4  idx_cols=0  ~64 bytes
      K20     rows=4  idx_cols=0  ~64 bytes
      K21     rows=8  idx_cols=0  ~128 bytes
      K22     rows=8  idx_cols=0  ~128 bytes
      K23     rows=8  idx_cols=0  ~128 bytes
      K24     rows=8  idx_cols=0  ~128 bytes
      K25     rows=8  idx_cols=0  ~128 bytes
      K26     rows=4  idx_cols=0  ~64 bytes
      K27     rows=2  idx_cols=0  ~32 bytes
      K28     rows=8  idx_cols=0  ~128 bytes
      K29     rows=16  idx_cols=0  ~256 bytes
      K30     rows=4  idx_cols=0  ~64 bytes
      K31     rows=4  idx_cols=0  ~64 bytes
      K32     rows=8  idx_cols=0  ~128 bytes
      K33     rows=8  idx_cols=0  ~128 bytes
      K34     rows=16  idx_cols=0  ~256 bytes
      K35     rows=8  idx_cols=0  ~128 bytes
      K36     rows=8  idx_cols=0  ~128 bytes
      K37     rows=4  idx_cols=0  ~64 bytes
      K38     rows=16  idx_cols=0  ~256 bytes
      K39     rows=16  idx_cols=0  ~256 bytes
      K40     rows=8  idx_cols=0  ~128 bytes
      K41     rows=16  idx_cols=0  ~256 bytes
      K42     rows=8  idx_cols=0  ~128 bytes
      K43     rows=4  idx_cols=0  ~64 bytes
      K44     rows=16  idx_cols=0  ~256 bytes
      K45     rows=16  idx_cols=0  ~256 bytes
      K46     rows=8  idx_cols=0  ~128 bytes
      K47     rows=16  idx_cols=0  ~256 bytes
      K48     rows=16  idx_cols=0  ~256 bytes
      K49     rows=32  idx_cols=0  ~512 bytes
      K50     rows=16  idx_cols=0  ~256 bytes
      K51     rows=32  idx_cols=0  ~512 bytes
      K52     rows=16  idx_cols=0  ~256 bytes
      K53     rows=64  idx_cols=0  ~1024 bytes
      K54     rows=32  idx_cols=0  ~512 bytes
      K55     rows=64  idx_cols=0  ~1024 bytes
      K56     rows=64  idx_cols=0  ~1024 bytes
      K57     rows=32  idx_cols=0  ~512 bytes
      K58     rows=16  idx_cols=0  ~256 bytes
      K59     rows=64  idx_cols=0  ~1024 bytes
      K60     rows=128  idx_cols=0  ~2048 bytes
      K61     rows=128  idx_cols=0  ~2048 bytes
      K62     rows=128  idx_cols=0  ~2048 bytes
      K63     rows=64  idx_cols=0  ~1024 bytes
      K64     rows=256  idx_cols=0  ~4096 bytes
      K65     rows=256  idx_cols=0  ~4096 bytes
      K66     rows=512  idx_cols=0  ~8192 bytes
      K67     rows=512  idx_cols=0  ~8192 bytes

  [Aer] 00a37f1c5cc6549bc2a5c1a53bbebe60efa9a9f406d1e57f4fd44ce1434b0114  (9 qubits, depth 1)
    [+] statevector                [multi ]  wall=0.0046s  rss=206,144KB  vsz=6,510MB  Δmaj=0
    [+] statevector                [single]  wall=0.0049s  rss=206,144KB  vsz=6,510MB  Δmaj=0
    [-] stabilizer                 [multi ]  wall=0.0022s  rss=206,144KB  vsz=6,510MB  Δmaj=0
    [-] stabilizer                 [single]  wall=0.0021s  rss=206,144KB  vsz=6,510MB  Δmaj=0
    [+] density_matrix             [multi ]  wall=0.0235s  rss=202,684KB  vsz=6,510MB  Δmaj=21
    [+] density_matrix             [single]  wall=0.1024s  rss=206,640KB  vsz=6,510MB  Δmaj=0
    [+] matrix_product_state       [multi ]  wall=0.0432s  rss=206,640KB  vsz=7,054MB  Δmaj=0
    [+] matrix_product_state       [single]  wall=0.0398s  rss=206,640KB  vsz=7,054MB  Δmaj=0
    [-] extended_stabilizer        [multi ]  wall=0.0018s  rss=206,640KB  vsz=7,054MB  Δmaj=0
    [-] extended_stabilizer        [single]  wall=0.0017s  rss=206,640KB  vsz=7,054MB  Δmaj=0
    [+] unitary                    [multi ]  wall=0.0096s  rss=206,892KB  vsz=7,054MB  Δmaj=0
    [+] unitary                    [single]  wall=0.0505s  rss=211,552KB  vsz=7,054MB  Δmaj=0
    [+] automatic                  [multi ]  wall=0.0034s  rss=211,552KB  vsz=7,054MB  Δmaj=0
    [+] automatic                  [single]  wall=0.0073s  rss=211,552KB  vsz=7,054MB  Δmaj=0
