
  [SQLite] 00aa047cb2cca6b093f4c0ff606b1540d3f8bed855e95c4a4e50997095156197
    total CTEs  : 47  (tensor CTEs: 4, contraction CTEs: 43)
    SQL length  : 12,690 chars
    Counting rows per K_i CTE (43 contraction CTEs)...
      K1      rows=2  idx_cols=0  ~32 bytes
      K2      rows=2  idx_cols=0  ~32 bytes
      K3      rows=2  idx_cols=0  ~32 bytes
      K4      rows=2  idx_cols=0  ~32 bytes
      K5      rows=2  idx_cols=0  ~32 bytes
      K6      rows=2  idx_cols=0  ~32 bytes
      K7      rows=8  idx_cols=0  ~128 bytes
      K8      rows=4  idx_cols=0  ~64 bytes
      K9      rows=16  idx_cols=0  ~256 bytes
      K10     rows=8  idx_cols=0  ~128 bytes
      K11     rows=16  idx_cols=0  ~256 bytes
      K12     rows=2  idx_cols=0  ~32 bytes
      K13     rows=2  idx_cols=0  ~32 bytes
      K14     rows=4  idx_cols=0  ~64 bytes
      K15     rows=8  idx_cols=0  ~128 bytes
      K16     rows=2  idx_cols=0  ~32 bytes
      K17     rows=8  idx_cols=0  ~128 bytes
      K18     rows=4  idx_cols=0  ~64 bytes
      K19     rows=4  idx_cols=0  ~64 bytes
      K20     rows=4  idx_cols=0  ~64 bytes
      K21     rows=4  idx_cols=0  ~64 bytes
      K22     rows=32  idx_cols=0  ~512 bytes
      K23     rows=8  idx_cols=0  ~128 bytes
      K24     rows=4  idx_cols=0  ~64 bytes
      K25     rows=4  idx_cols=0  ~64 bytes
      K26     rows=16  idx_cols=0  ~256 bytes
      K27     rows=2  idx_cols=0  ~32 bytes
      K28     rows=8  idx_cols=0  ~128 bytes
      K29     rows=32  idx_cols=0  ~512 bytes
      K30     rows=32  idx_cols=0  ~512 bytes
      K31     rows=16  idx_cols=0  ~256 bytes
      K32     rows=4  idx_cols=0  ~64 bytes
      K33     rows=4  idx_cols=0  ~64 bytes
      K34     rows=8  idx_cols=0  ~128 bytes
      K35     rows=8  idx_cols=0  ~128 bytes
      K36     rows=16  idx_cols=0  ~256 bytes
      K37     rows=128  idx_cols=0  ~2048 bytes
      K38     rows=16  idx_cols=0  ~256 bytes
      K39     rows=16  idx_cols=0  ~256 bytes
      K40     rows=32  idx_cols=0  ~512 bytes
      K41     rows=16  idx_cols=0  ~256 bytes
      K42     rows=64  idx_cols=0  ~1024 bytes
      K43     rows=64  idx_cols=0  ~1024 bytes

  [Aer] 00aa047cb2cca6b093f4c0ff606b1540d3f8bed855e95c4a4e50997095156197  (10 qubits, depth 14)
    [+] statevector                [multi ]  wall=0.0040s  rss=202,760KB  vsz=6,507MB  Δmaj=0
    [+] statevector                [single]  wall=0.0044s  rss=202,760KB  vsz=6,507MB  Δmaj=0
    [+] stabilizer                 [multi ]  wall=0.0038s  rss=202,760KB  vsz=6,507MB  Δmaj=0
    [+] stabilizer                 [single]  wall=0.0050s  rss=202,760KB  vsz=6,507MB  Δmaj=0
    [+] density_matrix             [multi ]  wall=0.0763s  rss=199,404KB  vsz=6,507MB  Δmaj=19
    [+] density_matrix             [single]  wall=0.5138s  rss=215,504KB  vsz=6,507MB  Δmaj=0
    [+] matrix_product_state       [multi ]  wall=0.0569s  rss=221,476KB  vsz=6,987MB  Δmaj=0
    [+] matrix_product_state       [single]  wall=0.0702s  rss=221,888KB  vsz=6,987MB  Δmaj=0
    [+] extended_stabilizer        [multi ]  wall=0.0032s  rss=221,888KB  vsz=6,987MB  Δmaj=0
    [+] extended_stabilizer        [single]  wall=0.0032s  rss=221,888KB  vsz=6,987MB  Δmaj=0
    [+] unitary                    [multi ]  wall=0.0168s  rss=222,152KB  vsz=6,987MB  Δmaj=0
    [+] unitary                    [single]  wall=0.1344s  rss=238,680KB  vsz=6,987MB  Δmaj=0
    [+] automatic                  [multi ]  wall=0.0053s  rss=238,680KB  vsz=6,987MB  Δmaj=0
    [+] automatic                  [single]  wall=0.0052s  rss=238,680KB  vsz=6,987MB  Δmaj=0
