
  [SQLite] 00ad4ec6fb3eff5ef124c190e438f62a9e2ced72221336cb9c93ca2df37367e6
    total CTEs  : 61  (tensor CTEs: 6, contraction CTEs: 55)
    SQL length  : 16,958 chars
    Counting rows per K_i CTE (55 contraction CTEs)...
      K1      rows=2  idx_cols=0  ~32 bytes
      K2      rows=8  idx_cols=0  ~128 bytes
      K3      rows=16  idx_cols=0  ~256 bytes
      K4      rows=4  idx_cols=0  ~64 bytes
      K5      rows=8  idx_cols=0  ~128 bytes
      K6      rows=4  idx_cols=0  ~64 bytes
      K7      rows=8  idx_cols=0  ~128 bytes
      K8      rows=8  idx_cols=0  ~128 bytes
      K9      rows=4  idx_cols=0  ~64 bytes
      K10     rows=4  idx_cols=0  ~64 bytes
      K11     rows=4  idx_cols=0  ~64 bytes
      K12     rows=8  idx_cols=0  ~128 bytes
      K13     rows=8  idx_cols=0  ~128 bytes
      K14     rows=2  idx_cols=0  ~32 bytes
      K15     rows=4  idx_cols=0  ~64 bytes
      K16     rows=8  idx_cols=0  ~128 bytes
      K17     rows=8  idx_cols=0  ~128 bytes
      K18     rows=8  idx_cols=0  ~128 bytes
      K19     rows=4  idx_cols=0  ~64 bytes
      K20     rows=4  idx_cols=0  ~64 bytes
      K21     rows=4  idx_cols=0  ~64 bytes
      K22     rows=8  idx_cols=0  ~128 bytes
      K23     rows=8  idx_cols=0  ~128 bytes
      K24     rows=8  idx_cols=0  ~128 bytes
      K25     rows=8  idx_cols=0  ~128 bytes
      K26     rows=4  idx_cols=0  ~64 bytes
      K27     rows=4  idx_cols=0  ~64 bytes
      K28     rows=4  idx_cols=0  ~64 bytes
      K29     rows=2  idx_cols=0  ~32 bytes
      K30     rows=8  idx_cols=0  ~128 bytes
      K31     rows=8  idx_cols=0  ~128 bytes
      K32     rows=16  idx_cols=0  ~256 bytes
      K33     rows=16  idx_cols=0  ~256 bytes
      K34     rows=4  idx_cols=0  ~64 bytes
      K35     rows=8  idx_cols=0  ~128 bytes
      K36     rows=4  idx_cols=0  ~64 bytes
      K37     rows=8  idx_cols=0  ~128 bytes
      K38     rows=8  idx_cols=0  ~128 bytes
      K39     rows=4  idx_cols=0  ~64 bytes
      K40     rows=4  idx_cols=0  ~64 bytes
      K41     rows=8  idx_cols=0  ~128 bytes
      K42     rows=8  idx_cols=0  ~128 bytes
      K43     rows=8  idx_cols=0  ~128 bytes
      K44     rows=8  idx_cols=0  ~128 bytes
      K45     rows=8  idx_cols=0  ~128 bytes
      K46     rows=16  idx_cols=0  ~256 bytes
      K47     rows=16  idx_cols=0  ~256 bytes
      K48     rows=16  idx_cols=0  ~256 bytes
      K49     rows=32  idx_cols=0  ~512 bytes
      K50     rows=32  idx_cols=0  ~512 bytes
      K51     rows=32  idx_cols=0  ~512 bytes
      K52     rows=32  idx_cols=0  ~512 bytes
      K53     rows=32  idx_cols=0  ~512 bytes
      K54     rows=32  idx_cols=0  ~512 bytes
      K55     rows=32  idx_cols=0  ~512 bytes

  [Aer] 00ad4ec6fb3eff5ef124c190e438f62a9e2ced72221336cb9c93ca2df37367e6  (5 qubits, depth 39)
    [+] statevector                [multi ]  wall=0.0040s  rss=205,344KB  vsz=6,509MB  Δmaj=0
    [+] statevector                [single]  wall=0.0040s  rss=205,344KB  vsz=6,509MB  Δmaj=0
    [-] stabilizer                 [multi ]  wall=0.0040s  rss=205,728KB  vsz=6,509MB  Δmaj=0
    [-] stabilizer                 [single]  wall=0.0028s  rss=205,988KB  vsz=6,510MB  Δmaj=0
    [+] density_matrix             [multi ]  wall=0.0193s  rss=205,988KB  vsz=6,510MB  Δmaj=0
    [+] density_matrix             [single]  wall=0.0081s  rss=205,988KB  vsz=6,510MB  Δmaj=0
    [+] matrix_product_state       [multi ]  wall=0.0362s  rss=205,988KB  vsz=7,182MB  Δmaj=0
    [+] matrix_product_state       [single]  wall=0.0161s  rss=205,988KB  vsz=7,182MB  Δmaj=0
    [-] extended_stabilizer        [multi ]  wall=0.0018s  rss=205,988KB  vsz=7,182MB  Δmaj=0
    [-] extended_stabilizer        [single]  wall=0.0018s  rss=205,988KB  vsz=7,182MB  Δmaj=0
    [+] unitary                    [multi ]  wall=0.0024s  rss=205,988KB  vsz=7,182MB  Δmaj=0
    [+] unitary                    [single]  wall=0.0051s  rss=205,988KB  vsz=7,182MB  Δmaj=0
    [+] automatic                  [multi ]  wall=0.0118s  rss=206,960KB  vsz=7,182MB  Δmaj=0
    [+] automatic                  [single]  wall=0.0091s  rss=206,960KB  vsz=7,182MB  Δmaj=0
