
  [SQLite] 00af4b6764c0db21e82b737573094b6ef25302813bf0807454cae1dd4716d184
    total CTEs  : 25  (tensor CTEs: 4, contraction CTEs: 21)
    SQL length  : 5,927 chars
    Counting rows per K_i CTE (21 contraction CTEs)...
      K1      rows=2  idx_cols=0  ~32 bytes
      K2      rows=2  idx_cols=0  ~32 bytes
      K3      rows=2  idx_cols=0  ~32 bytes
      K4      rows=2  idx_cols=0  ~32 bytes
      K5      rows=2  idx_cols=0  ~32 bytes
      K6      rows=2  idx_cols=0  ~32 bytes
      K7      rows=2  idx_cols=0  ~32 bytes
      K8      rows=2  idx_cols=0  ~32 bytes
      K9      rows=2  idx_cols=0  ~32 bytes
      K10     rows=2  idx_cols=0  ~32 bytes
      K11     rows=2  idx_cols=0  ~32 bytes
      K12     rows=2  idx_cols=0  ~32 bytes
      K13     rows=2  idx_cols=0  ~32 bytes
      K14     rows=2  idx_cols=0  ~32 bytes
      K15     rows=2  idx_cols=0  ~32 bytes
      K16     rows=2  idx_cols=0  ~32 bytes
      K17     rows=2  idx_cols=0  ~32 bytes
      K18     rows=2  idx_cols=0  ~32 bytes
      K19     rows=2  idx_cols=0  ~32 bytes
      K20     rows=2  idx_cols=0  ~32 bytes
      K21     rows=2  idx_cols=0  ~32 bytes

  [Aer] 00af4b6764c0db21e82b737573094b6ef25302813bf0807454cae1dd4716d184  (12 qubits, depth 12)
    [+] statevector                [multi ]  wall=0.0034s  rss=198,620KB  vsz=5,009MB  Δmaj=0
    [+] statevector                [single]  wall=0.0047s  rss=198,620KB  vsz=5,009MB  Δmaj=0
    [+] stabilizer                 [multi ]  wall=0.0068s  rss=199,172KB  vsz=5,009MB  Δmaj=0
    [+] stabilizer                 [single]  wall=0.0057s  rss=199,172KB  vsz=5,009MB  Δmaj=0
    [+] density_matrix             [multi ]  wall=0.3245s  rss=197,220KB  vsz=5,395MB  Δmaj=14
    [+] density_matrix             [single]  wall=3.2670s  rss=196,332KB  vsz=6,503MB  Δmaj=0
    [+] matrix_product_state       [multi ]  wall=0.0472s  rss=196,648KB  vsz=7,207MB  Δmaj=0
    [+] matrix_product_state       [single]  wall=0.0339s  rss=196,648KB  vsz=7,207MB  Δmaj=0
    [+] extended_stabilizer        [multi ]  wall=0.0025s  rss=196,648KB  vsz=7,207MB  Δmaj=0
    [+] extended_stabilizer        [single]  wall=0.0025s  rss=196,648KB  vsz=7,207MB  Δmaj=0
    [+] unitary                    [multi ]  wall=0.1112s  rss=456,484KB  vsz=7,463MB  Δmaj=0
    [+] unitary                    [single]  wall=0.9181s  rss=456,588KB  vsz=7,464MB  Δmaj=0
    [+] automatic                  [multi ]  wall=0.0227s  rss=194,448KB  vsz=7,208MB  Δmaj=0
    [+] automatic                  [single]  wall=0.0050s  rss=194,448KB  vsz=7,208MB  Δmaj=0
