
  [SQLite] 00b07c6c6d0efc21a7c9e0b61030605dbf6303d1ab690b25b4e142fb737f1f86
    total CTEs  : 35  (tensor CTEs: 4, contraction CTEs: 31)
    SQL length  : 8,998 chars
    Counting rows per K_i CTE (31 contraction CTEs)...
      K1      rows=2  idx_cols=0  ~32 bytes
      K2      rows=2  idx_cols=0  ~32 bytes
      K3      rows=8  idx_cols=0  ~128 bytes
      K4      rows=2  idx_cols=0  ~32 bytes
      K5      rows=2  idx_cols=0  ~32 bytes
      K6      rows=2  idx_cols=0  ~32 bytes
      K7      rows=8  idx_cols=0  ~128 bytes
      K8      rows=4  idx_cols=0  ~64 bytes
      K9      rows=4  idx_cols=0  ~64 bytes
      K10     rows=4  idx_cols=0  ~64 bytes
      K11     rows=2  idx_cols=0  ~32 bytes
      K12     rows=2  idx_cols=0  ~32 bytes
      K13     rows=8  idx_cols=0  ~128 bytes
      K14     rows=4  idx_cols=0  ~64 bytes
      K15     rows=8  idx_cols=0  ~128 bytes
      K16     rows=4  idx_cols=0  ~64 bytes
      K17     rows=4  idx_cols=0  ~64 bytes
      K18     rows=4  idx_cols=0  ~64 bytes
      K19     rows=4  idx_cols=0  ~64 bytes
      K20     rows=8  idx_cols=0  ~128 bytes
      K21     rows=8  idx_cols=0  ~128 bytes
      K22     rows=4  idx_cols=0  ~64 bytes
      K23     rows=16  idx_cols=0  ~256 bytes
      K24     rows=16  idx_cols=0  ~256 bytes
      K25     rows=128  idx_cols=0  ~2048 bytes
      K26     rows=1  idx_cols=0  ~16 bytes
      K27     rows=1  idx_cols=0  ~16 bytes
      K28     rows=1  idx_cols=0  ~16 bytes
      K29     rows=1  idx_cols=0  ~16 bytes
      K30     rows=1  idx_cols=0  ~16 bytes
      K31     rows=1  idx_cols=0  ~16 bytes

  [Aer] 00b07c6c6d0efc21a7c9e0b61030605dbf6303d1ab690b25b4e142fb737f1f86  (14 qubits, depth 9)
    [+] statevector                [multi ]  wall=0.0053s  rss=199,824KB  vsz=5,010MB  Δmaj=0
    [+] statevector                [single]  wall=0.0072s  rss=199,824KB  vsz=5,010MB  Δmaj=0
    [+] stabilizer                 [multi ]  wall=0.0173s  rss=199,824KB  vsz=5,010MB  Δmaj=0
    [+] stabilizer                 [single]  wall=0.0245s  rss=199,824KB  vsz=5,011MB  Δmaj=0
    [+] density_matrix             [multi ]  wall=4.7544s  rss=198,924KB  vsz=6,505MB  Δmaj=20
    [+] density_matrix             [single]  wall=48.7049s  rss=198,924KB  vsz=6,505MB  Δmaj=0
    [+] matrix_product_state       [multi ]  wall=0.0030s  rss=198,924KB  vsz=6,537MB  Δmaj=0
    [+] matrix_product_state       [single]  wall=0.0126s  rss=199,184KB  vsz=6,537MB  Δmaj=0
    [+] extended_stabilizer        [multi ]  wall=0.0028s  rss=199,184KB  vsz=6,537MB  Δmaj=0
    [+] extended_stabilizer        [single]  wall=0.0028s  rss=199,184KB  vsz=6,537MB  Δmaj=0
    [+] unitary                    [multi ]  wall=1.5001s  rss=4,393,768KB  vsz=10,633MB  Δmaj=0
    [+] unitary                    [single]  wall=14.5163s  rss=4,394,008KB  vsz=10,633MB  Δmaj=0
    [+] automatic                  [multi ]  wall=0.1726s  rss=199,708KB  vsz=6,537MB  Δmaj=0
    [+] automatic                  [single]  wall=0.0061s  rss=199,708KB  vsz=6,537MB  Δmaj=0
