
  [SQLite] 00b80495a2116ef88125dd275b318b46c9f061c65e101fd71f417b6dcfc515af
    total CTEs  : 49  (tensor CTEs: 8, contraction CTEs: 41)
    SQL length  : 14,100 chars
    Counting rows per K_i CTE (41 contraction CTEs)...
      K1      rows=2  idx_cols=0  ~32 bytes
      K2      rows=8  idx_cols=0  ~128 bytes
      K3      rows=8  idx_cols=0  ~128 bytes
      K4      rows=4  idx_cols=0  ~64 bytes
      K5      rows=8  idx_cols=0  ~128 bytes
      K6      rows=8  idx_cols=0  ~128 bytes
      K7      rows=2  idx_cols=0  ~32 bytes
      K8      rows=4  idx_cols=0  ~64 bytes
      K9      rows=4  idx_cols=0  ~64 bytes
      K10     rows=4  idx_cols=0  ~64 bytes
      K11     rows=16  idx_cols=0  ~256 bytes
      K12     rows=8  idx_cols=0  ~128 bytes
      K13     rows=4  idx_cols=0  ~64 bytes
      K14     rows=8  idx_cols=0  ~128 bytes
      K15     rows=16  idx_cols=0  ~256 bytes
      K16     rows=8  idx_cols=0  ~128 bytes
      K17     rows=8  idx_cols=0  ~128 bytes
      K18     rows=4  idx_cols=0  ~64 bytes
      K19     rows=4  idx_cols=0  ~64 bytes
      K20     rows=8  idx_cols=0  ~128 bytes
      K21     rows=8  idx_cols=0  ~128 bytes
      K22     rows=8  idx_cols=0  ~128 bytes
      K23     rows=4  idx_cols=0  ~64 bytes
      K24     rows=8  idx_cols=0  ~128 bytes
      K25     rows=8  idx_cols=0  ~128 bytes
      K26     rows=8  idx_cols=0  ~128 bytes
      K27     rows=8  idx_cols=0  ~128 bytes
      K28     rows=8  idx_cols=0  ~128 bytes
      K29     rows=16  idx_cols=0  ~256 bytes
      K30     rows=16  idx_cols=0  ~256 bytes
      K31     rows=16  idx_cols=0  ~256 bytes
      K32     rows=16  idx_cols=0  ~256 bytes
      K33     rows=16  idx_cols=0  ~256 bytes
      K34     rows=16  idx_cols=0  ~256 bytes
      K35     rows=16  idx_cols=0  ~256 bytes
      K36     rows=16  idx_cols=0  ~256 bytes
      K37     rows=8  idx_cols=0  ~128 bytes
      K38     rows=16  idx_cols=0  ~256 bytes
      K39     rows=16  idx_cols=0  ~256 bytes
      K40     rows=8  idx_cols=0  ~128 bytes
      K41     rows=8  idx_cols=0  ~128 bytes

  [Aer] 00b80495a2116ef88125dd275b318b46c9f061c65e101fd71f417b6dcfc515af  (3 qubits, depth 22)
    [+] statevector                [multi ]  wall=0.0033s  rss=202,260KB  vsz=5,013MB  Δmaj=0
    [+] statevector                [single]  wall=0.0051s  rss=202,260KB  vsz=5,013MB  Δmaj=0
    [-] stabilizer                 [multi ]  wall=0.0024s  rss=202,260KB  vsz=5,013MB  Δmaj=0
    [-] stabilizer                 [single]  wall=0.0015s  rss=202,260KB  vsz=5,013MB  Δmaj=0
    [+] density_matrix             [multi ]  wall=0.0415s  rss=202,260KB  vsz=5,013MB  Δmaj=0
    [+] density_matrix             [single]  wall=0.0030s  rss=200,284KB  vsz=6,507MB  Δmaj=0
    [+] matrix_product_state       [multi ]  wall=0.0445s  rss=200,284KB  vsz=7,179MB  Δmaj=0
    [+] matrix_product_state       [single]  wall=0.0111s  rss=200,284KB  vsz=7,179MB  Δmaj=0
    [-] extended_stabilizer        [multi ]  wall=0.0022s  rss=200,284KB  vsz=7,179MB  Δmaj=0
    [-] extended_stabilizer        [single]  wall=0.0022s  rss=200,284KB  vsz=7,179MB  Δmaj=0
    [+] unitary                    [multi ]  wall=0.0023s  rss=200,284KB  vsz=7,179MB  Δmaj=0
    [+] unitary                    [single]  wall=0.0023s  rss=200,284KB  vsz=7,179MB  Δmaj=0
    [+] automatic                  [multi ]  wall=0.0108s  rss=200,284KB  vsz=7,179MB  Δmaj=0
    [+] automatic                  [single]  wall=0.0039s  rss=200,284KB  vsz=7,179MB  Δmaj=0
