
  [SQLite] 00bdb274ad9909482626cdb3530e9b12b4ca9857a7ab52ccfaf3d36b649cfdd1
    total CTEs  : 71  (tensor CTEs: 9, contraction CTEs: 62)
    SQL length  : 21,077 chars
    Counting rows per K_i CTE (62 contraction CTEs)...
      K1      rows=4  idx_cols=0  ~64 bytes
      K2      rows=8  idx_cols=0  ~128 bytes
      K3      rows=8  idx_cols=0  ~128 bytes
      K4      rows=4  idx_cols=0  ~64 bytes
      K5      rows=8  idx_cols=0  ~128 bytes
      K6      rows=4  idx_cols=0  ~64 bytes
      K7      rows=4  idx_cols=0  ~64 bytes
      K8      rows=8  idx_cols=0  ~128 bytes
      K9      rows=2  idx_cols=0  ~32 bytes
      K10     rows=8  idx_cols=0  ~128 bytes
      K11     rows=8  idx_cols=0  ~128 bytes
      K12     rows=4  idx_cols=0  ~64 bytes
      K13     rows=8  idx_cols=0  ~128 bytes
      K14     rows=4  idx_cols=0  ~64 bytes
      K15     rows=4  idx_cols=0  ~64 bytes
      K16     rows=4  idx_cols=0  ~64 bytes
      K17     rows=8  idx_cols=0  ~128 bytes
      K18     rows=8  idx_cols=0  ~128 bytes
      K19     rows=2  idx_cols=0  ~32 bytes
      K20     rows=4  idx_cols=0  ~64 bytes
      K21     rows=8  idx_cols=0  ~128 bytes
      K22     rows=4  idx_cols=0  ~64 bytes
      K23     rows=8  idx_cols=0  ~128 bytes
      K24     rows=8  idx_cols=0  ~128 bytes
      K25     rows=8  idx_cols=0  ~128 bytes
      K26     rows=8  idx_cols=0  ~128 bytes
      K27     rows=8  idx_cols=0  ~128 bytes
      K28     rows=16  idx_cols=0  ~256 bytes
      K29     rows=8  idx_cols=0  ~128 bytes
      K30     rows=4  idx_cols=0  ~64 bytes
      K31     rows=8  idx_cols=0  ~128 bytes
      K32     rows=8  idx_cols=0  ~128 bytes
      K33     rows=2  idx_cols=0  ~32 bytes
      K34     rows=8  idx_cols=0  ~128 bytes
      K35     rows=16  idx_cols=0  ~256 bytes
      K36     rows=8  idx_cols=0  ~128 bytes
      K37     rows=2  idx_cols=0  ~32 bytes
      K38     rows=4  idx_cols=0  ~64 bytes
      K39     rows=8  idx_cols=0  ~128 bytes
      K40     rows=4  idx_cols=0  ~64 bytes
      K41     rows=8  idx_cols=0  ~128 bytes
      K42     rows=8  idx_cols=0  ~128 bytes
      K43     rows=8  idx_cols=0  ~128 bytes
      K44     rows=8  idx_cols=0  ~128 bytes
      K45     rows=8  idx_cols=0  ~128 bytes
      K46     rows=16  idx_cols=0  ~256 bytes
      K47     rows=16  idx_cols=0  ~256 bytes
      K48     rows=8  idx_cols=0  ~128 bytes
      K49     rows=8  idx_cols=0  ~128 bytes
      K50     rows=16  idx_cols=0  ~256 bytes
      K51     rows=16  idx_cols=0  ~256 bytes
      K52     rows=32  idx_cols=0  ~512 bytes
      K53     rows=32  idx_cols=0  ~512 bytes
      K54     rows=64  idx_cols=0  ~1024 bytes
      K55     rows=64  idx_cols=0  ~1024 bytes
      K56     rows=128  idx_cols=0  ~2048 bytes
      K57     rows=32  idx_cols=0  ~512 bytes
      K58     rows=64  idx_cols=0  ~1024 bytes
      K59     rows=64  idx_cols=0  ~1024 bytes
      K60     rows=128  idx_cols=0  ~2048 bytes
      K61     rows=256  idx_cols=0  ~4096 bytes
      K62     rows=256  idx_cols=0  ~4096 bytes

  [Aer] 00bdb274ad9909482626cdb3530e9b12b4ca9857a7ab52ccfaf3d36b649cfdd1  (8 qubits, depth 22)
    [+] statevector                [multi ]  wall=0.0046s  rss=204,656KB  vsz=6,508MB  Δmaj=0
    [+] statevector                [single]  wall=0.0041s  rss=204,656KB  vsz=6,508MB  Δmaj=0
    [-] stabilizer                 [multi ]  wall=0.0021s  rss=205,032KB  vsz=6,508MB  Δmaj=0
    [-] stabilizer                 [single]  wall=0.0021s  rss=205,032KB  vsz=6,508MB  Δmaj=0
    [+] density_matrix             [multi ]  wall=0.0150s  rss=204,684KB  vsz=6,508MB  Δmaj=21
    [+] density_matrix             [single]  wall=0.0300s  rss=205,472KB  vsz=6,508MB  Δmaj=0
    [+] matrix_product_state       [multi ]  wall=0.0512s  rss=205,472KB  vsz=6,988MB  Δmaj=0
    [+] matrix_product_state       [single]  wall=0.0374s  rss=205,472KB  vsz=6,988MB  Δmaj=0
    [-] extended_stabilizer        [multi ]  wall=0.0018s  rss=205,472KB  vsz=6,988MB  Δmaj=0
    [-] extended_stabilizer        [single]  wall=0.0017s  rss=205,472KB  vsz=6,988MB  Δmaj=0
    [+] unitary                    [multi ]  wall=0.0033s  rss=205,472KB  vsz=6,988MB  Δmaj=0
    [+] unitary                    [single]  wall=0.0110s  rss=206,784KB  vsz=6,988MB  Δmaj=0
    [+] automatic                  [multi ]  wall=0.0049s  rss=206,784KB  vsz=6,988MB  Δmaj=0
    [+] automatic                  [single]  wall=0.0041s  rss=206,784KB  vsz=6,988MB  Δmaj=0
