
  [SQLite] 00c10199e38090eeb5411425af63642afb3306059a458ca56d5140f01d49dd35
    total CTEs  : 94  (tensor CTEs: 7, contraction CTEs: 87)
    SQL length  : 27,594 chars
    Counting rows per K_i CTE (87 contraction CTEs)...
      K1      rows=2  idx_cols=0  ~32 bytes
      K2      rows=2  idx_cols=0  ~32 bytes
      K3      rows=2  idx_cols=0  ~32 bytes
      K4      rows=2  idx_cols=0  ~32 bytes
      K5      rows=2  idx_cols=0  ~32 bytes
      K6      rows=2  idx_cols=0  ~32 bytes
      K7      rows=2  idx_cols=0  ~32 bytes
      K8      rows=2  idx_cols=0  ~32 bytes
      K9      rows=8  idx_cols=0  ~128 bytes
      K10     rows=2  idx_cols=0  ~32 bytes
      K11     rows=8  idx_cols=0  ~128 bytes
      K12     rows=4  idx_cols=0  ~64 bytes
      K13     rows=8  idx_cols=0  ~128 bytes
      K14     rows=8  idx_cols=0  ~128 bytes
      K15     rows=8  idx_cols=0  ~128 bytes
      K16     rows=2  idx_cols=0  ~32 bytes
      K17     rows=8  idx_cols=0  ~128 bytes
      K18     rows=8  idx_cols=0  ~128 bytes
      K19     rows=16  idx_cols=0  ~256 bytes
      K20     rows=16  idx_cols=0  ~256 bytes
      K21     rows=8  idx_cols=0  ~128 bytes
      K22     rows=16  idx_cols=0  ~256 bytes
      K23     rows=8  idx_cols=0  ~128 bytes
      K24     rows=8  idx_cols=0  ~128 bytes
      K25     rows=8  idx_cols=0  ~128 bytes
      K26     rows=8  idx_cols=0  ~128 bytes
      K27     rows=8  idx_cols=0  ~128 bytes
      K28     rows=8  idx_cols=0  ~128 bytes
      K29     rows=4  idx_cols=0  ~64 bytes
      K30     rows=4  idx_cols=0  ~64 bytes
      K31     rows=4  idx_cols=0  ~64 bytes
      K32     rows=8  idx_cols=0  ~128 bytes
      K33     rows=4  idx_cols=0  ~64 bytes
      K34     rows=16  idx_cols=0  ~256 bytes
      K35     rows=8  idx_cols=0  ~128 bytes
      K36     rows=16  idx_cols=0  ~256 bytes
      K37     rows=2  idx_cols=0  ~32 bytes
      K38     rows=8  idx_cols=0  ~128 bytes
      K39     rows=16  idx_cols=0  ~256 bytes
      K40     rows=2  idx_cols=0  ~32 bytes
      K41     rows=8  idx_cols=0  ~128 bytes
      K42     rows=2  idx_cols=0  ~32 bytes
      K43     rows=8  idx_cols=0  ~128 bytes
      K44     rows=16  idx_cols=0  ~256 bytes
      K45     rows=4  idx_cols=0  ~64 bytes
      K46     rows=2  idx_cols=0  ~32 bytes
      K47     rows=8  idx_cols=0  ~128 bytes
      K48     rows=4  idx_cols=0  ~64 bytes
      K49     rows=4  idx_cols=0  ~64 bytes
      K50     rows=8  idx_cols=0  ~128 bytes
      K51     rows=8  idx_cols=0  ~128 bytes
      K52     rows=32  idx_cols=0  ~512 bytes
      K53     rows=32  idx_cols=0  ~512 bytes
      K54     rows=8  idx_cols=0  ~128 bytes
      K55     rows=32  idx_cols=0  ~512 bytes
      K56     rows=32  idx_cols=0  ~512 bytes
      K57     rows=32  idx_cols=0  ~512 bytes
      K58     rows=4  idx_cols=0  ~64 bytes
      K59     rows=64  idx_cols=0  ~1024 bytes
      K60     rows=16  idx_cols=0  ~256 bytes
      K61     rows=8  idx_cols=0  ~128 bytes
      K62     rows=16  idx_cols=0  ~256 bytes
      K63     rows=64  idx_cols=0  ~1024 bytes
      K64     rows=16  idx_cols=0  ~256 bytes
      K65     rows=8  idx_cols=0  ~128 bytes
      K66     rows=32  idx_cols=0  ~512 bytes
      K67     rows=32  idx_cols=0  ~512 bytes
      K68     rows=16  idx_cols=0  ~256 bytes
      K69     rows=8  idx_cols=0  ~128 bytes
      K70     rows=128  idx_cols=0  ~2048 bytes
      K71     rows=128  idx_cols=0  ~2048 bytes
      K72     rows=64  idx_cols=0  ~1024 bytes
      K73     rows=64  idx_cols=0  ~1024 bytes
      K74     rows=8  idx_cols=0  ~128 bytes
      K75     rows=128  idx_cols=0  ~2048 bytes
      K76     rows=32  idx_cols=0  ~512 bytes
      K77     rows=64  idx_cols=0  ~1024 bytes
      K78     rows=512  idx_cols=0  ~8192 bytes
      K79     rows=32  idx_cols=0  ~512 bytes
      K80     rows=64  idx_cols=0  ~1024 bytes
      K81     rows=256  idx_cols=0  ~4096 bytes
      K82     rows=256  idx_cols=0  ~4096 bytes
      K83     rows=1024  idx_cols=0  ~16384 bytes
      K84     rows=256  idx_cols=0  ~4096 bytes
      K85     rows=4096  idx_cols=0  ~65536 bytes
      K86     rows=4096  idx_cols=0  ~65536 bytes
      K87     rows=4096  idx_cols=0  ~65536 bytes

  [Aer] 00c10199e38090eeb5411425af63642afb3306059a458ca56d5140f01d49dd35  (12 qubits, depth 35)
    [+] statevector                [multi ]  wall=0.0301s  rss=214,536KB  vsz=6,517MB  Δmaj=0
    [+] statevector                [single]  wall=0.0096s  rss=214,536KB  vsz=6,517MB  Δmaj=0
    [-] stabilizer                 [multi ]  wall=0.0042s  rss=214,536KB  vsz=6,517MB  Δmaj=0
    [-] stabilizer                 [single]  wall=0.0041s  rss=214,536KB  vsz=6,517MB  Δmaj=0
    [+] density_matrix             [multi ]  wall=1.1786s  rss=213,124KB  vsz=6,517MB  Δmaj=22
    [+] density_matrix             [single]  wall=12.0594s  rss=213,124KB  vsz=6,517MB  Δmaj=0
    [+] matrix_product_state       [multi ]  wall=0.1003s  rss=225,812KB  vsz=6,997MB  Δmaj=0
    [+] matrix_product_state       [single]  wall=0.2070s  rss=225,812KB  vsz=6,997MB  Δmaj=0
    [-] extended_stabilizer        [multi ]  wall=0.0024s  rss=225,812KB  vsz=6,997MB  Δmaj=0
    [-] extended_stabilizer        [single]  wall=0.0021s  rss=225,812KB  vsz=6,997MB  Δmaj=0
    [+] unitary                    [multi ]  wall=0.3232s  rss=485,980KB  vsz=7,253MB  Δmaj=0
    [+] unitary                    [single]  wall=3.7696s  rss=486,120KB  vsz=7,253MB  Δmaj=0
    [+] automatic                  [multi ]  wall=0.0292s  rss=223,988KB  vsz=6,997MB  Δmaj=0
    [+] automatic                  [single]  wall=0.0061s  rss=223,988KB  vsz=6,997MB  Δmaj=0
