
  [SQLite] 00c1b13978d245f6da24965d56335002de703b35a8274f834f5e63436139162a
    total CTEs  : 54  (tensor CTEs: 6, contraction CTEs: 48)
    SQL length  : 15,774 chars
    Counting rows per K_i CTE (48 contraction CTEs)...
      K1      rows=8  idx_cols=0  ~128 bytes
      K2      rows=8  idx_cols=0  ~128 bytes
      K3      rows=2  idx_cols=0  ~32 bytes
      K4      rows=8  idx_cols=0  ~128 bytes
      K5      rows=8  idx_cols=0  ~128 bytes
      K6      rows=8  idx_cols=0  ~128 bytes
      K7      rows=8  idx_cols=0  ~128 bytes
      K8      rows=4  idx_cols=0  ~64 bytes
      K9      rows=8  idx_cols=0  ~128 bytes
      K10     rows=16  idx_cols=0  ~256 bytes
      K11     rows=8  idx_cols=0  ~128 bytes
      K12     rows=16  idx_cols=0  ~256 bytes
      K13     rows=8  idx_cols=0  ~128 bytes
      K14     rows=4  idx_cols=0  ~64 bytes
      K15     rows=16  idx_cols=0  ~256 bytes
      K16     rows=16  idx_cols=0  ~256 bytes
      K17     rows=2  idx_cols=0  ~32 bytes
      K18     rows=2  idx_cols=0  ~32 bytes
      K19     rows=16  idx_cols=0  ~256 bytes
      K20     rows=4  idx_cols=0  ~64 bytes
      K21     rows=16  idx_cols=0  ~256 bytes
      K22     rows=4  idx_cols=0  ~64 bytes
      K23     rows=8  idx_cols=0  ~128 bytes
      K24     rows=4  idx_cols=0  ~64 bytes
      K25     rows=16  idx_cols=0  ~256 bytes
      K26     rows=8  idx_cols=0  ~128 bytes
      K27     rows=8  idx_cols=0  ~128 bytes
      K28     rows=8  idx_cols=0  ~128 bytes
      K29     rows=16  idx_cols=0  ~256 bytes
      K30     rows=16  idx_cols=0  ~256 bytes
      K31     rows=16  idx_cols=0  ~256 bytes
      K32     rows=8  idx_cols=0  ~128 bytes
      K33     rows=16  idx_cols=0  ~256 bytes
      K34     rows=8  idx_cols=0  ~128 bytes
      K35     rows=16  idx_cols=0  ~256 bytes
      K36     rows=16  idx_cols=0  ~256 bytes
      K37     rows=16  idx_cols=0  ~256 bytes
      K38     rows=16  idx_cols=0  ~256 bytes
      K39     rows=16  idx_cols=0  ~256 bytes
      K40     rows=16  idx_cols=0  ~256 bytes
      K41     rows=16  idx_cols=0  ~256 bytes
      K42     rows=16  idx_cols=0  ~256 bytes
      K43     rows=16  idx_cols=0  ~256 bytes
      K44     rows=16  idx_cols=0  ~256 bytes
      K45     rows=16  idx_cols=0  ~256 bytes
      K46     rows=16  idx_cols=0  ~256 bytes
      K47     rows=16  idx_cols=0  ~256 bytes
      K48     rows=16  idx_cols=0  ~256 bytes

  [Aer] 00c1b13978d245f6da24965d56335002de703b35a8274f834f5e63436139162a  (4 qubits, depth 21)
    [+] statevector                [multi ]  wall=0.0038s  rss=204,608KB  vsz=6,509MB  Δmaj=0
    [+] statevector                [single]  wall=0.0073s  rss=204,608KB  vsz=6,509MB  Δmaj=0
    [-] stabilizer                 [multi ]  wall=0.0032s  rss=204,608KB  vsz=6,509MB  Δmaj=0
    [-] stabilizer                 [single]  wall=0.0054s  rss=204,608KB  vsz=6,509MB  Δmaj=0
    [+] density_matrix             [multi ]  wall=0.0525s  rss=205,460KB  vsz=6,509MB  Δmaj=0
    [+] density_matrix             [single]  wall=0.0047s  rss=205,460KB  vsz=6,509MB  Δmaj=0
    [+] matrix_product_state       [multi ]  wall=0.0485s  rss=205,460KB  vsz=7,245MB  Δmaj=0
    [+] matrix_product_state       [single]  wall=0.0186s  rss=205,460KB  vsz=7,245MB  Δmaj=0
    [-] extended_stabilizer        [multi ]  wall=0.0027s  rss=205,460KB  vsz=7,245MB  Δmaj=0
    [-] extended_stabilizer        [single]  wall=0.0028s  rss=205,460KB  vsz=7,245MB  Δmaj=0
    [+] unitary                    [multi ]  wall=0.0146s  rss=205,460KB  vsz=7,245MB  Δmaj=0
    [+] unitary                    [single]  wall=0.0033s  rss=205,460KB  vsz=7,245MB  Δmaj=0
    [+] automatic                  [multi ]  wall=0.0109s  rss=205,460KB  vsz=7,245MB  Δmaj=0
    [+] automatic                  [single]  wall=0.0046s  rss=205,460KB  vsz=7,245MB  Δmaj=0
