
  [SQLite] 00c176145517a1ae79737568cac342ab63faad8907ac6baf5259492c7b173685
    total CTEs  : 64  (tensor CTEs: 6, contraction CTEs: 58)
    SQL length  : 18,028 chars
    Counting rows per K_i CTE (58 contraction CTEs)...
      K1      rows=8  idx_cols=0  ~128 bytes
      K2      rows=8  idx_cols=0  ~128 bytes
      K3      rows=8  idx_cols=0  ~128 bytes
      K4      rows=8  idx_cols=0  ~128 bytes
      K5      rows=8  idx_cols=0  ~128 bytes
      K6      rows=8  idx_cols=0  ~128 bytes
      K7      rows=2  idx_cols=0  ~32 bytes
      K8      rows=4  idx_cols=0  ~64 bytes
      K9      rows=16  idx_cols=0  ~256 bytes
      K10     rows=8  idx_cols=0  ~128 bytes
      K11     rows=2  idx_cols=0  ~32 bytes
      K12     rows=4  idx_cols=0  ~64 bytes
      K13     rows=4  idx_cols=0  ~64 bytes
      K14     rows=4  idx_cols=0  ~64 bytes
      K15     rows=8  idx_cols=0  ~128 bytes
      K16     rows=2  idx_cols=0  ~32 bytes
      K17     rows=8  idx_cols=0  ~128 bytes
      K18     rows=2  idx_cols=0  ~32 bytes
      K19     rows=4  idx_cols=0  ~64 bytes
      K20     rows=8  idx_cols=0  ~128 bytes
      K21     rows=16  idx_cols=0  ~256 bytes
      K22     rows=8  idx_cols=0  ~128 bytes
      K23     rows=16  idx_cols=0  ~256 bytes
      K24     rows=8  idx_cols=0  ~128 bytes
      K25     rows=4  idx_cols=0  ~64 bytes
      K26     rows=8  idx_cols=0  ~128 bytes
      K27     rows=16  idx_cols=0  ~256 bytes
      K28     rows=2  idx_cols=0  ~32 bytes
      K29     rows=8  idx_cols=0  ~128 bytes
      K30     rows=8  idx_cols=0  ~128 bytes
      K31     rows=4  idx_cols=0  ~64 bytes
      K32     rows=4  idx_cols=0  ~64 bytes
      K33     rows=8  idx_cols=0  ~128 bytes
      K34     rows=8  idx_cols=0  ~128 bytes
      K35     rows=8  idx_cols=0  ~128 bytes
      K36     rows=8  idx_cols=0  ~128 bytes
      K37     rows=16  idx_cols=0  ~256 bytes
      K38     rows=8  idx_cols=0  ~128 bytes
      K39     rows=2  idx_cols=0  ~32 bytes
      K40     rows=16  idx_cols=0  ~256 bytes
      K41     rows=16  idx_cols=0  ~256 bytes
      K42     rows=8  idx_cols=0  ~128 bytes
      K43     rows=8  idx_cols=0  ~128 bytes
      K44     rows=8  idx_cols=0  ~128 bytes
      K45     rows=16  idx_cols=0  ~256 bytes
      K46     rows=8  idx_cols=0  ~128 bytes
      K47     rows=8  idx_cols=0  ~128 bytes
      K48     rows=16  idx_cols=0  ~256 bytes
      K49     rows=16  idx_cols=0  ~256 bytes
      K50     rows=16  idx_cols=0  ~256 bytes
      K51     rows=8  idx_cols=0  ~128 bytes
      K52     rows=16  idx_cols=0  ~256 bytes
      K53     rows=32  idx_cols=0  ~512 bytes
      K54     rows=16  idx_cols=0  ~256 bytes
      K55     rows=16  idx_cols=0  ~256 bytes
      K56     rows=32  idx_cols=0  ~512 bytes
      K57     rows=32  idx_cols=0  ~512 bytes
      K58     rows=64  idx_cols=0  ~1024 bytes

  [Aer] 00c176145517a1ae79737568cac342ab63faad8907ac6baf5259492c7b173685  (9 qubits, depth 33)
    [+] statevector                [multi ]  wall=0.0049s  rss=203,280KB  vsz=6,508MB  Δmaj=0
    [+] statevector                [single]  wall=0.0048s  rss=203,280KB  vsz=6,508MB  Δmaj=0
    [-] stabilizer                 [multi ]  wall=0.0020s  rss=203,788KB  vsz=6,508MB  Δmaj=0
    [-] stabilizer                 [single]  wall=0.0017s  rss=204,048KB  vsz=6,508MB  Δmaj=0
    [+] density_matrix             [multi ]  wall=0.0169s  rss=200,648KB  vsz=6,508MB  Δmaj=13
    [+] density_matrix             [single]  wall=0.0792s  rss=204,604KB  vsz=6,508MB  Δmaj=0
    [+] matrix_product_state       [multi ]  wall=0.0517s  rss=204,604KB  vsz=6,956MB  Δmaj=0
    [+] matrix_product_state       [single]  wall=0.0283s  rss=204,604KB  vsz=6,956MB  Δmaj=0
    [-] extended_stabilizer        [multi ]  wall=0.0016s  rss=204,604KB  vsz=6,956MB  Δmaj=0
    [-] extended_stabilizer        [single]  wall=0.0017s  rss=204,604KB  vsz=6,956MB  Δmaj=0
    [+] unitary                    [multi ]  wall=0.0042s  rss=204,856KB  vsz=6,956MB  Δmaj=0
    [+] unitary                    [single]  wall=0.0221s  rss=209,124KB  vsz=6,956MB  Δmaj=0
    [+] automatic                  [multi ]  wall=0.0034s  rss=209,124KB  vsz=6,956MB  Δmaj=0
    [+] automatic                  [single]  wall=0.0055s  rss=209,124KB  vsz=6,956MB  Δmaj=0
