
  [SQLite] 00c9becc6264c65d2781ca5359ce91540c8cb3cff518ff8caf62090b0cc08465
    total CTEs  : 46  (tensor CTEs: 6, contraction CTEs: 40)
    SQL length  : 12,568 chars
    Counting rows per K_i CTE (40 contraction CTEs)...
      K1      rows=2  idx_cols=0  ~32 bytes
      K2      rows=2  idx_cols=0  ~32 bytes
      K3      rows=8  idx_cols=0  ~128 bytes
      K4      rows=2  idx_cols=0  ~32 bytes
      K5      rows=2  idx_cols=0  ~32 bytes
      K6      rows=2  idx_cols=0  ~32 bytes
      K7      rows=2  idx_cols=0  ~32 bytes
      K8      rows=8  idx_cols=0  ~128 bytes
      K9      rows=2  idx_cols=0  ~32 bytes
      K10     rows=16  idx_cols=0  ~256 bytes
      K11     rows=8  idx_cols=0  ~128 bytes
      K12     rows=16  idx_cols=0  ~256 bytes
      K13     rows=8  idx_cols=0  ~128 bytes
      K14     rows=2  idx_cols=0  ~32 bytes
      K15     rows=8  idx_cols=0  ~128 bytes
      K16     rows=8  idx_cols=0  ~128 bytes
      K17     rows=2  idx_cols=0  ~32 bytes
      K18     rows=2  idx_cols=0  ~32 bytes
      K19     rows=8  idx_cols=0  ~128 bytes
      K20     rows=16  idx_cols=0  ~256 bytes
      K21     rows=8  idx_cols=0  ~128 bytes
      K22     rows=4  idx_cols=0  ~64 bytes
      K23     rows=2  idx_cols=0  ~32 bytes
      K24     rows=16  idx_cols=0  ~256 bytes
      K25     rows=4  idx_cols=0  ~64 bytes
      K26     rows=8  idx_cols=0  ~128 bytes
      K27     rows=4  idx_cols=0  ~64 bytes
      K28     rows=8  idx_cols=0  ~128 bytes
      K29     rows=16  idx_cols=0  ~256 bytes
      K30     rows=8  idx_cols=0  ~128 bytes
      K31     rows=16  idx_cols=0  ~256 bytes
      K32     rows=16  idx_cols=0  ~256 bytes
      K33     rows=32  idx_cols=0  ~512 bytes
      K34     rows=8  idx_cols=0  ~128 bytes
      K35     rows=8  idx_cols=0  ~128 bytes
      K36     rows=32  idx_cols=0  ~512 bytes
      K37     rows=32  idx_cols=0  ~512 bytes
      K38     rows=64  idx_cols=0  ~1024 bytes
      K39     rows=128  idx_cols=0  ~2048 bytes
      K40     rows=128  idx_cols=0  ~2048 bytes

  [Aer] 00c9becc6264c65d2781ca5359ce91540c8cb3cff518ff8caf62090b0cc08465  (9 qubits, depth 14)
    [+] statevector                [multi ]  wall=0.0046s  rss=203,264KB  vsz=5,013MB  Δmaj=0
    [+] statevector                [single]  wall=0.0044s  rss=203,264KB  vsz=5,013MB  Δmaj=0
    [+] stabilizer                 [multi ]  wall=0.0116s  rss=203,816KB  vsz=5,013MB  Δmaj=0
    [+] stabilizer                 [single]  wall=0.0049s  rss=200,964KB  vsz=6,507MB  Δmaj=0
    [+] density_matrix             [multi ]  wall=0.1910s  rss=197,368KB  vsz=6,507MB  Δmaj=16
    [+] density_matrix             [single]  wall=0.1154s  rss=201,324KB  vsz=6,507MB  Δmaj=0
    [+] matrix_product_state       [multi ]  wall=0.0509s  rss=202,844KB  vsz=7,019MB  Δmaj=0
    [+] matrix_product_state       [single]  wall=0.0465s  rss=202,844KB  vsz=7,019MB  Δmaj=0
    [+] extended_stabilizer        [multi ]  wall=0.0029s  rss=202,844KB  vsz=7,019MB  Δmaj=0
    [+] extended_stabilizer        [single]  wall=0.0030s  rss=202,844KB  vsz=7,019MB  Δmaj=0
    [+] unitary                    [multi ]  wall=0.0091s  rss=202,844KB  vsz=7,019MB  Δmaj=0
    [+] unitary                    [single]  wall=0.0399s  rss=207,016KB  vsz=7,019MB  Δmaj=0
    [+] automatic                  [multi ]  wall=0.0032s  rss=207,016KB  vsz=7,019MB  Δmaj=0
    [+] automatic                  [single]  wall=0.0054s  rss=207,016KB  vsz=7,019MB  Δmaj=0
