
  [SQLite] 00cbb6840d9d537437ecbc990236e17e56fbc206b3a98e8f506f9c15ffdd4508
    total CTEs  : 140  (tensor CTEs: 6, contraction CTEs: 134)
    SQL length  : 42,394 chars
    Counting rows per K_i CTE (134 contraction CTEs)...
      K1      rows=8  idx_cols=0  ~128 bytes
      K2      rows=8  idx_cols=0  ~128 bytes
      K3      rows=8  idx_cols=0  ~128 bytes
      K4      rows=8  idx_cols=0  ~128 bytes
      K5      rows=8  idx_cols=0  ~128 bytes
      K6      rows=8  idx_cols=0  ~128 bytes
      K7      rows=2  idx_cols=0  ~32 bytes
      K8      rows=4  idx_cols=0  ~64 bytes
      K9      rows=4  idx_cols=0  ~64 bytes
      K10     rows=8  idx_cols=0  ~128 bytes
      K11     rows=8  idx_cols=0  ~128 bytes
      K12     rows=8  idx_cols=0  ~128 bytes
      K13     rows=8  idx_cols=0  ~128 bytes
      K14     rows=8  idx_cols=0  ~128 bytes
      K15     rows=8  idx_cols=0  ~128 bytes
      K16     rows=16  idx_cols=0  ~256 bytes
      K17     rows=8  idx_cols=0  ~128 bytes
      K18     rows=4  idx_cols=0  ~64 bytes
      K19     rows=8  idx_cols=0  ~128 bytes
      K20     rows=8  idx_cols=0  ~128 bytes
      K21     rows=4  idx_cols=0  ~64 bytes
      K22     rows=8  idx_cols=0  ~128 bytes
      K23     rows=8  idx_cols=0  ~128 bytes
      K24     rows=16  idx_cols=0  ~256 bytes
      K25     rows=8  idx_cols=0  ~128 bytes
      K26     rows=8  idx_cols=0  ~128 bytes
      K27     rows=4  idx_cols=0  ~64 bytes
      K28     rows=8  idx_cols=0  ~128 bytes
      K29     rows=8  idx_cols=0  ~128 bytes
      K30     rows=8  idx_cols=0  ~128 bytes
      K31     rows=16  idx_cols=0  ~256 bytes
      K32     rows=2  idx_cols=0  ~32 bytes
      K33     rows=4  idx_cols=0  ~64 bytes
      K34     rows=16  idx_cols=0  ~256 bytes
      K35     rows=8  idx_cols=0  ~128 bytes
      K36     rows=4  idx_cols=0  ~64 bytes
      K37     rows=8  idx_cols=0  ~128 bytes
      K38     rows=16  idx_cols=0  ~256 bytes
      K39     rows=8  idx_cols=0  ~128 bytes
      K40     rows=8  idx_cols=0  ~128 bytes
      K41     rows=16  idx_cols=0  ~256 bytes
      K42     rows=8  idx_cols=0  ~128 bytes
      K43     rows=4  idx_cols=0  ~64 bytes
      K44     rows=8  idx_cols=0  ~128 bytes
      K45     rows=8  idx_cols=0  ~128 bytes
      K46     rows=16  idx_cols=0  ~256 bytes
      K47     rows=16  idx_cols=0  ~256 bytes
      K48     rows=2  idx_cols=0  ~32 bytes
      K49     rows=8  idx_cols=0  ~128 bytes
      K50     rows=8  idx_cols=0  ~128 bytes
      K51     rows=4  idx_cols=0  ~64 bytes
      K52     rows=8  idx_cols=0  ~128 bytes
      K53     rows=4  idx_cols=0  ~64 bytes
      K54     rows=8  idx_cols=0  ~128 bytes
      K55     rows=4  idx_cols=0  ~64 bytes
      K56     rows=16  idx_cols=0  ~256 bytes
      K57     rows=16  idx_cols=0  ~256 bytes
      K58     rows=8  idx_cols=0  ~128 bytes
      K59     rows=8  idx_cols=0  ~128 bytes
      K60     rows=4  idx_cols=0  ~64 bytes
      K61     rows=8  idx_cols=0  ~128 bytes
      K62     rows=8  idx_cols=0  ~128 bytes
      K63     rows=8  idx_cols=0  ~128 bytes
      K64     rows=16  idx_cols=0  ~256 bytes
      K65     rows=8  idx_cols=0  ~128 bytes
      K66     rows=4  idx_cols=0  ~64 bytes
      K67     rows=8  idx_cols=0  ~128 bytes
      K68     rows=8  idx_cols=0  ~128 bytes
      K69     rows=16  idx_cols=0  ~256 bytes
      K70     rows=8  idx_cols=0  ~128 bytes
      K71     rows=8  idx_cols=0  ~128 bytes
      K72     rows=16  idx_cols=0  ~256 bytes
      K73     rows=16  idx_cols=0  ~256 bytes
      K74     rows=8  idx_cols=0  ~128 bytes
      K75     rows=16  idx_cols=0  ~256 bytes
      K76     rows=2  idx_cols=0  ~32 bytes
      K77     rows=8  idx_cols=0  ~128 bytes
      K78     rows=4  idx_cols=0  ~64 bytes
      K79     rows=16  idx_cols=0  ~256 bytes
      K80     rows=16  idx_cols=0  ~256 bytes
      K81     rows=16  idx_cols=0  ~256 bytes
      K82     rows=16  idx_cols=0  ~256 bytes
      K83     rows=8  idx_cols=0  ~128 bytes
      K84     rows=8  idx_cols=0  ~128 bytes
      K85     rows=8  idx_cols=0  ~128 bytes
      K86     rows=16  idx_cols=0  ~256 bytes
      K87     rows=16  idx_cols=0  ~256 bytes
      K88     rows=8  idx_cols=0  ~128 bytes
      K89     rows=8  idx_cols=0  ~128 bytes
      K90     rows=16  idx_cols=0  ~256 bytes
      K91     rows=16  idx_cols=0  ~256 bytes
      K92     rows=8  idx_cols=0  ~128 bytes
      K93     rows=16  idx_cols=0  ~256 bytes
      K94     rows=8  idx_cols=0  ~128 bytes
      K95     rows=32  idx_cols=0  ~512 bytes
      K96     rows=32  idx_cols=0  ~512 bytes
      K97     rows=32  idx_cols=0  ~512 bytes
      K98     rows=32  idx_cols=0  ~512 bytes
      K99     rows=32  idx_cols=0  ~512 bytes
      K100    rows=32  idx_cols=0  ~512 bytes
      K101    rows=32  idx_cols=0  ~512 bytes
      K102    rows=32  idx_cols=0  ~512 bytes
      K103    rows=8  idx_cols=0  ~128 bytes
      K104    rows=32  idx_cols=0  ~512 bytes
      K105    rows=64  idx_cols=0  ~1024 bytes
      K106    rows=64  idx_cols=0  ~1024 bytes
      K107    rows=64  idx_cols=0  ~1024 bytes
      K108    rows=64  idx_cols=0  ~1024 bytes
      K109    rows=64  idx_cols=0  ~1024 bytes
      K110    rows=64  idx_cols=0  ~1024 bytes
      K111    rows=64  idx_cols=0  ~1024 bytes
      K112    rows=32  idx_cols=0  ~512 bytes
      K113    rows=32  idx_cols=0  ~512 bytes
      K114    rows=16  idx_cols=0  ~256 bytes
      K115    rows=128  idx_cols=0  ~2048 bytes
      K116    rows=64  idx_cols=0  ~1024 bytes
      K117    rows=64  idx_cols=0  ~1024 bytes
      K118    rows=256  idx_cols=0  ~4096 bytes
      K119    rows=256  idx_cols=0  ~4096 bytes
      K120    rows=256  idx_cols=0  ~4096 bytes
      K121    rows=128  idx_cols=0  ~2048 bytes
      K122    rows=256  idx_cols=0  ~4096 bytes
      K123    rows=256  idx_cols=0  ~4096 bytes
      K124    rows=128  idx_cols=0  ~2048 bytes
      K125    rows=256  idx_cols=0  ~4096 bytes
      K126    rows=256  idx_cols=0  ~4096 bytes
      K127    rows=256  idx_cols=0  ~4096 bytes
      K128    rows=128  idx_cols=0  ~2048 bytes
      K129    rows=1024  idx_cols=0  ~16384 bytes
      K130    rows=1024  idx_cols=0  ~16384 bytes
      K131    rows=256  idx_cols=0  ~4096 bytes
      K132    rows=1024  idx_cols=0  ~16384 bytes
      K133    rows=256  idx_cols=0  ~4096 bytes
      K134    rows=1024  idx_cols=0  ~16384 bytes

  [Aer] 00cbb6840d9d537437ecbc990236e17e56fbc206b3a98e8f506f9c15ffdd4508  (14 qubits, depth 19)
    [+] statevector                [multi ]  wall=0.0124s  rss=218,600KB  vsz=6,521MB  Δmaj=0
    [+] statevector                [single]  wall=0.0139s  rss=218,924KB  vsz=6,521MB  Δmaj=0
    [-] stabilizer                 [multi ]  wall=0.0026s  rss=218,924KB  vsz=6,521MB  Δmaj=0
    [-] stabilizer                 [single]  wall=0.0265s  rss=218,924KB  vsz=6,521MB  Δmaj=0
    [+] density_matrix             [multi ]  wall=22.1754s  rss=219,552KB  vsz=6,521MB  Δmaj=23
    [+] density_matrix             [single]  wall=237.9623s  rss=219,552KB  vsz=6,521MB  Δmaj=0
    [+] matrix_product_state       [multi ]  wall=0.0797s  rss=219,552KB  vsz=7,033MB  Δmaj=0
    [+] matrix_product_state       [single]  wall=0.0597s  rss=219,552KB  vsz=7,033MB  Δmaj=0
    [-] extended_stabilizer        [multi ]  wall=0.0026s  rss=219,552KB  vsz=7,033MB  Δmaj=0
    [-] extended_stabilizer        [single]  wall=0.0025s  rss=219,552KB  vsz=7,033MB  Δmaj=0
    [+] unitary                    [multi ]  wall=6.2943s  rss=4,414,112KB  vsz=11,129MB  Δmaj=0
    [+] unitary                    [single]  wall=65.7045s  rss=4,414,056KB  vsz=11,129MB  Δmaj=0
    [+] automatic                  [multi ]  wall=0.1783s  rss=220,020KB  vsz=7,033MB  Δmaj=0
    [+] automatic                  [single]  wall=0.0172s  rss=220,020KB  vsz=7,033MB  Δmaj=0
