
  [SQLite] 00d1d1eb8b59b37a53189e24e68c3e946f18affa7c82ed4eb28ed3f8e21cf4c7
    total CTEs  : 82  (tensor CTEs: 6, contraction CTEs: 76)
    SQL length  : 22,882 chars
    Counting rows per K_i CTE (76 contraction CTEs)...
      K1      rows=2  idx_cols=0  ~32 bytes
      K2      rows=2  idx_cols=0  ~32 bytes
      K3      rows=2  idx_cols=0  ~32 bytes
      K4      rows=2  idx_cols=0  ~32 bytes
      K5      rows=2  idx_cols=0  ~32 bytes
      K6      rows=8  idx_cols=0  ~128 bytes
      K7      rows=2  idx_cols=0  ~32 bytes
      K8      rows=8  idx_cols=0  ~128 bytes
      K9      rows=8  idx_cols=0  ~128 bytes
      K10     rows=8  idx_cols=0  ~128 bytes
      K11     rows=4  idx_cols=0  ~64 bytes
      K12     rows=2  idx_cols=0  ~32 bytes
      K13     rows=16  idx_cols=0  ~256 bytes
      K14     rows=2  idx_cols=0  ~32 bytes
      K15     rows=16  idx_cols=0  ~256 bytes
      K16     rows=8  idx_cols=0  ~128 bytes
      K17     rows=2  idx_cols=0  ~32 bytes
      K18     rows=4  idx_cols=0  ~64 bytes
      K19     rows=2  idx_cols=0  ~32 bytes
      K20     rows=8  idx_cols=0  ~128 bytes
      K21     rows=8  idx_cols=0  ~128 bytes
      K22     rows=16  idx_cols=0  ~256 bytes
      K23     rows=8  idx_cols=0  ~128 bytes
      K24     rows=4  idx_cols=0  ~64 bytes
      K25     rows=8  idx_cols=0  ~128 bytes
      K26     rows=16  idx_cols=0  ~256 bytes
      K27     rows=16  idx_cols=0  ~256 bytes
      K28     rows=16  idx_cols=0  ~256 bytes
      K29     rows=2  idx_cols=0  ~32 bytes
      K30     rows=4  idx_cols=0  ~64 bytes
      K31     rows=16  idx_cols=0  ~256 bytes
      K32     rows=16  idx_cols=0  ~256 bytes
      K33     rows=2  idx_cols=0  ~32 bytes
      K34     rows=8  idx_cols=0  ~128 bytes
      K35     rows=4  idx_cols=0  ~64 bytes
      K36     rows=16  idx_cols=0  ~256 bytes
      K37     rows=4  idx_cols=0  ~64 bytes
      K38     rows=2  idx_cols=0  ~32 bytes
      K39     rows=8  idx_cols=0  ~128 bytes
      K40     rows=16  idx_cols=0  ~256 bytes
      K41     rows=4  idx_cols=0  ~64 bytes
      K42     rows=16  idx_cols=0  ~256 bytes
      K43     rows=2  idx_cols=0  ~32 bytes
      K44     rows=4  idx_cols=0  ~64 bytes
      K45     rows=4  idx_cols=0  ~64 bytes
      K46     rows=8  idx_cols=0  ~128 bytes
      K47     rows=2  idx_cols=0  ~32 bytes
      K48     rows=8  idx_cols=0  ~128 bytes
      K49     rows=4  idx_cols=0  ~64 bytes
      K50     rows=16  idx_cols=0  ~256 bytes
      K51     rows=8  idx_cols=0  ~128 bytes
      K52     rows=32  idx_cols=0  ~512 bytes
      K53     rows=64  idx_cols=0  ~1024 bytes
      K54     rows=64  idx_cols=0  ~1024 bytes
      K55     rows=32  idx_cols=0  ~512 bytes
      K56     rows=32  idx_cols=0  ~512 bytes
      K57     rows=32  idx_cols=0  ~512 bytes
      K58     rows=32  idx_cols=0  ~512 bytes
      K59     rows=32  idx_cols=0  ~512 bytes
      K60     rows=32  idx_cols=0  ~512 bytes
      K61     rows=16  idx_cols=0  ~256 bytes
      K62     rows=8  idx_cols=0  ~128 bytes
      K63     rows=16  idx_cols=0  ~256 bytes
      K64     rows=32  idx_cols=0  ~512 bytes
      K65     rows=8  idx_cols=0  ~128 bytes
      K66     rows=8  idx_cols=0  ~128 bytes
      K67     rows=8  idx_cols=0  ~128 bytes
      K68     rows=64  idx_cols=0  ~1024 bytes
      K69     rows=64  idx_cols=0  ~1024 bytes
      K70     rows=64  idx_cols=0  ~1024 bytes
      K71     rows=64  idx_cols=0  ~1024 bytes
      K72     rows=64  idx_cols=0  ~1024 bytes
      K73     rows=256  idx_cols=0  ~4096 bytes
      K74     rows=64  idx_cols=0  ~1024 bytes
      K75     rows=1024  idx_cols=0  ~16384 bytes
      K76     rows=256  idx_cols=0  ~4096 bytes

  [Aer] 00d1d1eb8b59b37a53189e24e68c3e946f18affa7c82ed4eb28ed3f8e21cf4c7  (14 qubits, depth 39)
    [+] statevector                [multi ]  wall=0.0092s  rss=208,740KB  vsz=6,511MB  Δmaj=0
    [+] statevector                [single]  wall=0.0115s  rss=208,740KB  vsz=6,511MB  Δmaj=0
    [-] stabilizer                 [multi ]  wall=0.0019s  rss=209,296KB  vsz=6,511MB  Δmaj=0
    [-] stabilizer                 [single]  wall=0.0019s  rss=209,296KB  vsz=6,511MB  Δmaj=0
    [+] density_matrix             [multi ]  wall=13.0859s  rss=209,768KB  vsz=6,511MB  Δmaj=12
    [+] density_matrix             [single]  wall=125.6592s  rss=209,768KB  vsz=6,511MB  Δmaj=0
    [+] matrix_product_state       [multi ]  wall=0.0712s  rss=209,768KB  vsz=7,023MB  Δmaj=0
    [+] matrix_product_state       [single]  wall=0.0469s  rss=209,768KB  vsz=7,023MB  Δmaj=0
    [-] extended_stabilizer        [multi ]  wall=0.0017s  rss=209,768KB  vsz=7,023MB  Δmaj=0
    [-] extended_stabilizer        [single]  wall=0.0016s  rss=209,768KB  vsz=7,023MB  Δmaj=0
    [+] unitary                    [multi ]  wall=4.7373s  rss=4,404,404KB  vsz=11,119MB  Δmaj=0
    [+] unitary                    [single]  wall=48.5261s  rss=4,404,364KB  vsz=11,119MB  Δmaj=0
    [+] automatic                  [multi ]  wall=0.1754s  rss=210,328KB  vsz=7,023MB  Δmaj=0
    [+] automatic                  [single]  wall=0.0087s  rss=210,592KB  vsz=7,023MB  Δmaj=0
