
  [SQLite] 00d46f73fd0ec237d1ca633e421957bbf00ea7ffbe4596c781d6fd8c226502c5
    total CTEs  : 36  (tensor CTEs: 8, contraction CTEs: 28)
    SQL length  : 9,776 chars
    Counting rows per K_i CTE (28 contraction CTEs)...
      K1      rows=2  idx_cols=0  ~32 bytes
      K2      rows=2  idx_cols=0  ~32 bytes
      K3      rows=8  idx_cols=0  ~128 bytes
      K4      rows=4  idx_cols=0  ~64 bytes
      K5      rows=8  idx_cols=0  ~128 bytes
      K6      rows=8  idx_cols=0  ~128 bytes
      K7      rows=8  idx_cols=0  ~128 bytes
      K8      rows=4  idx_cols=0  ~64 bytes
      K9      rows=4  idx_cols=0  ~64 bytes
      K10     rows=8  idx_cols=0  ~128 bytes
      K11     rows=2  idx_cols=0  ~32 bytes
      K12     rows=4  idx_cols=0  ~64 bytes
      K13     rows=8  idx_cols=0  ~128 bytes
      K14     rows=8  idx_cols=0  ~128 bytes
      K15     rows=8  idx_cols=0  ~128 bytes
      K16     rows=16  idx_cols=0  ~256 bytes
      K17     rows=8  idx_cols=0  ~128 bytes
      K18     rows=8  idx_cols=0  ~128 bytes
      K19     rows=8  idx_cols=0  ~128 bytes
      K20     rows=8  idx_cols=0  ~128 bytes
      K21     rows=2  idx_cols=0  ~32 bytes
      K22     rows=2  idx_cols=0  ~32 bytes
      K23     rows=8  idx_cols=0  ~128 bytes
      K24     rows=4  idx_cols=0  ~64 bytes
      K25     rows=16  idx_cols=0  ~256 bytes
      K26     rows=8  idx_cols=0  ~128 bytes
      K27     rows=4  idx_cols=0  ~64 bytes
      K28     rows=4  idx_cols=0  ~64 bytes

  [Aer] 00d46f73fd0ec237d1ca633e421957bbf00ea7ffbe4596c781d6fd8c226502c5  (4 qubits, depth 21)
    [+] statevector                [multi ]  wall=0.0030s  rss=200,932KB  vsz=5,010MB  Δmaj=0
    [+] statevector                [single]  wall=0.0022s  rss=200,932KB  vsz=5,010MB  Δmaj=0
    [-] stabilizer                 [multi ]  wall=0.0010s  rss=200,932KB  vsz=5,010MB  Δmaj=0
    [-] stabilizer                 [single]  wall=0.0009s  rss=200,932KB  vsz=5,011MB  Δmaj=0
    [+] density_matrix             [multi ]  wall=0.0251s  rss=200,932KB  vsz=5,011MB  Δmaj=0
    [+] density_matrix             [single]  wall=0.0021s  rss=200,932KB  vsz=5,011MB  Δmaj=0
    [+] matrix_product_state       [multi ]  wall=0.0202s  rss=200,932KB  vsz=5,715MB  Δmaj=0
    [+] matrix_product_state       [single]  wall=0.0118s  rss=200,932KB  vsz=5,715MB  Δmaj=0
    [-] extended_stabilizer        [multi ]  wall=0.0009s  rss=200,932KB  vsz=5,715MB  Δmaj=0
    [-] extended_stabilizer        [single]  wall=0.0009s  rss=200,932KB  vsz=5,715MB  Δmaj=0
    [+] unitary                    [multi ]  wall=0.0044s  rss=200,932KB  vsz=5,715MB  Δmaj=0
    [+] unitary                    [single]  wall=0.0026s  rss=200,932KB  vsz=5,715MB  Δmaj=0
    [+] automatic                  [multi ]  wall=0.0013s  rss=202,228KB  vsz=5,715MB  Δmaj=0
    [+] automatic                  [single]  wall=0.0022s  rss=202,228KB  vsz=5,715MB  Δmaj=0
