
  [SQLite] 00da97da4de0308ac7b14ce8c47e9779a0c1cfc28395a644cabd17ae703ddc7f
    total CTEs  : 111  (tensor CTEs: 7, contraction CTEs: 104)
    SQL length  : 30,659 chars
    Counting rows per K_i CTE (104 contraction CTEs)...
      K1      rows=4  idx_cols=0  ~64 bytes
      K2      rows=2  idx_cols=0  ~32 bytes
      K3      rows=1  idx_cols=0  ~16 bytes
      K4      rows=1  idx_cols=0  ~16 bytes
      K5      rows=2  idx_cols=0  ~32 bytes
      K6      rows=2  idx_cols=0  ~32 bytes
      K7      rows=4  idx_cols=0  ~64 bytes
      K8      rows=4  idx_cols=0  ~64 bytes
      K9      rows=4  idx_cols=0  ~64 bytes
      K10     rows=4  idx_cols=0  ~64 bytes
      K11     rows=4  idx_cols=0  ~64 bytes
      K12     rows=2  idx_cols=0  ~32 bytes
      K13     rows=4  idx_cols=0  ~64 bytes
      K14     rows=2  idx_cols=0  ~32 bytes
      K15     rows=4  idx_cols=0  ~64 bytes
      K16     rows=2  idx_cols=0  ~32 bytes
      K17     rows=4  idx_cols=0  ~64 bytes
      K18     rows=4  idx_cols=0  ~64 bytes
      K19     rows=4  idx_cols=0  ~64 bytes
      K20     rows=4  idx_cols=0  ~64 bytes
      K21     rows=1  idx_cols=0  ~16 bytes
      K22     rows=2  idx_cols=0  ~32 bytes
      K23     rows=4  idx_cols=0  ~64 bytes
      K24     rows=2  idx_cols=0  ~32 bytes
      K25     rows=8  idx_cols=0  ~128 bytes
      K26     rows=4  idx_cols=0  ~64 bytes
      K27     rows=4  idx_cols=0  ~64 bytes
      K28     rows=4  idx_cols=0  ~64 bytes
      K29     rows=4  idx_cols=0  ~64 bytes
      K30     rows=4  idx_cols=0  ~64 bytes
      K31     rows=4  idx_cols=0  ~64 bytes
      K32     rows=8  idx_cols=0  ~128 bytes
      K33     rows=4  idx_cols=0  ~64 bytes
      K34     rows=1  idx_cols=0  ~16 bytes
      K35     rows=1  idx_cols=0  ~16 bytes
      K36     rows=4  idx_cols=0  ~64 bytes
      K37     rows=2  idx_cols=0  ~32 bytes
      K38     rows=2  idx_cols=0  ~32 bytes
      K39     rows=1  idx_cols=0  ~16 bytes
      K40     rows=8  idx_cols=0  ~128 bytes
      K41     rows=8  idx_cols=0  ~128 bytes
      K42     rows=2  idx_cols=0  ~32 bytes
      K43     rows=1  idx_cols=0  ~16 bytes
      K44     rows=2  idx_cols=0  ~32 bytes
      K45     rows=4  idx_cols=0  ~64 bytes
      K46     rows=1  idx_cols=0  ~16 bytes
      K47     rows=2  idx_cols=0  ~32 bytes
      K48     rows=2  idx_cols=0  ~32 bytes
      K49     rows=1  idx_cols=0  ~16 bytes
      K50     rows=8  idx_cols=0  ~128 bytes
      K51     rows=2  idx_cols=0  ~32 bytes
      K52     rows=4  idx_cols=0  ~64 bytes
      K53     rows=1  idx_cols=0  ~16 bytes
      K54     rows=4  idx_cols=0  ~64 bytes
      K55     rows=4  idx_cols=0  ~64 bytes
      K56     rows=2  idx_cols=0  ~32 bytes
      K57     rows=2  idx_cols=0  ~32 bytes
      K58     rows=4  idx_cols=0  ~64 bytes
      K59     rows=1  idx_cols=0  ~16 bytes
      K60     rows=2  idx_cols=0  ~32 bytes
      K61     rows=4  idx_cols=0  ~64 bytes
      K62     rows=4  idx_cols=0  ~64 bytes
      K63     rows=2  idx_cols=0  ~32 bytes
      K64     rows=4  idx_cols=0  ~64 bytes
      K65     rows=4  idx_cols=0  ~64 bytes
      K66     rows=4  idx_cols=0  ~64 bytes
      K67     rows=4  idx_cols=0  ~64 bytes
      K68     rows=4  idx_cols=0  ~64 bytes
      K69     rows=8  idx_cols=0  ~128 bytes
      K70     rows=2  idx_cols=0  ~32 bytes
      K71     rows=4  idx_cols=0  ~64 bytes
      K72     rows=2  idx_cols=0  ~32 bytes
      K73     rows=8  idx_cols=0  ~128 bytes
      K74     rows=4  idx_cols=0  ~64 bytes
      K75     rows=1  idx_cols=0  ~16 bytes
      K76     rows=2  idx_cols=0  ~32 bytes
      K77     rows=1  idx_cols=0  ~16 bytes
      K78     rows=8  idx_cols=0  ~128 bytes
      K79     rows=2  idx_cols=0  ~32 bytes
      K80     rows=16  idx_cols=0  ~256 bytes
      K81     rows=4  idx_cols=0  ~64 bytes
      K82     rows=4  idx_cols=0  ~64 bytes
      K83     rows=4  idx_cols=0  ~64 bytes
      K84     rows=4  idx_cols=0  ~64 bytes
      K85     rows=2  idx_cols=0  ~32 bytes
      K86     rows=16  idx_cols=0  ~256 bytes
      K87     rows=16  idx_cols=0  ~256 bytes
      K88     rows=4  idx_cols=0  ~64 bytes
      K89     rows=4  idx_cols=0  ~64 bytes
      K90     rows=8  idx_cols=0  ~128 bytes
      K91     rows=8  idx_cols=0  ~128 bytes
      K92     rows=32  idx_cols=0  ~512 bytes
      K93     rows=32  idx_cols=0  ~512 bytes
      K94     rows=32  idx_cols=0  ~512 bytes
      K95     rows=4  idx_cols=0  ~64 bytes
      K96     rows=4  idx_cols=0  ~64 bytes
      K97     rows=4  idx_cols=0  ~64 bytes
      K98     rows=1  idx_cols=0  ~16 bytes
      K99     rows=8  idx_cols=0  ~128 bytes
      K100    rows=64  idx_cols=0  ~1024 bytes
      K101    rows=64  idx_cols=0  ~1024 bytes
      K102    rows=64  idx_cols=0  ~1024 bytes
      K103    rows=64  idx_cols=0  ~1024 bytes
      K104    rows=1  idx_cols=0  ~16 bytes

  [Aer] 00da97da4de0308ac7b14ce8c47e9779a0c1cfc28395a644cabd17ae703ddc7f  (15 qubits, depth 37)
    [+] statevector                [multi ]  wall=0.0061s  rss=209,480KB  vsz=6,514MB  Δmaj=0
    [+] statevector                [single]  wall=0.0125s  rss=209,796KB  vsz=6,514MB  Δmaj=0
    [-] stabilizer                 [multi ]  wall=0.0022s  rss=209,796KB  vsz=6,514MB  Δmaj=0
    [-] stabilizer                 [single]  wall=0.0022s  rss=209,796KB  vsz=6,514MB  Δmaj=0
    [+] density_matrix             [multi ]  wall=44.3028s  rss=210,848KB  vsz=6,514MB  Δmaj=21
    [+] density_matrix             [single]  wall=430.1184s  rss=210,848KB  vsz=6,514MB  Δmaj=0
    [+] matrix_product_state       [multi ]  wall=0.0754s  rss=210,848KB  vsz=7,186MB  Δmaj=0
    [+] matrix_product_state       [single]  wall=0.0406s  rss=210,848KB  vsz=7,186MB  Δmaj=0
    [-] extended_stabilizer        [multi ]  wall=0.0020s  rss=210,848KB  vsz=7,186MB  Δmaj=0
    [-] extended_stabilizer        [single]  wall=0.0020s  rss=210,848KB  vsz=7,186MB  Δmaj=0
    [+] unitary                    [multi ]  wall=14.8330s  rss=16,988,880KB  vsz=23,570MB  Δmaj=0
    [+] unitary                    [single]  wall=168.8425s  rss=16,988,976KB  vsz=23,570MB  Δmaj=0
    [+] automatic                  [multi ]  wall=0.3984s  rss=211,764KB  vsz=7,186MB  Δmaj=0
    [+] automatic                  [single]  wall=0.0101s  rss=211,764KB  vsz=7,186MB  Δmaj=0
