
  [SQLite] 00e1ff27cc211fd0f89be0242ad4627e59c90b439c839fcbe15c92d74755276d
    total CTEs  : 82  (tensor CTEs: 9, contraction CTEs: 73)
    SQL length  : 23,233 chars
    Counting rows per K_i CTE (73 contraction CTEs)...
      K1      rows=4  idx_cols=0  ~64 bytes
      K2      rows=8  idx_cols=0  ~128 bytes
      K3      rows=4  idx_cols=0  ~64 bytes
      K4      rows=2  idx_cols=0  ~32 bytes
      K5      rows=4  idx_cols=0  ~64 bytes
      K6      rows=4  idx_cols=0  ~64 bytes
      K7      rows=4  idx_cols=0  ~64 bytes
      K8      rows=4  idx_cols=0  ~64 bytes
      K9      rows=4  idx_cols=0  ~64 bytes
      K10     rows=4  idx_cols=0  ~64 bytes
      K11     rows=4  idx_cols=0  ~64 bytes
      K12     rows=4  idx_cols=0  ~64 bytes
      K13     rows=1  idx_cols=0  ~16 bytes
      K14     rows=2  idx_cols=0  ~32 bytes
      K15     rows=4  idx_cols=0  ~64 bytes
      K16     rows=4  idx_cols=0  ~64 bytes
      K17     rows=4  idx_cols=0  ~64 bytes
      K18     rows=2  idx_cols=0  ~32 bytes
      K19     rows=4  idx_cols=0  ~64 bytes
      K20     rows=4  idx_cols=0  ~64 bytes
      K21     rows=2  idx_cols=0  ~32 bytes
      K22     rows=4  idx_cols=0  ~64 bytes
      K23     rows=4  idx_cols=0  ~64 bytes
      K24     rows=2  idx_cols=0  ~32 bytes
      K25     rows=4  idx_cols=0  ~64 bytes
      K26     rows=4  idx_cols=0  ~64 bytes
      K27     rows=2  idx_cols=0  ~32 bytes
      K28     rows=4  idx_cols=0  ~64 bytes
      K29     rows=4  idx_cols=0  ~64 bytes
      K30     rows=4  idx_cols=0  ~64 bytes
      K31     rows=8  idx_cols=0  ~128 bytes
      K32     rows=2  idx_cols=0  ~32 bytes
      K33     rows=8  idx_cols=0  ~128 bytes
      K34     rows=4  idx_cols=0  ~64 bytes
      K35     rows=4  idx_cols=0  ~64 bytes
      K36     rows=16  idx_cols=0  ~256 bytes
      K37     rows=4  idx_cols=0  ~64 bytes
      K38     rows=4  idx_cols=0  ~64 bytes
      K39     rows=2  idx_cols=0  ~32 bytes
      K40     rows=4  idx_cols=0  ~64 bytes
      K41     rows=2  idx_cols=0  ~32 bytes
      K42     rows=4  idx_cols=0  ~64 bytes
      K43     rows=4  idx_cols=0  ~64 bytes
      K44     rows=4  idx_cols=0  ~64 bytes
      K45     rows=4  idx_cols=0  ~64 bytes
      K46     rows=16  idx_cols=0  ~256 bytes
      K47     rows=4  idx_cols=0  ~64 bytes
      K48     rows=4  idx_cols=0  ~64 bytes
      K49     rows=4  idx_cols=0  ~64 bytes
      K50     rows=4  idx_cols=0  ~64 bytes
      K51     rows=4  idx_cols=0  ~64 bytes
      K52     rows=8  idx_cols=0  ~128 bytes
      K53     rows=4  idx_cols=0  ~64 bytes
      K54     rows=4  idx_cols=0  ~64 bytes
      K55     rows=4  idx_cols=0  ~64 bytes
      K56     rows=4  idx_cols=0  ~64 bytes
      K57     rows=4  idx_cols=0  ~64 bytes
      K58     rows=4  idx_cols=0  ~64 bytes
      K59     rows=16  idx_cols=0  ~256 bytes
      K60     rows=8  idx_cols=0  ~128 bytes
      K61     rows=8  idx_cols=0  ~128 bytes
      K62     rows=8  idx_cols=0  ~128 bytes
      K63     rows=8  idx_cols=0  ~128 bytes
      K64     rows=16  idx_cols=0  ~256 bytes
      K65     rows=4  idx_cols=0  ~64 bytes
      K66     rows=16  idx_cols=0  ~256 bytes
      K67     rows=16  idx_cols=0  ~256 bytes
      K68     rows=16  idx_cols=0  ~256 bytes
      K69     rows=16  idx_cols=0  ~256 bytes
      K70     rows=16  idx_cols=0  ~256 bytes
      K71     rows=16  idx_cols=0  ~256 bytes
      K72     rows=16  idx_cols=0  ~256 bytes
      K73     rows=1  idx_cols=0  ~16 bytes

  [Aer] 00e1ff27cc211fd0f89be0242ad4627e59c90b439c839fcbe15c92d74755276d  (6 qubits, depth 12)
    [+] statevector                [multi ]  wall=0.0051s  rss=208,068KB  vsz=6,511MB  Δmaj=0
    [+] statevector                [single]  wall=0.0057s  rss=208,068KB  vsz=6,511MB  Δmaj=0
    [-] stabilizer                 [multi ]  wall=0.0044s  rss=208,068KB  vsz=6,511MB  Δmaj=0
    [-] stabilizer                 [single]  wall=0.0073s  rss=208,068KB  vsz=6,511MB  Δmaj=0
    [+] density_matrix             [multi ]  wall=0.0100s  rss=208,880KB  vsz=6,511MB  Δmaj=0
    [+] density_matrix             [single]  wall=0.0231s  rss=209,192KB  vsz=6,511MB  Δmaj=0
    [+] matrix_product_state       [multi ]  wall=0.0346s  rss=209,192KB  vsz=6,991MB  Δmaj=0
    [+] matrix_product_state       [single]  wall=0.0168s  rss=209,192KB  vsz=6,991MB  Δmaj=0
    [-] extended_stabilizer        [multi ]  wall=0.0034s  rss=209,192KB  vsz=6,991MB  Δmaj=0
    [-] extended_stabilizer        [single]  wall=0.0033s  rss=209,192KB  vsz=6,991MB  Δmaj=0
    [+] unitary                    [multi ]  wall=0.0062s  rss=209,456KB  vsz=6,991MB  Δmaj=0
    [+] unitary                    [single]  wall=0.0098s  rss=209,456KB  vsz=6,991MB  Δmaj=0
    [+] automatic                  [multi ]  wall=0.0098s  rss=210,324KB  vsz=6,991MB  Δmaj=0
    [+] automatic                  [single]  wall=0.0117s  rss=210,324KB  vsz=6,991MB  Δmaj=0
