
  [SQLite] 00ecc9493970261db82fdbec1cab729699b8ca7a1d31dc596dedc781d8c6301e
    total CTEs  : 113  (tensor CTEs: 5, contraction CTEs: 108)
    SQL length  : 33,497 chars
    Counting rows per K_i CTE (108 contraction CTEs)...
      K1      rows=2  idx_cols=0  ~32 bytes
      K2      rows=2  idx_cols=0  ~32 bytes
      K3      rows=2  idx_cols=0  ~32 bytes
      K4      rows=2  idx_cols=0  ~32 bytes
      K5      rows=2  idx_cols=0  ~32 bytes
      K6      rows=2  idx_cols=0  ~32 bytes
      K7      rows=2  idx_cols=0  ~32 bytes
      K8      rows=2  idx_cols=0  ~32 bytes
      K9      rows=2  idx_cols=0  ~32 bytes
      K10     rows=8  idx_cols=0  ~128 bytes
      K11     rows=2  idx_cols=0  ~32 bytes
      K12     rows=2  idx_cols=0  ~32 bytes
      K13     rows=2  idx_cols=0  ~32 bytes
      K14     rows=8  idx_cols=0  ~128 bytes
      K15     rows=8  idx_cols=0  ~128 bytes
      K16     rows=2  idx_cols=0  ~32 bytes
      K17     rows=4  idx_cols=0  ~64 bytes
      K18     rows=8  idx_cols=0  ~128 bytes
      K19     rows=8  idx_cols=0  ~128 bytes
      K20     rows=8  idx_cols=0  ~128 bytes
      K21     rows=8  idx_cols=0  ~128 bytes
      K22     rows=8  idx_cols=0  ~128 bytes
      K23     rows=8  idx_cols=0  ~128 bytes
      K24     rows=16  idx_cols=0  ~256 bytes
      K25     rows=8  idx_cols=0  ~128 bytes
      K26     rows=8  idx_cols=0  ~128 bytes
      K27     rows=8  idx_cols=0  ~128 bytes
      K28     rows=16  idx_cols=0  ~256 bytes
      K29     rows=8  idx_cols=0  ~128 bytes
      K30     rows=16  idx_cols=0  ~256 bytes
      K31     rows=2  idx_cols=0  ~32 bytes
      K32     rows=8  idx_cols=0  ~128 bytes
      K33     rows=16  idx_cols=0  ~256 bytes
      K34     rows=4  idx_cols=0  ~64 bytes
      K35     rows=16  idx_cols=0  ~256 bytes
      K36     rows=8  idx_cols=0  ~128 bytes
      K37     rows=8  idx_cols=0  ~128 bytes
      K38     rows=8  idx_cols=0  ~128 bytes
      K39     rows=16  idx_cols=0  ~256 bytes
      K40     rows=16  idx_cols=0  ~256 bytes
      K41     rows=8  idx_cols=0  ~128 bytes
      K42     rows=8  idx_cols=0  ~128 bytes
      K43     rows=16  idx_cols=0  ~256 bytes
      K44     rows=4  idx_cols=0  ~64 bytes
      K45     rows=8  idx_cols=0  ~128 bytes
      K46     rows=2  idx_cols=0  ~32 bytes
      K47     rows=16  idx_cols=0  ~256 bytes
      K48     rows=2  idx_cols=0  ~32 bytes
      K49     rows=16  idx_cols=0  ~256 bytes
      K50     rows=8  idx_cols=0  ~128 bytes
      K51     rows=4  idx_cols=0  ~64 bytes
      K52     rows=2  idx_cols=0  ~32 bytes
      K53     rows=4  idx_cols=0  ~64 bytes
      K54     rows=2  idx_cols=0  ~32 bytes
      K55     rows=4  idx_cols=0  ~64 bytes
      K56     rows=2  idx_cols=0  ~32 bytes
      K57     rows=4  idx_cols=0  ~64 bytes
      K58     rows=16  idx_cols=0  ~256 bytes
      K59     rows=32  idx_cols=0  ~512 bytes
      K60     rows=8  idx_cols=0  ~128 bytes
      K61     rows=8  idx_cols=0  ~128 bytes
      K62     rows=32  idx_cols=0  ~512 bytes
      K63     rows=32  idx_cols=0  ~512 bytes
      K64     rows=64  idx_cols=0  ~1024 bytes
      K65     rows=8  idx_cols=0  ~128 bytes
      K66     rows=16  idx_cols=0  ~256 bytes
      K67     rows=16  idx_cols=0  ~256 bytes
      K68     rows=8  idx_cols=0  ~128 bytes
      K69     rows=8  idx_cols=0  ~128 bytes
      K70     rows=16  idx_cols=0  ~256 bytes
      K71     rows=32  idx_cols=0  ~512 bytes
      K72     rows=8  idx_cols=0  ~128 bytes
      K73     rows=8  idx_cols=0  ~128 bytes
      K74     rows=8  idx_cols=0  ~128 bytes
      K75     rows=8  idx_cols=0  ~128 bytes
      K76     rows=16  idx_cols=0  ~256 bytes
      K77     rows=8  idx_cols=0  ~128 bytes
      K78     rows=16  idx_cols=0  ~256 bytes
      K79     rows=64  idx_cols=0  ~1024 bytes
      K80     rows=8  idx_cols=0  ~128 bytes
      K81     rows=8  idx_cols=0  ~128 bytes
      K82     rows=16  idx_cols=0  ~256 bytes
      K83     rows=16  idx_cols=0  ~256 bytes
      K84     rows=16  idx_cols=0  ~256 bytes
      K85     rows=4  idx_cols=0  ~64 bytes
      K86     rows=8  idx_cols=0  ~128 bytes
      K87     rows=64  idx_cols=0  ~1024 bytes
      K88     rows=128  idx_cols=0  ~2048 bytes
      K89     rows=16  idx_cols=0  ~256 bytes
      K90     rows=16  idx_cols=0  ~256 bytes
      K91     rows=16  idx_cols=0  ~256 bytes
      K92     rows=128  idx_cols=0  ~2048 bytes
      K93     rows=64  idx_cols=0  ~1024 bytes
      K94     rows=128  idx_cols=0  ~2048 bytes
      K95     rows=16  idx_cols=0  ~256 bytes
      K96     rows=64  idx_cols=0  ~1024 bytes
      K97     rows=128  idx_cols=0  ~2048 bytes
      K98     rows=64  idx_cols=0  ~1024 bytes
      K99     rows=64  idx_cols=0  ~1024 bytes
      K100    rows=256  idx_cols=0  ~4096 bytes
      K101    rows=256  idx_cols=0  ~4096 bytes
      K102    rows=128  idx_cols=0  ~2048 bytes
      K103    rows=128  idx_cols=0  ~2048 bytes
      K104    rows=256  idx_cols=0  ~4096 bytes
      K105    rows=1024  idx_cols=0  ~16384 bytes
      K106    rows=1024  idx_cols=0  ~16384 bytes
      K107    rows=4096  idx_cols=0  ~65536 bytes
      K108    rows=4096  idx_cols=0  ~65536 bytes

  [Aer] 00ecc9493970261db82fdbec1cab729699b8ca7a1d31dc596dedc781d8c6301e  (15 qubits, depth 26)
    [+] statevector                [multi ]  wall=0.0101s  rss=216,468KB  vsz=6,520MB  Δmaj=0
    [+] statevector                [single]  wall=0.0205s  rss=216,732KB  vsz=6,520MB  Δmaj=0
    [-] stabilizer                 [multi ]  wall=0.0035s  rss=216,732KB  vsz=6,520MB  Δmaj=0
    [-] stabilizer                 [single]  wall=0.0034s  rss=216,732KB  vsz=6,520MB  Δmaj=0
    [+] density_matrix             [multi ]  wall=119.5295s  rss=217,776KB  vsz=6,520MB  Δmaj=0
    [+] density_matrix             [single]  wall=1286.4805s  rss=217,776KB  vsz=6,520MB  Δmaj=0
    [+] matrix_product_state       [multi ]  wall=0.7343s  rss=269,348KB  vsz=6,904MB  Δmaj=0
    [+] matrix_product_state       [single]  wall=1.6085s  rss=269,556KB  vsz=6,904MB  Δmaj=0
    [-] extended_stabilizer        [multi ]  wall=0.0035s  rss=269,556KB  vsz=6,904MB  Δmaj=0
    [-] extended_stabilizer        [single]  wall=0.0035s  rss=269,556KB  vsz=6,904MB  Δmaj=0
    [+] unitary                    [multi ]  wall=30.2087s  rss=17,047,596KB  vsz=23,288MB  Δmaj=0
    [+] unitary                    [single]  wall=329.4750s  rss=17,047,640KB  vsz=23,288MB  Δmaj=0
    [+] automatic                  [multi ]  wall=0.4010s  rss=270,428KB  vsz=6,904MB  Δmaj=0
    [+] automatic                  [single]  wall=0.0225s  rss=270,428KB  vsz=6,904MB  Δmaj=0
