
  [SQLite] 00ecd9e5c067687b352fb7f5d412c4130394db28976309c353e94f1eead33fbe
    total CTEs  : 80  (tensor CTEs: 6, contraction CTEs: 74)
    SQL length  : 22,898 chars
    Counting rows per K_i CTE (74 contraction CTEs)...
      K1      rows=2  idx_cols=0  ~32 bytes
      K2      rows=8  idx_cols=0  ~128 bytes
      K3      rows=8  idx_cols=0  ~128 bytes
      K4      rows=8  idx_cols=0  ~128 bytes
      K5      rows=8  idx_cols=0  ~128 bytes
      K6      rows=8  idx_cols=0  ~128 bytes
      K7      rows=16  idx_cols=0  ~256 bytes
      K8      rows=16  idx_cols=0  ~256 bytes
      K9      rows=2  idx_cols=0  ~32 bytes
      K10     rows=16  idx_cols=0  ~256 bytes
      K11     rows=4  idx_cols=0  ~64 bytes
      K12     rows=8  idx_cols=0  ~128 bytes
      K13     rows=16  idx_cols=0  ~256 bytes
      K14     rows=16  idx_cols=0  ~256 bytes
      K15     rows=4  idx_cols=0  ~64 bytes
      K16     rows=8  idx_cols=0  ~128 bytes
      K17     rows=4  idx_cols=0  ~64 bytes
      K18     rows=8  idx_cols=0  ~128 bytes
      K19     rows=8  idx_cols=0  ~128 bytes
      K20     rows=8  idx_cols=0  ~128 bytes
      K21     rows=2  idx_cols=0  ~32 bytes
      K22     rows=8  idx_cols=0  ~128 bytes
      K23     rows=4  idx_cols=0  ~64 bytes
      K24     rows=8  idx_cols=0  ~128 bytes
      K25     rows=4  idx_cols=0  ~64 bytes
      K26     rows=8  idx_cols=0  ~128 bytes
      K27     rows=8  idx_cols=0  ~128 bytes
      K28     rows=8  idx_cols=0  ~128 bytes
      K29     rows=16  idx_cols=0  ~256 bytes
      K30     rows=8  idx_cols=0  ~128 bytes
      K31     rows=8  idx_cols=0  ~128 bytes
      K32     rows=16  idx_cols=0  ~256 bytes
      K33     rows=16  idx_cols=0  ~256 bytes
      K34     rows=8  idx_cols=0  ~128 bytes
      K35     rows=2  idx_cols=0  ~32 bytes
      K36     rows=4  idx_cols=0  ~64 bytes
      K37     rows=4  idx_cols=0  ~64 bytes
      K38     rows=2  idx_cols=0  ~32 bytes
      K39     rows=16  idx_cols=0  ~256 bytes
      K40     rows=4  idx_cols=0  ~64 bytes
      K41     rows=2  idx_cols=0  ~32 bytes
      K42     rows=16  idx_cols=0  ~256 bytes
      K43     rows=8  idx_cols=0  ~128 bytes
      K44     rows=4  idx_cols=0  ~64 bytes
      K45     rows=8  idx_cols=0  ~128 bytes
      K46     rows=8  idx_cols=0  ~128 bytes
      K47     rows=4  idx_cols=0  ~64 bytes
      K48     rows=8  idx_cols=0  ~128 bytes
      K49     rows=16  idx_cols=0  ~256 bytes
      K50     rows=8  idx_cols=0  ~128 bytes
      K51     rows=16  idx_cols=0  ~256 bytes
      K52     rows=8  idx_cols=0  ~128 bytes
      K53     rows=16  idx_cols=0  ~256 bytes
      K54     rows=4  idx_cols=0  ~64 bytes
      K55     rows=8  idx_cols=0  ~128 bytes
      K56     rows=16  idx_cols=0  ~256 bytes
      K57     rows=32  idx_cols=0  ~512 bytes
      K58     rows=16  idx_cols=0  ~256 bytes
      K59     rows=32  idx_cols=0  ~512 bytes
      K60     rows=32  idx_cols=0  ~512 bytes
      K61     rows=16  idx_cols=0  ~256 bytes
      K62     rows=32  idx_cols=0  ~512 bytes
      K63     rows=64  idx_cols=0  ~1024 bytes
      K64     rows=32  idx_cols=0  ~512 bytes
      K65     rows=32  idx_cols=0  ~512 bytes
      K66     rows=32  idx_cols=0  ~512 bytes
      K67     rows=64  idx_cols=0  ~1024 bytes
      K68     rows=64  idx_cols=0  ~1024 bytes
      K69     rows=32  idx_cols=0  ~512 bytes
      K70     rows=64  idx_cols=0  ~1024 bytes
      K71     rows=64  idx_cols=0  ~1024 bytes
      K72     rows=128  idx_cols=0  ~2048 bytes
      K73     rows=256  idx_cols=0  ~4096 bytes
      K74     rows=512  idx_cols=0  ~8192 bytes

  [Aer] 00ecd9e5c067687b352fb7f5d412c4130394db28976309c353e94f1eead33fbe  (13 qubits, depth 1)
    [+] statevector                [multi ]  wall=0.0067s  rss=208,140KB  vsz=6,511MB  Δmaj=0
    [+] statevector                [single]  wall=0.0078s  rss=208,140KB  vsz=6,511MB  Δmaj=0
    [-] stabilizer                 [multi ]  wall=0.0024s  rss=208,140KB  vsz=6,511MB  Δmaj=0
    [-] stabilizer                 [single]  wall=0.0020s  rss=208,140KB  vsz=6,511MB  Δmaj=0
    [+] density_matrix             [multi ]  wall=2.8862s  rss=205,828KB  vsz=6,511MB  Δmaj=0
    [+] density_matrix             [single]  wall=31.0018s  rss=205,828KB  vsz=6,511MB  Δmaj=0
    [+] matrix_product_state       [multi ]  wall=0.0643s  rss=205,828KB  vsz=7,247MB  Δmaj=0
    [+] matrix_product_state       [single]  wall=0.0447s  rss=205,828KB  vsz=7,247MB  Δmaj=0
    [-] extended_stabilizer        [multi ]  wall=0.0033s  rss=205,828KB  vsz=7,247MB  Δmaj=0
    [-] extended_stabilizer        [single]  wall=0.0018s  rss=205,828KB  vsz=7,247MB  Δmaj=0
    [+] unitary                    [multi ]  wall=0.6501s  rss=1,257,716KB  vsz=8,271MB  Δmaj=0
    [+] unitary                    [single]  wall=7.4175s  rss=1,257,856KB  vsz=8,271MB  Δmaj=0
    [+] automatic                  [multi ]  wall=0.0570s  rss=209,548KB  vsz=7,247MB  Δmaj=0
    [+] automatic                  [single]  wall=0.0063s  rss=209,548KB  vsz=7,247MB  Δmaj=0
