
  [SQLite] 00ee8e8283de8007aabf4ccf5115b213b565e7fbebed8c8c286912755c1e877d
    total CTEs  : 51  (tensor CTEs: 6, contraction CTEs: 45)
    SQL length  : 14,373 chars
    Counting rows per K_i CTE (45 contraction CTEs)...
      K1      rows=4  idx_cols=0  ~64 bytes
      K2      rows=2  idx_cols=0  ~32 bytes
      K3      rows=2  idx_cols=0  ~32 bytes
      K4      rows=2  idx_cols=0  ~32 bytes
      K5      rows=8  idx_cols=0  ~128 bytes
      K6      rows=4  idx_cols=0  ~64 bytes
      K7      rows=4  idx_cols=0  ~64 bytes
      K8      rows=8  idx_cols=0  ~128 bytes
      K9      rows=8  idx_cols=0  ~128 bytes
      K10     rows=8  idx_cols=0  ~128 bytes
      K11     rows=8  idx_cols=0  ~128 bytes
      K12     rows=16  idx_cols=0  ~256 bytes
      K13     rows=8  idx_cols=0  ~128 bytes
      K14     rows=2  idx_cols=0  ~32 bytes
      K15     rows=16  idx_cols=0  ~256 bytes
      K16     rows=8  idx_cols=0  ~128 bytes
      K17     rows=8  idx_cols=0  ~128 bytes
      K18     rows=8  idx_cols=0  ~128 bytes
      K19     rows=2  idx_cols=0  ~32 bytes
      K20     rows=8  idx_cols=0  ~128 bytes
      K21     rows=2  idx_cols=0  ~32 bytes
      K22     rows=2  idx_cols=0  ~32 bytes
      K23     rows=16  idx_cols=0  ~256 bytes
      K24     rows=8  idx_cols=0  ~128 bytes
      K25     rows=2  idx_cols=0  ~32 bytes
      K26     rows=4  idx_cols=0  ~64 bytes
      K27     rows=2  idx_cols=0  ~32 bytes
      K28     rows=8  idx_cols=0  ~128 bytes
      K29     rows=8  idx_cols=0  ~128 bytes
      K30     rows=16  idx_cols=0  ~256 bytes
      K31     rows=4  idx_cols=0  ~64 bytes
      K32     rows=8  idx_cols=0  ~128 bytes
      K33     rows=8  idx_cols=0  ~128 bytes
      K34     rows=8  idx_cols=0  ~128 bytes
      K35     rows=2  idx_cols=0  ~32 bytes
      K36     rows=32  idx_cols=0  ~512 bytes
      K37     rows=16  idx_cols=0  ~256 bytes
      K38     rows=16  idx_cols=0  ~256 bytes
      K39     rows=32  idx_cols=0  ~512 bytes
      K40     rows=4  idx_cols=0  ~64 bytes
      K41     rows=32  idx_cols=0  ~512 bytes
      K42     rows=32  idx_cols=0  ~512 bytes
      K43     rows=32  idx_cols=0  ~512 bytes
      K44     rows=32  idx_cols=0  ~512 bytes
      K45     rows=64  idx_cols=0  ~1024 bytes

  [Aer] 00ee8e8283de8007aabf4ccf5115b213b565e7fbebed8c8c286912755c1e877d  (7 qubits, depth 13)
    [+] statevector                [multi ]  wall=0.0036s  rss=202,780KB  vsz=5,012MB  Δmaj=0
    [+] statevector                [single]  wall=0.0032s  rss=202,780KB  vsz=5,012MB  Δmaj=0
    [-] stabilizer                 [multi ]  wall=0.0016s  rss=202,780KB  vsz=5,012MB  Δmaj=0
    [-] stabilizer                 [single]  wall=0.0011s  rss=202,780KB  vsz=5,013MB  Δmaj=0
    [+] density_matrix             [multi ]  wall=0.0052s  rss=203,684KB  vsz=5,013MB  Δmaj=0
    [+] density_matrix             [single]  wall=0.0070s  rss=203,684KB  vsz=5,013MB  Δmaj=0
    [+] matrix_product_state       [multi ]  wall=0.0647s  rss=200,864KB  vsz=7,243MB  Δmaj=0
    [+] matrix_product_state       [single]  wall=0.0244s  rss=200,864KB  vsz=7,243MB  Δmaj=0
    [-] extended_stabilizer        [multi ]  wall=0.0013s  rss=200,864KB  vsz=7,243MB  Δmaj=0
    [-] extended_stabilizer        [single]  wall=0.0013s  rss=200,864KB  vsz=7,243MB  Δmaj=0
    [+] unitary                    [multi ]  wall=0.0042s  rss=201,760KB  vsz=7,243MB  Δmaj=0
    [+] unitary                    [single]  wall=0.0046s  rss=202,076KB  vsz=7,243MB  Δmaj=0
    [+] automatic                  [multi ]  wall=0.0021s  rss=202,076KB  vsz=7,243MB  Δmaj=0
    [+] automatic                  [single]  wall=0.0031s  rss=202,076KB  vsz=7,243MB  Δmaj=0
