
  [SQLite] 00ef46d5f22d8c19e0e884391483426ac59050122810315a89a7d069cdb7dfc0
    total CTEs  : 77  (tensor CTEs: 5, contraction CTEs: 72)
    SQL length  : 21,830 chars
    Counting rows per K_i CTE (72 contraction CTEs)...
      K1      rows=2  idx_cols=0  ~32 bytes
      K2      rows=2  idx_cols=0  ~32 bytes
      K3      rows=2  idx_cols=0  ~32 bytes
      K4      rows=2  idx_cols=0  ~32 bytes
      K5      rows=2  idx_cols=0  ~32 bytes
      K6      rows=2  idx_cols=0  ~32 bytes
      K7      rows=2  idx_cols=0  ~32 bytes
      K8      rows=8  idx_cols=0  ~128 bytes
      K9      rows=2  idx_cols=0  ~32 bytes
      K10     rows=8  idx_cols=0  ~128 bytes
      K11     rows=4  idx_cols=0  ~64 bytes
      K12     rows=8  idx_cols=0  ~128 bytes
      K13     rows=8  idx_cols=0  ~128 bytes
      K14     rows=8  idx_cols=0  ~128 bytes
      K15     rows=4  idx_cols=0  ~64 bytes
      K16     rows=4  idx_cols=0  ~64 bytes
      K17     rows=2  idx_cols=0  ~32 bytes
      K18     rows=16  idx_cols=0  ~256 bytes
      K19     rows=2  idx_cols=0  ~32 bytes
      K20     rows=2  idx_cols=0  ~32 bytes
      K21     rows=4  idx_cols=0  ~64 bytes
      K22     rows=8  idx_cols=0  ~128 bytes
      K23     rows=4  idx_cols=0  ~64 bytes
      K24     rows=8  idx_cols=0  ~128 bytes
      K25     rows=16  idx_cols=0  ~256 bytes
      K26     rows=8  idx_cols=0  ~128 bytes
      K27     rows=2  idx_cols=0  ~32 bytes
      K28     rows=16  idx_cols=0  ~256 bytes
      K29     rows=2  idx_cols=0  ~32 bytes
      K30     rows=8  idx_cols=0  ~128 bytes
      K31     rows=8  idx_cols=0  ~128 bytes
      K32     rows=2  idx_cols=0  ~32 bytes
      K33     rows=16  idx_cols=0  ~256 bytes
      K34     rows=2  idx_cols=0  ~32 bytes
      K35     rows=4  idx_cols=0  ~64 bytes
      K36     rows=32  idx_cols=0  ~512 bytes
      K37     rows=4  idx_cols=0  ~64 bytes
      K38     rows=16  idx_cols=0  ~256 bytes
      K39     rows=16  idx_cols=0  ~256 bytes
      K40     rows=32  idx_cols=0  ~512 bytes
      K41     rows=32  idx_cols=0  ~512 bytes
      K42     rows=8  idx_cols=0  ~128 bytes
      K43     rows=32  idx_cols=0  ~512 bytes
      K44     rows=16  idx_cols=0  ~256 bytes
      K45     rows=16  idx_cols=0  ~256 bytes
      K46     rows=8  idx_cols=0  ~128 bytes
      K47     rows=8  idx_cols=0  ~128 bytes
      K48     rows=8  idx_cols=0  ~128 bytes
      K49     rows=8  idx_cols=0  ~128 bytes
      K50     rows=8  idx_cols=0  ~128 bytes
      K51     rows=8  idx_cols=0  ~128 bytes
      K52     rows=4  idx_cols=0  ~64 bytes
      K53     rows=32  idx_cols=0  ~512 bytes
      K54     rows=64  idx_cols=0  ~1024 bytes
      K55     rows=64  idx_cols=0  ~1024 bytes
      K56     rows=16  idx_cols=0  ~256 bytes
      K57     rows=32  idx_cols=0  ~512 bytes
      K58     rows=8  idx_cols=0  ~128 bytes
      K59     rows=128  idx_cols=0  ~2048 bytes
      K60     rows=16  idx_cols=0  ~256 bytes
      K61     rows=32  idx_cols=0  ~512 bytes
      K62     rows=64  idx_cols=0  ~1024 bytes
      K63     rows=256  idx_cols=0  ~4096 bytes
      K64     rows=16  idx_cols=0  ~256 bytes
      K65     rows=64  idx_cols=0  ~1024 bytes
      K66     rows=32  idx_cols=0  ~512 bytes
      K67     rows=256  idx_cols=0  ~4096 bytes
      K68     rows=512  idx_cols=0  ~8192 bytes
      K69     rows=512  idx_cols=0  ~8192 bytes
      K70     rows=1024  idx_cols=0  ~16384 bytes
      K71     rows=1024  idx_cols=0  ~16384 bytes
      K72     rows=1024  idx_cols=0  ~16384 bytes

  [Aer] 00ef46d5f22d8c19e0e884391483426ac59050122810315a89a7d069cdb7dfc0  (14 qubits, depth 20)
    [+] statevector                [multi ]  wall=0.0240s  rss=208,864KB  vsz=6,512MB  Δmaj=0
    [+] statevector                [single]  wall=0.0144s  rss=208,864KB  vsz=6,512MB  Δmaj=0
    [+] stabilizer                 [multi ]  wall=0.0049s  rss=208,864KB  vsz=6,512MB  Δmaj=0
    [+] stabilizer                 [single]  wall=0.0074s  rss=208,864KB  vsz=6,512MB  Δmaj=0
    [+] density_matrix             [multi ]  wall=21.7445s  rss=209,524KB  vsz=6,512MB  Δmaj=0
    [+] density_matrix             [single]  wall=234.1965s  rss=209,524KB  vsz=6,512MB  Δmaj=0
    [+] matrix_product_state       [multi ]  wall=0.2304s  rss=248,704KB  vsz=6,864MB  Δmaj=0
    [+] matrix_product_state       [single]  wall=0.7729s  rss=246,800KB  vsz=6,864MB  Δmaj=0
    [+] extended_stabilizer        [multi ]  wall=0.0045s  rss=246,800KB  vsz=6,864MB  Δmaj=0
    [+] extended_stabilizer        [single]  wall=0.0042s  rss=246,800KB  vsz=6,864MB  Δmaj=0
    [+] unitary                    [multi ]  wall=5.7640s  rss=4,441,020KB  vsz=10,960MB  Δmaj=0
    [+] unitary                    [single]  wall=61.2596s  rss=4,441,192KB  vsz=10,960MB  Δmaj=0
    [+] automatic                  [multi ]  wall=0.1760s  rss=246,892KB  vsz=6,864MB  Δmaj=0
    [+] automatic                  [single]  wall=0.0072s  rss=246,892KB  vsz=6,864MB  Δmaj=0
