
  [SQLite] 00ef714d919f3353835832e35bfdc45992d9acd7c9847253227777f07554b6f6
    total CTEs  : 29  (tensor CTEs: 7, contraction CTEs: 22)
    SQL length  : 7,568 chars
    Counting rows per K_i CTE (22 contraction CTEs)...
      K1      rows=4  idx_cols=0  ~64 bytes
      K2      rows=2  idx_cols=0  ~32 bytes
      K3      rows=2  idx_cols=0  ~32 bytes
      K4      rows=2  idx_cols=0  ~32 bytes
      K5      rows=2  idx_cols=0  ~32 bytes
      K6      rows=4  idx_cols=0  ~64 bytes
      K7      rows=4  idx_cols=0  ~64 bytes
      K8      rows=4  idx_cols=0  ~64 bytes
      K9      rows=4  idx_cols=0  ~64 bytes
      K10     rows=2  idx_cols=0  ~32 bytes
      K11     rows=4  idx_cols=0  ~64 bytes
      K12     rows=4  idx_cols=0  ~64 bytes
      K13     rows=4  idx_cols=0  ~64 bytes
      K14     rows=4  idx_cols=0  ~64 bytes
      K15     rows=8  idx_cols=0  ~128 bytes
      K16     rows=8  idx_cols=0  ~128 bytes
      K17     rows=16  idx_cols=0  ~256 bytes
      K18     rows=16  idx_cols=0  ~256 bytes
      K19     rows=16  idx_cols=0  ~256 bytes
      K20     rows=8  idx_cols=0  ~128 bytes
      K21     rows=32  idx_cols=0  ~512 bytes
      K22     rows=32  idx_cols=0  ~512 bytes

  [Aer] 00ef714d919f3353835832e35bfdc45992d9acd7c9847253227777f07554b6f6  (5 qubits, depth 8)
    [+] statevector                [multi ]  wall=0.0025s  rss=199,708KB  vsz=5,009MB  Δmaj=0
    [+] statevector                [single]  wall=0.0024s  rss=199,708KB  vsz=5,009MB  Δmaj=0
    [-] stabilizer                 [multi ]  wall=0.0031s  rss=199,708KB  vsz=5,009MB  Δmaj=0
    [-] stabilizer                 [single]  wall=0.0010s  rss=199,708KB  vsz=5,009MB  Δmaj=0
    [+] density_matrix             [multi ]  wall=0.0018s  rss=199,708KB  vsz=5,009MB  Δmaj=0
    [+] density_matrix             [single]  wall=0.0025s  rss=200,456KB  vsz=5,009MB  Δmaj=0
    [+] matrix_product_state       [multi ]  wall=0.0255s  rss=200,456KB  vsz=5,777MB  Δmaj=0
    [+] matrix_product_state       [single]  wall=0.0205s  rss=200,456KB  vsz=5,777MB  Δmaj=0
    [-] extended_stabilizer        [multi ]  wall=0.0016s  rss=200,456KB  vsz=5,777MB  Δmaj=0
    [-] extended_stabilizer        [single]  wall=0.0016s  rss=200,456KB  vsz=5,777MB  Δmaj=0
    [+] unitary                    [multi ]  wall=0.0488s  rss=200,456KB  vsz=5,777MB  Δmaj=0
    [+] unitary                    [single]  wall=0.0016s  rss=200,456KB  vsz=5,777MB  Δmaj=0
    [+] automatic                  [multi ]  wall=0.0022s  rss=200,456KB  vsz=5,777MB  Δmaj=0
    [+] automatic                  [single]  wall=0.0034s  rss=200,456KB  vsz=5,777MB  Δmaj=0
