
  [SQLite] 00f0fe2fb30ad5cc450dac08b509cb8d4bfadbf3a7d8eab488d39c4be140d580
    total CTEs  : 110  (tensor CTEs: 6, contraction CTEs: 104)
    SQL length  : 32,963 chars
    Counting rows per K_i CTE (104 contraction CTEs)...
      K1      rows=8  idx_cols=0  ~128 bytes
      K2      rows=8  idx_cols=0  ~128 bytes
      K3      rows=16  idx_cols=0  ~256 bytes
      K4      rows=2  idx_cols=0  ~32 bytes
      K5      rows=8  idx_cols=0  ~128 bytes
      K6      rows=8  idx_cols=0  ~128 bytes
      K7      rows=8  idx_cols=0  ~128 bytes
      K8      rows=4  idx_cols=0  ~64 bytes
      K9      rows=8  idx_cols=0  ~128 bytes
      K10     rows=4  idx_cols=0  ~64 bytes
      K11     rows=8  idx_cols=0  ~128 bytes
      K12     rows=8  idx_cols=0  ~128 bytes
      K13     rows=8  idx_cols=0  ~128 bytes
      K14     rows=8  idx_cols=0  ~128 bytes
      K15     rows=16  idx_cols=0  ~256 bytes
      K16     rows=2  idx_cols=0  ~32 bytes
      K17     rows=8  idx_cols=0  ~128 bytes
      K18     rows=8  idx_cols=0  ~128 bytes
      K19     rows=8  idx_cols=0  ~128 bytes
      K20     rows=8  idx_cols=0  ~128 bytes
      K21     rows=8  idx_cols=0  ~128 bytes
      K22     rows=2  idx_cols=0  ~32 bytes
      K23     rows=4  idx_cols=0  ~64 bytes
      K24     rows=4  idx_cols=0  ~64 bytes
      K25     rows=8  idx_cols=0  ~128 bytes
      K26     rows=8  idx_cols=0  ~128 bytes
      K27     rows=4  idx_cols=0  ~64 bytes
      K28     rows=8  idx_cols=0  ~128 bytes
      K29     rows=8  idx_cols=0  ~128 bytes
      K30     rows=8  idx_cols=0  ~128 bytes
      K31     rows=4  idx_cols=0  ~64 bytes
      K32     rows=16  idx_cols=0  ~256 bytes
      K33     rows=8  idx_cols=0  ~128 bytes
      K34     rows=8  idx_cols=0  ~128 bytes
      K35     rows=16  idx_cols=0  ~256 bytes
      K36     rows=2  idx_cols=0  ~32 bytes
      K37     rows=8  idx_cols=0  ~128 bytes
      K38     rows=8  idx_cols=0  ~128 bytes
      K39     rows=2  idx_cols=0  ~32 bytes
      K40     rows=16  idx_cols=0  ~256 bytes
      K41     rows=8  idx_cols=0  ~128 bytes
      K42     rows=2  idx_cols=0  ~32 bytes
      K43     rows=16  idx_cols=0  ~256 bytes
      K44     rows=8  idx_cols=0  ~128 bytes
      K45     rows=4  idx_cols=0  ~64 bytes
      K46     rows=8  idx_cols=0  ~128 bytes
      K47     rows=16  idx_cols=0  ~256 bytes
      K48     rows=8  idx_cols=0  ~128 bytes
      K49     rows=4  idx_cols=0  ~64 bytes
      K50     rows=16  idx_cols=0  ~256 bytes
      K51     rows=8  idx_cols=0  ~128 bytes
      K52     rows=2  idx_cols=0  ~32 bytes
      K53     rows=8  idx_cols=0  ~128 bytes
      K54     rows=8  idx_cols=0  ~128 bytes
      K55     rows=8  idx_cols=0  ~128 bytes
      K56     rows=16  idx_cols=0  ~256 bytes
      K57     rows=8  idx_cols=0  ~128 bytes
      K58     rows=8  idx_cols=0  ~128 bytes
      K59     rows=4  idx_cols=0  ~64 bytes
      K60     rows=8  idx_cols=0  ~128 bytes
      K61     rows=8  idx_cols=0  ~128 bytes
      K62     rows=4  idx_cols=0  ~64 bytes
      K63     rows=8  idx_cols=0  ~128 bytes
      K64     rows=16  idx_cols=0  ~256 bytes
      K65     rows=8  idx_cols=0  ~128 bytes
      K66     rows=32  idx_cols=0  ~512 bytes
      K67     rows=16  idx_cols=0  ~256 bytes
      K68     rows=16  idx_cols=0  ~256 bytes
      K69     rows=16  idx_cols=0  ~256 bytes
      K70     rows=2  idx_cols=0  ~32 bytes
      K71     rows=32  idx_cols=0  ~512 bytes
      K72     rows=32  idx_cols=0  ~512 bytes
      K73     rows=64  idx_cols=0  ~1024 bytes
      K74     rows=32  idx_cols=0  ~512 bytes
      K75     rows=32  idx_cols=0  ~512 bytes
      K76     rows=64  idx_cols=0  ~1024 bytes
      K77     rows=64  idx_cols=0  ~1024 bytes
      K78     rows=16  idx_cols=0  ~256 bytes
      K79     rows=32  idx_cols=0  ~512 bytes
      K80     rows=16  idx_cols=0  ~256 bytes
      K81     rows=8  idx_cols=0  ~128 bytes
      K82     rows=128  idx_cols=0  ~2048 bytes
      K83     rows=64  idx_cols=0  ~1024 bytes
      K84     rows=32  idx_cols=0  ~512 bytes
      K85     rows=64  idx_cols=0  ~1024 bytes
      K86     rows=64  idx_cols=0  ~1024 bytes
      K87     rows=64  idx_cols=0  ~1024 bytes
      K88     rows=32  idx_cols=0  ~512 bytes
      K89     rows=256  idx_cols=0  ~4096 bytes
      K90     rows=512  idx_cols=0  ~8192 bytes
      K91     rows=512  idx_cols=0  ~8192 bytes
      K92     rows=256  idx_cols=0  ~4096 bytes
      K93     rows=128  idx_cols=0  ~2048 bytes
      K94     rows=256  idx_cols=0  ~4096 bytes
      K95     rows=128  idx_cols=0  ~2048 bytes
      K96     rows=256  idx_cols=0  ~4096 bytes
      K97     rows=1024  idx_cols=0  ~16384 bytes
      K98     rows=1024  idx_cols=0  ~16384 bytes
      K99     rows=1024  idx_cols=0  ~16384 bytes
      K100    rows=1024  idx_cols=0  ~16384 bytes
      K101    rows=1024  idx_cols=0  ~16384 bytes
      K102    rows=1024  idx_cols=0  ~16384 bytes
      K103    rows=4  idx_cols=0  ~64 bytes
      K104    rows=8  idx_cols=0  ~128 bytes

  [Aer] 00f0fe2fb30ad5cc450dac08b509cb8d4bfadbf3a7d8eab488d39c4be140d580  (13 qubits, depth 29)
    [+] statevector                [multi ]  wall=0.0093s  rss=217,064KB  vsz=6,520MB  Δmaj=0
    [+] statevector                [single]  wall=0.0106s  rss=217,064KB  vsz=6,520MB  Δmaj=0
    [-] stabilizer                 [multi ]  wall=0.0030s  rss=217,064KB  vsz=6,520MB  Δmaj=0
    [-] stabilizer                 [single]  wall=0.0027s  rss=217,064KB  vsz=6,520MB  Δmaj=0
    [+] density_matrix             [multi ]  wall=4.1572s  rss=214,584KB  vsz=6,520MB  Δmaj=21
    [+] density_matrix             [single]  wall=44.3268s  rss=214,584KB  vsz=6,520MB  Δmaj=0
    [+] matrix_product_state       [multi ]  wall=0.0602s  rss=214,584KB  vsz=6,968MB  Δmaj=0
    [+] matrix_product_state       [single]  wall=0.0658s  rss=214,584KB  vsz=6,968MB  Δmaj=0
    [-] extended_stabilizer        [multi ]  wall=0.0044s  rss=214,584KB  vsz=6,968MB  Δmaj=0
    [-] extended_stabilizer        [single]  wall=0.0027s  rss=214,584KB  vsz=6,968MB  Δmaj=0
    [+] unitary                    [multi ]  wall=1.3086s  rss=1,266,680KB  vsz=7,992MB  Δmaj=0
    [+] unitary                    [single]  wall=14.5377s  rss=1,266,508KB  vsz=7,992MB  Δmaj=0
    [+] automatic                  [multi ]  wall=0.0590s  rss=218,200KB  vsz=6,968MB  Δmaj=0
    [+] automatic                  [single]  wall=0.0089s  rss=218,200KB  vsz=6,968MB  Δmaj=0
