
  [SQLite] 00f8d59eee000223bf0530763bc8e4e2a8f3c37ed318e9906143918fe6aec287
    total CTEs  : 33  (tensor CTEs: 4, contraction CTEs: 29)
    SQL length  : 8,345 chars
    Counting rows per K_i CTE (29 contraction CTEs)...
      K1      rows=8  idx_cols=0  ~128 bytes
      K2      rows=8  idx_cols=0  ~128 bytes
      K3      rows=2  idx_cols=0  ~32 bytes
      K4      rows=4  idx_cols=0  ~64 bytes
      K5      rows=2  idx_cols=0  ~32 bytes
      K6      rows=2  idx_cols=0  ~32 bytes
      K7      rows=2  idx_cols=0  ~32 bytes
      K8      rows=4  idx_cols=0  ~64 bytes
      K9      rows=8  idx_cols=0  ~128 bytes
      K10     rows=4  idx_cols=0  ~64 bytes
      K11     rows=2  idx_cols=0  ~32 bytes
      K12     rows=2  idx_cols=0  ~32 bytes
      K13     rows=4  idx_cols=0  ~64 bytes
      K14     rows=4  idx_cols=0  ~64 bytes
      K15     rows=8  idx_cols=0  ~128 bytes
      K16     rows=4  idx_cols=0  ~64 bytes
      K17     rows=4  idx_cols=0  ~64 bytes
      K18     rows=16  idx_cols=0  ~256 bytes
      K19     rows=4  idx_cols=0  ~64 bytes
      K20     rows=8  idx_cols=0  ~128 bytes
      K21     rows=64  idx_cols=0  ~1024 bytes
      K22     rows=1  idx_cols=0  ~16 bytes
      K23     rows=1  idx_cols=0  ~16 bytes
      K24     rows=1  idx_cols=0  ~16 bytes
      K25     rows=1  idx_cols=0  ~16 bytes
      K26     rows=1  idx_cols=0  ~16 bytes
      K27     rows=1  idx_cols=0  ~16 bytes
      K28     rows=1  idx_cols=0  ~16 bytes
      K29     rows=1  idx_cols=0  ~16 bytes

  [Aer] 00f8d59eee000223bf0530763bc8e4e2a8f3c37ed318e9906143918fe6aec287  (15 qubits, depth 8)
    [+] statevector                [multi ]  wall=0.0039s  rss=199,368KB  vsz=5,009MB  Δmaj=0
    [+] statevector                [single]  wall=0.0060s  rss=199,368KB  vsz=5,009MB  Δmaj=0
    [+] stabilizer                 [multi ]  wall=0.0204s  rss=199,368KB  vsz=5,009MB  Δmaj=0
    [+] stabilizer                 [single]  wall=0.0075s  rss=199,368KB  vsz=5,009MB  Δmaj=0
    [+] density_matrix             [multi ]  wall=21.1440s  rss=198,972KB  vsz=6,503MB  Δmaj=21
    [+] density_matrix             [single]  wall=197.4832s  rss=198,972KB  vsz=6,503MB  Δmaj=0
    [+] matrix_product_state       [multi ]  wall=0.0030s  rss=198,972KB  vsz=6,535MB  Δmaj=0
    [+] matrix_product_state       [single]  wall=0.0133s  rss=198,972KB  vsz=6,535MB  Δmaj=0
    [+] extended_stabilizer        [multi ]  wall=0.0027s  rss=198,972KB  vsz=6,535MB  Δmaj=0
    [+] extended_stabilizer        [single]  wall=0.0027s  rss=198,972KB  vsz=6,535MB  Δmaj=0
    [+] unitary                    [multi ]  wall=5.7001s  rss=16,974,680KB  vsz=22,919MB  Δmaj=0
    [+] unitary                    [single]  wall=57.8733s  rss=16,974,952KB  vsz=22,919MB  Δmaj=0
    [+] automatic                  [multi ]  wall=0.3999s  rss=197,740KB  vsz=6,535MB  Δmaj=0
    [+] automatic                  [single]  wall=0.0068s  rss=197,740KB  vsz=6,535MB  Δmaj=0
