
  [SQLite] 00fdba0ca5ff9b2d09a56fb7bae713216052ecae3430289dd0ed013b2ccf2c44
    total CTEs  : 55  (tensor CTEs: 6, contraction CTEs: 49)
    SQL length  : 15,372 chars
    Counting rows per K_i CTE (49 contraction CTEs)...
      K1      rows=8  idx_cols=0  ~128 bytes
      K2      rows=16  idx_cols=0  ~256 bytes
      K3      rows=8  idx_cols=0  ~128 bytes
      K4      rows=8  idx_cols=0  ~128 bytes
      K5      rows=8  idx_cols=0  ~128 bytes
      K6      rows=16  idx_cols=0  ~256 bytes
      K7      rows=8  idx_cols=0  ~128 bytes
      K8      rows=2  idx_cols=0  ~32 bytes
      K9      rows=4  idx_cols=0  ~64 bytes
      K10     rows=8  idx_cols=0  ~128 bytes
      K11     rows=8  idx_cols=0  ~128 bytes
      K12     rows=8  idx_cols=0  ~128 bytes
      K13     rows=16  idx_cols=0  ~256 bytes
      K14     rows=8  idx_cols=0  ~128 bytes
      K15     rows=8  idx_cols=0  ~128 bytes
      K16     rows=8  idx_cols=0  ~128 bytes
      K17     rows=8  idx_cols=0  ~128 bytes
      K18     rows=8  idx_cols=0  ~128 bytes
      K19     rows=8  idx_cols=0  ~128 bytes
      K20     rows=4  idx_cols=0  ~64 bytes
      K21     rows=2  idx_cols=0  ~32 bytes
      K22     rows=16  idx_cols=0  ~256 bytes
      K23     rows=4  idx_cols=0  ~64 bytes
      K24     rows=2  idx_cols=0  ~32 bytes
      K25     rows=8  idx_cols=0  ~128 bytes
      K26     rows=16  idx_cols=0  ~256 bytes
      K27     rows=8  idx_cols=0  ~128 bytes
      K28     rows=16  idx_cols=0  ~256 bytes
      K29     rows=8  idx_cols=0  ~128 bytes
      K30     rows=8  idx_cols=0  ~128 bytes
      K31     rows=8  idx_cols=0  ~128 bytes
      K32     rows=8  idx_cols=0  ~128 bytes
      K33     rows=8  idx_cols=0  ~128 bytes
      K34     rows=16  idx_cols=0  ~256 bytes
      K35     rows=8  idx_cols=0  ~128 bytes
      K36     rows=8  idx_cols=0  ~128 bytes
      K37     rows=8  idx_cols=0  ~128 bytes
      K38     rows=8  idx_cols=0  ~128 bytes
      K39     rows=16  idx_cols=0  ~256 bytes
      K40     rows=16  idx_cols=0  ~256 bytes
      K41     rows=16  idx_cols=0  ~256 bytes
      K42     rows=16  idx_cols=0  ~256 bytes
      K43     rows=16  idx_cols=0  ~256 bytes
      K44     rows=16  idx_cols=0  ~256 bytes
      K45     rows=16  idx_cols=0  ~256 bytes
      K46     rows=16  idx_cols=0  ~256 bytes
      K47     rows=16  idx_cols=0  ~256 bytes
      K48     rows=16  idx_cols=0  ~256 bytes
      K49     rows=16  idx_cols=0  ~256 bytes

  [Aer] 00fdba0ca5ff9b2d09a56fb7bae713216052ecae3430289dd0ed013b2ccf2c44  (4 qubits, depth 28)
    [+] statevector                [multi ]  wall=0.0036s  rss=204,488KB  vsz=6,508MB  Δmaj=0
    [+] statevector                [single]  wall=0.0027s  rss=204,488KB  vsz=6,508MB  Δmaj=0
    [-] stabilizer                 [multi ]  wall=0.0014s  rss=204,488KB  vsz=6,508MB  Δmaj=0
    [-] stabilizer                 [single]  wall=0.0021s  rss=204,488KB  vsz=6,508MB  Δmaj=0
    [+] density_matrix             [multi ]  wall=0.0512s  rss=205,272KB  vsz=6,508MB  Δmaj=0
    [+] density_matrix             [single]  wall=0.0026s  rss=205,272KB  vsz=6,508MB  Δmaj=0
    [+] matrix_product_state       [multi ]  wall=0.0207s  rss=205,272KB  vsz=7,276MB  Δmaj=0
    [+] matrix_product_state       [single]  wall=0.0174s  rss=205,272KB  vsz=7,276MB  Δmaj=0
    [-] extended_stabilizer        [multi ]  wall=0.0022s  rss=205,272KB  vsz=7,276MB  Δmaj=0
    [-] extended_stabilizer        [single]  wall=0.0021s  rss=205,272KB  vsz=7,276MB  Δmaj=0
    [+] unitary                    [multi ]  wall=0.0026s  rss=205,272KB  vsz=7,276MB  Δmaj=0
    [+] unitary                    [single]  wall=0.0032s  rss=205,272KB  vsz=7,276MB  Δmaj=0
    [+] automatic                  [multi ]  wall=0.0113s  rss=205,272KB  vsz=7,277MB  Δmaj=0
    [+] automatic                  [single]  wall=0.0025s  rss=205,272KB  vsz=7,277MB  Δmaj=0
