
  [SQLite] 00fe6eeb68b9a8b205cdf11c874a07dee5bfdf37b864842b92de0b4f3a7b65c0
    total CTEs  : 66  (tensor CTEs: 6, contraction CTEs: 60)
    SQL length  : 19,253 chars
    Counting rows per K_i CTE (60 contraction CTEs)...
      K1      rows=8  idx_cols=0  ~128 bytes
      K2      rows=8  idx_cols=0  ~128 bytes
      K3      rows=16  idx_cols=0  ~256 bytes
      K4      rows=2  idx_cols=0  ~32 bytes
      K5      rows=4  idx_cols=0  ~64 bytes
      K6      rows=8  idx_cols=0  ~128 bytes
      K7      rows=8  idx_cols=0  ~128 bytes
      K8      rows=8  idx_cols=0  ~128 bytes
      K9      rows=4  idx_cols=0  ~64 bytes
      K10     rows=4  idx_cols=0  ~64 bytes
      K11     rows=8  idx_cols=0  ~128 bytes
      K12     rows=8  idx_cols=0  ~128 bytes
      K13     rows=8  idx_cols=0  ~128 bytes
      K14     rows=8  idx_cols=0  ~128 bytes
      K15     rows=8  idx_cols=0  ~128 bytes
      K16     rows=8  idx_cols=0  ~128 bytes
      K17     rows=16  idx_cols=0  ~256 bytes
      K18     rows=16  idx_cols=0  ~256 bytes
      K19     rows=8  idx_cols=0  ~128 bytes
      K20     rows=16  idx_cols=0  ~256 bytes
      K21     rows=16  idx_cols=0  ~256 bytes
      K22     rows=8  idx_cols=0  ~128 bytes
      K23     rows=8  idx_cols=0  ~128 bytes
      K24     rows=16  idx_cols=0  ~256 bytes
      K25     rows=16  idx_cols=0  ~256 bytes
      K26     rows=16  idx_cols=0  ~256 bytes
      K27     rows=8  idx_cols=0  ~128 bytes
      K28     rows=8  idx_cols=0  ~128 bytes
      K29     rows=8  idx_cols=0  ~128 bytes
      K30     rows=8  idx_cols=0  ~128 bytes
      K31     rows=8  idx_cols=0  ~128 bytes
      K32     rows=8  idx_cols=0  ~128 bytes
      K33     rows=4  idx_cols=0  ~64 bytes
      K34     rows=16  idx_cols=0  ~256 bytes
      K35     rows=8  idx_cols=0  ~128 bytes
      K36     rows=4  idx_cols=0  ~64 bytes
      K37     rows=8  idx_cols=0  ~128 bytes
      K38     rows=16  idx_cols=0  ~256 bytes
      K39     rows=8  idx_cols=0  ~128 bytes
      K40     rows=8  idx_cols=0  ~128 bytes
      K41     rows=16  idx_cols=0  ~256 bytes
      K42     rows=8  idx_cols=0  ~128 bytes
      K43     rows=8  idx_cols=0  ~128 bytes
      K44     rows=8  idx_cols=0  ~128 bytes
      K45     rows=16  idx_cols=0  ~256 bytes
      K46     rows=16  idx_cols=0  ~256 bytes
      K47     rows=8  idx_cols=0  ~128 bytes
      K48     rows=4  idx_cols=0  ~64 bytes
      K49     rows=16  idx_cols=0  ~256 bytes
      K50     rows=32  idx_cols=0  ~512 bytes
      K51     rows=16  idx_cols=0  ~256 bytes
      K52     rows=16  idx_cols=0  ~256 bytes
      K53     rows=16  idx_cols=0  ~256 bytes
      K54     rows=64  idx_cols=0  ~1024 bytes
      K55     rows=64  idx_cols=0  ~1024 bytes
      K56     rows=64  idx_cols=0  ~1024 bytes
      K57     rows=64  idx_cols=0  ~1024 bytes
      K58     rows=128  idx_cols=0  ~2048 bytes
      K59     rows=128  idx_cols=0  ~2048 bytes
      K60     rows=128  idx_cols=0  ~2048 bytes

  [Aer] 00fe6eeb68b9a8b205cdf11c874a07dee5bfdf37b864842b92de0b4f3a7b65c0  (7 qubits, depth 24)
    [+] statevector                [multi ]  wall=0.0054s  rss=207,432KB  vsz=6,511MB  Δmaj=0
    [+] statevector                [single]  wall=0.0044s  rss=207,432KB  vsz=6,511MB  Δmaj=0
    [-] stabilizer                 [multi ]  wall=0.0051s  rss=207,432KB  vsz=6,511MB  Δmaj=0
    [-] stabilizer                 [single]  wall=0.0025s  rss=207,432KB  vsz=6,511MB  Δmaj=0
    [+] density_matrix             [multi ]  wall=0.0104s  rss=208,192KB  vsz=6,511MB  Δmaj=0
    [+] density_matrix             [single]  wall=0.0137s  rss=208,192KB  vsz=6,511MB  Δmaj=0
    [+] matrix_product_state       [multi ]  wall=0.0397s  rss=208,192KB  vsz=7,055MB  Δmaj=0
    [+] matrix_product_state       [single]  wall=0.0279s  rss=208,456KB  vsz=7,055MB  Δmaj=0
    [-] extended_stabilizer        [multi ]  wall=0.0022s  rss=208,456KB  vsz=7,055MB  Δmaj=0
    [-] extended_stabilizer        [single]  wall=0.0021s  rss=208,456KB  vsz=7,055MB  Δmaj=0
    [+] unitary                    [multi ]  wall=0.0048s  rss=208,456KB  vsz=7,055MB  Δmaj=0
    [+] unitary                    [single]  wall=0.0133s  rss=209,252KB  vsz=7,055MB  Δmaj=0
    [+] automatic                  [multi ]  wall=0.0150s  rss=209,252KB  vsz=7,055MB  Δmaj=0
    [+] automatic                  [single]  wall=0.0067s  rss=209,252KB  vsz=7,055MB  Δmaj=0
