
  [SQLite] 00feaeb4ea5158016e28d4976d72f986db5890765873a684bb5ca1edaa68bcc4
    total CTEs  : 41  (tensor CTEs: 6, contraction CTEs: 35)
    SQL length  : 10,600 chars
    Counting rows per K_i CTE (35 contraction CTEs)...
      K1      rows=2  idx_cols=0  ~32 bytes
      K2      rows=2  idx_cols=0  ~32 bytes
      K3      rows=2  idx_cols=0  ~32 bytes
      K4      rows=2  idx_cols=0  ~32 bytes
      K5      rows=2  idx_cols=0  ~32 bytes
      K6      rows=2  idx_cols=0  ~32 bytes
      K7      rows=2  idx_cols=0  ~32 bytes
      K8      rows=8  idx_cols=0  ~128 bytes
      K9      rows=8  idx_cols=0  ~128 bytes
      K10     rows=2  idx_cols=0  ~32 bytes
      K11     rows=2  idx_cols=0  ~32 bytes
      K12     rows=4  idx_cols=0  ~64 bytes
      K13     rows=2  idx_cols=0  ~32 bytes
      K14     rows=2  idx_cols=0  ~32 bytes
      K15     rows=8  idx_cols=0  ~128 bytes
      K16     rows=16  idx_cols=0  ~256 bytes
      K17     rows=2  idx_cols=0  ~32 bytes
      K18     rows=2  idx_cols=0  ~32 bytes
      K19     rows=8  idx_cols=0  ~128 bytes
      K20     rows=2  idx_cols=0  ~32 bytes
      K21     rows=4  idx_cols=0  ~64 bytes
      K22     rows=4  idx_cols=0  ~64 bytes
      K23     rows=16  idx_cols=0  ~256 bytes
      K24     rows=2  idx_cols=0  ~32 bytes
      K25     rows=16  idx_cols=0  ~256 bytes
      K26     rows=2  idx_cols=0  ~32 bytes
      K27     rows=4  idx_cols=0  ~64 bytes
      K28     rows=8  idx_cols=0  ~128 bytes
      K29     rows=2  idx_cols=0  ~32 bytes
      K30     rows=8  idx_cols=0  ~128 bytes
      K31     rows=8  idx_cols=0  ~128 bytes
      K32     rows=2  idx_cols=0  ~32 bytes
      K33     rows=2  idx_cols=0  ~32 bytes
      K34     rows=8  idx_cols=0  ~128 bytes
      K35     rows=2  idx_cols=0  ~32 bytes

  [Aer] 00feaeb4ea5158016e28d4976d72f986db5890765873a684bb5ca1edaa68bcc4  (12 qubits, depth 22)
    [+] statevector                [multi ]  wall=0.0037s  rss=200,816KB  vsz=5,012MB  Δmaj=0
    [+] statevector                [single]  wall=0.0039s  rss=201,076KB  vsz=5,012MB  Δmaj=0
    [-] stabilizer                 [multi ]  wall=0.0012s  rss=201,076KB  vsz=5,012MB  Δmaj=0
    [-] stabilizer                 [single]  wall=0.0011s  rss=201,884KB  vsz=5,012MB  Δmaj=0
    [+] density_matrix             [multi ]  wall=0.3083s  rss=197,816KB  vsz=6,506MB  Δmaj=22
    [+] density_matrix             [single]  wall=2.5613s  rss=197,840KB  vsz=6,506MB  Δmaj=0
    [+] matrix_product_state       [multi ]  wall=0.0580s  rss=197,840KB  vsz=7,274MB  Δmaj=0
    [+] matrix_product_state       [single]  wall=0.0340s  rss=197,840KB  vsz=7,274MB  Δmaj=0
    [-] extended_stabilizer        [multi ]  wall=0.0011s  rss=197,840KB  vsz=7,274MB  Δmaj=0
    [-] extended_stabilizer        [single]  wall=0.0010s  rss=197,840KB  vsz=7,274MB  Δmaj=0
    [+] unitary                    [multi ]  wall=0.1300s  rss=457,748KB  vsz=7,530MB  Δmaj=0
    [+] unitary                    [single]  wall=1.1526s  rss=457,956KB  vsz=7,530MB  Δmaj=0
    [+] automatic                  [multi ]  wall=0.0218s  rss=196,080KB  vsz=7,274MB  Δmaj=0
    [+] automatic                  [single]  wall=0.0033s  rss=196,080KB  vsz=7,274MB  Δmaj=0
