
  [SQLite] 00fe1a12e354036ecd34d0a97f1946ec1272dfe90a20773a3ad4207dd4910679
    total CTEs  : 16  (tensor CTEs: 5, contraction CTEs: 11)
    SQL length  : 4,550 chars
    Counting rows per K_i CTE (11 contraction CTEs)...
      K1      rows=2  idx_cols=0  ~32 bytes
      K2      rows=4  idx_cols=0  ~64 bytes
      K3      rows=4  idx_cols=0  ~64 bytes
      K4      rows=2  idx_cols=0  ~32 bytes
      K5      rows=8  idx_cols=0  ~128 bytes
      K6      rows=8  idx_cols=0  ~128 bytes
      K7      rows=8  idx_cols=0  ~128 bytes
      K8      rows=8  idx_cols=0  ~128 bytes
      K9      rows=4  idx_cols=0  ~64 bytes
      K10     rows=16  idx_cols=0  ~256 bytes
      K11     rows=4  idx_cols=0  ~64 bytes

  [Aer] 00fe1a12e354036ecd34d0a97f1946ec1272dfe90a20773a3ad4207dd4910679  (2 qubits, depth 172)
    [+] statevector                [multi ]  wall=0.0105s  rss=200,120KB  vsz=5,009MB  Δmaj=0
    [+] statevector                [single]  wall=0.0114s  rss=200,432KB  vsz=5,009MB  Δmaj=0
    [-] stabilizer                 [multi ]  wall=0.0079s  rss=200,960KB  vsz=5,009MB  Δmaj=0
    [-] stabilizer                 [single]  wall=0.0078s  rss=200,960KB  vsz=5,009MB  Δmaj=0
    [+] density_matrix             [multi ]  wall=0.0098s  rss=200,960KB  vsz=5,009MB  Δmaj=0
    [+] density_matrix             [single]  wall=0.0118s  rss=200,960KB  vsz=5,009MB  Δmaj=0
    [+] matrix_product_state       [multi ]  wall=0.0149s  rss=200,960KB  vsz=5,777MB  Δmaj=0
    [+] matrix_product_state       [single]  wall=0.0189s  rss=200,960KB  vsz=5,777MB  Δmaj=0
    [-] extended_stabilizer        [multi ]  wall=0.0078s  rss=200,960KB  vsz=5,777MB  Δmaj=0
    [-] extended_stabilizer        [single]  wall=0.0078s  rss=200,960KB  vsz=5,777MB  Δmaj=0
    [+] unitary                    [multi ]  wall=0.0083s  rss=200,960KB  vsz=5,777MB  Δmaj=0
    [+] unitary                    [single]  wall=0.0082s  rss=200,960KB  vsz=5,777MB  Δmaj=0
    [+] automatic                  [multi ]  wall=0.0087s  rss=200,960KB  vsz=5,777MB  Δmaj=0
    [+] automatic                  [single]  wall=0.0118s  rss=200,960KB  vsz=5,777MB  Δmaj=0
