
  [SQLite] 00fe9f56c7b1224adf2367b79631d9500cce42514d3fceaad60845370241468f
    total CTEs  : 37  (tensor CTEs: 7, contraction CTEs: 30)
    SQL length  : 10,296 chars
    Counting rows per K_i CTE (30 contraction CTEs)...
      K1      rows=4  idx_cols=0  ~64 bytes
      K2      rows=2  idx_cols=0  ~32 bytes
      K3      rows=2  idx_cols=0  ~32 bytes
      K4      rows=4  idx_cols=0  ~64 bytes
      K5      rows=2  idx_cols=0  ~32 bytes
      K6      rows=2  idx_cols=0  ~32 bytes
      K7      rows=4  idx_cols=0  ~64 bytes
      K8      rows=4  idx_cols=0  ~64 bytes
      K9      rows=2  idx_cols=0  ~32 bytes
      K10     rows=8  idx_cols=0  ~128 bytes
      K11     rows=4  idx_cols=0  ~64 bytes
      K12     rows=2  idx_cols=0  ~32 bytes
      K13     rows=4  idx_cols=0  ~64 bytes
      K14     rows=4  idx_cols=0  ~64 bytes
      K15     rows=8  idx_cols=0  ~128 bytes
      K16     rows=8  idx_cols=0  ~128 bytes
      K17     rows=8  idx_cols=0  ~128 bytes
      K18     rows=4  idx_cols=0  ~64 bytes
      K19     rows=8  idx_cols=0  ~128 bytes
      K20     rows=4  idx_cols=0  ~64 bytes
      K21     rows=8  idx_cols=0  ~128 bytes
      K22     rows=8  idx_cols=0  ~128 bytes
      K23     rows=8  idx_cols=0  ~128 bytes
      K24     rows=4  idx_cols=0  ~64 bytes
      K25     rows=16  idx_cols=0  ~256 bytes
      K26     rows=8  idx_cols=0  ~128 bytes
      K27     rows=8  idx_cols=0  ~128 bytes
      K28     rows=8  idx_cols=0  ~128 bytes
      K29     rows=16  idx_cols=0  ~256 bytes
      K30     rows=32  idx_cols=0  ~512 bytes

  [Aer] 00fe9f56c7b1224adf2367b79631d9500cce42514d3fceaad60845370241468f  (7 qubits, depth 10)
    [+] statevector                [multi ]  wall=0.0037s  rss=199,988KB  vsz=5,010MB  Δmaj=0
    [+] statevector                [single]  wall=0.0030s  rss=199,988KB  vsz=5,010MB  Δmaj=0
    [-] stabilizer                 [multi ]  wall=0.0013s  rss=199,988KB  vsz=5,010MB  Δmaj=0
    [-] stabilizer                 [single]  wall=0.0013s  rss=199,988KB  vsz=5,010MB  Δmaj=0
    [+] density_matrix             [multi ]  wall=0.0159s  rss=200,744KB  vsz=5,010MB  Δmaj=0
    [+] density_matrix             [single]  wall=0.0112s  rss=200,744KB  vsz=5,010MB  Δmaj=0
    [+] matrix_product_state       [multi ]  wall=0.0534s  rss=200,744KB  vsz=5,682MB  Δmaj=0
    [+] matrix_product_state       [single]  wall=0.0274s  rss=200,744KB  vsz=5,682MB  Δmaj=0
    [-] extended_stabilizer        [multi ]  wall=0.0019s  rss=200,744KB  vsz=5,682MB  Δmaj=0
    [-] extended_stabilizer        [single]  wall=0.0019s  rss=200,744KB  vsz=5,682MB  Δmaj=0
    [+] unitary                    [multi ]  wall=0.0031s  rss=201,256KB  vsz=5,682MB  Δmaj=0
    [+] unitary                    [single]  wall=0.0080s  rss=201,688KB  vsz=5,682MB  Δmaj=0
    [+] automatic                  [multi ]  wall=0.0156s  rss=201,688KB  vsz=5,682MB  Δmaj=0
    [+] automatic                  [single]  wall=0.0057s  rss=201,688KB  vsz=5,683MB  Δmaj=0
