
  [SQLite] 010c503261a2df2bbb1a3e08146f314fa9bf79b97cb05a52885eda911e13aea1
    total CTEs  : 16  (tensor CTEs: 2, contraction CTEs: 14)
    SQL length  : 3,589 chars
    Counting rows per K_i CTE (14 contraction CTEs)...
      K1      rows=2  idx_cols=0  ~32 bytes
      K2      rows=1  idx_cols=0  ~16 bytes
      K3      rows=1  idx_cols=0  ~16 bytes
      K4      rows=1  idx_cols=0  ~16 bytes
      K5      rows=1  idx_cols=0  ~16 bytes
      K6      rows=1  idx_cols=0  ~16 bytes
      K7      rows=1  idx_cols=0  ~16 bytes
      K8      rows=1  idx_cols=0  ~16 bytes
      K9      rows=2  idx_cols=0  ~32 bytes
      K10     rows=1  idx_cols=0  ~16 bytes
      K11     rows=1  idx_cols=0  ~16 bytes
      K12     rows=1  idx_cols=0  ~16 bytes
      K13     rows=2  idx_cols=0  ~32 bytes
      K14     rows=1  idx_cols=0  ~16 bytes

  [Aer] 010c503261a2df2bbb1a3e08146f314fa9bf79b97cb05a52885eda911e13aea1  (15 qubits, depth 3)
    [+] statevector                [multi ]  wall=0.0034s  rss=197,484KB  vsz=5,008MB  Δmaj=0
    [+] statevector                [single]  wall=0.0104s  rss=197,484KB  vsz=5,008MB  Δmaj=0
    [+] stabilizer                 [multi ]  wall=0.0054s  rss=197,484KB  vsz=5,008MB  Δmaj=0
    [+] stabilizer                 [single]  wall=0.0075s  rss=197,484KB  vsz=5,008MB  Δmaj=0
    [+] density_matrix             [multi ]  wall=12.4418s  rss=197,564KB  vsz=6,502MB  Δmaj=14
    [+] density_matrix             [single]  wall=133.5758s  rss=197,564KB  vsz=6,503MB  Δmaj=0
    [+] matrix_product_state       [multi ]  wall=0.0031s  rss=198,876KB  vsz=6,503MB  Δmaj=0
    [+] matrix_product_state       [single]  wall=0.0132s  rss=198,876KB  vsz=6,503MB  Δmaj=0
    [+] extended_stabilizer        [multi ]  wall=0.0026s  rss=198,876KB  vsz=6,503MB  Δmaj=0
    [+] extended_stabilizer        [single]  wall=0.0026s  rss=198,876KB  vsz=6,503MB  Δmaj=0
    [+] unitary                    [multi ]  wall=4.7970s  rss=16,973,168KB  vsz=22,887MB  Δmaj=0
    [+] unitary                    [single]  wall=41.5900s  rss=16,973,316KB  vsz=22,887MB  Δmaj=0
    [+] automatic                  [multi ]  wall=0.4017s  rss=196,104KB  vsz=6,503MB  Δmaj=0
    [+] automatic                  [single]  wall=0.0076s  rss=196,104KB  vsz=6,503MB  Δmaj=0
