
  [SQLite] 0125ca45f129b8d6e99fbb118aa7434f1bdb35d8ba4b862215c8e00be5d424d8
    total CTEs  : 53  (tensor CTEs: 6, contraction CTEs: 47)
    SQL length  : 14,649 chars
    Counting rows per K_i CTE (47 contraction CTEs)...
      K1      rows=2  idx_cols=0  ~32 bytes
      K2      rows=2  idx_cols=0  ~32 bytes
      K3      rows=2  idx_cols=0  ~32 bytes
      K4      rows=8  idx_cols=0  ~128 bytes
      K5      rows=8  idx_cols=0  ~128 bytes
      K6      rows=8  idx_cols=0  ~128 bytes
      K7      rows=2  idx_cols=0  ~32 bytes
      K8      rows=4  idx_cols=0  ~64 bytes
      K9      rows=16  idx_cols=0  ~256 bytes
      K10     rows=2  idx_cols=0  ~32 bytes
      K11     rows=4  idx_cols=0  ~64 bytes
      K12     rows=2  idx_cols=0  ~32 bytes
      K13     rows=8  idx_cols=0  ~128 bytes
      K14     rows=2  idx_cols=0  ~32 bytes
      K15     rows=8  idx_cols=0  ~128 bytes
      K16     rows=8  idx_cols=0  ~128 bytes
      K17     rows=4  idx_cols=0  ~64 bytes
      K18     rows=16  idx_cols=0  ~256 bytes
      K19     rows=8  idx_cols=0  ~128 bytes
      K20     rows=8  idx_cols=0  ~128 bytes
      K21     rows=2  idx_cols=0  ~32 bytes
      K22     rows=2  idx_cols=0  ~32 bytes
      K23     rows=8  idx_cols=0  ~128 bytes
      K24     rows=4  idx_cols=0  ~64 bytes
      K25     rows=8  idx_cols=0  ~128 bytes
      K26     rows=16  idx_cols=0  ~256 bytes
      K27     rows=8  idx_cols=0  ~128 bytes
      K28     rows=4  idx_cols=0  ~64 bytes
      K29     rows=2  idx_cols=0  ~32 bytes
      K30     rows=2  idx_cols=0  ~32 bytes
      K31     rows=8  idx_cols=0  ~128 bytes
      K32     rows=8  idx_cols=0  ~128 bytes
      K33     rows=2  idx_cols=0  ~32 bytes
      K34     rows=8  idx_cols=0  ~128 bytes
      K35     rows=8  idx_cols=0  ~128 bytes
      K36     rows=2  idx_cols=0  ~32 bytes
      K37     rows=8  idx_cols=0  ~128 bytes
      K38     rows=4  idx_cols=0  ~64 bytes
      K39     rows=8  idx_cols=0  ~128 bytes
      K40     rows=8  idx_cols=0  ~128 bytes
      K41     rows=8  idx_cols=0  ~128 bytes
      K42     rows=16  idx_cols=0  ~256 bytes
      K43     rows=16  idx_cols=0  ~256 bytes
      K44     rows=16  idx_cols=0  ~256 bytes
      K45     rows=16  idx_cols=0  ~256 bytes
      K46     rows=64  idx_cols=0  ~1024 bytes
      K47     rows=64  idx_cols=0  ~1024 bytes

  [Aer] 0125ca45f129b8d6e99fbb118aa7434f1bdb35d8ba4b862215c8e00be5d424d8  (10 qubits, depth 13)
    [+] statevector                [multi ]  wall=0.0037s  rss=202,016KB  vsz=5,012MB  Δmaj=0
    [+] statevector                [single]  wall=0.0039s  rss=202,016KB  vsz=5,012MB  Δmaj=0
    [-] stabilizer                 [multi ]  wall=0.0015s  rss=202,276KB  vsz=5,012MB  Δmaj=0
    [-] stabilizer                 [single]  wall=0.0013s  rss=202,276KB  vsz=5,012MB  Δmaj=0
    [+] density_matrix             [multi ]  wall=0.0401s  rss=199,416KB  vsz=5,012MB  Δmaj=0
    [+] density_matrix             [single]  wall=0.1905s  rss=213,220KB  vsz=6,506MB  Δmaj=0
    [+] matrix_product_state       [multi ]  wall=0.0499s  rss=213,220KB  vsz=7,274MB  Δmaj=0
    [+] matrix_product_state       [single]  wall=0.0322s  rss=213,220KB  vsz=7,274MB  Δmaj=0
    [-] extended_stabilizer        [multi ]  wall=0.0012s  rss=213,220KB  vsz=7,274MB  Δmaj=0
    [-] extended_stabilizer        [single]  wall=0.0013s  rss=213,220KB  vsz=7,274MB  Δmaj=0
    [+] unitary                    [multi ]  wall=0.0110s  rss=213,484KB  vsz=7,274MB  Δmaj=0
    [+] unitary                    [single]  wall=0.0578s  rss=230,588KB  vsz=7,274MB  Δmaj=0
    [+] automatic                  [multi ]  wall=0.0030s  rss=230,588KB  vsz=7,274MB  Δmaj=0
    [+] automatic                  [single]  wall=0.0060s  rss=230,588KB  vsz=7,274MB  Δmaj=0
