
  [SQLite] 01263d765a198bbe341b92fe306ccd088a91be3347ee2b6e0a21c853a308dcda
    total CTEs  : 73  (tensor CTEs: 9, contraction CTEs: 64)
    SQL length  : 20,405 chars
    Counting rows per K_i CTE (64 contraction CTEs)...
      K1      rows=8  idx_cols=0  ~128 bytes
      K2      rows=4  idx_cols=0  ~64 bytes
      K3      rows=8  idx_cols=0  ~128 bytes
      K4      rows=4  idx_cols=0  ~64 bytes
      K5      rows=4  idx_cols=0  ~64 bytes
      K6      rows=4  idx_cols=0  ~64 bytes
      K7      rows=2  idx_cols=0  ~32 bytes
      K8      rows=4  idx_cols=0  ~64 bytes
      K9      rows=4  idx_cols=0  ~64 bytes
      K10     rows=16  idx_cols=0  ~256 bytes
      K11     rows=4  idx_cols=0  ~64 bytes
      K12     rows=4  idx_cols=0  ~64 bytes
      K13     rows=8  idx_cols=0  ~128 bytes
      K14     rows=2  idx_cols=0  ~32 bytes
      K15     rows=4  idx_cols=0  ~64 bytes
      K16     rows=4  idx_cols=0  ~64 bytes
      K17     rows=4  idx_cols=0  ~64 bytes
      K18     rows=2  idx_cols=0  ~32 bytes
      K19     rows=4  idx_cols=0  ~64 bytes
      K20     rows=4  idx_cols=0  ~64 bytes
      K21     rows=4  idx_cols=0  ~64 bytes
      K22     rows=4  idx_cols=0  ~64 bytes
      K23     rows=8  idx_cols=0  ~128 bytes
      K24     rows=4  idx_cols=0  ~64 bytes
      K25     rows=4  idx_cols=0  ~64 bytes
      K26     rows=4  idx_cols=0  ~64 bytes
      K27     rows=4  idx_cols=0  ~64 bytes
      K28     rows=4  idx_cols=0  ~64 bytes
      K29     rows=4  idx_cols=0  ~64 bytes
      K30     rows=4  idx_cols=0  ~64 bytes
      K31     rows=4  idx_cols=0  ~64 bytes
      K32     rows=2  idx_cols=0  ~32 bytes
      K33     rows=8  idx_cols=0  ~128 bytes
      K34     rows=4  idx_cols=0  ~64 bytes
      K35     rows=8  idx_cols=0  ~128 bytes
      K36     rows=4  idx_cols=0  ~64 bytes
      K37     rows=8  idx_cols=0  ~128 bytes
      K38     rows=8  idx_cols=0  ~128 bytes
      K39     rows=4  idx_cols=0  ~64 bytes
      K40     rows=8  idx_cols=0  ~128 bytes
      K41     rows=8  idx_cols=0  ~128 bytes
      K42     rows=2  idx_cols=0  ~32 bytes
      K43     rows=16  idx_cols=0  ~256 bytes
      K44     rows=4  idx_cols=0  ~64 bytes
      K45     rows=8  idx_cols=0  ~128 bytes
      K46     rows=4  idx_cols=0  ~64 bytes
      K47     rows=8  idx_cols=0  ~128 bytes
      K48     rows=16  idx_cols=0  ~256 bytes
      K49     rows=4  idx_cols=0  ~64 bytes
      K50     rows=8  idx_cols=0  ~128 bytes
      K51     rows=16  idx_cols=0  ~256 bytes
      K52     rows=16  idx_cols=0  ~256 bytes
      K53     rows=16  idx_cols=0  ~256 bytes
      K54     rows=8  idx_cols=0  ~128 bytes
      K55     rows=8  idx_cols=0  ~128 bytes
      K56     rows=8  idx_cols=0  ~128 bytes
      K57     rows=8  idx_cols=0  ~128 bytes
      K58     rows=16  idx_cols=0  ~256 bytes
      K59     rows=16  idx_cols=0  ~256 bytes
      K60     rows=32  idx_cols=0  ~512 bytes
      K61     rows=64  idx_cols=0  ~1024 bytes
      K62     rows=64  idx_cols=0  ~1024 bytes
      K63     rows=64  idx_cols=0  ~1024 bytes
      K64     rows=64  idx_cols=0  ~1024 bytes

  [Aer] 01263d765a198bbe341b92fe306ccd088a91be3347ee2b6e0a21c853a308dcda  (6 qubits, depth 33)
    [+] statevector                [multi ]  wall=0.0040s  rss=204,140KB  vsz=6,507MB  Δmaj=0
    [+] statevector                [single]  wall=0.0030s  rss=204,140KB  vsz=6,507MB  Δmaj=0
    [-] stabilizer                 [multi ]  wall=0.0016s  rss=204,140KB  vsz=6,507MB  Δmaj=0
    [-] stabilizer                 [single]  wall=0.0014s  rss=204,140KB  vsz=6,507MB  Δmaj=0
    [+] density_matrix             [multi ]  wall=0.0501s  rss=204,912KB  vsz=6,507MB  Δmaj=0
    [+] density_matrix             [single]  wall=0.0040s  rss=204,912KB  vsz=6,507MB  Δmaj=0
    [+] matrix_product_state       [multi ]  wall=0.0285s  rss=204,912KB  vsz=7,019MB  Δmaj=0
    [+] matrix_product_state       [single]  wall=0.0260s  rss=204,912KB  vsz=7,019MB  Δmaj=0
    [-] extended_stabilizer        [multi ]  wall=0.0013s  rss=204,912KB  vsz=7,019MB  Δmaj=0
    [-] extended_stabilizer        [single]  wall=0.0016s  rss=204,912KB  vsz=7,019MB  Δmaj=0
    [+] unitary                    [multi ]  wall=0.2408s  rss=204,912KB  vsz=7,019MB  Δmaj=0
    [+] unitary                    [single]  wall=0.0023s  rss=204,912KB  vsz=7,019MB  Δmaj=0
    [+] automatic                  [multi ]  wall=0.0020s  rss=204,912KB  vsz=7,019MB  Δmaj=0
    [+] automatic                  [single]  wall=0.0030s  rss=204,912KB  vsz=7,020MB  Δmaj=0
