
  [SQLite] 0134df7b8ca72145731d4fccca722f706aeca415b5c1fec402181619927408e2
    total CTEs  : 62  (tensor CTEs: 8, contraction CTEs: 54)
    SQL length  : 17,698 chars
    Counting rows per K_i CTE (54 contraction CTEs)...
      K1      rows=8  idx_cols=0  ~128 bytes
      K2      rows=8  idx_cols=0  ~128 bytes
      K3      rows=4  idx_cols=0  ~64 bytes
      K4      rows=8  idx_cols=0  ~128 bytes
      K5      rows=4  idx_cols=0  ~64 bytes
      K6      rows=16  idx_cols=0  ~256 bytes
      K7      rows=2  idx_cols=0  ~32 bytes
      K8      rows=8  idx_cols=0  ~128 bytes
      K9      rows=8  idx_cols=0  ~128 bytes
      K10     rows=8  idx_cols=0  ~128 bytes
      K11     rows=8  idx_cols=0  ~128 bytes
      K12     rows=4  idx_cols=0  ~64 bytes
      K13     rows=16  idx_cols=0  ~256 bytes
      K14     rows=2  idx_cols=0  ~32 bytes
      K15     rows=2  idx_cols=0  ~32 bytes
      K16     rows=16  idx_cols=0  ~256 bytes
      K17     rows=16  idx_cols=0  ~256 bytes
      K18     rows=8  idx_cols=0  ~128 bytes
      K19     rows=8  idx_cols=0  ~128 bytes
      K20     rows=4  idx_cols=0  ~64 bytes
      K21     rows=16  idx_cols=0  ~256 bytes
      K22     rows=8  idx_cols=0  ~128 bytes
      K23     rows=8  idx_cols=0  ~128 bytes
      K24     rows=4  idx_cols=0  ~64 bytes
      K25     rows=16  idx_cols=0  ~256 bytes
      K26     rows=8  idx_cols=0  ~128 bytes
      K27     rows=8  idx_cols=0  ~128 bytes
      K28     rows=16  idx_cols=0  ~256 bytes
      K29     rows=8  idx_cols=0  ~128 bytes
      K30     rows=4  idx_cols=0  ~64 bytes
      K31     rows=16  idx_cols=0  ~256 bytes
      K32     rows=4  idx_cols=0  ~64 bytes
      K33     rows=4  idx_cols=0  ~64 bytes
      K34     rows=8  idx_cols=0  ~128 bytes
      K35     rows=16  idx_cols=0  ~256 bytes
      K36     rows=16  idx_cols=0  ~256 bytes
      K37     rows=8  idx_cols=0  ~128 bytes
      K38     rows=8  idx_cols=0  ~128 bytes
      K39     rows=16  idx_cols=0  ~256 bytes
      K40     rows=16  idx_cols=0  ~256 bytes
      K41     rows=16  idx_cols=0  ~256 bytes
      K42     rows=32  idx_cols=0  ~512 bytes
      K43     rows=16  idx_cols=0  ~256 bytes
      K44     rows=16  idx_cols=0  ~256 bytes
      K45     rows=32  idx_cols=0  ~512 bytes
      K46     rows=32  idx_cols=0  ~512 bytes
      K47     rows=32  idx_cols=0  ~512 bytes
      K48     rows=8  idx_cols=0  ~128 bytes
      K49     rows=64  idx_cols=0  ~1024 bytes
      K50     rows=64  idx_cols=0  ~1024 bytes
      K51     rows=64  idx_cols=0  ~1024 bytes
      K52     rows=128  idx_cols=0  ~2048 bytes
      K53     rows=128  idx_cols=0  ~2048 bytes
      K54     rows=128  idx_cols=0  ~2048 bytes

  [Aer] 0134df7b8ca72145731d4fccca722f706aeca415b5c1fec402181619927408e2  (7 qubits, depth 20)
    [+] statevector                [multi ]  wall=0.0037s  rss=204,368KB  vsz=6,508MB  Δmaj=0
    [+] statevector                [single]  wall=0.0063s  rss=204,368KB  vsz=6,508MB  Δmaj=0
    [-] stabilizer                 [multi ]  wall=0.0039s  rss=204,368KB  vsz=6,508MB  Δmaj=0
    [-] stabilizer                 [single]  wall=0.0051s  rss=204,368KB  vsz=6,508MB  Δmaj=0
    [+] density_matrix             [multi ]  wall=0.0186s  rss=205,152KB  vsz=6,508MB  Δmaj=0
    [+] density_matrix             [single]  wall=0.0290s  rss=205,416KB  vsz=6,508MB  Δmaj=0
    [+] matrix_product_state       [multi ]  wall=0.0360s  rss=205,416KB  vsz=7,181MB  Δmaj=0
    [+] matrix_product_state       [single]  wall=0.0237s  rss=205,416KB  vsz=7,181MB  Δmaj=0
    [-] extended_stabilizer        [multi ]  wall=0.0015s  rss=205,416KB  vsz=7,181MB  Δmaj=0
    [-] extended_stabilizer        [single]  wall=0.0015s  rss=205,416KB  vsz=7,181MB  Δmaj=0
    [+] unitary                    [multi ]  wall=0.0024s  rss=205,416KB  vsz=7,181MB  Δmaj=0
    [+] unitary                    [single]  wall=0.0071s  rss=206,172KB  vsz=7,181MB  Δmaj=0
    [+] automatic                  [multi ]  wall=0.0037s  rss=206,172KB  vsz=7,181MB  Δmaj=0
    [+] automatic                  [single]  wall=0.0034s  rss=206,172KB  vsz=7,181MB  Δmaj=0
