
  [SQLite] 0146e4cb3ec638a092bc2ff052ceb1508662f8f8c19b13c53aae660f23c7b0fb
    total CTEs  : 25  (tensor CTEs: 4, contraction CTEs: 21)
    SQL length  : 5,901 chars
    Counting rows per K_i CTE (21 contraction CTEs)...
      K1      rows=2  idx_cols=0  ~32 bytes
      K2      rows=2  idx_cols=0  ~32 bytes
      K3      rows=2  idx_cols=0  ~32 bytes
      K4      rows=2  idx_cols=0  ~32 bytes
      K5      rows=2  idx_cols=0  ~32 bytes
      K6      rows=2  idx_cols=0  ~32 bytes
      K7      rows=2  idx_cols=0  ~32 bytes
      K8      rows=2  idx_cols=0  ~32 bytes
      K9      rows=2  idx_cols=0  ~32 bytes
      K10     rows=2  idx_cols=0  ~32 bytes
      K11     rows=4  idx_cols=0  ~64 bytes
      K12     rows=2  idx_cols=0  ~32 bytes
      K13     rows=2  idx_cols=0  ~32 bytes
      K14     rows=2  idx_cols=0  ~32 bytes
      K15     rows=2  idx_cols=0  ~32 bytes
      K16     rows=2  idx_cols=0  ~32 bytes
      K17     rows=2  idx_cols=0  ~32 bytes
      K18     rows=2  idx_cols=0  ~32 bytes
      K19     rows=4  idx_cols=0  ~64 bytes
      K20     rows=2  idx_cols=0  ~32 bytes
      K21     rows=4  idx_cols=0  ~64 bytes

  [Aer] 0146e4cb3ec638a092bc2ff052ceb1508662f8f8c19b13c53aae660f23c7b0fb  (11 qubits, depth 14)
    [+] statevector                [multi ]  wall=0.0037s  rss=198,776KB  vsz=5,009MB  Δmaj=0
    [+] statevector                [single]  wall=0.0037s  rss=198,776KB  vsz=5,009MB  Δmaj=0
    [+] stabilizer                 [multi ]  wall=0.0039s  rss=198,776KB  vsz=5,009MB  Δmaj=0
    [+] stabilizer                 [single]  wall=0.0053s  rss=198,776KB  vsz=5,009MB  Δmaj=0
    [+] density_matrix             [multi ]  wall=0.0529s  rss=197,420KB  vsz=5,009MB  Δmaj=12
    [+] density_matrix             [single]  wall=0.5408s  rss=196,592KB  vsz=6,503MB  Δmaj=0
    [+] matrix_product_state       [multi ]  wall=0.0543s  rss=196,592KB  vsz=6,983MB  Δmaj=0
    [+] matrix_product_state       [single]  wall=0.0297s  rss=196,592KB  vsz=6,983MB  Δmaj=0
    [+] extended_stabilizer        [multi ]  wall=0.0024s  rss=196,592KB  vsz=6,983MB  Δmaj=0
    [+] extended_stabilizer        [single]  wall=0.0024s  rss=196,592KB  vsz=6,983MB  Δmaj=0
    [+] unitary                    [multi ]  wall=0.0383s  rss=260,020KB  vsz=7,047MB  Δmaj=0
    [+] unitary                    [single]  wall=0.2336s  rss=260,536KB  vsz=7,047MB  Δmaj=0
    [+] automatic                  [multi ]  wall=0.0193s  rss=195,004KB  vsz=6,983MB  Δmaj=0
    [+] automatic                  [single]  wall=0.0053s  rss=195,004KB  vsz=6,983MB  Δmaj=0
