
  [SQLite] 01462679dd760fc6698642d6f6d994145e896a8d549139ba358c5a221b8c6e2a
    total CTEs  : 26  (tensor CTEs: 4, contraction CTEs: 22)
    SQL length  : 7,009 chars
    Counting rows per K_i CTE (22 contraction CTEs)...
      K1      rows=2  idx_cols=0  ~32 bytes
      K2      rows=2  idx_cols=0  ~32 bytes
      K3      rows=2  idx_cols=0  ~32 bytes
      K4      rows=2  idx_cols=0  ~32 bytes
      K5      rows=4  idx_cols=0  ~64 bytes
      K6      rows=8  idx_cols=0  ~128 bytes
      K7      rows=4  idx_cols=0  ~64 bytes
      K8      rows=4  idx_cols=0  ~64 bytes
      K9      rows=2  idx_cols=0  ~32 bytes
      K10     rows=4  idx_cols=0  ~64 bytes
      K11     rows=16  idx_cols=0  ~256 bytes
      K12     rows=8  idx_cols=0  ~128 bytes
      K13     rows=4  idx_cols=0  ~64 bytes
      K14     rows=8  idx_cols=0  ~128 bytes
      K15     rows=16  idx_cols=0  ~256 bytes
      K16     rows=8  idx_cols=0  ~128 bytes
      K17     rows=2  idx_cols=0  ~32 bytes
      K18     rows=16  idx_cols=0  ~256 bytes
      K19     rows=16  idx_cols=0  ~256 bytes
      K20     rows=8  idx_cols=0  ~128 bytes
      K21     rows=32  idx_cols=0  ~512 bytes
      K22     rows=32  idx_cols=0  ~512 bytes

  [Aer] 01462679dd760fc6698642d6f6d994145e896a8d549139ba358c5a221b8c6e2a  (6 qubits, depth 10)
    [+] statevector                [multi ]  wall=0.0035s  rss=198,524KB  vsz=5,010MB  Δmaj=0
    [+] statevector                [single]  wall=0.0025s  rss=198,524KB  vsz=5,010MB  Δmaj=0
    [-] stabilizer                 [multi ]  wall=0.0010s  rss=198,524KB  vsz=5,010MB  Δmaj=0
    [-] stabilizer                 [single]  wall=0.0009s  rss=198,524KB  vsz=5,010MB  Δmaj=0
    [+] density_matrix             [multi ]  wall=0.0061s  rss=198,784KB  vsz=5,010MB  Δmaj=0
    [+] density_matrix             [single]  wall=0.0031s  rss=198,784KB  vsz=5,010MB  Δmaj=0
    [+] matrix_product_state       [multi ]  wall=0.0279s  rss=199,684KB  vsz=5,778MB  Δmaj=0
    [+] matrix_product_state       [single]  wall=0.0213s  rss=199,684KB  vsz=5,778MB  Δmaj=0
    [-] extended_stabilizer        [multi ]  wall=0.0008s  rss=199,684KB  vsz=5,778MB  Δmaj=0
    [-] extended_stabilizer        [single]  wall=0.0008s  rss=199,684KB  vsz=5,778MB  Δmaj=0
    [+] unitary                    [multi ]  wall=0.0012s  rss=199,684KB  vsz=5,778MB  Δmaj=0
    [+] unitary                    [single]  wall=0.0014s  rss=199,684KB  vsz=5,778MB  Δmaj=0
    [+] automatic                  [multi ]  wall=0.0016s  rss=199,684KB  vsz=5,778MB  Δmaj=0
    [+] automatic                  [single]  wall=0.0025s  rss=199,684KB  vsz=5,778MB  Δmaj=0
