
  [SQLite] 01501b8722df50c519c543ff8e4dfbfb2524ef4f8c2a56018d6e08762f64dd45
    total CTEs  : 9  (tensor CTEs: 4, contraction CTEs: 5)
    SQL length  : 2,518 chars
    Counting rows per K_i CTE (5 contraction CTEs)...
      K1      rows=2  idx_cols=0  ~32 bytes
      K2      rows=2  idx_cols=0  ~32 bytes
      K3      rows=4  idx_cols=0  ~64 bytes
      K4      rows=4  idx_cols=0  ~64 bytes
      K5      rows=4  idx_cols=0  ~64 bytes

  [Aer] 01501b8722df50c519c543ff8e4dfbfb2524ef4f8c2a56018d6e08762f64dd45  (2 qubits, depth 5)
    [+] statevector                [multi ]  wall=0.0030s  rss=197,168KB  vsz=5,008MB  Δmaj=0
    [+] statevector                [single]  wall=0.0018s  rss=197,168KB  vsz=5,008MB  Δmaj=0
    [-] stabilizer                 [multi ]  wall=0.0008s  rss=197,168KB  vsz=5,008MB  Δmaj=0
    [-] stabilizer                 [single]  wall=0.0007s  rss=197,168KB  vsz=5,008MB  Δmaj=0
    [+] density_matrix             [multi ]  wall=0.0084s  rss=197,168KB  vsz=5,008MB  Δmaj=0
    [+] density_matrix             [single]  wall=0.0023s  rss=197,168KB  vsz=5,008MB  Δmaj=0
    [+] matrix_product_state       [multi ]  wall=0.0041s  rss=197,168KB  vsz=5,776MB  Δmaj=0
    [+] matrix_product_state       [single]  wall=0.0126s  rss=197,168KB  vsz=5,777MB  Δmaj=0
    [-] extended_stabilizer        [multi ]  wall=0.0010s  rss=197,168KB  vsz=5,777MB  Δmaj=0
    [-] extended_stabilizer        [single]  wall=0.0010s  rss=198,652KB  vsz=5,777MB  Δmaj=0
    [+] unitary                    [multi ]  wall=0.0010s  rss=198,652KB  vsz=5,777MB  Δmaj=0
    [+] unitary                    [single]  wall=0.0010s  rss=198,652KB  vsz=5,777MB  Δmaj=0
    [+] automatic                  [multi ]  wall=0.0104s  rss=198,652KB  vsz=5,777MB  Δmaj=0
    [+] automatic                  [single]  wall=0.0024s  rss=198,652KB  vsz=5,777MB  Δmaj=0
