
  [SQLite] 016f1c85ebe3f4b15c149a1d6bad300e68a6de6818b8beb6cbf025f73f7304dc
    total CTEs  : 24  (tensor CTEs: 3, contraction CTEs: 21)
    SQL length  : 6,177 chars
    Counting rows per K_i CTE (21 contraction CTEs)...
      K1      rows=2  idx_cols=0  ~32 bytes
      K2      rows=8  idx_cols=0  ~128 bytes
      K3      rows=2  idx_cols=0  ~32 bytes
      K4      rows=2  idx_cols=0  ~32 bytes
      K5      rows=2  idx_cols=0  ~32 bytes
      K6      rows=8  idx_cols=0  ~128 bytes
      K7      rows=8  idx_cols=0  ~128 bytes
      K8      rows=8  idx_cols=0  ~128 bytes
      K9      rows=2  idx_cols=0  ~32 bytes
      K10     rows=4  idx_cols=0  ~64 bytes
      K11     rows=4  idx_cols=0  ~64 bytes
      K12     rows=4  idx_cols=0  ~64 bytes
      K13     rows=16  idx_cols=0  ~256 bytes
      K14     rows=8  idx_cols=0  ~128 bytes
      K15     rows=8  idx_cols=0  ~128 bytes
      K16     rows=4  idx_cols=0  ~64 bytes
      K17     rows=8  idx_cols=0  ~128 bytes
      K18     rows=8  idx_cols=0  ~128 bytes
      K19     rows=16  idx_cols=0  ~256 bytes
      K20     rows=16  idx_cols=0  ~256 bytes
      K21     rows=16  idx_cols=0  ~256 bytes

  [Aer] 016f1c85ebe3f4b15c149a1d6bad300e68a6de6818b8beb6cbf025f73f7304dc  (6 qubits, depth 10)
    [+] statevector                [multi ]  wall=0.0033s  rss=199,720KB  vsz=5,009MB  Δmaj=0
    [+] statevector                [single]  wall=0.0045s  rss=199,980KB  vsz=5,009MB  Δmaj=0
    [+] stabilizer                 [multi ]  wall=0.0022s  rss=199,980KB  vsz=5,009MB  Δmaj=0
    [+] stabilizer                 [single]  wall=0.0031s  rss=199,980KB  vsz=5,009MB  Δmaj=0
    [+] density_matrix             [multi ]  wall=0.0261s  rss=199,980KB  vsz=5,009MB  Δmaj=0
    [+] density_matrix             [single]  wall=0.0032s  rss=199,980KB  vsz=5,009MB  Δmaj=0
    [+] matrix_product_state       [multi ]  wall=0.0277s  rss=200,656KB  vsz=5,553MB  Δmaj=0
    [+] matrix_product_state       [single]  wall=0.0206s  rss=200,656KB  vsz=5,553MB  Δmaj=0
    [+] extended_stabilizer        [multi ]  wall=0.0021s  rss=200,656KB  vsz=5,553MB  Δmaj=0
    [+] extended_stabilizer        [single]  wall=0.0021s  rss=200,656KB  vsz=5,553MB  Δmaj=0
    [+] unitary                    [multi ]  wall=0.0019s  rss=200,656KB  vsz=5,554MB  Δmaj=0
    [+] unitary                    [single]  wall=0.0058s  rss=200,656KB  vsz=5,554MB  Δmaj=0
    [+] automatic                  [multi ]  wall=0.0023s  rss=200,656KB  vsz=5,554MB  Δmaj=0
    [+] automatic                  [single]  wall=0.0031s  rss=200,656KB  vsz=5,554MB  Δmaj=0
