
  [SQLite] 0178f99f577d5daadf00d6e75094b02961e3ee1399e848b2913896f0a2f5e309
    total CTEs  : 55  (tensor CTEs: 5, contraction CTEs: 50)
    SQL length  : 15,225 chars
    Counting rows per K_i CTE (50 contraction CTEs)...
      K1      rows=2  idx_cols=0  ~32 bytes
      K2      rows=2  idx_cols=0  ~32 bytes
      K3      rows=2  idx_cols=0  ~32 bytes
      K4      rows=2  idx_cols=0  ~32 bytes
      K5      rows=2  idx_cols=0  ~32 bytes
      K6      rows=2  idx_cols=0  ~32 bytes
      K7      rows=8  idx_cols=0  ~128 bytes
      K8      rows=4  idx_cols=0  ~64 bytes
      K9      rows=2  idx_cols=0  ~32 bytes
      K10     rows=8  idx_cols=0  ~128 bytes
      K11     rows=8  idx_cols=0  ~128 bytes
      K12     rows=2  idx_cols=0  ~32 bytes
      K13     rows=8  idx_cols=0  ~128 bytes
      K14     rows=4  idx_cols=0  ~64 bytes
      K15     rows=8  idx_cols=0  ~128 bytes
      K16     rows=2  idx_cols=0  ~32 bytes
      K17     rows=8  idx_cols=0  ~128 bytes
      K18     rows=2  idx_cols=0  ~32 bytes
      K19     rows=2  idx_cols=0  ~32 bytes
      K20     rows=16  idx_cols=0  ~256 bytes
      K21     rows=4  idx_cols=0  ~64 bytes
      K22     rows=8  idx_cols=0  ~128 bytes
      K23     rows=4  idx_cols=0  ~64 bytes
      K24     rows=8  idx_cols=0  ~128 bytes
      K25     rows=16  idx_cols=0  ~256 bytes
      K26     rows=2  idx_cols=0  ~32 bytes
      K27     rows=8  idx_cols=0  ~128 bytes
      K28     rows=8  idx_cols=0  ~128 bytes
      K29     rows=16  idx_cols=0  ~256 bytes
      K30     rows=4  idx_cols=0  ~64 bytes
      K31     rows=4  idx_cols=0  ~64 bytes
      K32     rows=8  idx_cols=0  ~128 bytes
      K33     rows=8  idx_cols=0  ~128 bytes
      K34     rows=8  idx_cols=0  ~128 bytes
      K35     rows=8  idx_cols=0  ~128 bytes
      K36     rows=16  idx_cols=0  ~256 bytes
      K37     rows=64  idx_cols=0  ~1024 bytes
      K38     rows=8  idx_cols=0  ~128 bytes
      K39     rows=32  idx_cols=0  ~512 bytes
      K40     rows=32  idx_cols=0  ~512 bytes
      K41     rows=8  idx_cols=0  ~128 bytes
      K42     rows=8  idx_cols=0  ~128 bytes
      K43     rows=8  idx_cols=0  ~128 bytes
      K44     rows=128  idx_cols=0  ~2048 bytes
      K45     rows=256  idx_cols=0  ~4096 bytes
      K46     rows=1024  idx_cols=0  ~16384 bytes
      K47     rows=512  idx_cols=0  ~8192 bytes
      K48     rows=512  idx_cols=0  ~8192 bytes
      K49     rows=512  idx_cols=0  ~8192 bytes
      K50     rows=512  idx_cols=0  ~8192 bytes

  [Aer] 0178f99f577d5daadf00d6e75094b02961e3ee1399e848b2913896f0a2f5e309  (11 qubits, depth 13)
    [+] statevector                [multi ]  wall=0.0047s  rss=204,648KB  vsz=6,509MB  Δmaj=0
    [+] statevector                [single]  wall=0.0052s  rss=204,648KB  vsz=6,509MB  Δmaj=0
    [+] stabilizer                 [multi ]  wall=0.0166s  rss=204,648KB  vsz=6,509MB  Δmaj=0
    [+] stabilizer                 [single]  wall=0.0056s  rss=204,648KB  vsz=6,509MB  Δmaj=0
    [+] density_matrix             [multi ]  wall=0.2381s  rss=202,984KB  vsz=6,509MB  Δmaj=15
    [+] density_matrix             [single]  wall=2.3872s  rss=202,984KB  vsz=6,509MB  Δmaj=0
    [+] matrix_product_state       [multi ]  wall=0.0583s  rss=208,904KB  vsz=6,957MB  Δmaj=0
    [+] matrix_product_state       [single]  wall=0.0990s  rss=208,904KB  vsz=6,957MB  Δmaj=0
    [+] extended_stabilizer        [multi ]  wall=0.0034s  rss=208,904KB  vsz=6,957MB  Δmaj=0
    [+] extended_stabilizer        [single]  wall=0.0034s  rss=208,904KB  vsz=6,957MB  Δmaj=0
    [+] unitary                    [multi ]  wall=0.0596s  rss=272,780KB  vsz=7,021MB  Δmaj=0
    [+] unitary                    [single]  wall=0.6492s  rss=273,036KB  vsz=7,021MB  Δmaj=0
    [+] automatic                  [multi ]  wall=0.0082s  rss=207,504KB  vsz=6,957MB  Δmaj=0
    [+] automatic                  [single]  wall=0.0057s  rss=207,504KB  vsz=6,957MB  Δmaj=0
