
  [SQLite] 0179e7e54cc86cfeab7eabc67c78b1dd1fd9f614c717b062e0ff2b47697d1856
    total CTEs  : 28  (tensor CTEs: 7, contraction CTEs: 21)
    SQL length  : 7,616 chars
    Counting rows per K_i CTE (21 contraction CTEs)...
      K1      rows=2  idx_cols=0  ~32 bytes
      K2      rows=2  idx_cols=0  ~32 bytes
      K3      rows=4  idx_cols=0  ~64 bytes
      K4      rows=4  idx_cols=0  ~64 bytes
      K5      rows=4  idx_cols=0  ~64 bytes
      K6      rows=2  idx_cols=0  ~32 bytes
      K7      rows=2  idx_cols=0  ~32 bytes
      K8      rows=8  idx_cols=0  ~128 bytes
      K9      rows=4  idx_cols=0  ~64 bytes
      K10     rows=2  idx_cols=0  ~32 bytes
      K11     rows=4  idx_cols=0  ~64 bytes
      K12     rows=4  idx_cols=0  ~64 bytes
      K13     rows=4  idx_cols=0  ~64 bytes
      K14     rows=16  idx_cols=0  ~256 bytes
      K15     rows=4  idx_cols=0  ~64 bytes
      K16     rows=8  idx_cols=0  ~128 bytes
      K17     rows=8  idx_cols=0  ~128 bytes
      K18     rows=4  idx_cols=0  ~64 bytes
      K19     rows=4  idx_cols=0  ~64 bytes
      K20     rows=2  idx_cols=0  ~32 bytes
      K21     rows=4  idx_cols=0  ~64 bytes

  [Aer] 0179e7e54cc86cfeab7eabc67c78b1dd1fd9f614c717b062e0ff2b47697d1856  (4 qubits, depth 13)
    [+] statevector                [multi ]  wall=0.0028s  rss=199,128KB  vsz=5,009MB  Δmaj=0
    [+] statevector                [single]  wall=0.0021s  rss=199,128KB  vsz=5,009MB  Δmaj=0
    [-] stabilizer                 [multi ]  wall=0.0009s  rss=199,128KB  vsz=5,009MB  Δmaj=0
    [-] stabilizer                 [single]  wall=0.0008s  rss=199,128KB  vsz=5,009MB  Δmaj=0
    [+] density_matrix             [multi ]  wall=0.0148s  rss=199,128KB  vsz=5,009MB  Δmaj=0
    [+] density_matrix             [single]  wall=0.0030s  rss=199,128KB  vsz=5,009MB  Δmaj=0
    [+] matrix_product_state       [multi ]  wall=0.0120s  rss=199,128KB  vsz=5,649MB  Δmaj=0
    [+] matrix_product_state       [single]  wall=0.0073s  rss=199,128KB  vsz=5,649MB  Δmaj=0
    [-] extended_stabilizer        [multi ]  wall=0.0010s  rss=199,448KB  vsz=5,649MB  Δmaj=0
    [-] extended_stabilizer        [single]  wall=0.0009s  rss=199,448KB  vsz=5,649MB  Δmaj=0
    [+] unitary                    [multi ]  wall=0.0014s  rss=199,448KB  vsz=5,649MB  Δmaj=0
    [+] unitary                    [single]  wall=0.0009s  rss=199,448KB  vsz=5,649MB  Δmaj=0
    [+] automatic                  [multi ]  wall=0.0012s  rss=199,448KB  vsz=5,649MB  Δmaj=0
    [+] automatic                  [single]  wall=0.0021s  rss=199,448KB  vsz=5,649MB  Δmaj=0
