
  [SQLite] 017ef1b077232a041e15b7aea2c138f4b6595d502107450b8160427a09ec26bc
    total CTEs  : 27  (tensor CTEs: 5, contraction CTEs: 22)
    SQL length  : 7,321 chars
    Counting rows per K_i CTE (22 contraction CTEs)...
      K1      rows=2  idx_cols=0  ~32 bytes
      K2      rows=4  idx_cols=0  ~64 bytes
      K3      rows=4  idx_cols=0  ~64 bytes
      K4      rows=2  idx_cols=0  ~32 bytes
      K5      rows=2  idx_cols=0  ~32 bytes
      K6      rows=4  idx_cols=0  ~64 bytes
      K7      rows=2  idx_cols=0  ~32 bytes
      K8      rows=8  idx_cols=0  ~128 bytes
      K9      rows=2  idx_cols=0  ~32 bytes
      K10     rows=8  idx_cols=0  ~128 bytes
      K11     rows=2  idx_cols=0  ~32 bytes
      K12     rows=2  idx_cols=0  ~32 bytes
      K13     rows=8  idx_cols=0  ~128 bytes
      K14     rows=8  idx_cols=0  ~128 bytes
      K15     rows=4  idx_cols=0  ~64 bytes
      K16     rows=8  idx_cols=0  ~128 bytes
      K17     rows=4  idx_cols=0  ~64 bytes
      K18     rows=16  idx_cols=0  ~256 bytes
      K19     rows=4  idx_cols=0  ~64 bytes
      K20     rows=8  idx_cols=0  ~128 bytes
      K21     rows=8  idx_cols=0  ~128 bytes
      K22     rows=16  idx_cols=0  ~256 bytes

  [Aer] 017ef1b077232a041e15b7aea2c138f4b6595d502107450b8160427a09ec26bc  (5 qubits, depth 8)
    [+] statevector                [multi ]  wall=0.0024s  rss=198,756KB  vsz=5,009MB  Δmaj=0
    [+] statevector                [single]  wall=0.0027s  rss=198,756KB  vsz=5,009MB  Δmaj=0
    [-] stabilizer                 [multi ]  wall=0.0066s  rss=198,756KB  vsz=5,009MB  Δmaj=0
    [-] stabilizer                 [single]  wall=0.0231s  rss=198,756KB  vsz=5,009MB  Δmaj=0
    [+] density_matrix             [multi ]  wall=0.0063s  rss=198,756KB  vsz=5,009MB  Δmaj=0
    [+] density_matrix             [single]  wall=0.0096s  rss=198,756KB  vsz=5,009MB  Δmaj=0
    [+] matrix_product_state       [multi ]  wall=0.0500s  rss=198,756KB  vsz=5,713MB  Δmaj=0
    [+] matrix_product_state       [single]  wall=0.0180s  rss=199,696KB  vsz=5,713MB  Δmaj=0
    [-] extended_stabilizer        [multi ]  wall=0.0009s  rss=199,696KB  vsz=5,713MB  Δmaj=0
    [-] extended_stabilizer        [single]  wall=0.0009s  rss=199,696KB  vsz=5,713MB  Δmaj=0
    [+] unitary                    [multi ]  wall=0.0012s  rss=199,696KB  vsz=5,713MB  Δmaj=0
    [+] unitary                    [single]  wall=0.0012s  rss=199,696KB  vsz=5,713MB  Δmaj=0
    [+] automatic                  [multi ]  wall=0.0015s  rss=199,696KB  vsz=5,713MB  Δmaj=0
    [+] automatic                  [single]  wall=0.0023s  rss=199,696KB  vsz=5,714MB  Δmaj=0
