
  [SQLite] 017fcf8bae42ec21fd51df4f2295871a5772720fb8cff2ae0d763411639a82a3
    total CTEs  : 110  (tensor CTEs: 6, contraction CTEs: 104)
    SQL length  : 33,095 chars
    Counting rows per K_i CTE (104 contraction CTEs)...
      K1      rows=8  idx_cols=0  ~128 bytes
      K2      rows=8  idx_cols=0  ~128 bytes
      K3      rows=8  idx_cols=0  ~128 bytes
      K4      rows=8  idx_cols=0  ~128 bytes
      K5      rows=8  idx_cols=0  ~128 bytes
      K6      rows=4  idx_cols=0  ~64 bytes
      K7      rows=8  idx_cols=0  ~128 bytes
      K8      rows=8  idx_cols=0  ~128 bytes
      K9      rows=2  idx_cols=0  ~32 bytes
      K10     rows=8  idx_cols=0  ~128 bytes
      K11     rows=8  idx_cols=0  ~128 bytes
      K12     rows=4  idx_cols=0  ~64 bytes
      K13     rows=2  idx_cols=0  ~32 bytes
      K14     rows=4  idx_cols=0  ~64 bytes
      K15     rows=16  idx_cols=0  ~256 bytes
      K16     rows=8  idx_cols=0  ~128 bytes
      K17     rows=8  idx_cols=0  ~128 bytes
      K18     rows=8  idx_cols=0  ~128 bytes
      K19     rows=8  idx_cols=0  ~128 bytes
      K20     rows=8  idx_cols=0  ~128 bytes
      K21     rows=16  idx_cols=0  ~256 bytes
      K22     rows=16  idx_cols=0  ~256 bytes
      K23     rows=8  idx_cols=0  ~128 bytes
      K24     rows=8  idx_cols=0  ~128 bytes
      K25     rows=8  idx_cols=0  ~128 bytes
      K26     rows=8  idx_cols=0  ~128 bytes
      K27     rows=8  idx_cols=0  ~128 bytes
      K28     rows=8  idx_cols=0  ~128 bytes
      K29     rows=8  idx_cols=0  ~128 bytes
      K30     rows=8  idx_cols=0  ~128 bytes
      K31     rows=4  idx_cols=0  ~64 bytes
      K32     rows=8  idx_cols=0  ~128 bytes
      K33     rows=8  idx_cols=0  ~128 bytes
      K34     rows=8  idx_cols=0  ~128 bytes
      K35     rows=8  idx_cols=0  ~128 bytes
      K36     rows=8  idx_cols=0  ~128 bytes
      K37     rows=16  idx_cols=0  ~256 bytes
      K38     rows=8  idx_cols=0  ~128 bytes
      K39     rows=16  idx_cols=0  ~256 bytes
      K40     rows=16  idx_cols=0  ~256 bytes
      K41     rows=16  idx_cols=0  ~256 bytes
      K42     rows=4  idx_cols=0  ~64 bytes
      K43     rows=16  idx_cols=0  ~256 bytes
      K44     rows=8  idx_cols=0  ~128 bytes
      K45     rows=16  idx_cols=0  ~256 bytes
      K46     rows=2  idx_cols=0  ~32 bytes
      K47     rows=4  idx_cols=0  ~64 bytes
      K48     rows=16  idx_cols=0  ~256 bytes
      K49     rows=4  idx_cols=0  ~64 bytes
      K50     rows=8  idx_cols=0  ~128 bytes
      K51     rows=8  idx_cols=0  ~128 bytes
      K52     rows=8  idx_cols=0  ~128 bytes
      K53     rows=8  idx_cols=0  ~128 bytes
      K54     rows=8  idx_cols=0  ~128 bytes
      K55     rows=16  idx_cols=0  ~256 bytes
      K56     rows=16  idx_cols=0  ~256 bytes
      K57     rows=16  idx_cols=0  ~256 bytes
      K58     rows=16  idx_cols=0  ~256 bytes
      K59     rows=4  idx_cols=0  ~64 bytes
      K60     rows=16  idx_cols=0  ~256 bytes
      K61     rows=8  idx_cols=0  ~128 bytes
      K62     rows=2  idx_cols=0  ~32 bytes
      K63     rows=4  idx_cols=0  ~64 bytes
      K64     rows=2  idx_cols=0  ~32 bytes
      K65     rows=8  idx_cols=0  ~128 bytes
      K66     rows=16  idx_cols=0  ~256 bytes
      K67     rows=16  idx_cols=0  ~256 bytes
      K68     rows=32  idx_cols=0  ~512 bytes
      K69     rows=32  idx_cols=0  ~512 bytes
      K70     rows=16  idx_cols=0  ~256 bytes
      K71     rows=64  idx_cols=0  ~1024 bytes
      K72     rows=16  idx_cols=0  ~256 bytes
      K73     rows=16  idx_cols=0  ~256 bytes
      K74     rows=64  idx_cols=0  ~1024 bytes
      K75     rows=32  idx_cols=0  ~512 bytes
      K76     rows=32  idx_cols=0  ~512 bytes
      K77     rows=32  idx_cols=0  ~512 bytes
      K78     rows=32  idx_cols=0  ~512 bytes
      K79     rows=64  idx_cols=0  ~1024 bytes
      K80     rows=64  idx_cols=0  ~1024 bytes
      K81     rows=64  idx_cols=0  ~1024 bytes
      K82     rows=32  idx_cols=0  ~512 bytes
      K83     rows=32  idx_cols=0  ~512 bytes
      K84     rows=64  idx_cols=0  ~1024 bytes
      K85     rows=16  idx_cols=0  ~256 bytes
      K86     rows=16  idx_cols=0  ~256 bytes
      K87     rows=64  idx_cols=0  ~1024 bytes
      K88     rows=128  idx_cols=0  ~2048 bytes
      K89     rows=64  idx_cols=0  ~1024 bytes
      K90     rows=128  idx_cols=0  ~2048 bytes
      K91     rows=64  idx_cols=0  ~1024 bytes
      K92     rows=256  idx_cols=0  ~4096 bytes
      K93     rows=256  idx_cols=0  ~4096 bytes
      K94     rows=256  idx_cols=0  ~4096 bytes
      K95     rows=256  idx_cols=0  ~4096 bytes
      K96     rows=128  idx_cols=0  ~2048 bytes
      K97     rows=128  idx_cols=0  ~2048 bytes
      K98     rows=256  idx_cols=0  ~4096 bytes
      K99     rows=512  idx_cols=0  ~8192 bytes
      K100    rows=512  idx_cols=0  ~8192 bytes
      K101    rows=512  idx_cols=0  ~8192 bytes
      K102    rows=1024  idx_cols=0  ~16384 bytes
      K103    rows=2048  idx_cols=0  ~32768 bytes
      K104    rows=2048  idx_cols=0  ~32768 bytes

  [Aer] 017fcf8bae42ec21fd51df4f2295871a5772720fb8cff2ae0d763411639a82a3  (11 qubits, depth 1)
    [+] statevector                [multi ]  wall=0.0051s  rss=216,484KB  vsz=6,520MB  Δmaj=0
    [+] statevector                [single]  wall=0.0078s  rss=216,484KB  vsz=6,520MB  Δmaj=0
    [-] stabilizer                 [multi ]  wall=0.0063s  rss=216,484KB  vsz=6,520MB  Δmaj=0
    [-] stabilizer                 [single]  wall=0.0069s  rss=216,484KB  vsz=6,520MB  Δmaj=0
    [+] density_matrix             [multi ]  wall=0.2379s  rss=215,148KB  vsz=6,520MB  Δmaj=0
    [+] density_matrix             [single]  wall=2.3419s  rss=215,156KB  vsz=6,520MB  Δmaj=0
    [+] matrix_product_state       [multi ]  wall=0.0548s  rss=215,156KB  vsz=7,000MB  Δmaj=0
    [+] matrix_product_state       [single]  wall=0.0640s  rss=215,156KB  vsz=7,000MB  Δmaj=0
    [-] extended_stabilizer        [multi ]  wall=0.0023s  rss=215,156KB  vsz=7,000MB  Δmaj=0
    [-] extended_stabilizer        [single]  wall=0.0017s  rss=215,156KB  vsz=7,000MB  Δmaj=0
    [+] unitary                    [multi ]  wall=0.1075s  rss=285,236KB  vsz=7,064MB  Δmaj=0
    [+] unitary                    [single]  wall=0.8387s  rss=285,276KB  vsz=7,064MB  Δmaj=0
    [+] automatic                  [multi ]  wall=0.0131s  rss=219,744KB  vsz=7,000MB  Δmaj=0
    [+] automatic                  [single]  wall=0.0052s  rss=219,744KB  vsz=7,000MB  Δmaj=0
