
  [SQLite] 018b133aff784f16972d71028d5590bdc243844d2011f51bc840da6526bc1985
    total CTEs  : 37  (tensor CTEs: 5, contraction CTEs: 32)
    SQL length  : 9,893 chars
    Counting rows per K_i CTE (32 contraction CTEs)...
      K1      rows=8  idx_cols=0  ~128 bytes
      K2      rows=4  idx_cols=0  ~64 bytes
      K3      rows=8  idx_cols=0  ~128 bytes
      K4      rows=2  idx_cols=0  ~32 bytes
      K5      rows=4  idx_cols=0  ~64 bytes
      K6      rows=2  idx_cols=0  ~32 bytes
      K7      rows=16  idx_cols=0  ~256 bytes
      K8      rows=8  idx_cols=0  ~128 bytes
      K9      rows=4  idx_cols=0  ~64 bytes
      K10     rows=2  idx_cols=0  ~32 bytes
      K11     rows=4  idx_cols=0  ~64 bytes
      K12     rows=4  idx_cols=0  ~64 bytes
      K13     rows=4  idx_cols=0  ~64 bytes
      K14     rows=16  idx_cols=0  ~256 bytes
      K15     rows=4  idx_cols=0  ~64 bytes
      K16     rows=2  idx_cols=0  ~32 bytes
      K17     rows=4  idx_cols=0  ~64 bytes
      K18     rows=16  idx_cols=0  ~256 bytes
      K19     rows=4  idx_cols=0  ~64 bytes
      K20     rows=4  idx_cols=0  ~64 bytes
      K21     rows=8  idx_cols=0  ~128 bytes
      K22     rows=2  idx_cols=0  ~32 bytes
      K23     rows=4  idx_cols=0  ~64 bytes
      K24     rows=4  idx_cols=0  ~64 bytes
      K25     rows=8  idx_cols=0  ~128 bytes
      K26     rows=8  idx_cols=0  ~128 bytes
      K27     rows=8  idx_cols=0  ~128 bytes
      K28     rows=8  idx_cols=0  ~128 bytes
      K29     rows=32  idx_cols=0  ~512 bytes
      K30     rows=1  idx_cols=0  ~16 bytes
      K31     rows=4  idx_cols=0  ~64 bytes
      K32     rows=4  idx_cols=0  ~64 bytes

  [Aer] 018b133aff784f16972d71028d5590bdc243844d2011f51bc840da6526bc1985  (10 qubits, depth 24)
    [+] statevector                [multi ]  wall=0.0033s  rss=200,172KB  vsz=5,011MB  Δmaj=0
    [+] statevector                [single]  wall=0.0037s  rss=200,172KB  vsz=5,011MB  Δmaj=0
    [-] stabilizer                 [multi ]  wall=0.0014s  rss=200,172KB  vsz=5,011MB  Δmaj=0
    [-] stabilizer                 [single]  wall=0.0013s  rss=200,172KB  vsz=5,011MB  Δmaj=0
    [+] density_matrix             [multi ]  wall=0.0342s  rss=197,544KB  vsz=5,011MB  Δmaj=21
    [+] density_matrix             [single]  wall=0.1476s  rss=213,644KB  vsz=5,011MB  Δmaj=0
    [+] matrix_product_state       [multi ]  wall=0.0097s  rss=213,644KB  vsz=5,651MB  Δmaj=0
    [+] matrix_product_state       [single]  wall=0.0122s  rss=211,948KB  vsz=7,131MB  Δmaj=0
    [-] extended_stabilizer        [multi ]  wall=0.0012s  rss=212,324KB  vsz=7,145MB  Δmaj=0
    [-] extended_stabilizer        [single]  wall=0.0011s  rss=212,324KB  vsz=7,145MB  Δmaj=0
    [+] unitary                    [multi ]  wall=0.0133s  rss=212,324KB  vsz=7,145MB  Δmaj=0
    [+] unitary                    [single]  wall=0.0582s  rss=228,812KB  vsz=7,145MB  Δmaj=0
    [+] automatic                  [multi ]  wall=0.0488s  rss=229,128KB  vsz=7,145MB  Δmaj=0
    [+] automatic                  [single]  wall=0.0037s  rss=229,128KB  vsz=7,145MB  Δmaj=0
