
  [SQLite] 01b9a092cc3518f1d8d4c1a002966b86a56838d272061cb4593c0bdf34d1a86f
    total CTEs  : 32  (tensor CTEs: 8, contraction CTEs: 24)
    SQL length  : 9,025 chars
    Counting rows per K_i CTE (24 contraction CTEs)...
      K1      rows=2  idx_cols=0  ~32 bytes
      K2      rows=4  idx_cols=0  ~64 bytes
      K3      rows=8  idx_cols=0  ~128 bytes
      K4      rows=2  idx_cols=0  ~32 bytes
      K5      rows=16  idx_cols=0  ~256 bytes
      K6      rows=4  idx_cols=0  ~64 bytes
      K7      rows=8  idx_cols=0  ~128 bytes
      K8      rows=2  idx_cols=0  ~32 bytes
      K9      rows=8  idx_cols=0  ~128 bytes
      K10     rows=4  idx_cols=0  ~64 bytes
      K11     rows=8  idx_cols=0  ~128 bytes
      K12     rows=4  idx_cols=0  ~64 bytes
      K13     rows=4  idx_cols=0  ~64 bytes
      K14     rows=8  idx_cols=0  ~128 bytes
      K15     rows=8  idx_cols=0  ~128 bytes
      K16     rows=4  idx_cols=0  ~64 bytes
      K17     rows=16  idx_cols=0  ~256 bytes
      K18     rows=8  idx_cols=0  ~128 bytes
      K19     rows=16  idx_cols=0  ~256 bytes
      K20     rows=4  idx_cols=0  ~64 bytes
      K21     rows=8  idx_cols=0  ~128 bytes
      K22     rows=8  idx_cols=0  ~128 bytes
      K23     rows=16  idx_cols=0  ~256 bytes
      K24     rows=16  idx_cols=0  ~256 bytes

  [Aer] 01b9a092cc3518f1d8d4c1a002966b86a56838d272061cb4593c0bdf34d1a86f  (4 qubits, depth 11)
    [+] statevector                [multi ]  wall=0.0027s  rss=200,096KB  vsz=5,009MB  Δmaj=0
    [+] statevector                [single]  wall=0.0024s  rss=200,096KB  vsz=5,009MB  Δmaj=0
    [-] stabilizer                 [multi ]  wall=0.0014s  rss=200,096KB  vsz=5,009MB  Δmaj=0
    [-] stabilizer                 [single]  wall=0.0018s  rss=200,096KB  vsz=5,009MB  Δmaj=0
    [+] density_matrix             [multi ]  wall=0.0248s  rss=200,096KB  vsz=5,009MB  Δmaj=0
    [+] density_matrix             [single]  wall=0.0041s  rss=200,096KB  vsz=5,009MB  Δmaj=0
    [+] matrix_product_state       [multi ]  wall=0.0258s  rss=201,024KB  vsz=5,681MB  Δmaj=0
    [+] matrix_product_state       [single]  wall=0.0178s  rss=201,288KB  vsz=5,681MB  Δmaj=0
    [-] extended_stabilizer        [multi ]  wall=0.0017s  rss=201,288KB  vsz=5,681MB  Δmaj=0
    [-] extended_stabilizer        [single]  wall=0.0018s  rss=201,288KB  vsz=5,681MB  Δmaj=0
    [+] unitary                    [multi ]  wall=0.0150s  rss=201,288KB  vsz=5,682MB  Δmaj=0
    [+] unitary                    [single]  wall=0.0024s  rss=201,288KB  vsz=5,682MB  Δmaj=0
    [+] automatic                  [multi ]  wall=0.0059s  rss=201,288KB  vsz=5,682MB  Δmaj=0
    [+] automatic                  [single]  wall=0.0059s  rss=201,288KB  vsz=5,682MB  Δmaj=0
