
  [SQLite] 01bf61e070b2ff29591934e1c5e85af73658bf5e2d3db39bc2b9638186e6fa8a
    total CTEs  : 66  (tensor CTEs: 9, contraction CTEs: 57)
    SQL length  : 18,139 chars
    Counting rows per K_i CTE (57 contraction CTEs)...
      K1      rows=4  idx_cols=0  ~64 bytes
      K2      rows=2  idx_cols=0  ~32 bytes
      K3      rows=2  idx_cols=0  ~32 bytes
      K4      rows=8  idx_cols=0  ~128 bytes
      K5      rows=2  idx_cols=0  ~32 bytes
      K6      rows=4  idx_cols=0  ~64 bytes
      K7      rows=4  idx_cols=0  ~64 bytes
      K8      rows=4  idx_cols=0  ~64 bytes
      K9      rows=4  idx_cols=0  ~64 bytes
      K10     rows=1  idx_cols=0  ~16 bytes
      K11     rows=8  idx_cols=0  ~128 bytes
      K12     rows=2  idx_cols=0  ~32 bytes
      K13     rows=4  idx_cols=0  ~64 bytes
      K14     rows=4  idx_cols=0  ~64 bytes
      K15     rows=4  idx_cols=0  ~64 bytes
      K16     rows=4  idx_cols=0  ~64 bytes
      K17     rows=4  idx_cols=0  ~64 bytes
      K18     rows=4  idx_cols=0  ~64 bytes
      K19     rows=4  idx_cols=0  ~64 bytes
      K20     rows=8  idx_cols=0  ~128 bytes
      K21     rows=4  idx_cols=0  ~64 bytes
      K22     rows=4  idx_cols=0  ~64 bytes
      K23     rows=2  idx_cols=0  ~32 bytes
      K24     rows=2  idx_cols=0  ~32 bytes
      K25     rows=2  idx_cols=0  ~32 bytes
      K26     rows=2  idx_cols=0  ~32 bytes
      K27     rows=2  idx_cols=0  ~32 bytes
      K28     rows=4  idx_cols=0  ~64 bytes
      K29     rows=2  idx_cols=0  ~32 bytes
      K30     rows=2  idx_cols=0  ~32 bytes
      K31     rows=4  idx_cols=0  ~64 bytes
      K32     rows=2  idx_cols=0  ~32 bytes
      K33     rows=4  idx_cols=0  ~64 bytes
      K34     rows=4  idx_cols=0  ~64 bytes
      K35     rows=4  idx_cols=0  ~64 bytes
      K36     rows=4  idx_cols=0  ~64 bytes
      K37     rows=4  idx_cols=0  ~64 bytes
      K38     rows=8  idx_cols=0  ~128 bytes
      K39     rows=2  idx_cols=0  ~32 bytes
      K40     rows=8  idx_cols=0  ~128 bytes
      K41     rows=2  idx_cols=0  ~32 bytes
      K42     rows=4  idx_cols=0  ~64 bytes
      K43     rows=2  idx_cols=0  ~32 bytes
      K44     rows=4  idx_cols=0  ~64 bytes
      K45     rows=2  idx_cols=0  ~32 bytes
      K46     rows=8  idx_cols=0  ~128 bytes
      K47     rows=16  idx_cols=0  ~256 bytes
      K48     rows=4  idx_cols=0  ~64 bytes
      K49     rows=4  idx_cols=0  ~64 bytes
      K50     rows=4  idx_cols=0  ~64 bytes
      K51     rows=4  idx_cols=0  ~64 bytes
      K52     rows=8  idx_cols=0  ~128 bytes
      K53     rows=16  idx_cols=0  ~256 bytes
      K54     rows=16  idx_cols=0  ~256 bytes
      K55     rows=16  idx_cols=0  ~256 bytes
      K56     rows=16  idx_cols=0  ~256 bytes
      K57     rows=16  idx_cols=0  ~256 bytes

  [Aer] 01bf61e070b2ff29591934e1c5e85af73658bf5e2d3db39bc2b9638186e6fa8a  (5 qubits, depth 13)
    [+] statevector                [multi ]  wall=0.0033s  rss=204,632KB  vsz=6,509MB  Δmaj=0
    [+] statevector                [single]  wall=0.0075s  rss=204,632KB  vsz=6,509MB  Δmaj=0
    [-] stabilizer                 [multi ]  wall=0.0028s  rss=204,632KB  vsz=6,509MB  Δmaj=0
    [-] stabilizer                 [single]  wall=0.0044s  rss=204,632KB  vsz=6,509MB  Δmaj=0
    [+] density_matrix             [multi ]  wall=0.0047s  rss=205,268KB  vsz=6,509MB  Δmaj=0
    [+] density_matrix             [single]  wall=0.0073s  rss=205,268KB  vsz=6,509MB  Δmaj=0
    [+] matrix_product_state       [multi ]  wall=0.0247s  rss=205,268KB  vsz=7,053MB  Δmaj=0
    [+] matrix_product_state       [single]  wall=0.0156s  rss=205,268KB  vsz=7,053MB  Δmaj=0
    [-] extended_stabilizer        [multi ]  wall=0.0013s  rss=205,268KB  vsz=7,053MB  Δmaj=0
    [-] extended_stabilizer        [single]  wall=0.0013s  rss=205,268KB  vsz=7,053MB  Δmaj=0
    [+] unitary                    [multi ]  wall=0.0025s  rss=205,268KB  vsz=7,053MB  Δmaj=0
    [+] unitary                    [single]  wall=0.0026s  rss=205,268KB  vsz=7,053MB  Δmaj=0
    [+] automatic                  [multi ]  wall=0.0020s  rss=205,268KB  vsz=7,053MB  Δmaj=0
    [+] automatic                  [single]  wall=0.0029s  rss=205,268KB  vsz=7,053MB  Δmaj=0
