
  [SQLite] 01c5f9d62a25d0f0668aa4d2a660a79cd9c494ef1040852e3a0d3d64ab8ab142
    total CTEs  : 42  (tensor CTEs: 6, contraction CTEs: 36)
    SQL length  : 11,153 chars
    Counting rows per K_i CTE (36 contraction CTEs)...
      K1      rows=8  idx_cols=0  ~128 bytes
      K2      rows=8  idx_cols=0  ~128 bytes
      K3      rows=2  idx_cols=0  ~32 bytes
      K4      rows=2  idx_cols=0  ~32 bytes
      K5      rows=8  idx_cols=0  ~128 bytes
      K6      rows=8  idx_cols=0  ~128 bytes
      K7      rows=4  idx_cols=0  ~64 bytes
      K8      rows=2  idx_cols=0  ~32 bytes
      K9      rows=8  idx_cols=0  ~128 bytes
      K10     rows=16  idx_cols=0  ~256 bytes
      K11     rows=8  idx_cols=0  ~128 bytes
      K12     rows=8  idx_cols=0  ~128 bytes
      K13     rows=8  idx_cols=0  ~128 bytes
      K14     rows=2  idx_cols=0  ~32 bytes
      K15     rows=8  idx_cols=0  ~128 bytes
      K16     rows=4  idx_cols=0  ~64 bytes
      K17     rows=16  idx_cols=0  ~256 bytes
      K18     rows=2  idx_cols=0  ~32 bytes
      K19     rows=8  idx_cols=0  ~128 bytes
      K20     rows=4  idx_cols=0  ~64 bytes
      K21     rows=8  idx_cols=0  ~128 bytes
      K22     rows=2  idx_cols=0  ~32 bytes
      K23     rows=8  idx_cols=0  ~128 bytes
      K24     rows=4  idx_cols=0  ~64 bytes
      K25     rows=8  idx_cols=0  ~128 bytes
      K26     rows=16  idx_cols=0  ~256 bytes
      K27     rows=8  idx_cols=0  ~128 bytes
      K28     rows=16  idx_cols=0  ~256 bytes
      K29     rows=16  idx_cols=0  ~256 bytes
      K30     rows=16  idx_cols=0  ~256 bytes
      K31     rows=16  idx_cols=0  ~256 bytes
      K32     rows=16  idx_cols=0  ~256 bytes
      K33     rows=32  idx_cols=0  ~512 bytes
      K34     rows=32  idx_cols=0  ~512 bytes
      K35     rows=32  idx_cols=0  ~512 bytes
      K36     rows=64  idx_cols=0  ~1024 bytes

  [Aer] 01c5f9d62a25d0f0668aa4d2a660a79cd9c494ef1040852e3a0d3d64ab8ab142  (8 qubits, depth 19)
    [+] statevector                [multi ]  wall=0.0211s  rss=201,088KB  vsz=5,011MB  Δmaj=0
    [+] statevector                [single]  wall=0.0033s  rss=201,088KB  vsz=5,011MB  Δmaj=0
    [-] stabilizer                 [multi ]  wall=0.0015s  rss=201,088KB  vsz=5,011MB  Δmaj=0
    [-] stabilizer                 [single]  wall=0.0014s  rss=201,088KB  vsz=5,012MB  Δmaj=0
    [+] density_matrix             [multi ]  wall=0.0122s  rss=201,092KB  vsz=5,012MB  Δmaj=0
    [+] density_matrix             [single]  wall=0.0244s  rss=201,880KB  vsz=5,012MB  Δmaj=0
    [+] matrix_product_state       [multi ]  wall=0.0449s  rss=198,780KB  vsz=7,242MB  Δmaj=0
    [+] matrix_product_state       [single]  wall=0.0329s  rss=199,580KB  vsz=7,242MB  Δmaj=0
    [-] extended_stabilizer        [multi ]  wall=0.0013s  rss=199,580KB  vsz=7,242MB  Δmaj=0
    [-] extended_stabilizer        [single]  wall=0.0013s  rss=199,580KB  vsz=7,242MB  Δmaj=0
    [+] unitary                    [multi ]  wall=0.0051s  rss=199,580KB  vsz=7,242MB  Δmaj=0
    [+] unitary                    [single]  wall=0.0098s  rss=200,748KB  vsz=7,242MB  Δmaj=0
    [+] automatic                  [multi ]  wall=0.0022s  rss=200,748KB  vsz=7,242MB  Δmaj=0
    [+] automatic                  [single]  wall=0.0032s  rss=200,748KB  vsz=7,242MB  Δmaj=0
