
  [SQLite] 01c654ce022402fedb4a36c26aab8a8017d564dd765910839f56a2398c0b4dac
    total CTEs  : 28  (tensor CTEs: 4, contraction CTEs: 24)
    SQL length  : 7,222 chars
    Counting rows per K_i CTE (24 contraction CTEs)...
      K1      rows=2  idx_cols=0  ~32 bytes
      K2      rows=8  idx_cols=0  ~128 bytes
      K3      rows=2  idx_cols=0  ~32 bytes
      K4      rows=2  idx_cols=0  ~32 bytes
      K5      rows=4  idx_cols=0  ~64 bytes
      K6      rows=2  idx_cols=0  ~32 bytes
      K7      rows=2  idx_cols=0  ~32 bytes
      K8      rows=8  idx_cols=0  ~128 bytes
      K9      rows=2  idx_cols=0  ~32 bytes
      K10     rows=4  idx_cols=0  ~64 bytes
      K11     rows=4  idx_cols=0  ~64 bytes
      K12     rows=4  idx_cols=0  ~64 bytes
      K13     rows=4  idx_cols=0  ~64 bytes
      K14     rows=4  idx_cols=0  ~64 bytes
      K15     rows=4  idx_cols=0  ~64 bytes
      K16     rows=8  idx_cols=0  ~128 bytes
      K17     rows=8  idx_cols=0  ~128 bytes
      K18     rows=8  idx_cols=0  ~128 bytes
      K19     rows=8  idx_cols=0  ~128 bytes
      K20     rows=16  idx_cols=0  ~256 bytes
      K21     rows=64  idx_cols=0  ~1024 bytes
      K22     rows=1  idx_cols=0  ~16 bytes
      K23     rows=1  idx_cols=0  ~16 bytes
      K24     rows=1  idx_cols=0  ~16 bytes

  [Aer] 01c654ce022402fedb4a36c26aab8a8017d564dd765910839f56a2398c0b4dac  (10 qubits, depth 8)
    [+] statevector                [multi ]  wall=0.0037s  rss=198,824KB  vsz=5,009MB  Δmaj=0
    [+] statevector                [single]  wall=0.0031s  rss=198,824KB  vsz=5,009MB  Δmaj=0
    [+] stabilizer                 [multi ]  wall=0.0037s  rss=198,824KB  vsz=5,009MB  Δmaj=0
    [+] stabilizer                 [single]  wall=0.0049s  rss=198,824KB  vsz=5,009MB  Δmaj=0
    [+] density_matrix             [multi ]  wall=0.0147s  rss=195,680KB  vsz=5,009MB  Δmaj=21
    [+] density_matrix             [single]  wall=0.1531s  rss=211,780KB  vsz=5,009MB  Δmaj=0
    [+] matrix_product_state       [multi ]  wall=0.0030s  rss=211,780KB  vsz=5,042MB  Δmaj=0
    [+] matrix_product_state       [single]  wall=0.0094s  rss=212,040KB  vsz=5,042MB  Δmaj=0
    [+] extended_stabilizer        [multi ]  wall=0.0026s  rss=212,040KB  vsz=5,042MB  Δmaj=0
    [+] extended_stabilizer        [single]  wall=0.0024s  rss=212,040KB  vsz=5,042MB  Δmaj=0
    [+] unitary                    [multi ]  wall=0.1612s  rss=211,108KB  vsz=6,536MB  Δmaj=0
    [+] unitary                    [single]  wall=0.0750s  rss=228,008KB  vsz=6,536MB  Δmaj=0
    [+] automatic                  [multi ]  wall=0.0097s  rss=228,008KB  vsz=6,536MB  Δmaj=0
    [+] automatic                  [single]  wall=0.0175s  rss=228,008KB  vsz=6,536MB  Δmaj=0
