
  [SQLite] 01e5269d3279c99e162255f828b83210762c4ba09d58900fb6758cff95972450
    total CTEs  : 26  (tensor CTEs: 5, contraction CTEs: 21)
    SQL length  : 7,361 chars
    Counting rows per K_i CTE (21 contraction CTEs)...
      K1      rows=8  idx_cols=0  ~128 bytes
      K2      rows=2  idx_cols=0  ~32 bytes
      K3      rows=4  idx_cols=0  ~64 bytes
      K4      rows=8  idx_cols=0  ~128 bytes
      K5      rows=2  idx_cols=0  ~32 bytes
      K6      rows=8  idx_cols=0  ~128 bytes
      K7      rows=4  idx_cols=0  ~64 bytes
      K8      rows=8  idx_cols=0  ~128 bytes
      K9      rows=16  idx_cols=0  ~256 bytes
      K10     rows=8  idx_cols=0  ~128 bytes
      K11     rows=16  idx_cols=0  ~256 bytes
      K12     rows=16  idx_cols=0  ~256 bytes
      K13     rows=4  idx_cols=0  ~64 bytes
      K14     rows=4  idx_cols=0  ~64 bytes
      K15     rows=16  idx_cols=0  ~256 bytes
      K16     rows=2  idx_cols=0  ~32 bytes
      K17     rows=16  idx_cols=0  ~256 bytes
      K18     rows=8  idx_cols=0  ~128 bytes
      K19     rows=4  idx_cols=0  ~64 bytes
      K20     rows=8  idx_cols=0  ~128 bytes
      K21     rows=8  idx_cols=0  ~128 bytes

  [Aer] 01e5269d3279c99e162255f828b83210762c4ba09d58900fb6758cff95972450  (3 qubits, depth 4)
    [+] statevector                [multi ]  wall=0.0033s  rss=199,664KB  vsz=5,009MB  Δmaj=0
    [+] statevector                [single]  wall=0.0029s  rss=199,664KB  vsz=5,009MB  Δmaj=0
    [-] stabilizer                 [multi ]  wall=0.0026s  rss=199,664KB  vsz=5,009MB  Δmaj=0
    [-] stabilizer                 [single]  wall=0.0060s  rss=199,664KB  vsz=5,010MB  Δmaj=0
    [+] density_matrix             [multi ]  wall=0.0065s  rss=199,664KB  vsz=5,010MB  Δmaj=0
    [+] density_matrix             [single]  wall=0.0118s  rss=199,924KB  vsz=5,010MB  Δmaj=0
    [+] matrix_product_state       [multi ]  wall=0.0212s  rss=200,724KB  vsz=5,778MB  Δmaj=0
    [+] matrix_product_state       [single]  wall=0.0118s  rss=200,724KB  vsz=5,778MB  Δmaj=0
    [-] extended_stabilizer        [multi ]  wall=0.0024s  rss=200,724KB  vsz=5,778MB  Δmaj=0
    [-] extended_stabilizer        [single]  wall=0.0015s  rss=200,724KB  vsz=5,778MB  Δmaj=0
    [+] unitary                    [multi ]  wall=0.0034s  rss=200,724KB  vsz=5,778MB  Δmaj=0
    [+] unitary                    [single]  wall=0.0040s  rss=200,724KB  vsz=5,778MB  Δmaj=0
    [+] automatic                  [multi ]  wall=0.0074s  rss=200,724KB  vsz=5,778MB  Δmaj=0
    [+] automatic                  [single]  wall=0.0118s  rss=200,724KB  vsz=5,778MB  Δmaj=0
