
  [SQLite] 01fb7403455f420178e88ce2fd24e6cb419e63a676c6a3b87bf1a0efa7d45aa3
    total CTEs  : 36  (tensor CTEs: 5, contraction CTEs: 31)
    SQL length  : 9,718 chars
    Counting rows per K_i CTE (31 contraction CTEs)...
      K1      rows=2  idx_cols=0  ~32 bytes
      K2      rows=4  idx_cols=0  ~64 bytes
      K3      rows=4  idx_cols=0  ~64 bytes
      K4      rows=8  idx_cols=0  ~128 bytes
      K5      rows=8  idx_cols=0  ~128 bytes
      K6      rows=4  idx_cols=0  ~64 bytes
      K7      rows=8  idx_cols=0  ~128 bytes
      K8      rows=2  idx_cols=0  ~32 bytes
      K9      rows=4  idx_cols=0  ~64 bytes
      K10     rows=8  idx_cols=0  ~128 bytes
      K11     rows=2  idx_cols=0  ~32 bytes
      K12     rows=4  idx_cols=0  ~64 bytes
      K13     rows=8  idx_cols=0  ~128 bytes
      K14     rows=2  idx_cols=0  ~32 bytes
      K15     rows=2  idx_cols=0  ~32 bytes
      K16     rows=4  idx_cols=0  ~64 bytes
      K17     rows=4  idx_cols=0  ~64 bytes
      K18     rows=4  idx_cols=0  ~64 bytes
      K19     rows=4  idx_cols=0  ~64 bytes
      K20     rows=8  idx_cols=0  ~128 bytes
      K21     rows=16  idx_cols=0  ~256 bytes
      K22     rows=8  idx_cols=0  ~128 bytes
      K23     rows=8  idx_cols=0  ~128 bytes
      K24     rows=4  idx_cols=0  ~64 bytes
      K25     rows=8  idx_cols=0  ~128 bytes
      K26     rows=16  idx_cols=0  ~256 bytes
      K27     rows=16  idx_cols=0  ~256 bytes
      K28     rows=32  idx_cols=0  ~512 bytes
      K29     rows=64  idx_cols=0  ~1024 bytes
      K30     rows=128  idx_cols=0  ~2048 bytes
      K31     rows=1  idx_cols=0  ~16 bytes

  [Aer] 01fb7403455f420178e88ce2fd24e6cb419e63a676c6a3b87bf1a0efa7d45aa3  (9 qubits, depth 7)
    [+] statevector                [multi ]  wall=0.0038s  rss=200,496KB  vsz=5,010MB  Δmaj=0
    [+] statevector                [single]  wall=0.0035s  rss=200,496KB  vsz=5,011MB  Δmaj=0
    [-] stabilizer                 [multi ]  wall=0.0013s  rss=200,496KB  vsz=5,011MB  Δmaj=0
    [-] stabilizer                 [single]  wall=0.0018s  rss=200,496KB  vsz=5,011MB  Δmaj=0
    [+] density_matrix             [multi ]  wall=0.2514s  rss=195,904KB  vsz=6,505MB  Δmaj=21
    [+] density_matrix             [single]  wall=0.0470s  rss=200,176KB  vsz=6,505MB  Δmaj=0
    [+] matrix_product_state       [multi ]  wall=0.0362s  rss=200,176KB  vsz=6,985MB  Δmaj=0
    [+] matrix_product_state       [single]  wall=0.0244s  rss=200,176KB  vsz=6,985MB  Δmaj=0
    [-] extended_stabilizer        [multi ]  wall=0.0012s  rss=200,176KB  vsz=6,985MB  Δmaj=0
    [-] extended_stabilizer        [single]  wall=0.0011s  rss=200,176KB  vsz=6,985MB  Δmaj=0
    [+] unitary                    [multi ]  wall=0.0050s  rss=200,436KB  vsz=6,985MB  Δmaj=0
    [+] unitary                    [single]  wall=0.0182s  rss=204,940KB  vsz=6,985MB  Δmaj=0
    [+] automatic                  [multi ]  wall=0.0021s  rss=204,940KB  vsz=6,985MB  Δmaj=0
    [+] automatic                  [single]  wall=0.0035s  rss=204,940KB  vsz=6,985MB  Δmaj=0
