
  [SQLite] 02095daed6eb3e9af9528e2aae13dd94969cb824cbce68750e951bad169659e0
    total CTEs  : 33  (tensor CTEs: 7, contraction CTEs: 26)
    SQL length  : 8,275 chars
    Counting rows per K_i CTE (26 contraction CTEs)...
      K1      rows=2  idx_cols=0  ~32 bytes
      K2      rows=2  idx_cols=0  ~32 bytes
      K3      rows=4  idx_cols=0  ~64 bytes
      K4      rows=2  idx_cols=0  ~32 bytes
      K5      rows=2  idx_cols=0  ~32 bytes
      K6      rows=4  idx_cols=0  ~64 bytes
      K7      rows=2  idx_cols=0  ~32 bytes
      K8      rows=4  idx_cols=0  ~64 bytes
      K9      rows=1  idx_cols=0  ~16 bytes
      K10     rows=2  idx_cols=0  ~32 bytes
      K11     rows=2  idx_cols=0  ~32 bytes
      K12     rows=4  idx_cols=0  ~64 bytes
      K13     rows=2  idx_cols=0  ~32 bytes
      K14     rows=8  idx_cols=0  ~128 bytes
      K15     rows=8  idx_cols=0  ~128 bytes
      K16     rows=4  idx_cols=0  ~64 bytes
      K17     rows=2  idx_cols=0  ~32 bytes
      K18     rows=4  idx_cols=0  ~64 bytes
      K19     rows=8  idx_cols=0  ~128 bytes
      K20     rows=2  idx_cols=0  ~32 bytes
      K21     rows=8  idx_cols=0  ~128 bytes
      K22     rows=8  idx_cols=0  ~128 bytes
      K23     rows=2  idx_cols=0  ~32 bytes
      K24     rows=8  idx_cols=0  ~128 bytes
      K25     rows=16  idx_cols=0  ~256 bytes
      K26     rows=16  idx_cols=0  ~256 bytes

  [Aer] 02095daed6eb3e9af9528e2aae13dd94969cb824cbce68750e951bad169659e0  (8 qubits, depth 14)
    [+] statevector                [multi ]  wall=0.0043s  rss=200,240KB  vsz=5,011MB  Δmaj=0
    [+] statevector                [single]  wall=0.0035s  rss=200,240KB  vsz=5,011MB  Δmaj=0
    [-] stabilizer                 [multi ]  wall=0.0015s  rss=200,240KB  vsz=5,011MB  Δmaj=0
    [-] stabilizer                 [single]  wall=0.0016s  rss=200,240KB  vsz=5,011MB  Δmaj=0
    [+] density_matrix             [multi ]  wall=0.0064s  rss=200,540KB  vsz=5,011MB  Δmaj=7
    [+] density_matrix             [single]  wall=0.0252s  rss=201,328KB  vsz=5,011MB  Δmaj=0
    [+] matrix_product_state       [multi ]  wall=0.0437s  rss=201,328KB  vsz=5,683MB  Δmaj=0
    [+] matrix_product_state       [single]  wall=0.0233s  rss=201,328KB  vsz=5,683MB  Δmaj=0
    [-] extended_stabilizer        [multi ]  wall=0.0014s  rss=201,328KB  vsz=5,683MB  Δmaj=0
    [-] extended_stabilizer        [single]  wall=0.0015s  rss=201,328KB  vsz=5,683MB  Δmaj=0
    [+] unitary                    [multi ]  wall=0.0032s  rss=201,328KB  vsz=5,683MB  Δmaj=0
    [+] unitary                    [single]  wall=0.0108s  rss=202,636KB  vsz=5,683MB  Δmaj=0
    [+] automatic                  [multi ]  wall=0.0021s  rss=202,900KB  vsz=5,683MB  Δmaj=0
    [+] automatic                  [single]  wall=0.0035s  rss=202,900KB  vsz=5,683MB  Δmaj=0
