
  [SQLite] 020f4ee34ad183187ac5f8fef74071271400d64b7970d4f027c3cb53eb1abee8
    total CTEs  : 27  (tensor CTEs: 8, contraction CTEs: 19)
    SQL length  : 7,148 chars
    Counting rows per K_i CTE (19 contraction CTEs)...
      K1      rows=2  idx_cols=0  ~32 bytes
      K2      rows=1  idx_cols=0  ~16 bytes
      K3      rows=2  idx_cols=0  ~32 bytes
      K4      rows=2  idx_cols=0  ~32 bytes
      K5      rows=4  idx_cols=0  ~64 bytes
      K6      rows=8  idx_cols=0  ~128 bytes
      K7      rows=8  idx_cols=0  ~128 bytes
      K8      rows=4  idx_cols=0  ~64 bytes
      K9      rows=8  idx_cols=0  ~128 bytes
      K10     rows=2  idx_cols=0  ~32 bytes
      K11     rows=4  idx_cols=0  ~64 bytes
      K12     rows=4  idx_cols=0  ~64 bytes
      K13     rows=8  idx_cols=0  ~128 bytes
      K14     rows=2  idx_cols=0  ~32 bytes
      K15     rows=4  idx_cols=0  ~64 bytes
      K16     rows=2  idx_cols=0  ~32 bytes
      K17     rows=4  idx_cols=0  ~64 bytes
      K18     rows=4  idx_cols=0  ~64 bytes
      K19     rows=4  idx_cols=0  ~64 bytes

  [Aer] 020f4ee34ad183187ac5f8fef74071271400d64b7970d4f027c3cb53eb1abee8  (4 qubits, depth 9)
    [+] statevector                [multi ]  wall=0.0029s  rss=199,696KB  vsz=5,009MB  Δmaj=0
    [+] statevector                [single]  wall=0.0066s  rss=199,696KB  vsz=5,009MB  Δmaj=0
    [-] stabilizer                 [multi ]  wall=0.0011s  rss=199,696KB  vsz=5,009MB  Δmaj=0
    [-] stabilizer                 [single]  wall=0.0010s  rss=199,960KB  vsz=5,009MB  Δmaj=0
    [+] density_matrix             [multi ]  wall=0.0076s  rss=199,960KB  vsz=5,009MB  Δmaj=0
    [+] density_matrix             [single]  wall=0.0022s  rss=199,960KB  vsz=5,009MB  Δmaj=0
    [+] matrix_product_state       [multi ]  wall=0.0067s  rss=200,852KB  vsz=5,745MB  Δmaj=0
    [+] matrix_product_state       [single]  wall=0.0073s  rss=200,852KB  vsz=5,745MB  Δmaj=0
    [-] extended_stabilizer        [multi ]  wall=0.0009s  rss=200,852KB  vsz=5,745MB  Δmaj=0
    [-] extended_stabilizer        [single]  wall=0.0013s  rss=200,852KB  vsz=5,745MB  Δmaj=0
    [+] unitary                    [multi ]  wall=0.0024s  rss=200,852KB  vsz=5,746MB  Δmaj=0
    [+] unitary                    [single]  wall=0.0017s  rss=200,852KB  vsz=5,746MB  Δmaj=0
    [+] automatic                  [multi ]  wall=0.0014s  rss=200,852KB  vsz=5,746MB  Δmaj=0
    [+] automatic                  [single]  wall=0.0022s  rss=200,852KB  vsz=5,746MB  Δmaj=0
