
  [SQLite] 0213a89d0485efb4415924d5613293fd9e83253ab5b8ebd7602b911639ccd6a2
    total CTEs  : 45  (tensor CTEs: 6, contraction CTEs: 39)
    SQL length  : 12,863 chars
    Counting rows per K_i CTE (39 contraction CTEs)...
      K1      rows=4  idx_cols=0  ~64 bytes
      K2      rows=8  idx_cols=0  ~128 bytes
      K3      rows=8  idx_cols=0  ~128 bytes
      K4      rows=8  idx_cols=0  ~128 bytes
      K5      rows=8  idx_cols=0  ~128 bytes
      K6      rows=2  idx_cols=0  ~32 bytes
      K7      rows=8  idx_cols=0  ~128 bytes
      K8      rows=4  idx_cols=0  ~64 bytes
      K9      rows=2  idx_cols=0  ~32 bytes
      K10     rows=8  idx_cols=0  ~128 bytes
      K11     rows=8  idx_cols=0  ~128 bytes
      K12     rows=4  idx_cols=0  ~64 bytes
      K13     rows=8  idx_cols=0  ~128 bytes
      K14     rows=8  idx_cols=0  ~128 bytes
      K15     rows=4  idx_cols=0  ~64 bytes
      K16     rows=8  idx_cols=0  ~128 bytes
      K17     rows=2  idx_cols=0  ~32 bytes
      K18     rows=8  idx_cols=0  ~128 bytes
      K19     rows=4  idx_cols=0  ~64 bytes
      K20     rows=8  idx_cols=0  ~128 bytes
      K21     rows=8  idx_cols=0  ~128 bytes
      K22     rows=16  idx_cols=0  ~256 bytes
      K23     rows=16  idx_cols=0  ~256 bytes
      K24     rows=16  idx_cols=0  ~256 bytes
      K25     rows=8  idx_cols=0  ~128 bytes
      K26     rows=16  idx_cols=0  ~256 bytes
      K27     rows=16  idx_cols=0  ~256 bytes
      K28     rows=8  idx_cols=0  ~128 bytes
      K29     rows=8  idx_cols=0  ~128 bytes
      K30     rows=8  idx_cols=0  ~128 bytes
      K31     rows=4  idx_cols=0  ~64 bytes
      K32     rows=4  idx_cols=0  ~64 bytes
      K33     rows=8  idx_cols=0  ~128 bytes
      K34     rows=8  idx_cols=0  ~128 bytes
      K35     rows=16  idx_cols=0  ~256 bytes
      K36     rows=16  idx_cols=0  ~256 bytes
      K37     rows=8  idx_cols=0  ~128 bytes
      K38     rows=16  idx_cols=0  ~256 bytes
      K39     rows=16  idx_cols=0  ~256 bytes

  [Aer] 0213a89d0485efb4415924d5613293fd9e83253ab5b8ebd7602b911639ccd6a2  (4 qubits, depth 5)
    [+] statevector                [multi ]  wall=0.0048s  rss=203,156KB  vsz=5,012MB  Δmaj=0
    [+] statevector                [single]  wall=0.0044s  rss=203,156KB  vsz=5,012MB  Δmaj=0
    [-] stabilizer                 [multi ]  wall=0.0063s  rss=203,156KB  vsz=5,012MB  Δmaj=0
    [-] stabilizer                 [single]  wall=0.0025s  rss=203,156KB  vsz=5,012MB  Δmaj=0
    [+] density_matrix             [multi ]  wall=0.0033s  rss=203,156KB  vsz=5,012MB  Δmaj=0
    [+] density_matrix             [single]  wall=0.0045s  rss=203,156KB  vsz=5,012MB  Δmaj=0
    [+] matrix_product_state       [multi ]  wall=0.0215s  rss=204,136KB  vsz=5,556MB  Δmaj=0
    [+] matrix_product_state       [single]  wall=0.0179s  rss=201,852KB  vsz=7,038MB  Δmaj=0
    [-] extended_stabilizer        [multi ]  wall=0.0026s  rss=201,752KB  vsz=7,050MB  Δmaj=0
    [-] extended_stabilizer        [single]  wall=0.0025s  rss=201,752KB  vsz=7,050MB  Δmaj=0
    [+] unitary                    [multi ]  wall=0.0527s  rss=202,236KB  vsz=7,050MB  Δmaj=0
    [+] unitary                    [single]  wall=0.0039s  rss=202,500KB  vsz=7,050MB  Δmaj=0
    [+] automatic                  [multi ]  wall=0.0035s  rss=202,500KB  vsz=7,050MB  Δmaj=0
    [+] automatic                  [single]  wall=0.0044s  rss=202,500KB  vsz=7,050MB  Δmaj=0
