
  [SQLite] 0218cba179f89ecd90157e321a5180ad5eefc74b5746507e99ccb4d5334f55ca
    total CTEs  : 31  (tensor CTEs: 8, contraction CTEs: 23)
    SQL length  : 8,635 chars
    Counting rows per K_i CTE (23 contraction CTEs)...
      K1      rows=8  idx_cols=0  ~128 bytes
      K2      rows=8  idx_cols=0  ~128 bytes
      K3      rows=2  idx_cols=0  ~32 bytes
      K4      rows=2  idx_cols=0  ~32 bytes
      K5      rows=8  idx_cols=0  ~128 bytes
      K6      rows=4  idx_cols=0  ~64 bytes
      K7      rows=4  idx_cols=0  ~64 bytes
      K8      rows=4  idx_cols=0  ~64 bytes
      K9      rows=8  idx_cols=0  ~128 bytes
      K10     rows=4  idx_cols=0  ~64 bytes
      K11     rows=4  idx_cols=0  ~64 bytes
      K12     rows=4  idx_cols=0  ~64 bytes
      K13     rows=4  idx_cols=0  ~64 bytes
      K14     rows=8  idx_cols=0  ~128 bytes
      K15     rows=8  idx_cols=0  ~128 bytes
      K16     rows=8  idx_cols=0  ~128 bytes
      K17     rows=8  idx_cols=0  ~128 bytes
      K18     rows=4  idx_cols=0  ~64 bytes
      K19     rows=16  idx_cols=0  ~256 bytes
      K20     rows=16  idx_cols=0  ~256 bytes
      K21     rows=16  idx_cols=0  ~256 bytes
      K22     rows=4  idx_cols=0  ~64 bytes
      K23     rows=4  idx_cols=0  ~64 bytes

  [Aer] 0218cba179f89ecd90157e321a5180ad5eefc74b5746507e99ccb4d5334f55ca  (2 qubits, depth 22)
    [+] statevector                [multi ]  wall=0.0034s  rss=199,944KB  vsz=5,010MB  Δmaj=0
    [+] statevector                [single]  wall=0.0021s  rss=199,944KB  vsz=5,010MB  Δmaj=0
    [-] stabilizer                 [multi ]  wall=0.0010s  rss=199,944KB  vsz=5,010MB  Δmaj=0
    [-] stabilizer                 [single]  wall=0.0009s  rss=200,260KB  vsz=5,010MB  Δmaj=0
    [+] density_matrix             [multi ]  wall=0.0042s  rss=200,260KB  vsz=5,010MB  Δmaj=0
    [+] density_matrix             [single]  wall=0.0020s  rss=200,260KB  vsz=5,010MB  Δmaj=0
    [+] matrix_product_state       [multi ]  wall=0.0065s  rss=200,260KB  vsz=5,778MB  Δmaj=0
    [+] matrix_product_state       [single]  wall=0.0057s  rss=200,260KB  vsz=5,778MB  Δmaj=0
    [-] extended_stabilizer        [multi ]  wall=0.0010s  rss=200,260KB  vsz=5,778MB  Δmaj=0
    [-] extended_stabilizer        [single]  wall=0.0010s  rss=200,260KB  vsz=5,778MB  Δmaj=0
    [+] unitary                    [multi ]  wall=0.0010s  rss=200,260KB  vsz=5,778MB  Δmaj=0
    [+] unitary                    [single]  wall=0.0026s  rss=200,260KB  vsz=5,778MB  Δmaj=0
    [+] automatic                  [multi ]  wall=0.0074s  rss=201,668KB  vsz=5,778MB  Δmaj=0
    [+] automatic                  [single]  wall=0.0020s  rss=201,668KB  vsz=5,778MB  Δmaj=0
