
  [SQLite] 02201da842a13322d153fd2b9aef71dd71b0f4477993b1efd78749dd3ed42af7
    total CTEs  : 87  (tensor CTEs: 5, contraction CTEs: 82)
    SQL length  : 25,018 chars
    Counting rows per K_i CTE (82 contraction CTEs)...
      K1      rows=2  idx_cols=0  ~32 bytes
      K2      rows=2  idx_cols=0  ~32 bytes
      K3      rows=2  idx_cols=0  ~32 bytes
      K4      rows=2  idx_cols=0  ~32 bytes
      K5      rows=2  idx_cols=0  ~32 bytes
      K6      rows=2  idx_cols=0  ~32 bytes
      K7      rows=8  idx_cols=0  ~128 bytes
      K8      rows=2  idx_cols=0  ~32 bytes
      K9      rows=2  idx_cols=0  ~32 bytes
      K10     rows=2  idx_cols=0  ~32 bytes
      K11     rows=8  idx_cols=0  ~128 bytes
      K12     rows=2  idx_cols=0  ~32 bytes
      K13     rows=2  idx_cols=0  ~32 bytes
      K14     rows=8  idx_cols=0  ~128 bytes
      K15     rows=8  idx_cols=0  ~128 bytes
      K16     rows=16  idx_cols=0  ~256 bytes
      K17     rows=8  idx_cols=0  ~128 bytes
      K18     rows=2  idx_cols=0  ~32 bytes
      K19     rows=16  idx_cols=0  ~256 bytes
      K20     rows=8  idx_cols=0  ~128 bytes
      K21     rows=8  idx_cols=0  ~128 bytes
      K22     rows=8  idx_cols=0  ~128 bytes
      K23     rows=4  idx_cols=0  ~64 bytes
      K24     rows=8  idx_cols=0  ~128 bytes
      K25     rows=8  idx_cols=0  ~128 bytes
      K26     rows=2  idx_cols=0  ~32 bytes
      K27     rows=2  idx_cols=0  ~32 bytes
      K28     rows=4  idx_cols=0  ~64 bytes
      K29     rows=8  idx_cols=0  ~128 bytes
      K30     rows=2  idx_cols=0  ~32 bytes
      K31     rows=8  idx_cols=0  ~128 bytes
      K32     rows=8  idx_cols=0  ~128 bytes
      K33     rows=2  idx_cols=0  ~32 bytes
      K34     rows=8  idx_cols=0  ~128 bytes
      K35     rows=8  idx_cols=0  ~128 bytes
      K36     rows=2  idx_cols=0  ~32 bytes
      K37     rows=4  idx_cols=0  ~64 bytes
      K38     rows=4  idx_cols=0  ~64 bytes
      K39     rows=4  idx_cols=0  ~64 bytes
      K40     rows=16  idx_cols=0  ~256 bytes
      K41     rows=8  idx_cols=0  ~128 bytes
      K42     rows=32  idx_cols=0  ~512 bytes
      K43     rows=32  idx_cols=0  ~512 bytes
      K44     rows=4  idx_cols=0  ~64 bytes
      K45     rows=4  idx_cols=0  ~64 bytes
      K46     rows=4  idx_cols=0  ~64 bytes
      K47     rows=4  idx_cols=0  ~64 bytes
      K48     rows=8  idx_cols=0  ~128 bytes
      K49     rows=8  idx_cols=0  ~128 bytes
      K50     rows=32  idx_cols=0  ~512 bytes
      K51     rows=8  idx_cols=0  ~128 bytes
      K52     rows=8  idx_cols=0  ~128 bytes
      K53     rows=16  idx_cols=0  ~256 bytes
      K54     rows=32  idx_cols=0  ~512 bytes
      K55     rows=8  idx_cols=0  ~128 bytes
      K56     rows=8  idx_cols=0  ~128 bytes
      K57     rows=16  idx_cols=0  ~256 bytes
      K58     rows=4  idx_cols=0  ~64 bytes
      K59     rows=8  idx_cols=0  ~128 bytes
      K60     rows=8  idx_cols=0  ~128 bytes
      K61     rows=32  idx_cols=0  ~512 bytes
      K62     rows=64  idx_cols=0  ~1024 bytes
      K63     rows=32  idx_cols=0  ~512 bytes
      K64     rows=32  idx_cols=0  ~512 bytes
      K65     rows=4  idx_cols=0  ~64 bytes
      K66     rows=16  idx_cols=0  ~256 bytes
      K67     rows=64  idx_cols=0  ~1024 bytes
      K68     rows=16  idx_cols=0  ~256 bytes
      K69     rows=64  idx_cols=0  ~1024 bytes
      K70     rows=256  idx_cols=0  ~4096 bytes
      K71     rows=128  idx_cols=0  ~2048 bytes
      K72     rows=16  idx_cols=0  ~256 bytes
      K73     rows=64  idx_cols=0  ~1024 bytes
      K74     rows=128  idx_cols=0  ~2048 bytes
      K75     rows=512  idx_cols=0  ~8192 bytes
      K76     rows=32  idx_cols=0  ~512 bytes
      K77     rows=32  idx_cols=0  ~512 bytes
      K78     rows=512  idx_cols=0  ~8192 bytes
      K79     rows=256  idx_cols=0  ~4096 bytes
      K80     rows=4096  idx_cols=0  ~65536 bytes
      K81     rows=64  idx_cols=0  ~1024 bytes
      K82     rows=4096  idx_cols=0  ~65536 bytes

  [Aer] 02201da842a13322d153fd2b9aef71dd71b0f4477993b1efd78749dd3ed42af7  (15 qubits, depth 22)
    [+] statevector                [multi ]  wall=0.0087s  rss=211,264KB  vsz=6,514MB  Δmaj=0
    [+] statevector                [single]  wall=0.0183s  rss=211,584KB  vsz=6,514MB  Δmaj=0
    [+] stabilizer                 [multi ]  wall=0.0065s  rss=211,908KB  vsz=6,514MB  Δmaj=0
    [+] stabilizer                 [single]  wall=0.0079s  rss=211,908KB  vsz=6,514MB  Δmaj=0
    [+] density_matrix             [multi ]  wall=102.8174s  rss=212,368KB  vsz=6,514MB  Δmaj=0
    [+] density_matrix             [single]  wall=1103.6816s  rss=212,368KB  vsz=6,514MB  Δmaj=0
    [+] matrix_product_state       [multi ]  wall=0.3868s  rss=255,244KB  vsz=6,898MB  Δmaj=0
    [+] matrix_product_state       [single]  wall=1.0107s  rss=257,576KB  vsz=6,898MB  Δmaj=0
    [+] extended_stabilizer        [multi ]  wall=0.0046s  rss=257,576KB  vsz=6,898MB  Δmaj=0
    [+] extended_stabilizer        [single]  wall=0.0046s  rss=257,576KB  vsz=6,898MB  Δmaj=0
    [+] unitary                    [multi ]  wall=25.9838s  rss=17,035,476KB  vsz=23,282MB  Δmaj=0
    [+] unitary                    [single]  wall=290.1334s  rss=17,035,504KB  vsz=23,282MB  Δmaj=0
    [+] automatic                  [multi ]  wall=0.3994s  rss=258,292KB  vsz=6,898MB  Δmaj=0
    [+] automatic                  [single]  wall=0.0069s  rss=258,292KB  vsz=6,898MB  Δmaj=0
