
  [SQLite] 02203a840fe1ce9c9e5e1cf6bc71c87709fafc205fce6b2c79e12961b46ad36f
    total CTEs  : 28  (tensor CTEs: 5, contraction CTEs: 23)
    SQL length  : 7,959 chars
    Counting rows per K_i CTE (23 contraction CTEs)...
      K1      rows=8  idx_cols=0  ~128 bytes
      K2      rows=2  idx_cols=0  ~32 bytes
      K3      rows=8  idx_cols=0  ~128 bytes
      K4      rows=2  idx_cols=0  ~32 bytes
      K5      rows=8  idx_cols=0  ~128 bytes
      K6      rows=8  idx_cols=0  ~128 bytes
      K7      rows=16  idx_cols=0  ~256 bytes
      K8      rows=2  idx_cols=0  ~32 bytes
      K9      rows=8  idx_cols=0  ~128 bytes
      K10     rows=8  idx_cols=0  ~128 bytes
      K11     rows=2  idx_cols=0  ~32 bytes
      K12     rows=2  idx_cols=0  ~32 bytes
      K13     rows=8  idx_cols=0  ~128 bytes
      K14     rows=8  idx_cols=0  ~128 bytes
      K15     rows=16  idx_cols=0  ~256 bytes
      K16     rows=8  idx_cols=0  ~128 bytes
      K17     rows=8  idx_cols=0  ~128 bytes
      K18     rows=4  idx_cols=0  ~64 bytes
      K19     rows=8  idx_cols=0  ~128 bytes
      K20     rows=16  idx_cols=0  ~256 bytes
      K21     rows=8  idx_cols=0  ~128 bytes
      K22     rows=16  idx_cols=0  ~256 bytes
      K23     rows=8  idx_cols=0  ~128 bytes

  [Aer] 02203a840fe1ce9c9e5e1cf6bc71c87709fafc205fce6b2c79e12961b46ad36f  (3 qubits, depth 509)
    [+] statevector                [multi ]  wall=0.0127s  rss=201,936KB  vsz=5,011MB  Δmaj=0
    [+] statevector                [single]  wall=0.0119s  rss=201,936KB  vsz=5,011MB  Δmaj=0
    [-] stabilizer                 [multi ]  wall=0.0080s  rss=201,936KB  vsz=5,011MB  Δmaj=0
    [-] stabilizer                 [single]  wall=0.0124s  rss=201,936KB  vsz=5,011MB  Δmaj=0
    [+] density_matrix             [multi ]  wall=0.0100s  rss=202,196KB  vsz=5,011MB  Δmaj=0
    [+] density_matrix             [single]  wall=0.0188s  rss=202,196KB  vsz=5,011MB  Δmaj=0
    [+] matrix_product_state       [multi ]  wall=0.0105s  rss=203,052KB  vsz=5,043MB  Δmaj=0
    [+] matrix_product_state       [single]  wall=0.0213s  rss=203,052KB  vsz=5,043MB  Δmaj=0
    [-] extended_stabilizer        [multi ]  wall=0.0077s  rss=203,052KB  vsz=5,043MB  Δmaj=0
    [-] extended_stabilizer        [single]  wall=0.0077s  rss=203,052KB  vsz=5,043MB  Δmaj=0
    [+] unitary                    [multi ]  wall=0.0091s  rss=203,052KB  vsz=5,043MB  Δmaj=0
    [+] unitary                    [single]  wall=0.0092s  rss=203,052KB  vsz=5,043MB  Δmaj=0
    [+] automatic                  [multi ]  wall=0.0125s  rss=203,052KB  vsz=5,043MB  Δmaj=0
    [+] automatic                  [single]  wall=0.0153s  rss=202,660KB  vsz=6,537MB  Δmaj=0
