
  [SQLite] 022c70d9bacdd8ab907ce309e8852ec025a37b1f30503dc587de2b45c6ef1eb4
    total CTEs  : 29  (tensor CTEs: 5, contraction CTEs: 24)
    SQL length  : 8,159 chars
    Counting rows per K_i CTE (24 contraction CTEs)...
      K1      rows=2  idx_cols=0  ~32 bytes
      K2      rows=4  idx_cols=0  ~64 bytes
      K3      rows=2  idx_cols=0  ~32 bytes
      K4      rows=2  idx_cols=0  ~32 bytes
      K5      rows=4  idx_cols=0  ~64 bytes
      K6      rows=8  idx_cols=0  ~128 bytes
      K7      rows=4  idx_cols=0  ~64 bytes
      K8      rows=16  idx_cols=0  ~256 bytes
      K9      rows=16  idx_cols=0  ~256 bytes
      K10     rows=8  idx_cols=0  ~128 bytes
      K11     rows=4  idx_cols=0  ~64 bytes
      K12     rows=8  idx_cols=0  ~128 bytes
      K13     rows=16  idx_cols=0  ~256 bytes
      K14     rows=16  idx_cols=0  ~256 bytes
      K15     rows=4  idx_cols=0  ~64 bytes
      K16     rows=8  idx_cols=0  ~128 bytes
      K17     rows=16  idx_cols=0  ~256 bytes
      K18     rows=8  idx_cols=0  ~128 bytes
      K19     rows=8  idx_cols=0  ~128 bytes
      K20     rows=16  idx_cols=0  ~256 bytes
      K21     rows=4  idx_cols=0  ~64 bytes
      K22     rows=8  idx_cols=0  ~128 bytes
      K23     rows=16  idx_cols=0  ~256 bytes
      K24     rows=8  idx_cols=0  ~128 bytes

  [Aer] 022c70d9bacdd8ab907ce309e8852ec025a37b1f30503dc587de2b45c6ef1eb4  (3 qubits, depth 7)
    [+] statevector                [multi ]  wall=0.0034s  rss=200,116KB  vsz=5,011MB  Δmaj=0
    [+] statevector                [single]  wall=0.0047s  rss=200,116KB  vsz=5,011MB  Δmaj=0
    [-] stabilizer                 [multi ]  wall=0.0017s  rss=200,116KB  vsz=5,011MB  Δmaj=0
    [-] stabilizer                 [single]  wall=0.0015s  rss=200,116KB  vsz=5,011MB  Δmaj=0
    [+] density_matrix             [multi ]  wall=0.0159s  rss=201,200KB  vsz=5,011MB  Δmaj=0
    [+] density_matrix             [single]  wall=0.0053s  rss=201,200KB  vsz=5,011MB  Δmaj=0
    [+] matrix_product_state       [multi ]  wall=0.0189s  rss=201,200KB  vsz=5,491MB  Δmaj=0
    [+] matrix_product_state       [single]  wall=0.0098s  rss=201,200KB  vsz=5,491MB  Δmaj=0
    [-] extended_stabilizer        [multi ]  wall=0.0015s  rss=201,200KB  vsz=5,491MB  Δmaj=0
    [-] extended_stabilizer        [single]  wall=0.0015s  rss=201,200KB  vsz=5,491MB  Δmaj=0
    [+] unitary                    [multi ]  wall=0.0021s  rss=201,200KB  vsz=5,491MB  Δmaj=0
    [+] unitary                    [single]  wall=0.0021s  rss=201,200KB  vsz=5,491MB  Δmaj=0
    [+] automatic                  [multi ]  wall=0.0056s  rss=201,200KB  vsz=5,491MB  Δmaj=0
    [+] automatic                  [single]  wall=0.0040s  rss=201,200KB  vsz=5,491MB  Δmaj=0
