
  [SQLite] 023ba122b228f2d20b7344cb6c5f5d6555df0eea338254a197953dd614f883c9
    total CTEs  : 43  (tensor CTEs: 5, contraction CTEs: 38)
    SQL length  : 11,241 chars
    Counting rows per K_i CTE (38 contraction CTEs)...
      K1      rows=2  idx_cols=0  ~32 bytes
      K2      rows=8  idx_cols=0  ~128 bytes
      K3      rows=2  idx_cols=0  ~32 bytes
      K4      rows=4  idx_cols=0  ~64 bytes
      K5      rows=8  idx_cols=0  ~128 bytes
      K6      rows=2  idx_cols=0  ~32 bytes
      K7      rows=2  idx_cols=0  ~32 bytes
      K8      rows=4  idx_cols=0  ~64 bytes
      K9      rows=4  idx_cols=0  ~64 bytes
      K10     rows=2  idx_cols=0  ~32 bytes
      K11     rows=2  idx_cols=0  ~32 bytes
      K12     rows=4  idx_cols=0  ~64 bytes
      K13     rows=4  idx_cols=0  ~64 bytes
      K14     rows=4  idx_cols=0  ~64 bytes
      K15     rows=2  idx_cols=0  ~32 bytes
      K16     rows=8  idx_cols=0  ~128 bytes
      K17     rows=4  idx_cols=0  ~64 bytes
      K18     rows=2  idx_cols=0  ~32 bytes
      K19     rows=4  idx_cols=0  ~64 bytes
      K20     rows=4  idx_cols=0  ~64 bytes
      K21     rows=4  idx_cols=0  ~64 bytes
      K22     rows=4  idx_cols=0  ~64 bytes
      K23     rows=4  idx_cols=0  ~64 bytes
      K24     rows=8  idx_cols=0  ~128 bytes
      K25     rows=4  idx_cols=0  ~64 bytes
      K26     rows=4  idx_cols=0  ~64 bytes
      K27     rows=8  idx_cols=0  ~128 bytes
      K28     rows=8  idx_cols=0  ~128 bytes
      K29     rows=8  idx_cols=0  ~128 bytes
      K30     rows=8  idx_cols=0  ~128 bytes
      K31     rows=32  idx_cols=0  ~512 bytes
      K32     rows=32  idx_cols=0  ~512 bytes
      K33     rows=512  idx_cols=0  ~8192 bytes
      K34     rows=1  idx_cols=0  ~16 bytes
      K35     rows=1  idx_cols=0  ~16 bytes
      K36     rows=1  idx_cols=0  ~16 bytes
      K37     rows=1  idx_cols=0  ~16 bytes
      K38     rows=1  idx_cols=0  ~16 bytes

  [Aer] 023ba122b228f2d20b7344cb6c5f5d6555df0eea338254a197953dd614f883c9  (15 qubits, depth 11)
    [+] statevector                [multi ]  wall=0.0038s  rss=200,864KB  vsz=5,012MB  Δmaj=0
    [+] statevector                [single]  wall=0.0070s  rss=200,864KB  vsz=5,012MB  Δmaj=0
    [+] stabilizer                 [multi ]  wall=0.0105s  rss=200,864KB  vsz=5,012MB  Δmaj=0
    [+] stabilizer                 [single]  wall=0.0076s  rss=200,864KB  vsz=5,012MB  Δmaj=0
    [+] density_matrix             [multi ]  wall=25.2359s  rss=199,460KB  vsz=6,506MB  Δmaj=0
    [+] density_matrix             [single]  wall=230.8283s  rss=199,500KB  vsz=6,506MB  Δmaj=0
    [+] matrix_product_state       [multi ]  wall=0.0031s  rss=199,500KB  vsz=6,538MB  Δmaj=0
    [+] matrix_product_state       [single]  wall=0.0137s  rss=199,500KB  vsz=6,538MB  Δmaj=0
    [+] extended_stabilizer        [multi ]  wall=0.0028s  rss=199,500KB  vsz=6,538MB  Δmaj=0
    [+] extended_stabilizer        [single]  wall=0.0027s  rss=199,500KB  vsz=6,538MB  Δmaj=0
    [+] unitary                    [multi ]  wall=6.0545s  rss=16,971,768KB  vsz=22,922MB  Δmaj=0
    [+] unitary                    [single]  wall=63.2655s  rss=16,972,068KB  vsz=22,922MB  Δmaj=0
    [+] automatic                  [multi ]  wall=0.4018s  rss=194,856KB  vsz=6,538MB  Δmaj=0
    [+] automatic                  [single]  wall=0.0073s  rss=194,856KB  vsz=6,538MB  Δmaj=0
