
  [SQLite] 024656a0eb44f8bf0fea4f295daec5da699f78c35b6b340a6ef6106f5bf87e44
    total CTEs  : 63  (tensor CTEs: 5, contraction CTEs: 58)
    SQL length  : 17,697 chars
    Counting rows per K_i CTE (58 contraction CTEs)...
      K1      rows=2  idx_cols=0  ~32 bytes
      K2      rows=2  idx_cols=0  ~32 bytes
      K3      rows=2  idx_cols=0  ~32 bytes
      K4      rows=2  idx_cols=0  ~32 bytes
      K5      rows=2  idx_cols=0  ~32 bytes
      K6      rows=2  idx_cols=0  ~32 bytes
      K7      rows=2  idx_cols=0  ~32 bytes
      K8      rows=2  idx_cols=0  ~32 bytes
      K9      rows=8  idx_cols=0  ~128 bytes
      K10     rows=2  idx_cols=0  ~32 bytes
      K11     rows=8  idx_cols=0  ~128 bytes
      K12     rows=4  idx_cols=0  ~64 bytes
      K13     rows=2  idx_cols=0  ~32 bytes
      K14     rows=8  idx_cols=0  ~128 bytes
      K15     rows=8  idx_cols=0  ~128 bytes
      K16     rows=8  idx_cols=0  ~128 bytes
      K17     rows=16  idx_cols=0  ~256 bytes
      K18     rows=4  idx_cols=0  ~64 bytes
      K19     rows=8  idx_cols=0  ~128 bytes
      K20     rows=8  idx_cols=0  ~128 bytes
      K21     rows=8  idx_cols=0  ~128 bytes
      K22     rows=8  idx_cols=0  ~128 bytes
      K23     rows=4  idx_cols=0  ~64 bytes
      K24     rows=8  idx_cols=0  ~128 bytes
      K25     rows=2  idx_cols=0  ~32 bytes
      K26     rows=2  idx_cols=0  ~32 bytes
      K27     rows=8  idx_cols=0  ~128 bytes
      K28     rows=2  idx_cols=0  ~32 bytes
      K29     rows=8  idx_cols=0  ~128 bytes
      K30     rows=4  idx_cols=0  ~64 bytes
      K31     rows=2  idx_cols=0  ~32 bytes
      K32     rows=8  idx_cols=0  ~128 bytes
      K33     rows=32  idx_cols=0  ~512 bytes
      K34     rows=32  idx_cols=0  ~512 bytes
      K35     rows=32  idx_cols=0  ~512 bytes
      K36     rows=4  idx_cols=0  ~64 bytes
      K37     rows=64  idx_cols=0  ~1024 bytes
      K38     rows=64  idx_cols=0  ~1024 bytes
      K39     rows=16  idx_cols=0  ~256 bytes
      K40     rows=4  idx_cols=0  ~64 bytes
      K41     rows=16  idx_cols=0  ~256 bytes
      K42     rows=8  idx_cols=0  ~128 bytes
      K43     rows=16  idx_cols=0  ~256 bytes
      K44     rows=16  idx_cols=0  ~256 bytes
      K45     rows=16  idx_cols=0  ~256 bytes
      K46     rows=16  idx_cols=0  ~256 bytes
      K47     rows=8  idx_cols=0  ~128 bytes
      K48     rows=32  idx_cols=0  ~512 bytes
      K49     rows=32  idx_cols=0  ~512 bytes
      K50     rows=16  idx_cols=0  ~256 bytes
      K51     rows=8  idx_cols=0  ~128 bytes
      K52     rows=128  idx_cols=0  ~2048 bytes
      K53     rows=32  idx_cols=0  ~512 bytes
      K54     rows=64  idx_cols=0  ~1024 bytes
      K55     rows=256  idx_cols=0  ~4096 bytes
      K56     rows=256  idx_cols=0  ~4096 bytes
      K57     rows=512  idx_cols=0  ~8192 bytes
      K58     rows=512  idx_cols=0  ~8192 bytes

  [Aer] 024656a0eb44f8bf0fea4f295daec5da699f78c35b6b340a6ef6106f5bf87e44  (12 qubits, depth 20)
    [+] statevector                [multi ]  wall=0.0073s  rss=206,872KB  vsz=6,510MB  Δmaj=0
    [+] statevector                [single]  wall=0.0066s  rss=206,872KB  vsz=6,510MB  Δmaj=0
    [+] stabilizer                 [multi ]  wall=0.0091s  rss=206,872KB  vsz=6,510MB  Δmaj=0
    [+] stabilizer                 [single]  wall=0.0061s  rss=206,872KB  vsz=6,510MB  Δmaj=0
    [+] density_matrix             [multi ]  wall=1.4069s  rss=204,968KB  vsz=6,510MB  Δmaj=21
    [+] density_matrix             [single]  wall=11.4451s  rss=204,968KB  vsz=6,510MB  Δmaj=0
    [+] matrix_product_state       [multi ]  wall=0.0630s  rss=211,328KB  vsz=6,990MB  Δmaj=0
    [+] matrix_product_state       [single]  wall=0.1098s  rss=211,328KB  vsz=6,990MB  Δmaj=0
    [+] extended_stabilizer        [multi ]  wall=0.0037s  rss=211,328KB  vsz=6,990MB  Δmaj=0
    [+] extended_stabilizer        [single]  wall=0.0037s  rss=211,328KB  vsz=6,990MB  Δmaj=0
    [+] unitary                    [multi ]  wall=0.3317s  rss=471,216KB  vsz=7,246MB  Δmaj=0
    [+] unitary                    [single]  wall=3.2349s  rss=471,408KB  vsz=7,246MB  Δmaj=0
    [+] automatic                  [multi ]  wall=0.0233s  rss=209,268KB  vsz=6,990MB  Δmaj=0
    [+] automatic                  [single]  wall=0.0050s  rss=209,268KB  vsz=6,990MB  Δmaj=0
