
  [SQLite] 02595ca6a3c37521eaa735c747fe095e9502c5260b8b2e318a97e6e61a2a57c1
    total CTEs  : 46  (tensor CTEs: 6, contraction CTEs: 40)
    SQL length  : 12,828 chars
    Counting rows per K_i CTE (40 contraction CTEs)...
      K1      rows=2  idx_cols=0  ~32 bytes
      K2      rows=8  idx_cols=0  ~128 bytes
      K3      rows=4  idx_cols=0  ~64 bytes
      K4      rows=8  idx_cols=0  ~128 bytes
      K5      rows=4  idx_cols=0  ~64 bytes
      K6      rows=16  idx_cols=0  ~256 bytes
      K7      rows=8  idx_cols=0  ~128 bytes
      K8      rows=4  idx_cols=0  ~64 bytes
      K9      rows=4  idx_cols=0  ~64 bytes
      K10     rows=2  idx_cols=0  ~32 bytes
      K11     rows=8  idx_cols=0  ~128 bytes
      K12     rows=16  idx_cols=0  ~256 bytes
      K13     rows=2  idx_cols=0  ~32 bytes
      K14     rows=4  idx_cols=0  ~64 bytes
      K15     rows=8  idx_cols=0  ~128 bytes
      K16     rows=16  idx_cols=0  ~256 bytes
      K17     rows=8  idx_cols=0  ~128 bytes
      K18     rows=4  idx_cols=0  ~64 bytes
      K19     rows=8  idx_cols=0  ~128 bytes
      K20     rows=8  idx_cols=0  ~128 bytes
      K21     rows=8  idx_cols=0  ~128 bytes
      K22     rows=8  idx_cols=0  ~128 bytes
      K23     rows=2  idx_cols=0  ~32 bytes
      K24     rows=2  idx_cols=0  ~32 bytes
      K25     rows=8  idx_cols=0  ~128 bytes
      K26     rows=2  idx_cols=0  ~32 bytes
      K27     rows=4  idx_cols=0  ~64 bytes
      K28     rows=4  idx_cols=0  ~64 bytes
      K29     rows=16  idx_cols=0  ~256 bytes
      K30     rows=16  idx_cols=0  ~256 bytes
      K31     rows=8  idx_cols=0  ~128 bytes
      K32     rows=16  idx_cols=0  ~256 bytes
      K33     rows=16  idx_cols=0  ~256 bytes
      K34     rows=16  idx_cols=0  ~256 bytes
      K35     rows=32  idx_cols=0  ~512 bytes
      K36     rows=16  idx_cols=0  ~256 bytes
      K37     rows=16  idx_cols=0  ~256 bytes
      K38     rows=32  idx_cols=0  ~512 bytes
      K39     rows=32  idx_cols=0  ~512 bytes
      K40     rows=32  idx_cols=0  ~512 bytes

  [Aer] 02595ca6a3c37521eaa735c747fe095e9502c5260b8b2e318a97e6e61a2a57c1  (5 qubits, depth 18)
    [+] statevector                [multi ]  wall=0.0032s  rss=202,412KB  vsz=5,012MB  Δmaj=0
    [+] statevector                [single]  wall=0.0068s  rss=202,412KB  vsz=5,012MB  Δmaj=0
    [-] stabilizer                 [multi ]  wall=0.0017s  rss=202,412KB  vsz=5,012MB  Δmaj=0
    [-] stabilizer                 [single]  wall=0.0014s  rss=202,412KB  vsz=5,013MB  Δmaj=0
    [+] density_matrix             [multi ]  wall=0.0424s  rss=200,392KB  vsz=6,507MB  Δmaj=0
    [+] density_matrix             [single]  wall=0.0035s  rss=200,392KB  vsz=6,507MB  Δmaj=0
    [+] matrix_product_state       [multi ]  wall=0.0556s  rss=200,652KB  vsz=7,019MB  Δmaj=0
    [+] matrix_product_state       [single]  wall=0.0215s  rss=200,652KB  vsz=7,019MB  Δmaj=0
    [-] extended_stabilizer        [multi ]  wall=0.0025s  rss=200,652KB  vsz=7,019MB  Δmaj=0
    [-] extended_stabilizer        [single]  wall=0.0025s  rss=200,652KB  vsz=7,019MB  Δmaj=0
    [+] unitary                    [multi ]  wall=0.0119s  rss=200,652KB  vsz=7,019MB  Δmaj=0
    [+] unitary                    [single]  wall=0.0028s  rss=200,652KB  vsz=7,019MB  Δmaj=0
    [+] automatic                  [multi ]  wall=0.0357s  rss=200,652KB  vsz=7,019MB  Δmaj=0
    [+] automatic                  [single]  wall=0.0030s  rss=200,652KB  vsz=7,019MB  Δmaj=0
