
  [SQLite] 025b850f34d5d01976c174d5930cbbc7b7ccd82eef96c119ffd7b98bb6334c9b
    total CTEs  : 61  (tensor CTEs: 10, contraction CTEs: 51)
    SQL length  : 16,726 chars
    Counting rows per K_i CTE (51 contraction CTEs)...
      K1      rows=2  idx_cols=0  ~32 bytes
      K2      rows=2  idx_cols=0  ~32 bytes
      K3      rows=2  idx_cols=0  ~32 bytes
      K4      rows=2  idx_cols=0  ~32 bytes
      K5      rows=8  idx_cols=0  ~128 bytes
      K6      rows=2  idx_cols=0  ~32 bytes
      K7      rows=8  idx_cols=0  ~128 bytes
      K8      rows=4  idx_cols=0  ~64 bytes
      K9      rows=16  idx_cols=0  ~256 bytes
      K10     rows=2  idx_cols=0  ~32 bytes
      K11     rows=2  idx_cols=0  ~32 bytes
      K12     rows=8  idx_cols=0  ~128 bytes
      K13     rows=8  idx_cols=0  ~128 bytes
      K14     rows=8  idx_cols=0  ~128 bytes
      K15     rows=8  idx_cols=0  ~128 bytes
      K16     rows=16  idx_cols=0  ~256 bytes
      K17     rows=4  idx_cols=0  ~64 bytes
      K18     rows=8  idx_cols=0  ~128 bytes
      K19     rows=4  idx_cols=0  ~64 bytes
      K20     rows=8  idx_cols=0  ~128 bytes
      K21     rows=8  idx_cols=0  ~128 bytes
      K22     rows=16  idx_cols=0  ~256 bytes
      K23     rows=4  idx_cols=0  ~64 bytes
      K24     rows=4  idx_cols=0  ~64 bytes
      K25     rows=16  idx_cols=0  ~256 bytes
      K26     rows=4  idx_cols=0  ~64 bytes
      K27     rows=2  idx_cols=0  ~32 bytes
      K28     rows=8  idx_cols=0  ~128 bytes
      K29     rows=8  idx_cols=0  ~128 bytes
      K30     rows=16  idx_cols=0  ~256 bytes
      K31     rows=4  idx_cols=0  ~64 bytes
      K32     rows=8  idx_cols=0  ~128 bytes
      K33     rows=2  idx_cols=0  ~32 bytes
      K34     rows=8  idx_cols=0  ~128 bytes
      K35     rows=16  idx_cols=0  ~256 bytes
      K36     rows=4  idx_cols=0  ~64 bytes
      K37     rows=4  idx_cols=0  ~64 bytes
      K38     rows=16  idx_cols=0  ~256 bytes
      K39     rows=2  idx_cols=0  ~32 bytes
      K40     rows=2  idx_cols=0  ~32 bytes
      K41     rows=4  idx_cols=0  ~64 bytes
      K42     rows=4  idx_cols=0  ~64 bytes
      K43     rows=4  idx_cols=0  ~64 bytes
      K44     rows=4  idx_cols=0  ~64 bytes
      K45     rows=4  idx_cols=0  ~64 bytes
      K46     rows=4  idx_cols=0  ~64 bytes
      K47     rows=4  idx_cols=0  ~64 bytes
      K48     rows=8  idx_cols=0  ~128 bytes
      K49     rows=8  idx_cols=0  ~128 bytes
      K50     rows=4  idx_cols=0  ~64 bytes
      K51     rows=8  idx_cols=0  ~128 bytes

  [Aer] 025b850f34d5d01976c174d5930cbbc7b7ccd82eef96c119ffd7b98bb6334c9b  (7 qubits, depth 21)
    [+] statevector                [multi ]  wall=0.0038s  rss=204,804KB  vsz=6,509MB  Δmaj=0
    [+] statevector                [single]  wall=0.0030s  rss=204,804KB  vsz=6,509MB  Δmaj=0
    [-] stabilizer                 [multi ]  wall=0.0021s  rss=204,804KB  vsz=6,509MB  Δmaj=0
    [-] stabilizer                 [single]  wall=0.0047s  rss=204,804KB  vsz=6,509MB  Δmaj=0
    [+] density_matrix             [multi ]  wall=0.0509s  rss=205,640KB  vsz=6,509MB  Δmaj=0
    [+] density_matrix             [single]  wall=0.0087s  rss=205,640KB  vsz=6,509MB  Δmaj=0
    [+] matrix_product_state       [multi ]  wall=0.0384s  rss=205,904KB  vsz=7,053MB  Δmaj=0
    [+] matrix_product_state       [single]  wall=0.0332s  rss=205,904KB  vsz=7,053MB  Δmaj=0
    [-] extended_stabilizer        [multi ]  wall=0.0020s  rss=205,904KB  vsz=7,053MB  Δmaj=0
    [-] extended_stabilizer        [single]  wall=0.0023s  rss=205,904KB  vsz=7,053MB  Δmaj=0
    [+] unitary                    [multi ]  wall=0.0166s  rss=206,424KB  vsz=7,053MB  Δmaj=0
    [+] unitary                    [single]  wall=0.0097s  rss=206,856KB  vsz=7,053MB  Δmaj=0
    [+] automatic                  [multi ]  wall=0.0338s  rss=206,856KB  vsz=7,053MB  Δmaj=0
    [+] automatic                  [single]  wall=0.0043s  rss=206,856KB  vsz=7,053MB  Δmaj=0
