
  [SQLite] 025fd6c2b5c9fa71d1371055717861c5b4e26013f77beebd9aa6ef407414fd4a
    total CTEs  : 30  (tensor CTEs: 4, contraction CTEs: 26)
    SQL length  : 7,912 chars
    Counting rows per K_i CTE (26 contraction CTEs)...
      K1      rows=8  idx_cols=0  ~128 bytes
      K2      rows=8  idx_cols=0  ~128 bytes
      K3      rows=4  idx_cols=0  ~64 bytes
      K4      rows=8  idx_cols=0  ~128 bytes
      K5      rows=2  idx_cols=0  ~32 bytes
      K6      rows=4  idx_cols=0  ~64 bytes
      K7      rows=2  idx_cols=0  ~32 bytes
      K8      rows=4  idx_cols=0  ~64 bytes
      K9      rows=4  idx_cols=0  ~64 bytes
      K10     rows=4  idx_cols=0  ~64 bytes
      K11     rows=2  idx_cols=0  ~32 bytes
      K12     rows=2  idx_cols=0  ~32 bytes
      K13     rows=4  idx_cols=0  ~64 bytes
      K14     rows=8  idx_cols=0  ~128 bytes
      K15     rows=2  idx_cols=0  ~32 bytes
      K16     rows=4  idx_cols=0  ~64 bytes
      K17     rows=2  idx_cols=0  ~32 bytes
      K18     rows=16  idx_cols=0  ~256 bytes
      K19     rows=8  idx_cols=0  ~128 bytes
      K20     rows=4  idx_cols=0  ~64 bytes
      K21     rows=4  idx_cols=0  ~64 bytes
      K22     rows=4  idx_cols=0  ~64 bytes
      K23     rows=8  idx_cols=0  ~128 bytes
      K24     rows=16  idx_cols=0  ~256 bytes
      K25     rows=128  idx_cols=0  ~2048 bytes
      K26     rows=1  idx_cols=0  ~16 bytes

  [Aer] 025fd6c2b5c9fa71d1371055717861c5b4e26013f77beebd9aa6ef407414fd4a  (9 qubits, depth 9)
    [+] statevector                [multi ]  wall=0.0045s  rss=200,352KB  vsz=5,010MB  Δmaj=0
    [+] statevector                [single]  wall=0.0039s  rss=200,352KB  vsz=5,010MB  Δmaj=0
    [+] stabilizer                 [multi ]  wall=0.0035s  rss=200,352KB  vsz=5,010MB  Δmaj=0
    [+] stabilizer                 [single]  wall=0.0044s  rss=200,352KB  vsz=5,010MB  Δmaj=0
    [+] density_matrix             [multi ]  wall=0.0047s  rss=196,932KB  vsz=5,010MB  Δmaj=0
    [+] density_matrix             [single]  wall=0.0425s  rss=200,888KB  vsz=5,010MB  Δmaj=0
    [+] matrix_product_state       [multi ]  wall=0.0022s  rss=200,888KB  vsz=5,042MB  Δmaj=0
    [+] matrix_product_state       [single]  wall=0.0086s  rss=200,888KB  vsz=5,042MB  Δmaj=0
    [+] extended_stabilizer        [multi ]  wall=0.0024s  rss=200,888KB  vsz=5,042MB  Δmaj=0
    [+] extended_stabilizer        [single]  wall=0.0022s  rss=200,888KB  vsz=5,043MB  Δmaj=0
    [+] unitary                    [multi ]  wall=0.0030s  rss=200,888KB  vsz=5,043MB  Δmaj=0
    [+] unitary                    [single]  wall=0.0139s  rss=205,252KB  vsz=5,043MB  Δmaj=0
    [+] automatic                  [multi ]  wall=0.0188s  rss=205,252KB  vsz=5,043MB  Δmaj=0
    [+] automatic                  [single]  wall=0.0094s  rss=205,252KB  vsz=5,043MB  Δmaj=0
