
  [SQLite] 027c20d4ef7aaed7498a052c00871e90e44f69dcbe0690a78104cd06a5bfe0ef
    total CTEs  : 37  (tensor CTEs: 6, contraction CTEs: 31)
    SQL length  : 10,316 chars
    Counting rows per K_i CTE (31 contraction CTEs)...
      K1      rows=8  idx_cols=0  ~128 bytes
      K2      rows=8  idx_cols=0  ~128 bytes
      K3      rows=8  idx_cols=0  ~128 bytes
      K4      rows=2  idx_cols=0  ~32 bytes
      K5      rows=8  idx_cols=0  ~128 bytes
      K6      rows=8  idx_cols=0  ~128 bytes
      K7      rows=8  idx_cols=0  ~128 bytes
      K8      rows=8  idx_cols=0  ~128 bytes
      K9      rows=16  idx_cols=0  ~256 bytes
      K10     rows=2  idx_cols=0  ~32 bytes
      K11     rows=16  idx_cols=0  ~256 bytes
      K12     rows=16  idx_cols=0  ~256 bytes
      K13     rows=2  idx_cols=0  ~32 bytes
      K14     rows=4  idx_cols=0  ~64 bytes
      K15     rows=4  idx_cols=0  ~64 bytes
      K16     rows=16  idx_cols=0  ~256 bytes
      K17     rows=16  idx_cols=0  ~256 bytes
      K18     rows=8  idx_cols=0  ~128 bytes
      K19     rows=16  idx_cols=0  ~256 bytes
      K20     rows=8  idx_cols=0  ~128 bytes
      K21     rows=4  idx_cols=0  ~64 bytes
      K22     rows=16  idx_cols=0  ~256 bytes
      K23     rows=8  idx_cols=0  ~128 bytes
      K24     rows=8  idx_cols=0  ~128 bytes
      K25     rows=8  idx_cols=0  ~128 bytes
      K26     rows=8  idx_cols=0  ~128 bytes
      K27     rows=8  idx_cols=0  ~128 bytes
      K28     rows=16  idx_cols=0  ~256 bytes
      K29     rows=8  idx_cols=0  ~128 bytes
      K30     rows=8  idx_cols=0  ~128 bytes
      K31     rows=8  idx_cols=0  ~128 bytes

  [Aer] 027c20d4ef7aaed7498a052c00871e90e44f69dcbe0690a78104cd06a5bfe0ef  (3 qubits, depth 21)
    [+] statevector                [multi ]  wall=0.0025s  rss=200,840KB  vsz=5,011MB  Δmaj=0
    [+] statevector                [single]  wall=0.0059s  rss=200,840KB  vsz=5,011MB  Δmaj=0
    [-] stabilizer                 [multi ]  wall=0.0017s  rss=200,840KB  vsz=5,011MB  Δmaj=0
    [-] stabilizer                 [single]  wall=0.0031s  rss=200,840KB  vsz=5,012MB  Δmaj=0
    [+] density_matrix             [multi ]  wall=0.0016s  rss=200,840KB  vsz=5,012MB  Δmaj=0
    [+] density_matrix             [single]  wall=0.0022s  rss=201,100KB  vsz=5,012MB  Δmaj=0
    [+] matrix_product_state       [multi ]  wall=0.0124s  rss=201,100KB  vsz=5,748MB  Δmaj=0
    [+] matrix_product_state       [single]  wall=0.0089s  rss=201,100KB  vsz=5,748MB  Δmaj=0
    [-] extended_stabilizer        [multi ]  wall=0.0011s  rss=201,100KB  vsz=5,748MB  Δmaj=0
    [-] extended_stabilizer        [single]  wall=0.0010s  rss=201,100KB  vsz=5,748MB  Δmaj=0
    [+] unitary                    [multi ]  wall=0.0011s  rss=201,100KB  vsz=5,748MB  Δmaj=0
    [+] unitary                    [single]  wall=0.0010s  rss=201,100KB  vsz=5,748MB  Δmaj=0
    [+] automatic                  [multi ]  wall=0.0024s  rss=202,396KB  vsz=5,748MB  Δmaj=0
    [+] automatic                  [single]  wall=0.0028s  rss=202,396KB  vsz=5,748MB  Δmaj=0
