
  [SQLite] 028461c3d55dc941f2914dc7718c542648ebcc51bc427ab18894fc1ca1a649d0
    total CTEs  : 30  (tensor CTEs: 8, contraction CTEs: 22)
    SQL length  : 8,313 chars
    Counting rows per K_i CTE (22 contraction CTEs)...
      K1      rows=2  idx_cols=0  ~32 bytes
      K2      rows=8  idx_cols=0  ~128 bytes
      K3      rows=8  idx_cols=0  ~128 bytes
      K4      rows=8  idx_cols=0  ~128 bytes
      K5      rows=8  idx_cols=0  ~128 bytes
      K6      rows=4  idx_cols=0  ~64 bytes
      K7      rows=4  idx_cols=0  ~64 bytes
      K8      rows=2  idx_cols=0  ~32 bytes
      K9      rows=8  idx_cols=0  ~128 bytes
      K10     rows=16  idx_cols=0  ~256 bytes
      K11     rows=8  idx_cols=0  ~128 bytes
      K12     rows=16  idx_cols=0  ~256 bytes
      K13     rows=8  idx_cols=0  ~128 bytes
      K14     rows=4  idx_cols=0  ~64 bytes
      K15     rows=4  idx_cols=0  ~64 bytes
      K16     rows=4  idx_cols=0  ~64 bytes
      K17     rows=4  idx_cols=0  ~64 bytes
      K18     rows=4  idx_cols=0  ~64 bytes
      K19     rows=4  idx_cols=0  ~64 bytes
      K20     rows=4  idx_cols=0  ~64 bytes
      K21     rows=16  idx_cols=0  ~256 bytes
      K22     rows=16  idx_cols=0  ~256 bytes

  [Aer] 028461c3d55dc941f2914dc7718c542648ebcc51bc427ab18894fc1ca1a649d0  (2 qubits, depth 17)
    [+] statevector                [multi ]  wall=0.0024s  rss=199,720KB  vsz=5,009MB  Δmaj=0
    [+] statevector                [single]  wall=0.0037s  rss=199,720KB  vsz=5,009MB  Δmaj=0
    [-] stabilizer                 [multi ]  wall=0.0009s  rss=199,720KB  vsz=5,009MB  Δmaj=0
    [-] stabilizer                 [single]  wall=0.0009s  rss=199,720KB  vsz=5,009MB  Δmaj=0
    [+] density_matrix             [multi ]  wall=0.0462s  rss=199,720KB  vsz=5,009MB  Δmaj=0
    [+] density_matrix             [single]  wall=0.0020s  rss=199,720KB  vsz=5,009MB  Δmaj=0
    [+] matrix_product_state       [multi ]  wall=0.0183s  rss=199,720KB  vsz=5,713MB  Δmaj=0
    [+] matrix_product_state       [single]  wall=0.0098s  rss=199,720KB  vsz=5,713MB  Δmaj=0
    [-] extended_stabilizer        [multi ]  wall=0.0014s  rss=200,036KB  vsz=5,713MB  Δmaj=0
    [-] extended_stabilizer        [single]  wall=0.0014s  rss=200,036KB  vsz=5,713MB  Δmaj=0
    [+] unitary                    [multi ]  wall=0.0015s  rss=200,036KB  vsz=5,713MB  Δmaj=0
    [+] unitary                    [single]  wall=0.0015s  rss=200,036KB  vsz=5,713MB  Δmaj=0
    [+] automatic                  [multi ]  wall=0.0019s  rss=200,036KB  vsz=5,713MB  Δmaj=0
    [+] automatic                  [single]  wall=0.0056s  rss=200,036KB  vsz=5,713MB  Δmaj=0
