
  [SQLite] 0288aadc2f6f0eded15572537a89ca0a88d8560587a7207348c9128efef31184
    total CTEs  : 26  (tensor CTEs: 4, contraction CTEs: 22)
    SQL length  : 7,108 chars
    Counting rows per K_i CTE (22 contraction CTEs)...
      K1      rows=8  idx_cols=0  ~128 bytes
      K2      rows=16  idx_cols=0  ~256 bytes
      K3      rows=8  idx_cols=0  ~128 bytes
      K4      rows=2  idx_cols=0  ~32 bytes
      K5      rows=4  idx_cols=0  ~64 bytes
      K6      rows=2  idx_cols=0  ~32 bytes
      K7      rows=4  idx_cols=0  ~64 bytes
      K8      rows=8  idx_cols=0  ~128 bytes
      K9      rows=4  idx_cols=0  ~64 bytes
      K10     rows=8  idx_cols=0  ~128 bytes
      K11     rows=8  idx_cols=0  ~128 bytes
      K12     rows=8  idx_cols=0  ~128 bytes
      K13     rows=16  idx_cols=0  ~256 bytes
      K14     rows=16  idx_cols=0  ~256 bytes
      K15     rows=8  idx_cols=0  ~128 bytes
      K16     rows=8  idx_cols=0  ~128 bytes
      K17     rows=8  idx_cols=0  ~128 bytes
      K18     rows=8  idx_cols=0  ~128 bytes
      K19     rows=8  idx_cols=0  ~128 bytes
      K20     rows=8  idx_cols=0  ~128 bytes
      K21     rows=8  idx_cols=0  ~128 bytes
      K22     rows=8  idx_cols=0  ~128 bytes

  [Aer] 0288aadc2f6f0eded15572537a89ca0a88d8560587a7207348c9128efef31184  (3 qubits, depth 17)
    [+] statevector                [multi ]  wall=0.0034s  rss=199,800KB  vsz=5,010MB  Δmaj=0
    [+] statevector                [single]  wall=0.0022s  rss=199,800KB  vsz=5,010MB  Δmaj=0
    [-] stabilizer                 [multi ]  wall=0.0011s  rss=199,800KB  vsz=5,010MB  Δmaj=0
    [-] stabilizer                 [single]  wall=0.0010s  rss=199,800KB  vsz=5,010MB  Δmaj=0
    [+] density_matrix             [multi ]  wall=0.0014s  rss=199,800KB  vsz=5,010MB  Δmaj=0
    [+] density_matrix             [single]  wall=0.0035s  rss=199,800KB  vsz=5,010MB  Δmaj=0
    [+] matrix_product_state       [multi ]  wall=0.0117s  rss=199,800KB  vsz=5,618MB  Δmaj=0
    [+] matrix_product_state       [single]  wall=0.0090s  rss=199,800KB  vsz=5,618MB  Δmaj=0
    [-] extended_stabilizer        [multi ]  wall=0.0010s  rss=199,800KB  vsz=5,618MB  Δmaj=0
    [-] extended_stabilizer        [single]  wall=0.0010s  rss=199,800KB  vsz=5,618MB  Δmaj=0
    [+] unitary                    [multi ]  wall=0.0024s  rss=199,800KB  vsz=5,619MB  Δmaj=0
    [+] unitary                    [single]  wall=0.0010s  rss=199,800KB  vsz=5,619MB  Δmaj=0
    [+] automatic                  [multi ]  wall=0.0014s  rss=201,252KB  vsz=5,619MB  Δmaj=0
    [+] automatic                  [single]  wall=0.0022s  rss=201,252KB  vsz=5,619MB  Δmaj=0
