
  [SQLite] 0288aed073be1589c88519b0ecfbe442ceaf9bbd3fd6fef437957d3a2963bfc6
    total CTEs  : 49  (tensor CTEs: 6, contraction CTEs: 43)
    SQL length  : 13,995 chars
    Counting rows per K_i CTE (43 contraction CTEs)...
      K1      rows=2  idx_cols=0  ~32 bytes
      K2      rows=4  idx_cols=0  ~64 bytes
      K3      rows=8  idx_cols=0  ~128 bytes
      K4      rows=8  idx_cols=0  ~128 bytes
      K5      rows=2  idx_cols=0  ~32 bytes
      K6      rows=8  idx_cols=0  ~128 bytes
      K7      rows=8  idx_cols=0  ~128 bytes
      K8      rows=16  idx_cols=0  ~256 bytes
      K9      rows=8  idx_cols=0  ~128 bytes
      K10     rows=8  idx_cols=0  ~128 bytes
      K11     rows=2  idx_cols=0  ~32 bytes
      K12     rows=4  idx_cols=0  ~64 bytes
      K13     rows=8  idx_cols=0  ~128 bytes
      K14     rows=8  idx_cols=0  ~128 bytes
      K15     rows=8  idx_cols=0  ~128 bytes
      K16     rows=8  idx_cols=0  ~128 bytes
      K17     rows=4  idx_cols=0  ~64 bytes
      K18     rows=2  idx_cols=0  ~32 bytes
      K19     rows=8  idx_cols=0  ~128 bytes
      K20     rows=16  idx_cols=0  ~256 bytes
      K21     rows=16  idx_cols=0  ~256 bytes
      K22     rows=4  idx_cols=0  ~64 bytes
      K23     rows=8  idx_cols=0  ~128 bytes
      K24     rows=4  idx_cols=0  ~64 bytes
      K25     rows=8  idx_cols=0  ~128 bytes
      K26     rows=16  idx_cols=0  ~256 bytes
      K27     rows=8  idx_cols=0  ~128 bytes
      K28     rows=8  idx_cols=0  ~128 bytes
      K29     rows=16  idx_cols=0  ~256 bytes
      K30     rows=16  idx_cols=0  ~256 bytes
      K31     rows=16  idx_cols=0  ~256 bytes
      K32     rows=8  idx_cols=0  ~128 bytes
      K33     rows=16  idx_cols=0  ~256 bytes
      K34     rows=32  idx_cols=0  ~512 bytes
      K35     rows=16  idx_cols=0  ~256 bytes
      K36     rows=32  idx_cols=0  ~512 bytes
      K37     rows=32  idx_cols=0  ~512 bytes
      K38     rows=8  idx_cols=0  ~128 bytes
      K39     rows=32  idx_cols=0  ~512 bytes
      K40     rows=32  idx_cols=0  ~512 bytes
      K41     rows=64  idx_cols=0  ~1024 bytes
      K42     rows=64  idx_cols=0  ~1024 bytes
      K43     rows=64  idx_cols=0  ~1024 bytes

  [Aer] 0288aed073be1589c88519b0ecfbe442ceaf9bbd3fd6fef437957d3a2963bfc6  (6 qubits, depth 17)
    [+] statevector                [multi ]  wall=0.0297s  rss=198,812KB  vsz=6,506MB  Δmaj=0
    [+] statevector                [single]  wall=0.0031s  rss=198,812KB  vsz=6,507MB  Δmaj=0
    [-] stabilizer                 [multi ]  wall=0.0034s  rss=199,072KB  vsz=6,507MB  Δmaj=0
    [-] stabilizer                 [single]  wall=0.0051s  rss=199,072KB  vsz=6,507MB  Δmaj=0
    [+] density_matrix             [multi ]  wall=0.0490s  rss=199,876KB  vsz=6,507MB  Δmaj=0
    [+] density_matrix             [single]  wall=0.0042s  rss=199,876KB  vsz=6,507MB  Δmaj=0
    [+] matrix_product_state       [multi ]  wall=0.0272s  rss=199,876KB  vsz=7,051MB  Δmaj=0
    [+] matrix_product_state       [single]  wall=0.0226s  rss=199,876KB  vsz=7,051MB  Δmaj=0
    [-] extended_stabilizer        [multi ]  wall=0.0013s  rss=199,876KB  vsz=7,051MB  Δmaj=0
    [-] extended_stabilizer        [single]  wall=0.0014s  rss=199,876KB  vsz=7,051MB  Δmaj=0
    [+] unitary                    [multi ]  wall=0.0019s  rss=199,876KB  vsz=7,051MB  Δmaj=0
    [+] unitary                    [single]  wall=0.0024s  rss=199,876KB  vsz=7,051MB  Δmaj=0
    [+] automatic                  [multi ]  wall=0.0022s  rss=199,876KB  vsz=7,051MB  Δmaj=0
    [+] automatic                  [single]  wall=0.0030s  rss=199,876KB  vsz=7,051MB  Δmaj=0
