
  [SQLite] 02b5fd1afb9c0eef8a5f55be9d0a8a26d182f9233bd410548bf7f14d410b13a4
    total CTEs  : 68  (tensor CTEs: 6, contraction CTEs: 62)
    SQL length  : 19,741 chars
    Counting rows per K_i CTE (62 contraction CTEs)...
      K1      rows=8  idx_cols=0  ~128 bytes
      K2      rows=8  idx_cols=0  ~128 bytes
      K3      rows=2  idx_cols=0  ~32 bytes
      K4      rows=8  idx_cols=0  ~128 bytes
      K5      rows=8  idx_cols=0  ~128 bytes
      K6      rows=16  idx_cols=0  ~256 bytes
      K7      rows=8  idx_cols=0  ~128 bytes
      K8      rows=8  idx_cols=0  ~128 bytes
      K9      rows=8  idx_cols=0  ~128 bytes
      K10     rows=4  idx_cols=0  ~64 bytes
      K11     rows=8  idx_cols=0  ~128 bytes
      K12     rows=8  idx_cols=0  ~128 bytes
      K13     rows=4  idx_cols=0  ~64 bytes
      K14     rows=2  idx_cols=0  ~32 bytes
      K15     rows=16  idx_cols=0  ~256 bytes
      K16     rows=4  idx_cols=0  ~64 bytes
      K17     rows=2  idx_cols=0  ~32 bytes
      K18     rows=16  idx_cols=0  ~256 bytes
      K19     rows=8  idx_cols=0  ~128 bytes
      K20     rows=4  idx_cols=0  ~64 bytes
      K21     rows=16  idx_cols=0  ~256 bytes
      K22     rows=8  idx_cols=0  ~128 bytes
      K23     rows=8  idx_cols=0  ~128 bytes
      K24     rows=8  idx_cols=0  ~128 bytes
      K25     rows=16  idx_cols=0  ~256 bytes
      K26     rows=8  idx_cols=0  ~128 bytes
      K27     rows=16  idx_cols=0  ~256 bytes
      K28     rows=8  idx_cols=0  ~128 bytes
      K29     rows=8  idx_cols=0  ~128 bytes
      K30     rows=4  idx_cols=0  ~64 bytes
      K31     rows=8  idx_cols=0  ~128 bytes
      K32     rows=8  idx_cols=0  ~128 bytes
      K33     rows=8  idx_cols=0  ~128 bytes
      K34     rows=8  idx_cols=0  ~128 bytes
      K35     rows=8  idx_cols=0  ~128 bytes
      K36     rows=8  idx_cols=0  ~128 bytes
      K37     rows=4  idx_cols=0  ~64 bytes
      K38     rows=8  idx_cols=0  ~128 bytes
      K39     rows=8  idx_cols=0  ~128 bytes
      K40     rows=8  idx_cols=0  ~128 bytes
      K41     rows=16  idx_cols=0  ~256 bytes
      K42     rows=16  idx_cols=0  ~256 bytes
      K43     rows=8  idx_cols=0  ~128 bytes
      K44     rows=8  idx_cols=0  ~128 bytes
      K45     rows=8  idx_cols=0  ~128 bytes
      K46     rows=16  idx_cols=0  ~256 bytes
      K47     rows=16  idx_cols=0  ~256 bytes
      K48     rows=8  idx_cols=0  ~128 bytes
      K49     rows=16  idx_cols=0  ~256 bytes
      K50     rows=8  idx_cols=0  ~128 bytes
      K51     rows=8  idx_cols=0  ~128 bytes
      K52     rows=8  idx_cols=0  ~128 bytes
      K53     rows=16  idx_cols=0  ~256 bytes
      K54     rows=16  idx_cols=0  ~256 bytes
      K55     rows=16  idx_cols=0  ~256 bytes
      K56     rows=16  idx_cols=0  ~256 bytes
      K57     rows=16  idx_cols=0  ~256 bytes
      K58     rows=16  idx_cols=0  ~256 bytes
      K59     rows=16  idx_cols=0  ~256 bytes
      K60     rows=32  idx_cols=0  ~512 bytes
      K61     rows=32  idx_cols=0  ~512 bytes
      K62     rows=32  idx_cols=0  ~512 bytes

  [Aer] 02b5fd1afb9c0eef8a5f55be9d0a8a26d182f9233bd410548bf7f14d410b13a4  (5 qubits, depth 6)
    [+] statevector                [multi ]  wall=0.0069s  rss=205,100KB  vsz=6,509MB  Δmaj=0
    [+] statevector                [single]  wall=0.0065s  rss=205,100KB  vsz=6,509MB  Δmaj=0
    [-] stabilizer                 [multi ]  wall=0.0090s  rss=205,100KB  vsz=6,509MB  Δmaj=0
    [-] stabilizer                 [single]  wall=0.0098s  rss=205,100KB  vsz=6,509MB  Δmaj=0
    [+] density_matrix             [multi ]  wall=0.0078s  rss=205,892KB  vsz=6,509MB  Δmaj=0
    [+] density_matrix             [single]  wall=0.0189s  rss=205,892KB  vsz=6,509MB  Δmaj=0
    [+] matrix_product_state       [multi ]  wall=0.0405s  rss=205,892KB  vsz=7,021MB  Δmaj=0
    [+] matrix_product_state       [single]  wall=0.0214s  rss=205,892KB  vsz=7,021MB  Δmaj=0
    [-] extended_stabilizer        [multi ]  wall=0.0047s  rss=205,892KB  vsz=7,021MB  Δmaj=0
    [-] extended_stabilizer        [single]  wall=0.0046s  rss=206,204KB  vsz=7,021MB  Δmaj=0
    [+] unitary                    [multi ]  wall=0.0082s  rss=206,204KB  vsz=7,021MB  Δmaj=0
    [+] unitary                    [single]  wall=0.0098s  rss=206,204KB  vsz=7,021MB  Δmaj=0
    [+] automatic                  [multi ]  wall=0.0104s  rss=206,204KB  vsz=7,021MB  Δmaj=0
    [+] automatic                  [single]  wall=0.0114s  rss=206,204KB  vsz=7,021MB  Δmaj=0
