
  [SQLite] 02b8cc628b25182de88eaf25c79f134e5ff5342f3afd24bd1e0786efcd427e5c
    total CTEs  : 29  (tensor CTEs: 5, contraction CTEs: 24)
    SQL length  : 8,178 chars
    Counting rows per K_i CTE (24 contraction CTEs)...
      K1      rows=2  idx_cols=0  ~32 bytes
      K2      rows=8  idx_cols=0  ~128 bytes
      K3      rows=2  idx_cols=0  ~32 bytes
      K4      rows=4  idx_cols=0  ~64 bytes
      K5      rows=4  idx_cols=0  ~64 bytes
      K6      rows=8  idx_cols=0  ~128 bytes
      K7      rows=8  idx_cols=0  ~128 bytes
      K8      rows=16  idx_cols=0  ~256 bytes
      K9      rows=8  idx_cols=0  ~128 bytes
      K10     rows=4  idx_cols=0  ~64 bytes
      K11     rows=8  idx_cols=0  ~128 bytes
      K12     rows=8  idx_cols=0  ~128 bytes
      K13     rows=16  idx_cols=0  ~256 bytes
      K14     rows=4  idx_cols=0  ~64 bytes
      K15     rows=8  idx_cols=0  ~128 bytes
      K16     rows=16  idx_cols=0  ~256 bytes
      K17     rows=8  idx_cols=0  ~128 bytes
      K18     rows=16  idx_cols=0  ~256 bytes
      K19     rows=8  idx_cols=0  ~128 bytes
      K20     rows=8  idx_cols=0  ~128 bytes
      K21     rows=8  idx_cols=0  ~128 bytes
      K22     rows=8  idx_cols=0  ~128 bytes
      K23     rows=8  idx_cols=0  ~128 bytes
      K24     rows=8  idx_cols=0  ~128 bytes

  [Aer] 02b8cc628b25182de88eaf25c79f134e5ff5342f3afd24bd1e0786efcd427e5c  (3 qubits, depth 18)
    [+] statevector                [multi ]  wall=0.0030s  rss=200,200KB  vsz=5,010MB  Δmaj=0
    [+] statevector                [single]  wall=0.0040s  rss=200,200KB  vsz=5,010MB  Δmaj=0
    [-] stabilizer                 [multi ]  wall=0.0012s  rss=200,200KB  vsz=5,010MB  Δmaj=0
    [-] stabilizer                 [single]  wall=0.0012s  rss=200,200KB  vsz=5,010MB  Δmaj=0
    [+] density_matrix             [multi ]  wall=0.0017s  rss=200,200KB  vsz=5,010MB  Δmaj=0
    [+] density_matrix             [single]  wall=0.0022s  rss=200,200KB  vsz=5,010MB  Δmaj=0
    [+] matrix_product_state       [multi ]  wall=0.0112s  rss=200,200KB  vsz=5,746MB  Δmaj=0
    [+] matrix_product_state       [single]  wall=0.0090s  rss=200,200KB  vsz=5,746MB  Δmaj=0
    [-] extended_stabilizer        [multi ]  wall=0.0010s  rss=200,200KB  vsz=5,746MB  Δmaj=0
    [-] extended_stabilizer        [single]  wall=0.0010s  rss=200,200KB  vsz=5,746MB  Δmaj=0
    [+] unitary                    [multi ]  wall=0.0012s  rss=200,200KB  vsz=5,746MB  Δmaj=0
    [+] unitary                    [single]  wall=0.0010s  rss=200,200KB  vsz=5,746MB  Δmaj=0
    [+] automatic                  [multi ]  wall=0.0040s  rss=201,564KB  vsz=5,746MB  Δmaj=0
    [+] automatic                  [single]  wall=0.0022s  rss=201,564KB  vsz=5,746MB  Δmaj=0
