
  [SQLite] 02c1b5e3d586358ac122edac01c8d02dc8fc13badcb68f60998e9e9311b17baa
    total CTEs  : 26  (tensor CTEs: 4, contraction CTEs: 22)
    SQL length  : 6,639 chars
    Counting rows per K_i CTE (22 contraction CTEs)...
      K1      rows=2  idx_cols=0  ~32 bytes
      K2      rows=8  idx_cols=0  ~128 bytes
      K3      rows=2  idx_cols=0  ~32 bytes
      K4      rows=16  idx_cols=0  ~256 bytes
      K5      rows=2  idx_cols=0  ~32 bytes
      K6      rows=8  idx_cols=0  ~128 bytes
      K7      rows=2  idx_cols=0  ~32 bytes
      K8      rows=2  idx_cols=0  ~32 bytes
      K9      rows=2  idx_cols=0  ~32 bytes
      K10     rows=8  idx_cols=0  ~128 bytes
      K11     rows=2  idx_cols=0  ~32 bytes
      K12     rows=4  idx_cols=0  ~64 bytes
      K13     rows=4  idx_cols=0  ~64 bytes
      K14     rows=8  idx_cols=0  ~128 bytes
      K15     rows=4  idx_cols=0  ~64 bytes
      K16     rows=8  idx_cols=0  ~128 bytes
      K17     rows=8  idx_cols=0  ~128 bytes
      K18     rows=4  idx_cols=0  ~64 bytes
      K19     rows=8  idx_cols=0  ~128 bytes
      K20     rows=8  idx_cols=0  ~128 bytes
      K21     rows=8  idx_cols=0  ~128 bytes
      K22     rows=32  idx_cols=0  ~512 bytes

  [Aer] 02c1b5e3d586358ac122edac01c8d02dc8fc13badcb68f60998e9e9311b17baa  (6 qubits, depth 8)
    [+] statevector                [multi ]  wall=0.0030s  rss=200,092KB  vsz=5,009MB  Δmaj=0
    [+] statevector                [single]  wall=0.0052s  rss=200,092KB  vsz=5,009MB  Δmaj=0
    [+] stabilizer                 [multi ]  wall=0.0023s  rss=200,092KB  vsz=5,009MB  Δmaj=0
    [+] stabilizer                 [single]  wall=0.0032s  rss=200,092KB  vsz=5,009MB  Δmaj=0
    [+] density_matrix             [multi ]  wall=0.0263s  rss=200,092KB  vsz=5,009MB  Δmaj=0
    [+] density_matrix             [single]  wall=0.0034s  rss=200,092KB  vsz=5,009MB  Δmaj=0
    [+] matrix_product_state       [multi ]  wall=0.0327s  rss=200,792KB  vsz=5,777MB  Δmaj=0
    [+] matrix_product_state       [single]  wall=0.0250s  rss=200,792KB  vsz=5,777MB  Δmaj=0
    [+] extended_stabilizer        [multi ]  wall=0.0036s  rss=200,792KB  vsz=5,777MB  Δmaj=0
    [+] extended_stabilizer        [single]  wall=0.0036s  rss=200,792KB  vsz=5,777MB  Δmaj=0
    [+] unitary                    [multi ]  wall=0.0559s  rss=200,792KB  vsz=5,777MB  Δmaj=0
    [+] unitary                    [single]  wall=0.0023s  rss=200,792KB  vsz=5,777MB  Δmaj=0
    [+] automatic                  [multi ]  wall=0.0112s  rss=200,792KB  vsz=5,777MB  Δmaj=0
    [+] automatic                  [single]  wall=0.0045s  rss=200,792KB  vsz=5,777MB  Δmaj=0
