
  [SQLite] 02c60e104e17131eaf959cbe8186174d534fa2ffa9dac37e836f94545b145733
    total CTEs  : 59  (tensor CTEs: 8, contraction CTEs: 51)
    SQL length  : 16,624 chars
    Counting rows per K_i CTE (51 contraction CTEs)...
      K1      rows=8  idx_cols=0  ~128 bytes
      K2      rows=8  idx_cols=0  ~128 bytes
      K3      rows=8  idx_cols=0  ~128 bytes
      K4      rows=8  idx_cols=0  ~128 bytes
      K5      rows=8  idx_cols=0  ~128 bytes
      K6      rows=8  idx_cols=0  ~128 bytes
      K7      rows=8  idx_cols=0  ~128 bytes
      K8      rows=8  idx_cols=0  ~128 bytes
      K9      rows=4  idx_cols=0  ~64 bytes
      K10     rows=2  idx_cols=0  ~32 bytes
      K11     rows=4  idx_cols=0  ~64 bytes
      K12     rows=4  idx_cols=0  ~64 bytes
      K13     rows=4  idx_cols=0  ~64 bytes
      K14     rows=16  idx_cols=0  ~256 bytes
      K15     rows=4  idx_cols=0  ~64 bytes
      K16     rows=16  idx_cols=0  ~256 bytes
      K17     rows=8  idx_cols=0  ~128 bytes
      K18     rows=8  idx_cols=0  ~128 bytes
      K19     rows=4  idx_cols=0  ~64 bytes
      K20     rows=2  idx_cols=0  ~32 bytes
      K21     rows=4  idx_cols=0  ~64 bytes
      K22     rows=16  idx_cols=0  ~256 bytes
      K23     rows=16  idx_cols=0  ~256 bytes
      K24     rows=4  idx_cols=0  ~64 bytes
      K25     rows=8  idx_cols=0  ~128 bytes
      K26     rows=16  idx_cols=0  ~256 bytes
      K27     rows=16  idx_cols=0  ~256 bytes
      K28     rows=16  idx_cols=0  ~256 bytes
      K29     rows=8  idx_cols=0  ~128 bytes
      K30     rows=4  idx_cols=0  ~64 bytes
      K31     rows=4  idx_cols=0  ~64 bytes
      K32     rows=8  idx_cols=0  ~128 bytes
      K33     rows=16  idx_cols=0  ~256 bytes
      K34     rows=16  idx_cols=0  ~256 bytes
      K35     rows=16  idx_cols=0  ~256 bytes
      K36     rows=8  idx_cols=0  ~128 bytes
      K37     rows=16  idx_cols=0  ~256 bytes
      K38     rows=8  idx_cols=0  ~128 bytes
      K39     rows=16  idx_cols=0  ~256 bytes
      K40     rows=16  idx_cols=0  ~256 bytes
      K41     rows=16  idx_cols=0  ~256 bytes
      K42     rows=16  idx_cols=0  ~256 bytes
      K43     rows=16  idx_cols=0  ~256 bytes
      K44     rows=16  idx_cols=0  ~256 bytes
      K45     rows=16  idx_cols=0  ~256 bytes
      K46     rows=16  idx_cols=0  ~256 bytes
      K47     rows=16  idx_cols=0  ~256 bytes
      K48     rows=32  idx_cols=0  ~512 bytes
      K49     rows=32  idx_cols=0  ~512 bytes
      K50     rows=1  idx_cols=0  ~16 bytes
      K51     rows=1  idx_cols=0  ~16 bytes

  [Aer] 02c60e104e17131eaf959cbe8186174d534fa2ffa9dac37e836f94545b145733  (8 qubits, depth 367)
    [+] statevector                [multi ]  wall=0.0111s  rss=205,852KB  vsz=6,509MB  Δmaj=0
    [+] statevector                [single]  wall=0.0125s  rss=206,432KB  vsz=6,509MB  Δmaj=0
    [-] stabilizer                 [multi ]  wall=0.0079s  rss=206,432KB  vsz=6,509MB  Δmaj=0
    [-] stabilizer                 [single]  wall=0.0078s  rss=206,432KB  vsz=6,509MB  Δmaj=0
    [+] density_matrix             [multi ]  wall=0.0154s  rss=206,508KB  vsz=6,509MB  Δmaj=22
    [+] density_matrix             [single]  wall=0.0457s  rss=206,768KB  vsz=6,509MB  Δmaj=0
    [+] matrix_product_state       [multi ]  wall=0.0476s  rss=206,768KB  vsz=7,085MB  Δmaj=0
    [+] matrix_product_state       [single]  wall=0.0312s  rss=207,028KB  vsz=7,085MB  Δmaj=0
    [-] extended_stabilizer        [multi ]  wall=0.0081s  rss=207,028KB  vsz=7,085MB  Δmaj=0
    [-] extended_stabilizer        [single]  wall=0.0079s  rss=207,028KB  vsz=7,085MB  Δmaj=0
    [+] unitary                    [multi ]  wall=0.0110s  rss=207,028KB  vsz=7,085MB  Δmaj=0
    [+] unitary                    [single]  wall=0.0184s  rss=208,460KB  vsz=7,085MB  Δmaj=0
    [+] automatic                  [multi ]  wall=0.0254s  rss=208,460KB  vsz=7,085MB  Δmaj=0
    [+] automatic                  [single]  wall=0.0332s  rss=208,460KB  vsz=7,085MB  Δmaj=0
