
  [SQLite] 02c81a6b76ce63dc4bf93b423a52606a4c51768164738ab0f2937ad1528a5f05
    total CTEs  : 25  (tensor CTEs: 4, contraction CTEs: 21)
    SQL length  : 6,356 chars
    Counting rows per K_i CTE (21 contraction CTEs)...
      K1      rows=2  idx_cols=0  ~32 bytes
      K2      rows=4  idx_cols=0  ~64 bytes
      K3      rows=2  idx_cols=0  ~32 bytes
      K4      rows=4  idx_cols=0  ~64 bytes
      K5      rows=4  idx_cols=0  ~64 bytes
      K6      rows=2  idx_cols=0  ~32 bytes
      K7      rows=8  idx_cols=0  ~128 bytes
      K8      rows=8  idx_cols=0  ~128 bytes
      K9      rows=4  idx_cols=0  ~64 bytes
      K10     rows=2  idx_cols=0  ~32 bytes
      K11     rows=4  idx_cols=0  ~64 bytes
      K12     rows=4  idx_cols=0  ~64 bytes
      K13     rows=4  idx_cols=0  ~64 bytes
      K14     rows=8  idx_cols=0  ~128 bytes
      K15     rows=4  idx_cols=0  ~64 bytes
      K16     rows=16  idx_cols=0  ~256 bytes
      K17     rows=32  idx_cols=0  ~512 bytes
      K18     rows=1  idx_cols=0  ~16 bytes
      K19     rows=1  idx_cols=0  ~16 bytes
      K20     rows=1  idx_cols=0  ~16 bytes
      K21     rows=1  idx_cols=0  ~16 bytes

  [Aer] 02c81a6b76ce63dc4bf93b423a52606a4c51768164738ab0f2937ad1528a5f05  (10 qubits, depth 7)
    [+] statevector                [multi ]  wall=0.0029s  rss=199,432KB  vsz=5,009MB  Δmaj=0
    [+] statevector                [single]  wall=0.0030s  rss=199,432KB  vsz=5,009MB  Δmaj=0
    [+] stabilizer                 [multi ]  wall=0.0036s  rss=199,432KB  vsz=5,009MB  Δmaj=0
    [+] stabilizer                 [single]  wall=0.0048s  rss=199,432KB  vsz=5,009MB  Δmaj=0
    [+] density_matrix             [multi ]  wall=0.0141s  rss=196,296KB  vsz=5,009MB  Δmaj=0
    [+] density_matrix             [single]  wall=0.1331s  rss=212,396KB  vsz=5,009MB  Δmaj=0
    [+] matrix_product_state       [multi ]  wall=0.0021s  rss=212,396KB  vsz=5,042MB  Δmaj=0
    [+] matrix_product_state       [single]  wall=0.0094s  rss=212,396KB  vsz=5,042MB  Δmaj=0
    [+] extended_stabilizer        [multi ]  wall=0.0036s  rss=212,396KB  vsz=5,042MB  Δmaj=0
    [+] extended_stabilizer        [single]  wall=0.0024s  rss=212,396KB  vsz=5,042MB  Δmaj=0
    [+] unitary                    [multi ]  wall=0.0104s  rss=212,396KB  vsz=5,042MB  Δmaj=0
    [+] unitary                    [single]  wall=0.0607s  rss=229,432KB  vsz=5,042MB  Δmaj=0
    [+] automatic                  [multi ]  wall=0.0184s  rss=229,432KB  vsz=5,042MB  Δmaj=0
    [+] automatic                  [single]  wall=0.0044s  rss=229,432KB  vsz=5,042MB  Δmaj=0
