
  [SQLite] 02cf68900b4a1fd22c264a870af243a9264d95b6ec5a81258057470fe4adf5c9
    total CTEs  : 61  (tensor CTEs: 9, contraction CTEs: 52)
    SQL length  : 16,626 chars
    Counting rows per K_i CTE (52 contraction CTEs)...
      K1      rows=8  idx_cols=0  ~128 bytes
      K2      rows=2  idx_cols=0  ~32 bytes
      K3      rows=4  idx_cols=0  ~64 bytes
      K4      rows=4  idx_cols=0  ~64 bytes
      K5      rows=4  idx_cols=0  ~64 bytes
      K6      rows=4  idx_cols=0  ~64 bytes
      K7      rows=4  idx_cols=0  ~64 bytes
      K8      rows=2  idx_cols=0  ~32 bytes
      K9      rows=4  idx_cols=0  ~64 bytes
      K10     rows=4  idx_cols=0  ~64 bytes
      K11     rows=4  idx_cols=0  ~64 bytes
      K12     rows=2  idx_cols=0  ~32 bytes
      K13     rows=4  idx_cols=0  ~64 bytes
      K14     rows=4  idx_cols=0  ~64 bytes
      K15     rows=4  idx_cols=0  ~64 bytes
      K16     rows=4  idx_cols=0  ~64 bytes
      K17     rows=2  idx_cols=0  ~32 bytes
      K18     rows=4  idx_cols=0  ~64 bytes
      K19     rows=4  idx_cols=0  ~64 bytes
      K20     rows=4  idx_cols=0  ~64 bytes
      K21     rows=4  idx_cols=0  ~64 bytes
      K22     rows=4  idx_cols=0  ~64 bytes
      K23     rows=2  idx_cols=0  ~32 bytes
      K24     rows=4  idx_cols=0  ~64 bytes
      K25     rows=4  idx_cols=0  ~64 bytes
      K26     rows=2  idx_cols=0  ~32 bytes
      K27     rows=4  idx_cols=0  ~64 bytes
      K28     rows=8  idx_cols=0  ~128 bytes
      K29     rows=4  idx_cols=0  ~64 bytes
      K30     rows=4  idx_cols=0  ~64 bytes
      K31     rows=4  idx_cols=0  ~64 bytes
      K32     rows=4  idx_cols=0  ~64 bytes
      K33     rows=8  idx_cols=0  ~128 bytes
      K34     rows=4  idx_cols=0  ~64 bytes
      K35     rows=4  idx_cols=0  ~64 bytes
      K36     rows=4  idx_cols=0  ~64 bytes
      K37     rows=8  idx_cols=0  ~128 bytes
      K38     rows=8  idx_cols=0  ~128 bytes
      K39     rows=4  idx_cols=0  ~64 bytes
      K40     rows=4  idx_cols=0  ~64 bytes
      K41     rows=16  idx_cols=0  ~256 bytes
      K42     rows=16  idx_cols=0  ~256 bytes
      K43     rows=8  idx_cols=0  ~128 bytes
      K44     rows=8  idx_cols=0  ~128 bytes
      K45     rows=32  idx_cols=0  ~512 bytes
      K46     rows=8  idx_cols=0  ~128 bytes
      K47     rows=32  idx_cols=0  ~512 bytes
      K48     rows=32  idx_cols=0  ~512 bytes
      K49     rows=32  idx_cols=0  ~512 bytes
      K50     rows=32  idx_cols=0  ~512 bytes
      K51     rows=32  idx_cols=0  ~512 bytes
      K52     rows=64  idx_cols=0  ~1024 bytes

  [Aer] 02cf68900b4a1fd22c264a870af243a9264d95b6ec5a81258057470fe4adf5c9  (7 qubits, depth 23)
    [+] statevector                [multi ]  wall=0.0034s  rss=203,268KB  vsz=6,508MB  Δmaj=0
    [+] statevector                [single]  wall=0.0052s  rss=203,268KB  vsz=6,508MB  Δmaj=0
    [-] stabilizer                 [multi ]  wall=0.0062s  rss=203,268KB  vsz=6,508MB  Δmaj=0
    [-] stabilizer                 [single]  wall=0.0042s  rss=203,268KB  vsz=6,508MB  Δmaj=0
    [+] density_matrix             [multi ]  wall=0.0117s  rss=204,192KB  vsz=6,508MB  Δmaj=0
    [+] density_matrix             [single]  wall=0.0194s  rss=204,192KB  vsz=6,508MB  Δmaj=0
    [+] matrix_product_state       [multi ]  wall=0.0615s  rss=204,192KB  vsz=7,212MB  Δmaj=0
    [+] matrix_product_state       [single]  wall=0.0272s  rss=204,192KB  vsz=7,212MB  Δmaj=0
    [-] extended_stabilizer        [multi ]  wall=0.0012s  rss=204,712KB  vsz=7,212MB  Δmaj=0
    [-] extended_stabilizer        [single]  wall=0.0011s  rss=204,712KB  vsz=7,212MB  Δmaj=0
    [+] unitary                    [multi ]  wall=0.0016s  rss=204,712KB  vsz=7,212MB  Δmaj=0
    [+] unitary                    [single]  wall=0.0040s  rss=205,216KB  vsz=7,212MB  Δmaj=0
    [+] automatic                  [multi ]  wall=0.0019s  rss=205,216KB  vsz=7,212MB  Δmaj=0
    [+] automatic                  [single]  wall=0.0030s  rss=205,216KB  vsz=7,212MB  Δmaj=0
