
  [SQLite] 02d09e44cd663dfdb499bf55fb1487bc7f570b6c1a0751c7eeeadac029f69190
    total CTEs  : 21  (tensor CTEs: 5, contraction CTEs: 16)
    SQL length  : 5,764 chars
    Counting rows per K_i CTE (16 contraction CTEs)...
      K1      rows=8  idx_cols=0  ~128 bytes
      K2      rows=8  idx_cols=0  ~128 bytes
      K3      rows=2  idx_cols=0  ~32 bytes
      K4      rows=4  idx_cols=0  ~64 bytes
      K5      rows=16  idx_cols=0  ~256 bytes
      K6      rows=8  idx_cols=0  ~128 bytes
      K7      rows=8  idx_cols=0  ~128 bytes
      K8      rows=2  idx_cols=0  ~32 bytes
      K9      rows=2  idx_cols=0  ~32 bytes
      K10     rows=4  idx_cols=0  ~64 bytes
      K11     rows=4  idx_cols=0  ~64 bytes
      K12     rows=16  idx_cols=0  ~256 bytes
      K13     rows=8  idx_cols=0  ~128 bytes
      K14     rows=8  idx_cols=0  ~128 bytes
      K15     rows=8  idx_cols=0  ~128 bytes
      K16     rows=8  idx_cols=0  ~128 bytes

  [Aer] 02d09e44cd663dfdb499bf55fb1487bc7f570b6c1a0751c7eeeadac029f69190  (3 qubits, depth 1)
    [+] statevector                [multi ]  wall=0.0026s  rss=199,204KB  vsz=5,009MB  Δmaj=0
    [+] statevector                [single]  wall=0.0021s  rss=199,204KB  vsz=5,009MB  Δmaj=0
    [-] stabilizer                 [multi ]  wall=0.0009s  rss=199,204KB  vsz=5,009MB  Δmaj=0
    [-] stabilizer                 [single]  wall=0.0008s  rss=199,204KB  vsz=5,009MB  Δmaj=0
    [+] density_matrix             [multi ]  wall=0.0066s  rss=199,204KB  vsz=5,009MB  Δmaj=0
    [+] density_matrix             [single]  wall=0.0074s  rss=199,204KB  vsz=5,009MB  Δmaj=0
    [+] matrix_product_state       [multi ]  wall=0.0306s  rss=199,204KB  vsz=5,521MB  Δmaj=0
    [+] matrix_product_state       [single]  wall=0.0139s  rss=199,204KB  vsz=5,521MB  Δmaj=0
    [-] extended_stabilizer        [multi ]  wall=0.0015s  rss=199,204KB  vsz=5,521MB  Δmaj=0
    [-] extended_stabilizer        [single]  wall=0.0015s  rss=199,204KB  vsz=5,521MB  Δmaj=0
    [+] unitary                    [multi ]  wall=0.0014s  rss=199,464KB  vsz=5,521MB  Δmaj=0
    [+] unitary                    [single]  wall=0.0014s  rss=199,464KB  vsz=5,521MB  Δmaj=0
    [+] automatic                  [multi ]  wall=0.0126s  rss=199,464KB  vsz=5,521MB  Δmaj=0
    [+] automatic                  [single]  wall=0.0033s  rss=199,464KB  vsz=5,521MB  Δmaj=0
