
  [SQLite] 02ddd9d2f75a47bf94b6b8a454261f31d6c55759159e226bbb0c58dd23741920
    total CTEs  : 30  (tensor CTEs: 8, contraction CTEs: 22)
    SQL length  : 8,377 chars
    Counting rows per K_i CTE (22 contraction CTEs)...
      K1      rows=8  idx_cols=0  ~128 bytes
      K2      rows=2  idx_cols=0  ~32 bytes
      K3      rows=4  idx_cols=0  ~64 bytes
      K4      rows=4  idx_cols=0  ~64 bytes
      K5      rows=8  idx_cols=0  ~128 bytes
      K6      rows=4  idx_cols=0  ~64 bytes
      K7      rows=16  idx_cols=0  ~256 bytes
      K8      rows=8  idx_cols=0  ~128 bytes
      K9      rows=16  idx_cols=0  ~256 bytes
      K10     rows=8  idx_cols=0  ~128 bytes
      K11     rows=16  idx_cols=0  ~256 bytes
      K12     rows=4  idx_cols=0  ~64 bytes
      K13     rows=4  idx_cols=0  ~64 bytes
      K14     rows=8  idx_cols=0  ~128 bytes
      K15     rows=8  idx_cols=0  ~128 bytes
      K16     rows=2  idx_cols=0  ~32 bytes
      K17     rows=8  idx_cols=0  ~128 bytes
      K18     rows=4  idx_cols=0  ~64 bytes
      K19     rows=16  idx_cols=0  ~256 bytes
      K20     rows=8  idx_cols=0  ~128 bytes
      K21     rows=4  idx_cols=0  ~64 bytes
      K22     rows=4  idx_cols=0  ~64 bytes

  [Aer] 02ddd9d2f75a47bf94b6b8a454261f31d6c55759159e226bbb0c58dd23741920  (2 qubits, depth 17)
    [+] statevector                [multi ]  wall=0.0030s  rss=200,232KB  vsz=5,009MB  Δmaj=0
    [+] statevector                [single]  wall=0.0047s  rss=200,232KB  vsz=5,009MB  Δmaj=0
    [-] stabilizer                 [multi ]  wall=0.0009s  rss=200,232KB  vsz=5,009MB  Δmaj=0
    [-] stabilizer                 [single]  wall=0.0009s  rss=200,232KB  vsz=5,009MB  Δmaj=0
    [+] density_matrix             [multi ]  wall=0.0013s  rss=200,232KB  vsz=5,009MB  Δmaj=0
    [+] density_matrix             [single]  wall=0.0087s  rss=200,232KB  vsz=5,009MB  Δmaj=0
    [+] matrix_product_state       [multi ]  wall=0.0064s  rss=200,232KB  vsz=5,777MB  Δmaj=0
    [+] matrix_product_state       [single]  wall=0.0150s  rss=200,232KB  vsz=5,777MB  Δmaj=0
    [-] extended_stabilizer        [multi ]  wall=0.0014s  rss=200,232KB  vsz=5,777MB  Δmaj=0
    [-] extended_stabilizer        [single]  wall=0.0011s  rss=200,232KB  vsz=5,778MB  Δmaj=0
    [+] unitary                    [multi ]  wall=0.0009s  rss=200,232KB  vsz=5,778MB  Δmaj=0
    [+] unitary                    [single]  wall=0.0009s  rss=200,232KB  vsz=5,778MB  Δmaj=0
    [+] automatic                  [multi ]  wall=0.0487s  rss=200,232KB  vsz=5,778MB  Δmaj=0
    [+] automatic                  [single]  wall=0.0019s  rss=200,232KB  vsz=5,778MB  Δmaj=0
