
  [SQLite] 02ec071893c33c49f2265333261fa4ac92e8533d621f75dd82fa055b049c94fe
    total CTEs  : 27  (tensor CTEs: 5, contraction CTEs: 22)
    SQL length  : 7,324 chars
    Counting rows per K_i CTE (22 contraction CTEs)...
      K1      rows=8  idx_cols=0  ~128 bytes
      K2      rows=2  idx_cols=0  ~32 bytes
      K3      rows=2  idx_cols=0  ~32 bytes
      K4      rows=8  idx_cols=0  ~128 bytes
      K5      rows=2  idx_cols=0  ~32 bytes
      K6      rows=4  idx_cols=0  ~64 bytes
      K7      rows=8  idx_cols=0  ~128 bytes
      K8      rows=4  idx_cols=0  ~64 bytes
      K9      rows=4  idx_cols=0  ~64 bytes
      K10     rows=4  idx_cols=0  ~64 bytes
      K11     rows=4  idx_cols=0  ~64 bytes
      K12     rows=8  idx_cols=0  ~128 bytes
      K13     rows=8  idx_cols=0  ~128 bytes
      K14     rows=16  idx_cols=0  ~256 bytes
      K15     rows=4  idx_cols=0  ~64 bytes
      K16     rows=4  idx_cols=0  ~64 bytes
      K17     rows=2  idx_cols=0  ~32 bytes
      K18     rows=4  idx_cols=0  ~64 bytes
      K19     rows=2  idx_cols=0  ~32 bytes
      K20     rows=4  idx_cols=0  ~64 bytes
      K21     rows=4  idx_cols=0  ~64 bytes
      K22     rows=16  idx_cols=0  ~256 bytes

  [Aer] 02ec071893c33c49f2265333261fa4ac92e8533d621f75dd82fa055b049c94fe  (6 qubits, depth 8)
    [+] statevector                [multi ]  wall=0.0034s  rss=199,644KB  vsz=5,009MB  Δmaj=0
    [+] statevector                [single]  wall=0.0027s  rss=199,644KB  vsz=5,009MB  Δmaj=0
    [-] stabilizer                 [multi ]  wall=0.0012s  rss=199,644KB  vsz=5,009MB  Δmaj=0
    [-] stabilizer                 [single]  wall=0.0012s  rss=199,644KB  vsz=5,010MB  Δmaj=0
    [+] density_matrix             [multi ]  wall=0.0490s  rss=200,272KB  vsz=5,010MB  Δmaj=0
    [+] density_matrix             [single]  wall=0.0036s  rss=200,272KB  vsz=5,010MB  Δmaj=0
    [+] matrix_product_state       [multi ]  wall=0.0428s  rss=200,272KB  vsz=5,554MB  Δmaj=0
    [+] matrix_product_state       [single]  wall=0.0136s  rss=200,272KB  vsz=5,554MB  Δmaj=0
    [-] extended_stabilizer        [multi ]  wall=0.0018s  rss=200,272KB  vsz=5,554MB  Δmaj=0
    [-] extended_stabilizer        [single]  wall=0.0018s  rss=200,272KB  vsz=5,554MB  Δmaj=0
    [+] unitary                    [multi ]  wall=0.0023s  rss=200,272KB  vsz=5,554MB  Δmaj=0
    [+] unitary                    [single]  wall=0.0029s  rss=200,532KB  vsz=5,554MB  Δmaj=0
    [+] automatic                  [multi ]  wall=0.0299s  rss=200,532KB  vsz=5,554MB  Δmaj=0
    [+] automatic                  [single]  wall=0.0038s  rss=200,532KB  vsz=5,554MB  Δmaj=0
