
  [SQLite] 02efc89a5621cb5b17f1ed8f1d3a52ae6fee3dcb6fad7efffcd9b0e467e70f24
    total CTEs  : 65  (tensor CTEs: 6, contraction CTEs: 59)
    SQL length  : 17,484 chars
    Counting rows per K_i CTE (59 contraction CTEs)...
      K1      rows=2  idx_cols=0  ~32 bytes
      K2      rows=2  idx_cols=0  ~32 bytes
      K3      rows=8  idx_cols=0  ~128 bytes
      K4      rows=2  idx_cols=0  ~32 bytes
      K5      rows=2  idx_cols=0  ~32 bytes
      K6      rows=2  idx_cols=0  ~32 bytes
      K7      rows=2  idx_cols=0  ~32 bytes
      K8      rows=2  idx_cols=0  ~32 bytes
      K9      rows=16  idx_cols=0  ~256 bytes
      K10     rows=8  idx_cols=0  ~128 bytes
      K11     rows=2  idx_cols=0  ~32 bytes
      K12     rows=8  idx_cols=0  ~128 bytes
      K13     rows=16  idx_cols=0  ~256 bytes
      K14     rows=4  idx_cols=0  ~64 bytes
      K15     rows=2  idx_cols=0  ~32 bytes
      K16     rows=2  idx_cols=0  ~32 bytes
      K17     rows=2  idx_cols=0  ~32 bytes
      K18     rows=4  idx_cols=0  ~64 bytes
      K19     rows=16  idx_cols=0  ~256 bytes
      K20     rows=4  idx_cols=0  ~64 bytes
      K21     rows=8  idx_cols=0  ~128 bytes
      K22     rows=8  idx_cols=0  ~128 bytes
      K23     rows=16  idx_cols=0  ~256 bytes
      K24     rows=4  idx_cols=0  ~64 bytes
      K25     rows=8  idx_cols=0  ~128 bytes
      K26     rows=8  idx_cols=0  ~128 bytes
      K27     rows=8  idx_cols=0  ~128 bytes
      K28     rows=8  idx_cols=0  ~128 bytes
      K29     rows=8  idx_cols=0  ~128 bytes
      K30     rows=16  idx_cols=0  ~256 bytes
      K31     rows=8  idx_cols=0  ~128 bytes
      K32     rows=8  idx_cols=0  ~128 bytes
      K33     rows=8  idx_cols=0  ~128 bytes
      K34     rows=4  idx_cols=0  ~64 bytes
      K35     rows=8  idx_cols=0  ~128 bytes
      K36     rows=16  idx_cols=0  ~256 bytes
      K37     rows=4  idx_cols=0  ~64 bytes
      K38     rows=8  idx_cols=0  ~128 bytes
      K39     rows=4  idx_cols=0  ~64 bytes
      K40     rows=8  idx_cols=0  ~128 bytes
      K41     rows=16  idx_cols=0  ~256 bytes
      K42     rows=2  idx_cols=0  ~32 bytes
      K43     rows=8  idx_cols=0  ~128 bytes
      K44     rows=8  idx_cols=0  ~128 bytes
      K45     rows=16  idx_cols=0  ~256 bytes
      K46     rows=2  idx_cols=0  ~32 bytes
      K47     rows=16  idx_cols=0  ~256 bytes
      K48     rows=16  idx_cols=0  ~256 bytes
      K49     rows=2  idx_cols=0  ~32 bytes
      K50     rows=2  idx_cols=0  ~32 bytes
      K51     rows=16  idx_cols=0  ~256 bytes
      K52     rows=2  idx_cols=0  ~32 bytes
      K53     rows=16  idx_cols=0  ~256 bytes
      K54     rows=16  idx_cols=0  ~256 bytes
      K55     rows=16  idx_cols=0  ~256 bytes
      K56     rows=16  idx_cols=0  ~256 bytes
      K57     rows=16  idx_cols=0  ~256 bytes
      K58     rows=16  idx_cols=0  ~256 bytes
      K59     rows=2  idx_cols=0  ~32 bytes

  [Aer] 02efc89a5621cb5b17f1ed8f1d3a52ae6fee3dcb6fad7efffcd9b0e467e70f24  (12 qubits, depth 17)
    [+] statevector                [multi ]  wall=0.0339s  rss=205,912KB  vsz=6,510MB  Δmaj=0
    [+] statevector                [single]  wall=0.0080s  rss=205,912KB  vsz=6,510MB  Δmaj=0
    [-] stabilizer                 [multi ]  wall=0.0028s  rss=205,912KB  vsz=6,510MB  Δmaj=0
    [-] stabilizer                 [single]  wall=0.0027s  rss=205,912KB  vsz=6,510MB  Δmaj=0
    [+] density_matrix             [multi ]  wall=0.3163s  rss=204,752KB  vsz=6,510MB  Δmaj=0
    [+] density_matrix             [single]  wall=2.3669s  rss=204,752KB  vsz=6,510MB  Δmaj=0
    [+] matrix_product_state       [multi ]  wall=0.0578s  rss=204,752KB  vsz=7,214MB  Δmaj=0
    [+] matrix_product_state       [single]  wall=0.0356s  rss=204,752KB  vsz=7,214MB  Δmaj=0
    [-] extended_stabilizer        [multi ]  wall=0.0027s  rss=204,752KB  vsz=7,214MB  Δmaj=0
    [-] extended_stabilizer        [single]  wall=0.0027s  rss=204,752KB  vsz=7,214MB  Δmaj=0
    [+] unitary                    [multi ]  wall=0.1244s  rss=465,048KB  vsz=7,470MB  Δmaj=0
    [+] unitary                    [single]  wall=1.0690s  rss=465,128KB  vsz=7,470MB  Δmaj=0
    [+] automatic                  [multi ]  wall=0.0222s  rss=203,252KB  vsz=7,214MB  Δmaj=0
    [+] automatic                  [single]  wall=0.0070s  rss=203,252KB  vsz=7,214MB  Δmaj=0
