
  [SQLite] 02f72cee61dca1cb221b33c858c81985f6d9cecb655769d806e92c8b44b76ce6
    total CTEs  : 25  (tensor CTEs: 4, contraction CTEs: 21)
    SQL length  : 6,455 chars
    Counting rows per K_i CTE (21 contraction CTEs)...
      K1      rows=2  idx_cols=0  ~32 bytes
      K2      rows=2  idx_cols=0  ~32 bytes
      K3      rows=2  idx_cols=0  ~32 bytes
      K4      rows=2  idx_cols=0  ~32 bytes
      K5      rows=4  idx_cols=0  ~64 bytes
      K6      rows=2  idx_cols=0  ~32 bytes
      K7      rows=2  idx_cols=0  ~32 bytes
      K8      rows=2  idx_cols=0  ~32 bytes
      K9      rows=8  idx_cols=0  ~128 bytes
      K10     rows=4  idx_cols=0  ~64 bytes
      K11     rows=8  idx_cols=0  ~128 bytes
      K12     rows=4  idx_cols=0  ~64 bytes
      K13     rows=4  idx_cols=0  ~64 bytes
      K14     rows=2  idx_cols=0  ~32 bytes
      K15     rows=8  idx_cols=0  ~128 bytes
      K16     rows=8  idx_cols=0  ~128 bytes
      K17     rows=8  idx_cols=0  ~128 bytes
      K18     rows=32  idx_cols=0  ~512 bytes
      K19     rows=16  idx_cols=0  ~256 bytes
      K20     rows=4  idx_cols=0  ~64 bytes
      K21     rows=32  idx_cols=0  ~512 bytes

  [Aer] 02f72cee61dca1cb221b33c858c81985f6d9cecb655769d806e92c8b44b76ce6  (7 qubits, depth 7)
    [+] statevector                [multi ]  wall=0.0034s  rss=198,968KB  vsz=5,009MB  Δmaj=0
    [+] statevector                [single]  wall=0.0027s  rss=198,968KB  vsz=5,009MB  Δmaj=0
    [+] stabilizer                 [multi ]  wall=0.0023s  rss=198,968KB  vsz=5,009MB  Δmaj=0
    [+] stabilizer                 [single]  wall=0.0033s  rss=198,968KB  vsz=5,009MB  Δmaj=0
    [+] density_matrix             [multi ]  wall=0.0217s  rss=199,776KB  vsz=5,009MB  Δmaj=0
    [+] density_matrix             [single]  wall=0.0055s  rss=199,776KB  vsz=5,009MB  Δmaj=0
    [+] matrix_product_state       [multi ]  wall=0.0343s  rss=199,776KB  vsz=5,553MB  Δmaj=0
    [+] matrix_product_state       [single]  wall=0.0355s  rss=199,776KB  vsz=5,553MB  Δmaj=0
    [+] extended_stabilizer        [multi ]  wall=0.0035s  rss=200,184KB  vsz=5,553MB  Δmaj=0
    [+] extended_stabilizer        [single]  wall=0.0035s  rss=200,184KB  vsz=5,553MB  Δmaj=0
    [+] unitary                    [multi ]  wall=0.0020s  rss=200,184KB  vsz=5,553MB  Δmaj=0
    [+] unitary                    [single]  wall=0.0054s  rss=200,184KB  vsz=5,553MB  Δmaj=0
    [+] automatic                  [multi ]  wall=0.0120s  rss=200,184KB  vsz=5,553MB  Δmaj=0
    [+] automatic                  [single]  wall=0.0085s  rss=200,184KB  vsz=5,553MB  Δmaj=0
