
  [SQLite] 02f832b8769623ad1158c9b002c1dfbdcfc38d016baecc9c8a0df4aad0e6f628
    total CTEs  : 82  (tensor CTEs: 6, contraction CTEs: 76)
    SQL length  : 24,070 chars
    Counting rows per K_i CTE (76 contraction CTEs)...
      K1      rows=2  idx_cols=0  ~32 bytes
      K2      rows=8  idx_cols=0  ~128 bytes
      K3      rows=8  idx_cols=0  ~128 bytes
      K4      rows=8  idx_cols=0  ~128 bytes
      K5      rows=8  idx_cols=0  ~128 bytes
      K6      rows=4  idx_cols=0  ~64 bytes
      K7      rows=4  idx_cols=0  ~64 bytes
      K8      rows=8  idx_cols=0  ~128 bytes
      K9      rows=8  idx_cols=0  ~128 bytes
      K10     rows=8  idx_cols=0  ~128 bytes
      K11     rows=2  idx_cols=0  ~32 bytes
      K12     rows=8  idx_cols=0  ~128 bytes
      K13     rows=8  idx_cols=0  ~128 bytes
      K14     rows=8  idx_cols=0  ~128 bytes
      K15     rows=8  idx_cols=0  ~128 bytes
      K16     rows=2  idx_cols=0  ~32 bytes
      K17     rows=16  idx_cols=0  ~256 bytes
      K18     rows=8  idx_cols=0  ~128 bytes
      K19     rows=8  idx_cols=0  ~128 bytes
      K20     rows=4  idx_cols=0  ~64 bytes
      K21     rows=8  idx_cols=0  ~128 bytes
      K22     rows=4  idx_cols=0  ~64 bytes
      K23     rows=8  idx_cols=0  ~128 bytes
      K24     rows=16  idx_cols=0  ~256 bytes
      K25     rows=8  idx_cols=0  ~128 bytes
      K26     rows=16  idx_cols=0  ~256 bytes
      K27     rows=16  idx_cols=0  ~256 bytes
      K28     rows=4  idx_cols=0  ~64 bytes
      K29     rows=4  idx_cols=0  ~64 bytes
      K30     rows=8  idx_cols=0  ~128 bytes
      K31     rows=8  idx_cols=0  ~128 bytes
      K32     rows=4  idx_cols=0  ~64 bytes
      K33     rows=16  idx_cols=0  ~256 bytes
      K34     rows=16  idx_cols=0  ~256 bytes
      K35     rows=2  idx_cols=0  ~32 bytes
      K36     rows=8  idx_cols=0  ~128 bytes
      K37     rows=8  idx_cols=0  ~128 bytes
      K38     rows=8  idx_cols=0  ~128 bytes
      K39     rows=16  idx_cols=0  ~256 bytes
      K40     rows=8  idx_cols=0  ~128 bytes
      K41     rows=16  idx_cols=0  ~256 bytes
      K42     rows=16  idx_cols=0  ~256 bytes
      K43     rows=4  idx_cols=0  ~64 bytes
      K44     rows=8  idx_cols=0  ~128 bytes
      K45     rows=4  idx_cols=0  ~64 bytes
      K46     rows=2  idx_cols=0  ~32 bytes
      K47     rows=4  idx_cols=0  ~64 bytes
      K48     rows=8  idx_cols=0  ~128 bytes
      K49     rows=8  idx_cols=0  ~128 bytes
      K50     rows=16  idx_cols=0  ~256 bytes
      K51     rows=8  idx_cols=0  ~128 bytes
      K52     rows=8  idx_cols=0  ~128 bytes
      K53     rows=2  idx_cols=0  ~32 bytes
      K54     rows=32  idx_cols=0  ~512 bytes
      K55     rows=32  idx_cols=0  ~512 bytes
      K56     rows=16  idx_cols=0  ~256 bytes
      K57     rows=32  idx_cols=0  ~512 bytes
      K58     rows=8  idx_cols=0  ~128 bytes
      K59     rows=16  idx_cols=0  ~256 bytes
      K60     rows=16  idx_cols=0  ~256 bytes
      K61     rows=8  idx_cols=0  ~128 bytes
      K62     rows=32  idx_cols=0  ~512 bytes
      K63     rows=32  idx_cols=0  ~512 bytes
      K64     rows=32  idx_cols=0  ~512 bytes
      K65     rows=32  idx_cols=0  ~512 bytes
      K66     rows=32  idx_cols=0  ~512 bytes
      K67     rows=64  idx_cols=0  ~1024 bytes
      K68     rows=64  idx_cols=0  ~1024 bytes
      K69     rows=64  idx_cols=0  ~1024 bytes
      K70     rows=64  idx_cols=0  ~1024 bytes
      K71     rows=64  idx_cols=0  ~1024 bytes
      K72     rows=128  idx_cols=0  ~2048 bytes
      K73     rows=128  idx_cols=0  ~2048 bytes
      K74     rows=32  idx_cols=0  ~512 bytes
      K75     rows=256  idx_cols=0  ~4096 bytes
      K76     rows=256  idx_cols=0  ~4096 bytes

  [Aer] 02f832b8769623ad1158c9b002c1dfbdcfc38d016baecc9c8a0df4aad0e6f628  (9 qubits, depth 22)
    [+] statevector                [multi ]  wall=0.0056s  rss=207,096KB  vsz=6,510MB  Δmaj=0
    [+] statevector                [single]  wall=0.0052s  rss=207,096KB  vsz=6,510MB  Δmaj=0
    [-] stabilizer                 [multi ]  wall=0.0027s  rss=207,096KB  vsz=6,510MB  Δmaj=0
    [-] stabilizer                 [single]  wall=0.0022s  rss=207,096KB  vsz=6,510MB  Δmaj=0
    [+] density_matrix             [multi ]  wall=0.0245s  rss=203,856KB  vsz=6,510MB  Δmaj=0
    [+] density_matrix             [single]  wall=0.1322s  rss=207,812KB  vsz=6,510MB  Δmaj=0
    [+] matrix_product_state       [multi ]  wall=0.0429s  rss=207,812KB  vsz=7,150MB  Δmaj=0
    [+] matrix_product_state       [single]  wall=0.0379s  rss=207,812KB  vsz=7,150MB  Δmaj=0
    [-] extended_stabilizer        [multi ]  wall=0.0022s  rss=207,812KB  vsz=7,150MB  Δmaj=0
    [-] extended_stabilizer        [single]  wall=0.0021s  rss=207,812KB  vsz=7,150MB  Δmaj=0
    [+] unitary                    [multi ]  wall=0.0095s  rss=208,072KB  vsz=7,150MB  Δmaj=0
    [+] unitary                    [single]  wall=0.0392s  rss=212,456KB  vsz=7,150MB  Δmaj=0
    [+] automatic                  [multi ]  wall=0.0045s  rss=212,456KB  vsz=7,150MB  Δmaj=0
    [+] automatic                  [single]  wall=0.0052s  rss=212,456KB  vsz=7,150MB  Δmaj=0
