
  [SQLite] 036459b40f763ff2f1cc635a35f4ac1726843428c2036f9eb95b4a6cb2c1e8e7
    total CTEs  : 73  (tensor CTEs: 9, contraction CTEs: 64)
    SQL length  : 19,727 chars
    Counting rows per K_i CTE (64 contraction CTEs)...
      K1      rows=4  idx_cols=0  ~64 bytes
      K2      rows=4  idx_cols=0  ~64 bytes
      K3      rows=4  idx_cols=0  ~64 bytes
      K4      rows=4  idx_cols=0  ~64 bytes
      K5      rows=4  idx_cols=0  ~64 bytes
      K6      rows=8  idx_cols=0  ~128 bytes
      K7      rows=4  idx_cols=0  ~64 bytes
      K8      rows=8  idx_cols=0  ~128 bytes
      K9      rows=2  idx_cols=0  ~32 bytes
      K10     rows=4  idx_cols=0  ~64 bytes
      K11     rows=4  idx_cols=0  ~64 bytes
      K12     rows=8  idx_cols=0  ~128 bytes
      K13     rows=2  idx_cols=0  ~32 bytes
      K14     rows=8  idx_cols=0  ~128 bytes
      K15     rows=2  idx_cols=0  ~32 bytes
      K16     rows=4  idx_cols=0  ~64 bytes
      K17     rows=4  idx_cols=0  ~64 bytes
      K18     rows=4  idx_cols=0  ~64 bytes
      K19     rows=4  idx_cols=0  ~64 bytes
      K20     rows=4  idx_cols=0  ~64 bytes
      K21     rows=8  idx_cols=0  ~128 bytes
      K22     rows=2  idx_cols=0  ~32 bytes
      K23     rows=4  idx_cols=0  ~64 bytes
      K24     rows=8  idx_cols=0  ~128 bytes
      K25     rows=4  idx_cols=0  ~64 bytes
      K26     rows=8  idx_cols=0  ~128 bytes
      K27     rows=4  idx_cols=0  ~64 bytes
      K28     rows=8  idx_cols=0  ~128 bytes
      K29     rows=16  idx_cols=0  ~256 bytes
      K30     rows=8  idx_cols=0  ~128 bytes
      K31     rows=16  idx_cols=0  ~256 bytes
      K32     rows=16  idx_cols=0  ~256 bytes
      K33     rows=16  idx_cols=0  ~256 bytes
      K34     rows=1  idx_cols=0  ~16 bytes
      K35     rows=8  idx_cols=0  ~128 bytes
      K36     rows=4  idx_cols=0  ~64 bytes
      K37     rows=16  idx_cols=0  ~256 bytes
      K38     rows=8  idx_cols=0  ~128 bytes
      K39     rows=16  idx_cols=0  ~256 bytes
      K40     rows=2  idx_cols=0  ~32 bytes
      K41     rows=4  idx_cols=0  ~64 bytes
      K42     rows=16  idx_cols=0  ~256 bytes
      K43     rows=16  idx_cols=0  ~256 bytes
      K44     rows=16  idx_cols=0  ~256 bytes
      K45     rows=4  idx_cols=0  ~64 bytes
      K46     rows=4  idx_cols=0  ~64 bytes
      K47     rows=4  idx_cols=0  ~64 bytes
      K48     rows=8  idx_cols=0  ~128 bytes
      K49     rows=8  idx_cols=0  ~128 bytes
      K50     rows=4  idx_cols=0  ~64 bytes
      K51     rows=8  idx_cols=0  ~128 bytes
      K52     rows=8  idx_cols=0  ~128 bytes
      K53     rows=8  idx_cols=0  ~128 bytes
      K54     rows=16  idx_cols=0  ~256 bytes
      K55     rows=16  idx_cols=0  ~256 bytes
      K56     rows=16  idx_cols=0  ~256 bytes
      K57     rows=1  idx_cols=0  ~16 bytes
      K58     rows=1  idx_cols=0  ~16 bytes
      K59     rows=1  idx_cols=0  ~16 bytes
      K60     rows=1  idx_cols=0  ~16 bytes
      K61     rows=1  idx_cols=0  ~16 bytes
      K62     rows=1  idx_cols=0  ~16 bytes
      K63     rows=1  idx_cols=0  ~16 bytes
      K64     rows=16  idx_cols=0  ~256 bytes

  [Aer] 036459b40f763ff2f1cc635a35f4ac1726843428c2036f9eb95b4a6cb2c1e8e7  (14 qubits, depth 10)
    [+] statevector                [multi ]  wall=0.0063s  rss=206,444KB  vsz=6,511MB  Δmaj=0
    [+] statevector                [single]  wall=0.0072s  rss=206,444KB  vsz=6,511MB  Δmaj=0
    [-] stabilizer                 [multi ]  wall=0.0016s  rss=206,444KB  vsz=6,511MB  Δmaj=0
    [-] stabilizer                 [single]  wall=0.0015s  rss=206,444KB  vsz=6,511MB  Δmaj=0
    [+] density_matrix             [multi ]  wall=9.6823s  rss=207,452KB  vsz=6,511MB  Δmaj=13
    [+] density_matrix             [single]  wall=95.1794s  rss=207,712KB  vsz=6,511MB  Δmaj=0
    [+] matrix_product_state       [multi ]  wall=0.0164s  rss=207,712KB  vsz=7,151MB  Δmaj=0
    [+] matrix_product_state       [single]  wall=0.0196s  rss=207,712KB  vsz=7,151MB  Δmaj=0
    [-] extended_stabilizer        [multi ]  wall=0.0015s  rss=207,712KB  vsz=7,151MB  Δmaj=0
    [-] extended_stabilizer        [single]  wall=0.0015s  rss=207,712KB  vsz=7,151MB  Δmaj=0
    [+] unitary                    [multi ]  wall=1.8465s  rss=4,402,352KB  vsz=11,247MB  Δmaj=0
    [+] unitary                    [single]  wall=19.7815s  rss=4,402,548KB  vsz=11,247MB  Δmaj=0
    [+] automatic                  [multi ]  wall=0.1779s  rss=208,544KB  vsz=7,151MB  Δmaj=0
    [+] automatic                  [single]  wall=0.0066s  rss=208,808KB  vsz=7,151MB  Δmaj=0
